Archive member included because of file (symbol)

/home/mike/Documents/caribou-rtos/branches/0.9/caribou/target/board/generic_stm32f103c/crossworks/caribou THUMB Debug/caribou.a(caribou.o)
                              caribou-demo THUMB Debug/caribou_demo.o (caribou_exec)
/home/mike/Documents/caribou-rtos/branches/0.9/caribou/target/board/generic_stm32f103c/crossworks/caribou THUMB Debug/caribou.a(thread.o)
                              /home/mike/Documents/caribou-rtos/branches/0.9/caribou/target/board/generic_stm32f103c/crossworks/caribou THUMB Debug/caribou.a(caribou.o) (caribou_thread_dump)
/home/mike/Documents/caribou-rtos/branches/0.9/caribou/target/board/generic_stm32f103c/crossworks/caribou THUMB Debug/caribou.a(timer.o)
                              caribou-demo THUMB Debug/caribou_demo.o (caribou_timer_init)
/home/mike/Documents/caribou-rtos/branches/0.9/caribou/target/board/generic_stm32f103c/crossworks/caribou THUMB Debug/caribou.a(errno.o)
                              /home/mike/Documents/caribou-rtos/branches/0.9/caribou/target/board/generic_stm32f103c/crossworks/caribou THUMB Debug/caribou.a(thread.o) (__errno)
/home/mike/Documents/caribou-rtos/branches/0.9/caribou/target/board/generic_stm32f103c/crossworks/caribou THUMB Debug/caribou.a(heap.o)
                              caribou-demo THUMB Debug/caribou_demo.o (heap_bytes_free)
/home/mike/Documents/caribou-rtos/branches/0.9/caribou/target/board/generic_stm32f103c/crossworks/caribou THUMB Debug/caribou.a(mutex.o)
                              caribou-demo THUMB Debug/caribou_demo.o (caribou_mutex_init)
/home/mike/Documents/caribou-rtos/branches/0.9/caribou/target/board/generic_stm32f103c/crossworks/caribou THUMB Debug/caribou.a(queue.o)
                              caribou-demo THUMB Debug/caribou_demo.o (caribou_queue_new)
/home/mike/Documents/caribou-rtos/branches/0.9/caribou/target/board/generic_stm32f103c/crossworks/caribou THUMB Debug/caribou.a(stdio.o)
                              /home/mike/Documents/caribou-rtos/branches/0.9/caribou/target/board/generic_stm32f103c/crossworks/caribou THUMB Debug/caribou.a(errno.o) (_stderr)
/home/mike/Documents/caribou-rtos/branches/0.9/caribou/target/board/generic_stm32f103c/crossworks/caribou THUMB Debug/caribou.a(string.o)
                              /home/mike/Documents/caribou-rtos/branches/0.9/caribou/target/board/generic_stm32f103c/crossworks/caribou THUMB Debug/caribou.a(queue.o) (memmove)
/home/mike/Documents/caribou-rtos/branches/0.9/caribou/target/board/generic_stm32f103c/crossworks/caribou THUMB Debug/caribou.a(bitmap_heap.o)
                              /home/mike/Documents/caribou-rtos/branches/0.9/caribou/target/board/generic_stm32f103c/crossworks/caribou THUMB Debug/caribou.a(heap.o) (bitmap_heap_init)
/home/mike/Documents/caribou-rtos/branches/0.9/caribou/target/board/generic_stm32f103c/crossworks/caribou THUMB Debug/caribou.a(target_board.o)
                              caribou-demo THUMB Debug/caribou_demo.o (led1)
/home/mike/Documents/caribou-rtos/branches/0.9/caribou/target/board/generic_stm32f103c/crossworks/caribou THUMB Debug/caribou.a(target_chip.o)
                              /home/mike/Documents/caribou-rtos/branches/0.9/caribou/target/board/generic_stm32f103c/crossworks/caribou THUMB Debug/caribou.a(caribou.o) (chip_systick_irq_state)
/home/mike/Documents/caribou-rtos/branches/0.9/caribou/target/board/generic_stm32f103c/crossworks/caribou THUMB Debug/caribou.a(target_crt0.o)
                              /home/mike/Documents/caribou-rtos/branches/0.9/caribou/target/board/generic_stm32f103c/crossworks/caribou THUMB Debug/caribou.a(caribou.o) (_halt)
/home/mike/Documents/caribou-rtos/branches/0.9/caribou/target/board/generic_stm32f103c/crossworks/caribou THUMB Debug/caribou.a(target_fault.o)
                              /home/mike/Documents/caribou-rtos/branches/0.9/caribou/target/board/generic_stm32f103c/crossworks/caribou THUMB Debug/caribou.a(target_crt0.o) (_fault)
/home/mike/Documents/caribou-rtos/branches/0.9/caribou/target/board/generic_stm32f103c/crossworks/caribou THUMB Debug/caribou.a(target_gpio.o)
                              caribou-demo THUMB Debug/caribou_demo.o (chip_gpio_toggle)
/home/mike/Documents/caribou-rtos/branches/0.9/caribou/target/board/generic_stm32f103c/crossworks/caribou THUMB Debug/caribou.a(target_uart.o)
                              /home/mike/Documents/caribou-rtos/branches/0.9/caribou/target/board/generic_stm32f103c/crossworks/caribou THUMB Debug/caribou.a(stdio.o) (_stdio_)
/home/mike/Documents/caribou-rtos/branches/0.9/caribou/target/board/generic_stm32f103c/crossworks/caribou THUMB Debug/caribou.a(target_vectors.o)
                              (_vectors)
/home/mike/Documents/caribou-rtos/branches/0.9/caribou/target/board/generic_stm32f103c/crossworks/caribou THUMB Debug/caribou.a(target_system_stm32f10x.o)
[...]
Memory Configuration

Name             Origin             Length             Attributes
flash            0x08000000         0x00010000
ram              0x20000000         0x00005000
*default*        0x00000000         0xffffffff

Linker script and memory map

                0x00000100                __main_stack_size__ = 0x100
                0x00000100                __process_stack_size__ = 0x100
                0x20000000                __ram_start__ = ORIGIN (ram)
                0x00005000                __ram_size__ = 0x5000
                0x20005000                __ram_end__ = (__ram_start__ + __ram_size__)
                0x00000000                . = 0x0
                0x00000000                _text = .

startup         0x08000000      0x1b0
 *(.vectors)
 .vectors       0x08000000      0x1b0 /home/mike/Documents/caribou-rtos/branches/0.9/caribou/target/board/generic_stm32f103c/crossworks/caribou THUMB Debug/caribou.a(target_vectors.o)
                0x08000000                _vectors

constructors    0x080001b0        0x0
                0x080001b0                PROVIDE (__init_array_start, .)
 *(SORT(.init_array.*))
 *(.init_array)
                0x080001b0                PROVIDE (__init_array_end, .)

destructors     0x080001b0        0x0
                0x080001b0                PROVIDE (__fini_array_start, .)
 *(.fini_array)
 *(SORT(.fini_array.*))
                0x080001b0                PROVIDE (__fini_array_end, .)

.text           0x080001b0     0x4590
 *(.text.startup.*)
 *(.init)
 .init          0x080001b0      0x110 /home/mike/Documents/caribou-rtos/branches/0.9/caribou/target/board/generic_stm32f103c/crossworks/caribou THUMB Debug/caribou.a(target_crt0.o)
                0x080001b0                reset_handler
                0x08000236                exit
                0x08000236                _exit
                0x0800023a                _halt
                0x0800023e                _hard_fault
                0x08000242                _mpu_fault
                0x08000246                _bus_fault
                0x0800024a                _usage_fault
 *(.text)
 *(.text.*)
 .text.notify_heap_alloc_failed
                0x080002c0        0xc caribou-demo THUMB Debug/caribou_demo.o
                0x080002c0                notify_heap_alloc_failed
 *fill*         0x080002cc        0x4 
 .text.wakeup_timer_callback
                0x080002d0       0x2c caribou-demo THUMB Debug/caribou_demo.o
                0x080002d0                wakeup_timer_callback
 *fill*         0x080002fc        0x4 
 .text.threadfn1
                0x08000300       0x90 caribou-demo THUMB Debug/caribou_demo.o
                0x08000300                threadfn1
 .text.threadfn2
                0x08000390       0x6c caribou-demo THUMB Debug/caribou_demo.o
                0x08000390                threadfn2
 *fill*         0x080003fc        0x4 
 .text.threadfn3
                0x08000400       0x38 caribou-demo THUMB Debug/caribou_demo.o
                0x08000400                threadfn3
 *fill*         0x08000438        0x8 
 .text.main     0x08000440       0xac caribou-demo THUMB Debug/caribou_demo.o
                0x08000440                main
 *fill*         0x080004ec        0x4 
 .text.caribou_lock
                0x080004f0       0x10 /home/mike/Documents/caribou-rtos/branches/0.9/caribou/target/board/generic_stm32f103c/crossworks/caribou THUMB Debug/caribou.a(caribou.o)
                0x080004f0                caribou_lock
 .text.caribou_lock_set
                0x08000500       0x14 /home/mike/Documents/caribou-rtos/branches/0.9/caribou/target/board/generic_stm32f103c/crossworks/caribou THUMB Debug/caribou.a(caribou.o)
                0x08000500                caribou_lock_set
 *fill*         0x08000514        0xc 
 .text.caribou_preempt
                0x08000520        0xc /home/mike/Documents/caribou-rtos/branches/0.9/caribou/target/board/generic_stm32f103c/crossworks/caribou THUMB Debug/caribou.a(caribou.o)
                0x08000520                caribou_preempt
 *fill*         0x0800052c        0x4 
 .text.caribou_exec
                0x08000530        0xc /home/mike/Documents/caribou-rtos/branches/0.9/caribou/target/board/generic_stm32f103c/crossworks/caribou THUMB Debug/caribou.a(caribou.o)
                0x08000530                caribou_exec
 *fill*         0x0800053c        0x4 
 .text.caribou_init
                0x08000540       0x34 /home/mike/Documents/caribou-rtos/branches/0.9/caribou/target/board/generic_stm32f103c/crossworks/caribou THUMB Debug/caribou.a(caribou.o)
                0x08000540                caribou_init
 *fill*         0x08000574        0xc 
 .text.rd_thread_stack_ptr
                0x08000580        0x8 /home/mike/Documents/caribou-rtos/branches/0.9/caribou/target/board/generic_stm32f103c/crossworks/caribou THUMB Debug/caribou.a(thread.o)
 *fill*         0x08000588        0x8 
 .text._caribou_thread_fault_emit
                0x08000590       0x34 /home/mike/Documents/caribou-rtos/branches/0.9/caribou/target/board/generic_stm32f103c/crossworks/caribou THUMB Debug/caribou.a(thread.o)
                0x08000590                _caribou_thread_fault_emit
 *fill*         0x080005c4        0xc 
 .text.new_thread_node
                0x080005d0       0x38 /home/mike/Documents/caribou-rtos/branches/0.9/caribou/target/board/generic_stm32f103c/crossworks/caribou THUMB Debug/caribou.a(thread.o)
 *fill*         0x08000608        0x8 
 .text.delete_thread_node
                0x08000610       0x14 /home/mike/Documents/caribou-rtos/branches/0.9/caribou/target/board/generic_stm32f103c/crossworks/caribou THUMB Debug/caribou.a(thread.o)
 *fill*         0x08000624        0xc 
 .text.append_thread_node
                0x08000630       0x58 /home/mike/Documents/caribou-rtos/branches/0.9/caribou/target/board/generic_stm32f103c/crossworks/caribou THUMB Debug/caribou.a(thread.o)
 *fill*         0x08000688        0x8 
 .text.remove_thread_node
                0x08000690       0x70 /home/mike/Documents/caribou-rtos/branches/0.9/caribou/target/board/generic_stm32f103c/crossworks/caribou THUMB Debug/caribou.a(thread.o)
 .text.caribou_thread_lock
                0x08000700       0x44 /home/mike/Documents/caribou-rtos/branches/0.9/caribou/target/board/generic_stm32f103c/crossworks/caribou THUMB Debug/caribou.a(thread.o)
                0x08000700                caribou_thread_lock
 *fill*         0x08000744        0xc 
 .text.caribou_thread_unlock
                0x08000750       0x54 /home/mike/Documents/caribou-rtos/branches/0.9/caribou/target/board/generic_stm32f103c/crossworks/caribou THUMB Debug/caribou.a(thread.o)
                0x08000750                caribou_thread_unlock
 *fill*         0x080007a4        0xc 
 .text.caribou_thread_sleep
                0x080007b0       0x50 /home/mike/Documents/caribou-rtos/branches/0.9/caribou/target/board/generic_stm32f103c/crossworks/caribou THUMB Debug/caribou.a(thread.o)
                0x080007b0                caribou_thread_sleep
 .text.caribou_thread_sleep_current
                0x08000800       0x1c /home/mike/Documents/caribou-rtos/branches/0.9/caribou/target/board/generic_stm32f103c/crossworks/caribou THUMB Debug/caribou.a(thread.o)
                0x08000800                caribou_thread_sleep_current
 *fill*         0x0800081c        0x4 
 .text.caribou_thread_wakeup
                0x08000820       0x28 /home/mike/Documents/caribou-rtos/branches/0.9/caribou/target/board/generic_stm32f103c/crossworks/caribou THUMB Debug/caribou.a(thread.o)
                0x08000820                caribou_thread_wakeup
 *fill*         0x08000848        0x8 
 .text.caribou_thread_yield
                0x08000850       0x4c /home/mike/Documents/caribou-rtos/branches/0.9/caribou/target/board/generic_stm32f103c/crossworks/caribou THUMB Debug/caribou.a(thread.o)
                0x08000850                caribou_thread_yield
 *fill*         0x0800089c        0x4 
 .text.caribou_thread_terminate
                0x080008a0       0x50 /home/mike/Documents/caribou-rtos/branches/0.9/caribou/target/board/generic_stm32f103c/crossworks/caribou THUMB Debug/caribou.a(thread.o)
                0x080008a0                caribou_thread_terminate
 .text.thread_finish
                0x080008f0       0x20 /home/mike/Documents/caribou-rtos/branches/0.9/caribou/target/board/generic_stm32f103c/crossworks/caribou THUMB Debug/caribou.a(thread.o)
                0x080008f0                thread_finish
 .text.caribou_thread_create
                0x08000910      0x128 /home/mike/Documents/caribou-rtos/branches/0.9/caribou/target/board/generic_stm32f103c/crossworks/caribou THUMB Debug/caribou.a(thread.o)
                0x08000910                caribou_thread_create
 *fill*         0x08000a38        0x8 
 .text.caribou_thread_current
                0x08000a40       0x18 /home/mike/Documents/caribou-rtos/branches/0.9/caribou/target/board/generic_stm32f103c/crossworks/caribou THUMB Debug/caribou.a(thread.o)
                0x08000a40                caribou_thread_current
 *fill*         0x08000a58        0x8 
 .text.caribou_thread_init
                0x08000a60       0x40 /home/mike/Documents/caribou-rtos/branches/0.9/caribou/target/board/generic_stm32f103c/crossworks/caribou THUMB Debug/caribou.a(thread.o)
                0x08000a60                caribou_thread_init
 .text.check_sp
                0x08000aa0       0x7c /home/mike/Documents/caribou-rtos/branches/0.9/caribou/target/board/generic_stm32f103c/crossworks/caribou THUMB Debug/caribou.a(thread.o)
 *fill*         0x08000b1c        0x4 
 .text.caribou_thread_once
                0x08000b20       0x58 /home/mike/Documents/caribou-rtos/branches/0.9/caribou/target/board/generic_stm32f103c/crossworks/caribou THUMB Debug/caribou.a(thread.o)
                0x08000b20                caribou_thread_once
 *fill*         0x08000b78        0x8 
 .text.caribou_thread_exec
                0x08000b80       0x10 /home/mike/Documents/caribou-rtos/branches/0.9/caribou/target/board/generic_stm32f103c/crossworks/caribou THUMB Debug/caribou.a(thread.o)
                0x08000b80                caribou_thread_exec
 .text._swap_thread
                0x08000b90       0xa8 /home/mike/Documents/caribou-rtos/branches/0.9/caribou/target/board/generic_stm32f103c/crossworks/caribou THUMB Debug/caribou.a(thread.o)
 *fill*         0x08000c38        0x8 
 .text._pendsv  0x08000c40       0x44 /home/mike/Documents/caribou-rtos/branches/0.9/caribou/target/board/generic_stm32f103c/crossworks/caribou THUMB Debug/caribou.a(thread.o)
                0x08000c40                _pendsv
 *fill*         0x08000c84        0xc 
 .text._systick
                0x08000c90       0x6c /home/mike/Documents/caribou-rtos/branches/0.9/caribou/target/board/generic_stm32f103c/crossworks/caribou THUMB Debug/caribou.a(thread.o)
                0x08000c90                _systick
 *fill*         0x08000cfc        0x4 
 .text.caribou_timer_expired
                0x08000d00       0x24 /home/mike/Documents/caribou-rtos/branches/0.9/caribou/target/board/generic_stm32f103c/crossworks/caribou THUMB Debug/caribou.a(timer.o)
                0x08000d00                caribou_timer_expired
 *fill*         0x08000d24        0xc 
 .text.delete_timer_node
                0x08000d30       0x20 /home/mike/Documents/caribou-rtos/branches/0.9/caribou/target/board/generic_stm32f103c/crossworks/caribou THUMB Debug/caribou.a(timer.o)
 .text.append_timer_node
                0x08000d50       0x50 /home/mike/Documents/caribou-rtos/branches/0.9/caribou/target/board/generic_stm32f103c/crossworks/caribou THUMB Debug/caribou.a(timer.o)
 .text.remove_timer_node
                0x08000da0       0x74 /home/mike/Documents/caribou-rtos/branches/0.9/caribou/target/board/generic_stm32f103c/crossworks/caribou THUMB Debug/caribou.a(timer.o)
 *fill*         0x08000e14        0xc 
 .text.caribou_timer_init
                0x08000e20       0x50 /home/mike/Documents/caribou-rtos/branches/0.9/caribou/target/board/generic_stm32f103c/crossworks/caribou THUMB Debug/caribou.a(timer.o)
                0x08000e20                caribou_timer_init
 .text.caribou_timer_ticks_timeout
                0x08000e70       0x60 /home/mike/Documents/caribou-rtos/branches/0.9/caribou/target/board/generic_stm32f103c/crossworks/caribou THUMB Debug/caribou.a(timer.o)
                0x08000e70                caribou_timer_ticks_timeout
 .text.caribou_timer_set
                0x08000ed0       0x2c /home/mike/Documents/caribou-rtos/branches/0.9/caribou/target/board/generic_stm32f103c/crossworks/caribou THUMB Debug/caribou.a(timer.o)
                0x08000ed0                caribou_timer_set
 *fill*         0x08000efc        0x4 
 .text.caribou_timer_delete
                0x08000f00       0x34 /home/mike/Documents/caribou-rtos/branches/0.9/caribou/target/board/generic_stm32f103c/crossworks/caribou THUMB Debug/caribou.a(timer.o)
                0x08000f00                caribou_timer_delete
 *fill*         0x08000f34        0xc 
 .text.caribou_timer_delete_all
                0x08000f40       0x24 /home/mike/Documents/caribou-rtos/branches/0.9/caribou/target/board/generic_stm32f103c/crossworks/caribou THUMB Debug/caribou.a(timer.o)
                0x08000f40                caribou_timer_delete_all
 *fill*         0x08000f64        0xc 
 .text.caribou_timer_period
                0x08000f70       0x10 /home/mike/Documents/caribou-rtos/branches/0.9/caribou/target/board/generic_stm32f103c/crossworks/caribou THUMB Debug/caribou.a(timer.o)
                0x08000f70                caribou_timer_period
 .text.caribou_timer_ticks
                0x08000f80       0x1c /home/mike/Documents/caribou-rtos/branches/0.9/caribou/target/board/generic_stm32f103c/crossworks/caribou THUMB Debug/caribou.a(timer.o)
                0x08000f80                caribou_timer_ticks
 *fill*         0x08000f9c        0x4 
 .text.expire_timer
                0x08000fa0       0x74 /home/mike/Documents/caribou-rtos/branches/0.9/caribou/target/board/generic_stm32f103c/crossworks/caribou THUMB Debug/caribou.a(timer.o)
 *fill*         0x08001014        0xc 
 .text.caribou_timer_idle
                0x08001020       0x84 /home/mike/Documents/caribou-rtos/branches/0.9/caribou/target/board/generic_stm32f103c/crossworks/caribou THUMB Debug/caribou.a(timer.o)
                0x08001020                caribou_timer_idle
 *fill*         0x080010a4        0xc 
 .text.notify_heap_alloc
                0x080010b0       0x14 /home/mike/Documents/caribou-rtos/branches/0.9/caribou/target/board/generic_stm32f103c/crossworks/caribou THUMB Debug/caribou.a(heap.o)
                0x080010b0                notify_heap_alloc
 *fill*         0x080010c4        0xc 
 .text.notify_heap_dealloc
                0x080010d0       0x14 /home/mike/Documents/caribou-rtos/branches/0.9/caribou/target/board/generic_stm32f103c/crossworks/caribou THUMB Debug/caribou.a(heap.o)
                0x080010d0                notify_heap_dealloc
 *fill*         0x080010e4        0xc 
 .text.notify_heap_invalid_dealloc
                0x080010f0        0xc /home/mike/Documents/caribou-rtos/branches/0.9/caribou/target/board/generic_stm32f103c/crossworks/caribou THUMB Debug/caribou.a(heap.o)
                0x080010f0                notify_heap_invalid_dealloc
 *fill*         0x080010fc        0x4 
 .text.notify_heap_invalid_realloc
                0x08001100        0xc /home/mike/Documents/caribou-rtos/branches/0.9/caribou/target/board/generic_stm32f103c/crossworks/caribou THUMB Debug/caribou.a(heap.o)
                0x08001100                notify_heap_invalid_realloc
 *fill*         0x0800110c        0x4 
 .text.heap_init
                0x08001110       0x18 /home/mike/Documents/caribou-rtos/branches/0.9/caribou/target/board/generic_stm32f103c/crossworks/caribou THUMB Debug/caribou.a(heap.o)
                0x08001110                heap_init
 *fill*         0x08001128        0x8 
 .text.heap_blocks_allocated
                0x08001130       0x14 /home/mike/Documents/caribou-rtos/branches/0.9/caribou/target/board/generic_stm32f103c/crossworks/caribou THUMB Debug/caribou.a(heap.o)
                0x08001130                heap_blocks_allocated
 *fill*         0x08001144        0xc 
 .text.heap_bytes_free
                0x08001150       0x10 /home/mike/Documents/caribou-rtos/branches/0.9/caribou/target/board/generic_stm32f103c/crossworks/caribou THUMB Debug/caribou.a(heap.o)
                0x08001150                heap_bytes_free
 .text.malloc   0x08001160       0x18 /home/mike/Documents/caribou-rtos/branches/0.9/caribou/target/board/generic_stm32f103c/crossworks/caribou THUMB Debug/caribou.a(heap.o)
                0x08001160                malloc
 *fill*         0x08001178        0x8 
 .text.realloc  0x08001180       0x1c /home/mike/Documents/caribou-rtos/branches/0.9/caribou/target/board/generic_stm32f103c/crossworks/caribou THUMB Debug/caribou.a(heap.o)
                0x08001180                realloc
 *fill*         0x0800119c        0x4 
 .text.free     0x080011a0       0x14 /home/mike/Documents/caribou-rtos/branches/0.9/caribou/target/board/generic_stm32f103c/crossworks/caribou THUMB Debug/caribou.a(heap.o)
                0x080011a0                free
 *fill*         0x080011b4        0xc 
 .text.caribou_mutex_init
                0x080011c0       0x24 /home/mike/Documents/caribou-rtos/branches/0.9/caribou/target/board/generic_stm32f103c/crossworks/caribou THUMB Debug/caribou.a(mutex.o)
                0x080011c0                caribou_mutex_init
 *fill*         0x080011e4        0xc 
 .text.caribou_mutex_lock
                0x080011f0       0xa4 /home/mike/Documents/caribou-rtos/branches/0.9/caribou/target/board/generic_stm32f103c/crossworks/caribou THUMB Debug/caribou.a(mutex.o)
                0x080011f0                caribou_mutex_lock
 *fill*         0x08001294        0xc 
 .text.caribou_mutex_trylock
                0x080012a0       0x54 /home/mike/Documents/caribou-rtos/branches/0.9/caribou/target/board/generic_stm32f103c/crossworks/caribou THUMB Debug/caribou.a(mutex.o)
                0x080012a0                caribou_mutex_trylock
 *fill*         0x080012f4        0xc 
 .text.caribou_mutex_unlock
                0x08001300       0x78 /home/mike/Documents/caribou-rtos/branches/0.9/caribou/target/board/generic_stm32f103c/crossworks/caribou THUMB Debug/caribou.a(mutex.o)
                0x08001300                caribou_mutex_unlock
 *fill*         0x08001378        0x8 
 .text.caribou_queue_new
                0x08001380       0x80 /home/mike/Documents/caribou-rtos/branches/0.9/caribou/target/board/generic_stm32f103c/crossworks/caribou THUMB Debug/caribou.a(queue.o)
                0x08001380                caribou_queue_new
 .text.caribou_queue_post
                0x08001400       0x4c /home/mike/Documents/caribou-rtos/branches/0.9/caribou/target/board/generic_stm32f103c/crossworks/caribou THUMB Debug/caribou.a(queue.o)
                0x08001400                caribou_queue_post
 *fill*         0x0800144c        0x4 
 .text.caribou_queue_take_first
                0x08001450       0x44 /home/mike/Documents/caribou-rtos/branches/0.9/caribou/target/board/generic_stm32f103c/crossworks/caribou THUMB Debug/caribou.a(queue.o)
                0x08001450                caribou_queue_take_first
 *fill*         0x08001494        0xc 
 .text.caribou_queue_try_post
                0x080014a0       0x94 /home/mike/Documents/caribou-rtos/branches/0.9/caribou/target/board/generic_stm32f103c/crossworks/caribou THUMB Debug/caribou.a(queue.o)
                0x080014a0                caribou_queue_try_post
 *fill*         0x08001534        0xc 
 .text.caribou_queue_try_take_first
                0x08001540       0x58 /home/mike/Documents/caribou-rtos/branches/0.9/caribou/target/board/generic_stm32f103c/crossworks/caribou THUMB Debug/caribou.a(queue.o)
                0x08001540                caribou_queue_try_take_first
 *fill*         0x08001598        0x8 
 .text.fopen    0x080015a0       0x3c /home/mike/Documents/caribou-rtos/branches/0.9/caribou/target/board/generic_stm32f103c/crossworks/caribou THUMB Debug/caribou.a(stdio.o)
                0x080015a0                fopen
 *fill*         0x080015dc        0x4 
 .text.fputc    0x080015e0       0x30 /home/mike/Documents/caribou-rtos/branches/0.9/caribou/target/board/generic_stm32f103c/crossworks/caribou THUMB Debug/caribou.a(stdio.o)
                0x080015e0                fputc
 .text._fputc   0x08001610       0x1c /home/mike/Documents/caribou-rtos/branches/0.9/caribou/target/board/generic_stm32f103c/crossworks/caribou THUMB Debug/caribou.a(stdio.o)
                0x08001610                _fputc
 *fill*         0x0800162c        0x4 
 .text.printchar
                0x08001630       0x44 /home/mike/Documents/caribou-rtos/branches/0.9/caribou/target/board/generic_stm32f103c/crossworks/caribou THUMB Debug/caribou.a(stdio.o)
 *fill*         0x08001674        0xc 
 .text.prints   0x08001680       0xd4 /home/mike/Documents/caribou-rtos/branches/0.9/caribou/target/board/generic_stm32f103c/crossworks/caribou THUMB Debug/caribou.a(stdio.o)
 *fill*         0x08001754        0xc 
 .text.printi   0x08001760      0x108 /home/mike/Documents/caribou-rtos/branches/0.9/caribou/target/board/generic_stm32f103c/crossworks/caribou THUMB Debug/caribou.a(stdio.o)
 *fill*         0x08001868        0x8 
 .text.print    0x08001870      0x27c /home/mike/Documents/caribou-rtos/branches/0.9/caribou/target/board/generic_stm32f103c/crossworks/caribou THUMB Debug/caribou.a(stdio.o)
 *fill*         0x08001aec        0x4 
 .text.printf   0x08001af0       0x48 /home/mike/Documents/caribou-rtos/branches/0.9/caribou/target/board/generic_stm32f103c/crossworks/caribou THUMB Debug/caribou.a(stdio.o)
                0x08001af0                printf
 *fill*         0x08001b38        0x8 
 .text.memmove  0x08001b40       0x90 /home/mike/Documents/caribou-rtos/branches/0.9/caribou/target/board/generic_stm32f103c/crossworks/caribou THUMB Debug/caribou.a(string.o)
                0x08001b40                memmove
 .text.memset   0x08001bd0       0x3c /home/mike/Documents/caribou-rtos/branches/0.9/caribou/target/board/generic_stm32f103c/crossworks/caribou THUMB Debug/caribou.a(string.o)
                0x08001bd0                memset
 *fill*         0x08001c0c        0x4 
 .text.strlen   0x08001c10       0x38 /home/mike/Documents/caribou-rtos/branches/0.9/caribou/target/board/generic_stm32f103c/crossworks/caribou THUMB Debug/caribou.a(string.o)
                0x08001c10                strlen
 *fill*         0x08001c48        0x8 
 .text.bitmap_heap_init
                0x08001c50       0xc4 /home/mike/Documents/caribou-rtos/branches/0.9/caribou/target/board/generic_stm32f103c/crossworks/caribou THUMB Debug/caribou.a(bitmap_heap.o)
                0x08001c50                bitmap_heap_init
 *fill*         0x08001d14        0xc 
 .text.bitmap_heap_blocks_allocated
                0x08001d20       0x9c /home/mike/Documents/caribou-rtos/branches/0.9/caribou/target/board/generic_stm32f103c/crossworks/caribou THUMB Debug/caribou.a(bitmap_heap.o)
                0x08001d20                bitmap_heap_blocks_allocated
 *fill*         0x08001dbc        0x4 
 .text.bitmap_heap_bytes_free
                0x08001dc0       0x1c /home/mike/Documents/caribou-rtos/branches/0.9/caribou/target/board/generic_stm32f103c/crossworks/caribou THUMB Debug/caribou.a(bitmap_heap.o)
                0x08001dc0                bitmap_heap_bytes_free
 *fill*         0x08001ddc        0x4 
 .text.get_bitmap_bit
                0x08001de0       0x7c /home/mike/Documents/caribou-rtos/branches/0.9/caribou/target/board/generic_stm32f103c/crossworks/caribou THUMB Debug/caribou.a(bitmap_heap.o)
 *fill*         0x08001e5c        0x4 
 .text.is_free_sequence
                0x08001e60       0x70 /home/mike/Documents/caribou-rtos/branches/0.9/caribou/target/board/generic_stm32f103c/crossworks/caribou THUMB Debug/caribou.a(bitmap_heap.o)
 .text.locate_free
                0x08001ed0       0xa4 /home/mike/Documents/caribou-rtos/branches/0.9/caribou/target/board/generic_stm32f103c/crossworks/caribou THUMB Debug/caribou.a(bitmap_heap.o)
 *fill*         0x08001f74        0xc 
 .text.blocks_used
                0x08001f80       0x74 /home/mike/Documents/caribou-rtos/branches/0.9/caribou/target/board/generic_stm32f103c/crossworks/caribou THUMB Debug/caribou.a(bitmap_heap.o)
 *fill*         0x08001ff4        0xc 
 .text.set_bitmap_bit
                0x08002000       0xb0 /home/mike/Documents/caribou-rtos/branches/0.9/caribou/target/board/generic_stm32f103c/crossworks/caribou THUMB Debug/caribou.a(bitmap_heap.o)
 .text.from_pointer
                0x080020b0       0x50 /home/mike/Documents/caribou-rtos/branches/0.9/caribou/target/board/generic_stm32f103c/crossworks/caribou THUMB Debug/caribou.a(bitmap_heap.o)
 .text.to_pointer
                0x08002100       0x48 /home/mike/Documents/caribou-rtos/branches/0.9/caribou/target/board/generic_stm32f103c/crossworks/caribou THUMB Debug/caribou.a(bitmap_heap.o)
 *fill*         0x08002148        0x8 
 .text.allocate
                0x08002150       0xcc /home/mike/Documents/caribou-rtos/branches/0.9/caribou/target/board/generic_stm32f103c/crossworks/caribou THUMB Debug/caribou.a(bitmap_heap.o)
 *fill*         0x0800221c        0x4 
 .text.deallocate
                0x08002220       0x94 /home/mike/Documents/caribou-rtos/branches/0.9/caribou/target/board/generic_stm32f103c/crossworks/caribou THUMB Debug/caribou.a(bitmap_heap.o)
 *fill*         0x080022b4        0xc 
 .text.can_extend
                0x080022c0       0x84 /home/mike/Documents/caribou-rtos/branches/0.9/caribou/target/board/generic_stm32f103c/crossworks/caribou THUMB Debug/caribou.a(bitmap_heap.o)
 *fill*         0x08002344        0xc 
 .text.extend   0x08002350       0xc4 /home/mike/Documents/caribou-rtos/branches/0.9/caribou/target/board/generic_stm32f103c/crossworks/caribou THUMB Debug/caribou.a(bitmap_heap.o)
 *fill*         0x08002414        0xc 
 .text.bitmap_heap_malloc
                0x08002420       0x78 /home/mike/Documents/caribou-rtos/branches/0.9/caribou/target/board/generic_stm32f103c/crossworks/caribou THUMB Debug/caribou.a(bitmap_heap.o)
                0x08002420                bitmap_heap_malloc
 *fill*         0x08002498        0x8 
 .text.bitmap_heap_realloc
                0x080024a0      0x15c /home/mike/Documents/caribou-rtos/branches/0.9/caribou/target/board/generic_stm32f103c/crossworks/caribou THUMB Debug/caribou.a(bitmap_heap.o)
                0x080024a0                bitmap_heap_realloc
 *fill*         0x080025fc        0x4 
 .text.bitmap_heap_free
                0x08002600       0x54 /home/mike/Documents/caribou-rtos/branches/0.9/caribou/target/board/generic_stm32f103c/crossworks/caribou THUMB Debug/caribou.a(bitmap_heap.o)
                0x08002600                bitmap_heap_free
 *fill*         0x08002654        0xc 
 .text.early_init
                0x08002660      0x134 /home/mike/Documents/caribou-rtos/branches/0.9/caribou/target/board/generic_stm32f103c/crossworks/caribou THUMB Debug/caribou.a(target_board.o)
                0x08002660                early_init
 *fill*         0x08002794        0xc 
 .text.late_init
                0x080027a0       0x34 /home/mike/Documents/caribou-rtos/branches/0.9/caribou/target/board/generic_stm32f103c/crossworks/caribou THUMB Debug/caribou.a(target_board.o)
                0x080027a0                late_init
 *fill*         0x080027d4        0xc 
 .text.board_idle
                0x080027e0        0xc /home/mike/Documents/caribou-rtos/branches/0.9/caribou/target/board/generic_stm32f103c/crossworks/caribou THUMB Debug/caribou.a(target_board.o)
                0x080027e0                board_idle
 *fill*         0x080027ec        0x4 
 .text.NVIC_SetPriority
                0x080027f0       0x54 /home/mike/Documents/caribou-rtos/branches/0.9/caribou/target/board/generic_stm32f103c/crossworks/caribou THUMB Debug/caribou.a(target_chip.o)
 *fill*         0x08002844        0xc 
 .text.assert_param
                0x08002850       0x18 /home/mike/Documents/caribou-rtos/branches/0.9/caribou/target/board/generic_stm32f103c/crossworks/caribou THUMB Debug/caribou.a(target_chip.o)
                0x08002850                assert_param
 *fill*         0x08002868        0x8 
 .text.nvic_isr
                0x08002870       0x28 /home/mike/Documents/caribou-rtos/branches/0.9/caribou/target/board/generic_stm32f103c/crossworks/caribou THUMB Debug/caribou.a(target_chip.o)
                0x08002870                nvic_isr
 *fill*         0x08002898        0x8 
 .text._swi     0x080028a0        0xc /home/mike/Documents/caribou-rtos/branches/0.9/caribou/target/board/generic_stm32f103c/crossworks/caribou THUMB Debug/caribou.a(target_chip.o)
                0x080028a0                _swi
 *fill*         0x080028ac        0x4 
 .text._nmi     0x080028b0        0xc /home/mike/Documents/caribou-rtos/branches/0.9/caribou/target/board/generic_stm32f103c/crossworks/caribou THUMB Debug/caribou.a(target_chip.o)
                0x080028b0                _nmi
 *fill*         0x080028bc        0x4 
 .text.chip_systick_irq_disable
                0x080028c0       0x38 /home/mike/Documents/caribou-rtos/branches/0.9/caribou/target/board/generic_stm32f103c/crossworks/caribou THUMB Debug/caribou.a(target_chip.o)
                0x080028c0                chip_systick_irq_disable
 *fill*         0x080028f8        0x8 
 .text.chip_systick_irq_set
                0x08002900       0x38 /home/mike/Documents/caribou-rtos/branches/0.9/caribou/target/board/generic_stm32f103c/crossworks/caribou THUMB Debug/caribou.a(target_chip.o)
                0x08002900                chip_systick_irq_set
 *fill*         0x08002938        0x8 
 .text.chip_systick_irq_force
                0x08002940       0x1c /home/mike/Documents/caribou-rtos/branches/0.9/caribou/target/board/generic_stm32f103c/crossworks/caribou THUMB Debug/caribou.a(target_chip.o)
                0x08002940                chip_systick_irq_force
 *fill*         0x0800295c        0x4 
 .text.chip_systick_enter
                0x08002960       0x48 /home/mike/Documents/caribou-rtos/branches/0.9/caribou/target/board/generic_stm32f103c/crossworks/caribou THUMB Debug/caribou.a(target_chip.o)
                0x08002960                chip_systick_enter
 *fill*         0x080029a8        0x8 
 .text.chip_systick_exit
                0x080029b0        0xc /home/mike/Documents/caribou-rtos/branches/0.9/caribou/target/board/generic_stm32f103c/crossworks/caribou THUMB Debug/caribou.a(target_chip.o)
                0x080029b0                chip_systick_exit
 *fill*         0x080029bc        0x4 
 .text.initPLL  0x080029c0        0xc /home/mike/Documents/caribou-rtos/branches/0.9/caribou/target/board/generic_stm32f103c/crossworks/caribou THUMB Debug/caribou.a(target_chip.o)
 *fill*         0x080029cc        0x4 
 .text.initSysTick
                0x080029d0       0x48 /home/mike/Documents/caribou-rtos/branches/0.9/caribou/target/board/generic_stm32f103c/crossworks/caribou THUMB Debug/caribou.a(target_chip.o)
 *fill*         0x08002a18        0x8 
 .text.initializeWWDG
                0x08002a20        0xc /home/mike/Documents/caribou-rtos/branches/0.9/caribou/target/board/generic_stm32f103c/crossworks/caribou THUMB Debug/caribou.a(target_chip.o)
 *fill*         0x08002a2c        0x4 
 .text.chip_init
                0x08002a30       0x20 /home/mike/Documents/caribou-rtos/branches/0.9/caribou/target/board/generic_stm32f103c/crossworks/caribou THUMB Debug/caribou.a(target_chip.o)
                0x08002a30                chip_init
 .text.chip_interrupts_enable
                0x08002a50        0x4 /home/mike/Documents/caribou-rtos/branches/0.9/caribou/target/board/generic_stm32f103c/crossworks/caribou THUMB Debug/caribou.a(target_chip.o)
                0x08002a50                chip_interrupts_enable
 *fill*         0x08002a54        0xc 
 .text.chip_interrupts_disable
                0x08002a60       0x10 /home/mike/Documents/caribou-rtos/branches/0.9/caribou/target/board/generic_stm32f103c/crossworks/caribou THUMB Debug/caribou.a(target_chip.o)
                0x08002a60                chip_interrupts_disable
 .text.chip_interrupts_enabled
                0x08002a70        0xc /home/mike/Documents/caribou-rtos/branches/0.9/caribou/target/board/generic_stm32f103c/crossworks/caribou THUMB Debug/caribou.a(target_chip.o)
                0x08002a70                chip_interrupts_enabled
 *fill*         0x08002a7c        0x4 
 .text.chip_interrupts_set
                0x08002a80       0x20 /home/mike/Documents/caribou-rtos/branches/0.9/caribou/target/board/generic_stm32f103c/crossworks/caribou THUMB Debug/caribou.a(target_chip.o)
                0x08002a80                chip_interrupts_set
 .text.chip_wfi
                0x08002aa0        0x4 /home/mike/Documents/caribou-rtos/branches/0.9/caribou/target/board/generic_stm32f103c/crossworks/caribou THUMB Debug/caribou.a(target_chip.o)
                0x08002aa0                chip_wfi
 *fill*         0x08002aa4        0xc 
 .text.chip_vector_enable
                0x08002ab0       0x70 /home/mike/Documents/caribou-rtos/branches/0.9/caribou/target/board/generic_stm32f103c/crossworks/caribou THUMB Debug/caribou.a(target_chip.o)
                0x08002ab0                chip_vector_enable
 .text.chip_vector_disable
                0x08002b20       0x74 /home/mike/Documents/caribou-rtos/branches/0.9/caribou/target/board/generic_stm32f103c/crossworks/caribou THUMB Debug/caribou.a(target_chip.o)
                0x08002b20                chip_vector_disable
 *fill*         0x08002b94        0xc 
 .text.chip_clock_freq
                0x08002ba0       0x18 /home/mike/Documents/caribou-rtos/branches/0.9/caribou/target/board/generic_stm32f103c/crossworks/caribou THUMB Debug/caribou.a(target_chip.o)
                0x08002ba0                chip_clock_freq
 *fill*         0x08002bb8        0x8 
 .text.fault    0x08002bc0       0x80 /home/mike/Documents/caribou-rtos/branches/0.9/caribou/target/board/generic_stm32f103c/crossworks/caribou THUMB Debug/caribou.a(target_fault.o)
                0x08002bc0                fault
 .text._fault   0x08002c40       0x20 /home/mike/Documents/caribou-rtos/branches/0.9/caribou/target/board/generic_stm32f103c/crossworks/caribou THUMB Debug/caribou.a(target_fault.o)
                0x08002c40                _fault
 .text.chip_gpio_toggle
                0x08002c60       0x4c /home/mike/Documents/caribou-rtos/branches/0.9/caribou/target/board/generic_stm32f103c/crossworks/caribou THUMB Debug/caribou.a(target_gpio.o)
                0x08002c60                chip_gpio_toggle
 *fill*         0x08002cac        0x4 
 .text.chip_gpio_pinstate
                0x08002cb0       0x28 /home/mike/Documents/caribou-rtos/branches/0.9/caribou/target/board/generic_stm32f103c/crossworks/caribou THUMB Debug/caribou.a(target_gpio.o)
                0x08002cb0                chip_gpio_pinstate
 *fill*         0x08002cd8        0x8 
 .text.chip_uart_int_disable
                0x08002ce0       0x30 /home/mike/Documents/caribou-rtos/branches/0.9/caribou/target/board/generic_stm32f103c/crossworks/caribou THUMB Debug/caribou.a(target_uart.o)
                0x08002ce0                chip_uart_int_disable
 .text.chip_uart_int_enabled
                0x08002d10       0x38 /home/mike/Documents/caribou-rtos/branches/0.9/caribou/target/board/generic_stm32f103c/crossworks/caribou THUMB Debug/caribou.a(target_uart.o)
                0x08002d10                chip_uart_int_enabled
 *fill*         0x08002d48        0x8 
 .text.chip_uart_set_config
                0x08002d50      0x124 /home/mike/Documents/caribou-rtos/branches/0.9/caribou/target/board/generic_stm32f103c/crossworks/caribou THUMB Debug/caribou.a(target_uart.o)
                0x08002d50                chip_uart_set_config
 *fill*         0x08002e74        0xc 
 .text.chip_uart_open
                0x08002e80       0x18 /home/mike/Documents/caribou-rtos/branches/0.9/caribou/target/board/generic_stm32f103c/crossworks/caribou THUMB Debug/caribou.a(target_uart.o)
                0x08002e80                chip_uart_open
 *fill*         0x08002e98        0x8 
 .text.chip_uart_set_rx_queue
                0x08002ea0       0x24 /home/mike/Documents/caribou-rtos/branches/0.9/caribou/target/board/generic_stm32f103c/crossworks/caribou THUMB Debug/caribou.a(target_uart.o)
                0x08002ea0                chip_uart_set_rx_queue
 *fill*         0x08002ec4        0xc 
 .text.chip_uart_set_tx_queue
                0x08002ed0       0x24 /home/mike/Documents/caribou-rtos/branches/0.9/caribou/target/board/generic_stm32f103c/crossworks/caribou THUMB Debug/caribou.a(target_uart.o)
                0x08002ed0                chip_uart_set_tx_queue
 *fill*         0x08002ef4        0xc 
 .text.chip_uart_rx_queue
                0x08002f00       0x1c /home/mike/Documents/caribou-rtos/branches/0.9/caribou/target/board/generic_stm32f103c/crossworks/caribou THUMB Debug/caribou.a(target_uart.o)
                0x08002f00                chip_uart_rx_queue
 *fill*         0x08002f1c        0x4 
 .text.chip_uart_tx_queue
                0x08002f20       0x1c /home/mike/Documents/caribou-rtos/branches/0.9/caribou/target/board/generic_stm32f103c/crossworks/caribou THUMB Debug/caribou.a(target_uart.o)
                0x08002f20                chip_uart_tx_queue
 *fill*         0x08002f3c        0x4 
 .text.chip_uart_interrupt_vector
                0x08002f40       0x20 /home/mike/Documents/caribou-rtos/branches/0.9/caribou/target/board/generic_stm32f103c/crossworks/caribou THUMB Debug/caribou.a(target_uart.o)
                0x08002f40                chip_uart_interrupt_vector
 .text.chip_uart_status
                0x08002f60       0x1c /home/mike/Documents/caribou-rtos/branches/0.9/caribou/target/board/generic_stm32f103c/crossworks/caribou THUMB Debug/caribou.a(target_uart.o)
                0x08002f60                chip_uart_status
 *fill*         0x08002f7c        0x4 
 .text.chip_uart_set_status
                0x08002f80       0x24 /home/mike/Documents/caribou-rtos/branches/0.9/caribou/target/board/generic_stm32f103c/crossworks/caribou THUMB Debug/caribou.a(target_uart.o)
                0x08002f80                chip_uart_set_status
 *fill*         0x08002fa4        0xc 
 .text.chip_uart_tx_ready
                0x08002fb0       0x34 /home/mike/Documents/caribou-rtos/branches/0.9/caribou/target/board/generic_stm32f103c/crossworks/caribou THUMB Debug/caribou.a(target_uart.o)
                0x08002fb0                chip_uart_tx_ready
 *fill*         0x08002fe4        0xc 
 .text.chip_uart_rx_ready
                0x08002ff0       0x38 /home/mike/Documents/caribou-rtos/branches/0.9/caribou/target/board/generic_stm32f103c/crossworks/caribou THUMB Debug/caribou.a(target_uart.o)
                0x08002ff0                chip_uart_rx_ready
 *fill*         0x08003028        0x8 
 .text.chip_uart_tx_data
                0x08003030       0x28 /home/mike/Documents/caribou-rtos/branches/0.9/caribou/target/board/generic_stm32f103c/crossworks/caribou THUMB Debug/caribou.a(target_uart.o)
                0x08003030                chip_uart_tx_data
 *fill*         0x08003058        0x8 
 .text.chip_uart_rx_data
                0x08003060       0x20 /home/mike/Documents/caribou-rtos/branches/0.9/caribou/target/board/generic_stm32f103c/crossworks/caribou THUMB Debug/caribou.a(target_uart.o)
                0x08003060                chip_uart_rx_data
 .text.chip_uart_tx_start
                0x08003080       0x2c /home/mike/Documents/caribou-rtos/branches/0.9/caribou/target/board/generic_stm32f103c/crossworks/caribou THUMB Debug/caribou.a(target_uart.o)
                0x08003080                chip_uart_tx_start
 *fill*         0x080030ac        0x4 
 .text.chip_uart_tx_stop
                0x080030b0       0x2c /home/mike/Documents/caribou-rtos/branches/0.9/caribou/target/board/generic_stm32f103c/crossworks/caribou THUMB Debug/caribou.a(target_uart.o)
                0x080030b0                chip_uart_tx_stop
 *fill*         0x080030dc        0x4 
 .text.isr_uart
                0x080030e0       0xac /home/mike/Documents/caribou-rtos/branches/0.9/caribou/target/board/generic_stm32f103c/crossworks/caribou THUMB Debug/caribou.a(target_uart.o)
                0x080030e0                isr_uart
 *fill*         0x0800318c        0x4 
 .text.SystemInit
                0x08003190       0x68 /home/mike/Documents/caribou-rtos/branches/0.9/caribou/target/board/generic_stm32f103c/crossworks/caribou THUMB Debug/caribou.a(target_system_stm32f10x.o)
                0x08003190                SystemInit
 *fill*         0x080031f8        0x8 
 .text.SystemCoreClockUpdate
                0x08003200       0xd8 /home/mike/Documents/caribou-rtos/branches/0.9/caribou/target/board/generic_stm32f103c/crossworks/caribou THUMB Debug/caribou.a(target_system_stm32f10x.o)
                0x08003200                SystemCoreClockUpdate
 *fill*         0x080032d8        0x8 
 .text.SetSysClock
                0x080032e0        0xc /home/mike/Documents/caribou-rtos/branches/0.9/caribou/target/board/generic_stm32f103c/crossworks/caribou THUMB Debug/caribou.a(target_system_stm32f10x.o)
 *fill*         0x080032ec        0x4 
 .text.SetSysClockTo72
                0x080032f0      0x100 /home/mike/Documents/caribou-rtos/branches/0.9/caribou/target/board/generic_stm32f103c/crossworks/caribou THUMB Debug/caribou.a(target_system_stm32f10x.o)
 .text.RCC_HSEConfig
                0x080033f0       0x78 /home/mike/Documents/caribou-rtos/branches/0.9/caribou/target/board/generic_stm32f103c/crossworks/caribou THUMB Debug/caribou.a(target_stm32f10x_rcc.o)
                0x080033f0                RCC_HSEConfig
 *fill*         0x08003468        0x8 
 .text.RCC_WaitForHSEStartUp
                0x08003470       0x50 /home/mike/Documents/caribou-rtos/branches/0.9/caribou/target/board/generic_stm32f103c/crossworks/caribou THUMB Debug/caribou.a(target_stm32f10x_rcc.o)
                0x08003470                RCC_WaitForHSEStartUp
 .text.RCC_SYSCLKConfig
                0x080034c0       0x50 /home/mike/Documents/caribou-rtos/branches/0.9/caribou/target/board/generic_stm32f103c/crossworks/caribou THUMB Debug/caribou.a(target_stm32f10x_rcc.o)
                0x080034c0                RCC_SYSCLKConfig
 .text.RCC_GetClocksFreq
                0x08003510      0x164 /home/mike/Documents/caribou-rtos/branches/0.9/caribou/target/board/generic_stm32f103c/crossworks/caribou THUMB Debug/caribou.a(target_stm32f10x_rcc.o)
                0x08003510                RCC_GetClocksFreq
 *fill*         0x08003674        0xc 
 .text.RCC_AHBPeriphClockCmd
                0x08003680       0x70 /home/mike/Documents/caribou-rtos/branches/0.9/caribou/target/board/generic_stm32f103c/crossworks/caribou THUMB Debug/caribou.a(target_stm32f10x_rcc.o)
                0x08003680                RCC_AHBPeriphClockCmd
 .text.RCC_APB2PeriphClockCmd
                0x080036f0       0x70 /home/mike/Documents/caribou-rtos/branches/0.9/caribou/target/board/generic_stm32f103c/crossworks/caribou THUMB Debug/caribou.a(target_stm32f10x_rcc.o)
                0x080036f0                RCC_APB2PeriphClockCmd
 .text.RCC_APB1PeriphClockCmd
                0x08003760       0x70 /home/mike/Documents/caribou-rtos/branches/0.9/caribou/target/board/generic_stm32f103c/crossworks/caribou THUMB Debug/caribou.a(target_stm32f10x_rcc.o)
                0x08003760                RCC_APB1PeriphClockCmd
 .text.RCC_GetFlagStatus
                0x080037d0       0xbc /home/mike/Documents/caribou-rtos/branches/0.9/caribou/target/board/generic_stm32f103c/crossworks/caribou THUMB Debug/caribou.a(target_stm32f10x_rcc.o)
                0x080037d0                RCC_GetFlagStatus
 *fill*         0x0800388c        0x4 
 .text.USART_Init
                0x08003890      0x2d8 /home/mike/Documents/caribou-rtos/branches/0.9/caribou/target/board/generic_stm32f103c/crossworks/caribou THUMB Debug/caribou.a(target_stm32f10x_usart.o)
                0x08003890                USART_Init
 *fill*         0x08003b68        0x8 
 .text.USART_Cmd
                0x08003b70       0x9c /home/mike/Documents/caribou-rtos/branches/0.9/caribou/target/board/generic_stm32f103c/crossworks/caribou THUMB Debug/caribou.a(target_stm32f10x_usart.o)
                0x08003b70                USART_Cmd
 *fill*         0x08003c0c        0x4 
 .text.USART_ITConfig
                0x08003c10      0x16c /home/mike/Documents/caribou-rtos/branches/0.9/caribou/target/board/generic_stm32f103c/crossworks/caribou THUMB Debug/caribou.a(target_stm32f10x_usart.o)
                0x08003c10                USART_ITConfig
 *fill*         0x08003d7c        0x4 
 .text.isr_map_extend
                0x08003d80       0x70 /home/mike/Documents/caribou-rtos/branches/0.9/caribou/target/board/generic_stm32f103c/crossworks/caribou THUMB Debug/caribou.a(interrupt.o)
 .text.caribou_vector_installed
                0x08003df0       0x78 /home/mike/Documents/caribou-rtos/branches/0.9/caribou/target/board/generic_stm32f103c/crossworks/caribou THUMB Debug/caribou.a(interrupt.o)
                0x08003df0                caribou_vector_installed
 *fill*         0x08003e68        0x8 
 .text.caribou_vector_install
                0x08003e70       0xbc /home/mike/Documents/caribou-rtos/branches/0.9/caribou/target/board/generic_stm32f103c/crossworks/caribou THUMB Debug/caribou.a(interrupt.o)
                0x08003e70                caribou_vector_install
 *fill*         0x08003f2c        0x4 
 .text.caribou_interrupt_service
                0x08003f30       0x44 /home/mike/Documents/caribou-rtos/branches/0.9/caribou/target/board/generic_stm32f103c/crossworks/caribou THUMB Debug/caribou.a(interrupt.o)
                0x08003f30                caribou_interrupt_service
 *fill*         0x08003f74        0xc 
 .text.caribou_device_of
                0x08003f80       0x30 /home/mike/Documents/caribou-rtos/branches/0.9/caribou/target/board/generic_stm32f103c/crossworks/caribou THUMB Debug/caribou.a(uart.o)
 .text.caribou_uart_open
                0x08003fb0      0x128 /home/mike/Documents/caribou-rtos/branches/0.9/caribou/target/board/generic_stm32f103c/crossworks/caribou THUMB Debug/caribou.a(uart.o)
                0x08003fb0                caribou_uart_open
 *fill*         0x080040d8        0x8 
 .text.caribou_uart_close
                0x080040e0       0x98 /home/mike/Documents/caribou-rtos/branches/0.9/caribou/target/board/generic_stm32f103c/crossworks/caribou THUMB Debug/caribou.a(uart.o)
                0x080040e0                caribou_uart_close
 *fill*         0x08004178        0x8 
 .text.caribou_uart_set_config
                0x08004180       0x28 /home/mike/Documents/caribou-rtos/branches/0.9/caribou/target/board/generic_stm32f103c/crossworks/caribou THUMB Debug/caribou.a(uart.o)
                0x08004180                caribou_uart_set_config
 *fill*         0x080041a8        0x8 
 .text.caribou_uart_queue_tx_sz
                0x080041b0       0x10 /home/mike/Documents/caribou-rtos/branches/0.9/caribou/target/board/generic_stm32f103c/crossworks/caribou THUMB Debug/caribou.a(uart.o)
                0x080041b0                caribou_uart_queue_tx_sz
 .text.caribou_uart_queue_rx_sz
                0x080041c0       0x10 /home/mike/Documents/caribou-rtos/branches/0.9/caribou/target/board/generic_stm32f103c/crossworks/caribou THUMB Debug/caribou.a(uart.o)
                0x080041c0                caribou_uart_queue_rx_sz
 .text.caribou_uart_private_readfn
                0x080041d0       0x74 /home/mike/Documents/caribou-rtos/branches/0.9/caribou/target/board/generic_stm32f103c/crossworks/caribou THUMB Debug/caribou.a(uart.o)
                0x080041d0                caribou_uart_private_readfn
 *fill*         0x08004244        0xc 
 .text.caribou_uart_private_writefn
                0x08004250       0x60 /home/mike/Documents/caribou-rtos/branches/0.9/caribou/target/board/generic_stm32f103c/crossworks/caribou THUMB Debug/caribou.a(uart.o)
                0x08004250                caribou_uart_private_writefn
 .text.caribou_uart_private_readqueuefn
                0x080042b0       0x24 /home/mike/Documents/caribou-rtos/branches/0.9/caribou/target/board/generic_stm32f103c/crossworks/caribou THUMB Debug/caribou.a(uart.o)
                0x080042b0                caribou_uart_private_readqueuefn
 *fill*         0x080042d4        0xc 
 .text.caribou_uart_private_writequeuefn
                0x080042e0       0x24 /home/mike/Documents/caribou-rtos/branches/0.9/caribou/target/board/generic_stm32f103c/crossworks/caribou THUMB Debug/caribou.a(uart.o)
                0x080042e0                caribou_uart_private_writequeuefn
 *fill*         0x08004304        0xc 
 .text.caribou_uart_private_statefn
                0x08004310       0x1c /home/mike/Documents/caribou-rtos/branches/0.9/caribou/target/board/generic_stm32f103c/crossworks/caribou THUMB Debug/caribou.a(uart.o)
                0x08004310                caribou_uart_private_statefn
 *fill*         0x0800432c        0x4 
 .text.caribou_bytequeue_new
                0x08004330       0x54 /home/mike/Documents/caribou-rtos/branches/0.9/caribou/target/board/generic_stm32f103c/crossworks/caribou THUMB Debug/caribou.a(bytequeue.o)
                0x08004330                caribou_bytequeue_new
 *fill*         0x08004384        0xc 
 .text.caribou_bytequeue_free
                0x08004390       0x44 /home/mike/Documents/caribou-rtos/branches/0.9/caribou/target/board/generic_stm32f103c/crossworks/caribou THUMB Debug/caribou.a(bytequeue.o)
                0x08004390                caribou_bytequeue_free
 *fill*         0x080043d4        0xc 
 .text.caribou_bytequeue_empty
                0x080043e0       0x34 /home/mike/Documents/caribou-rtos/branches/0.9/caribou/target/board/generic_stm32f103c/crossworks/caribou THUMB Debug/caribou.a(bytequeue.o)
                0x080043e0                caribou_bytequeue_empty
 *fill*         0x08004414        0xc 
 .text.caribou_bytequeue_level
                0x08004420       0x48 /home/mike/Documents/caribou-rtos/branches/0.9/caribou/target/board/generic_stm32f103c/crossworks/caribou THUMB Debug/caribou.a(bytequeue.o)
                0x08004420                caribou_bytequeue_level
 *fill*         0x08004468        0x8 
 .text.caribou_bytequeue_put
                0x08004470       0x80 /home/mike/Documents/caribou-rtos/branches/0.9/caribou/target/board/generic_stm32f103c/crossworks/caribou THUMB Debug/caribou.a(bytequeue.o)
                0x08004470                caribou_bytequeue_put
 .text.caribou_bytequeue_get
                0x080044f0       0x58 /home/mike/Documents/caribou-rtos/branches/0.9/caribou/target/board/generic_stm32f103c/crossworks/caribou THUMB Debug/caribou.a(bytequeue.o)
                0x080044f0                caribou_bytequeue_get
 *(.rodata)
 *fill*         0x08004548        0x8 
 .rodata        0x08004550       0x3c caribou-demo THUMB Debug/caribou_demo.o
 *fill*         0x0800458c        0x4 
 .rodata        0x08004590      0x128 /home/mike/Documents/caribou-rtos/branches/0.9/caribou/target/board/generic_stm32f103c/crossworks/caribou THUMB Debug/caribou.a(thread.o)
 *fill*         0x080046b8        0x8 
 .rodata        0x080046c0        0x8 /home/mike/Documents/caribou-rtos/branches/0.9/caribou/target/board/generic_stm32f103c/crossworks/caribou THUMB Debug/caribou.a(stdio.o)
 *fill*         0x080046c8        0x8 
 .rodata        0x080046d0        0x4 /home/mike/Documents/caribou-rtos/branches/0.9/caribou/target/board/generic_stm32f103c/crossworks/caribou THUMB Debug/caribou.a(target_board.o)
 *(.rodata.*)
 *fill*         0x080046d4        0xc 
 .rodata._stdio_
                0x080046e0       0x60 /home/mike/Documents/caribou-rtos/branches/0.9/caribou/target/board/generic_stm32f103c/crossworks/caribou THUMB Debug/caribou.a(target_uart.o)
                0x080046e0                _stdio_
 *(.glue_7t)
 .glue_7t       0x00000000        0x0 linker stubs
 *(.glue_7)
 .glue_7        0x00000000        0x0 linker stubs
 *(.gcc*)

.vfp11_veneer   0x08004740        0x0
 .vfp11_veneer  0x00000000        0x0 linker stubs

.v4_bx          0x08004740        0x0
 .v4_bx         0x00000000        0x0 linker stubs

.iplt           0x08004740        0x0
 .iplt          0x00000000        0x0 caribou-demo THUMB Debug/caribou_demo.o

.rel.dyn        0x08004740        0x0
 .rel.iplt      0x00000000        0x0 caribou-demo THUMB Debug/caribou_demo.o

.ARM.extab
 *(.ARM.extab* .gnu.linkonce.armextab.*)

.ARM.exidx      0x08004740        0x0
                0x08004740                PROVIDE (__exidx_start, .)
 *(.ARM.exidx* .gnu.linkonce.armexidx.*)
                0x08004740                PROVIDE (__exidx_end, .)

.eh_frame_hdr
 *(.eh_frame_hdr)

.eh_frame
 *(.eh_frame)

.textalign      0x08004740        0x0
                0x08004740                . = ALIGN (0x8)
                0x08004740                _etext = .
                0x08004740                _textdata = _etext

.stacks         0x20000000      0x200
                0x20000000                . = ALIGN (0x8)
                0x20000000                __main_stack_base__ = .
                0x20000100                . = (. + __main_stack_size__)
 *fill*         0x20000000      0x100 
                0x20000100                . = ALIGN (0x8)
                0x20000100                __main_stack_end__ = .
                0x20000100                __process_stack_base__ = .
                0x20000100                __main_thread_stack_base__ = .
                0x20000200                . = (. + __process_stack_size__)
 *fill*         0x20000100      0x100 
                0x20000200                . = ALIGN (0x8)
                0x20000200                __process_stack_end__ = .
                0x20000200                __main_thread_stack_end__ = .

.data           0x20000200       0xa0 load address 0x08004740
                0x20000200                . = ALIGN (0x4)
                0x20000200                PROVIDE (_data, .)
 *(.data)
                0x20000200                . = ALIGN (0x4)
 *(.data.*)
 .data.led1     0x20000200        0x8 /home/mike/Documents/caribou-rtos/branches/0.9/caribou/target/board/generic_stm32f103c/crossworks/caribou THUMB Debug/caribou.a(target_board.o)
                0x20000200                led1
 .data.device_info
                0x20000208       0x70 /home/mike/Documents/caribou-rtos/branches/0.9/caribou/target/board/generic_stm32f103c/crossworks/caribou THUMB Debug/caribou.a(target_uart.o)
                0x20000208                device_info
 .data.SystemCoreClock
                0x20000278        0x4 /home/mike/Documents/caribou-rtos/branches/0.9/caribou/target/board/generic_stm32f103c/crossworks/caribou THUMB Debug/caribou.a(target_system_stm32f10x.o)
                0x20000278                SystemCoreClock
 .data.AHBPrescTable
                0x2000027c       0x10 /home/mike/Documents/caribou-rtos/branches/0.9/caribou/target/board/generic_stm32f103c/crossworks/caribou THUMB Debug/caribou.a(target_system_stm32f10x.o)
                0x2000027c                AHBPrescTable
 .data.APBAHBPrescTable
                0x2000028c       0x10 /home/mike/Documents/caribou-rtos/branches/0.9/caribou/target/board/generic_stm32f103c/crossworks/caribou THUMB Debug/caribou.a(target_stm32f10x_rcc.o)
 .data.ADCPrescTable
                0x2000029c        0x4 /home/mike/Documents/caribou-rtos/branches/0.9/caribou/target/board/generic_stm32f103c/crossworks/caribou THUMB Debug/caribou.a(target_stm32f10x_rcc.o)
                0x200002a0                . = ALIGN (0x4)
 *(.ramtext)
                0x200002a0                . = ALIGN (0x4)
                0x200002a0                PROVIDE (_edata, .)

.igot.plt       0x200002a0        0x0 load address 0x080047e0
 .igot.plt      0x00000000        0x0 caribou-demo THUMB Debug/caribou_demo.o

.bss            0x200002a0      0x684 load address 0x080047e0
                0x200002a0                . = ALIGN (0x4)
                0x200002a0                PROVIDE (__bss_start__, .)
 *(.bss)
                0x200002a0                . = ALIGN (0x4)
 *(.bss.*)
 .bss.stack_thread1
                0x200002a0      0x200 caribou-demo THUMB Debug/caribou_demo.o
                0x200002a0                stack_thread1
 .bss.stack_thread2
                0x200004a0      0x200 caribou-demo THUMB Debug/caribou_demo.o
                0x200004a0                stack_thread2
 .bss.stack_thread3
                0x200006a0      0x200 caribou-demo THUMB Debug/caribou_demo.o
                0x200006a0                stack_thread3
 .bss.mutex_a   0x200008a0        0x8 caribou-demo THUMB Debug/caribou_demo.o
                0x200008a0                mutex_a
 .bss.queue_a   0x200008a8        0x4 caribou-demo THUMB Debug/caribou_demo.o
                0x200008a8                queue_a
 .bss.global_a  0x200008ac        0x4 caribou-demo THUMB Debug/caribou_demo.o
                0x200008ac                global_a
 .bss.nlen      0x200008b0        0x4 caribou-demo THUMB Debug/caribou_demo.o
                0x200008b0                nlen
 .bss.wakeup_timer
                0x200008b4       0x1c caribou-demo THUMB Debug/caribou_demo.o
                0x200008b4                wakeup_timer
 .bss._caribou_jiffies
                0x200008d0        0x8 /home/mike/Documents/caribou-rtos/branches/0.9/caribou/target/board/generic_stm32f103c/crossworks/caribou THUMB Debug/caribou.a(thread.o)
                0x200008d0                _caribou_jiffies
 .bss._caribou_thread_queue_
                0x200008d8        0x4 /home/mike/Documents/caribou-rtos/branches/0.9/caribou/target/board/generic_stm32f103c/crossworks/caribou THUMB Debug/caribou.a(thread.o)
 .bss._current_thread_
                0x200008dc        0x4 /home/mike/Documents/caribou-rtos/branches/0.9/caribou/target/board/generic_stm32f103c/crossworks/caribou THUMB Debug/caribou.a(thread.o)
                0x200008dc                _current_thread_
 .bss.priority  0x200008e0        0x2 /home/mike/Documents/caribou-rtos/branches/0.9/caribou/target/board/generic_stm32f103c/crossworks/caribou THUMB Debug/caribou.a(thread.o)
 *fill*         0x200008e2        0x2 
 .bss.faultfn   0x200008e4        0x4 /home/mike/Documents/caribou-rtos/branches/0.9/caribou/target/board/generic_stm32f103c/crossworks/caribou THUMB Debug/caribou.a(thread.o)
 .bss.faultarg  0x200008e8        0x4 /home/mike/Documents/caribou-rtos/branches/0.9/caribou/target/board/generic_stm32f103c/crossworks/caribou THUMB Debug/caribou.a(thread.o)
 *fill*         0x200008ec        0x4 
 .bss._caribou_tail_jiffies
                0x200008f0        0x8 /home/mike/Documents/caribou-rtos/branches/0.9/caribou/target/board/generic_stm32f103c/crossworks/caribou THUMB Debug/caribou.a(timer.o)
 .bss.__errno   0x200008f8        0x4 /home/mike/Documents/caribou-rtos/branches/0.9/caribou/target/board/generic_stm32f103c/crossworks/caribou THUMB Debug/caribou.a(errno.o)
                0x200008f8                __errno
 .bss._stdin    0x200008fc        0x4 /home/mike/Documents/caribou-rtos/branches/0.9/caribou/target/board/generic_stm32f103c/crossworks/caribou THUMB Debug/caribou.a(stdio.o)
                0x200008fc                _stdin
 .bss._stdout   0x20000900        0x4 /home/mike/Documents/caribou-rtos/branches/0.9/caribou/target/board/generic_stm32f103c/crossworks/caribou THUMB Debug/caribou.a(stdio.o)
                0x20000900                _stdout
 .bss._stderr   0x20000904        0x4 /home/mike/Documents/caribou-rtos/branches/0.9/caribou/target/board/generic_stm32f103c/crossworks/caribou THUMB Debug/caribou.a(stdio.o)
                0x20000904                _stderr
 .bss.heap_size
                0x20000908        0x4 /home/mike/Documents/caribou-rtos/branches/0.9/caribou/target/board/generic_stm32f103c/crossworks/caribou THUMB Debug/caribou.a(bitmap_heap.o)
 .bss.heap_blocks
                0x2000090c        0x2 /home/mike/Documents/caribou-rtos/branches/0.9/caribou/target/board/generic_stm32f103c/crossworks/caribou THUMB Debug/caribou.a(bitmap_heap.o)
                0x2000090c                heap_blocks
 .bss.heap_bitmap_size
                0x2000090e        0x2 /home/mike/Documents/caribou-rtos/branches/0.9/caribou/target/board/generic_stm32f103c/crossworks/caribou THUMB Debug/caribou.a(bitmap_heap.o)
 .bss.heap_area
                0x20000910        0x4 /home/mike/Documents/caribou-rtos/branches/0.9/caribou/target/board/generic_stm32f103c/crossworks/caribou THUMB Debug/caribou.a(bitmap_heap.o)
 .bss.heap_free_bitmap
                0x20000914        0x4 /home/mike/Documents/caribou-rtos/branches/0.9/caribou/target/board/generic_stm32f103c/crossworks/caribou THUMB Debug/caribou.a(bitmap_heap.o)
 .bss.heap_last_bitmap
                0x20000918        0x4 /home/mike/Documents/caribou-rtos/branches/0.9/caribou/target/board/generic_stm32f103c/crossworks/caribou THUMB Debug/caribou.a(bitmap_heap.o)
 .bss.isr_map   0x2000091c        0x4 /home/mike/Documents/caribou-rtos/branches/0.9/caribou/target/board/generic_stm32f103c/crossworks/caribou THUMB Debug/caribou.a(interrupt.o)
                0x2000091c                isr_map
 .bss.isr_map_size
                0x20000920        0x4 /home/mike/Documents/caribou-rtos/branches/0.9/caribou/target/board/generic_stm32f103c/crossworks/caribou THUMB Debug/caribou.a(interrupt.o)
                0x20000920                isr_map_size
                0x20000924                . = ALIGN (0x4)
 *(COMMON)
                0x20000924                . = ALIGN (0x4)
                0x20000924                PROVIDE (__bss_end__, .)
                0x20000924                PROVIDE (end, .)
                0x20000924                _end = .
                0x20000924                __heap_base__ = _end
                0x20005000                __heap_end__ = __ram_end__
START GROUP
LOAD caribou-demo THUMB Debug/caribou_demo.o
LOAD /home/mike/Documents/caribou-rtos/branches/0.9/caribou/target/board/generic_stm32f103c/crossworks/caribou THUMB Debug/caribou.a
END GROUP
OUTPUT(caribou-demo THUMB Debug/caribou-demo.elf elf32-littlearm)

.debug_frame    0x00000000     0x3ae8
 .debug_frame   0x00000000      0x114 caribou-demo THUMB Debug/caribou_demo.o
 .debug_frame   0x00000114      0x188 /home/mike/Documents/caribou-rtos/branches/0.9/caribou/target/board/generic_stm32f103c/crossworks/caribou THUMB Debug/caribou.a(caribou.o)
 .debug_frame   0x0000029c      0x6c8 /home/mike/Documents/caribou-rtos/branches/0.9/caribou/target/board/generic_stm32f103c/crossworks/caribou THUMB Debug/caribou.a(thread.o)
 .debug_frame   0x00000964      0x300 /home/mike/Documents/caribou-rtos/branches/0.9/caribou/target/board/generic_stm32f103c/crossworks/caribou THUMB Debug/caribou.a(timer.o)
 .debug_frame   0x00000c64       0x3c /home/mike/Documents/caribou-rtos/branches/0.9/caribou/target/board/generic_stm32f103c/crossworks/caribou THUMB Debug/caribou.a(errno.o)
 .debug_frame   0x00000ca0      0x244 /home/mike/Documents/caribou-rtos/branches/0.9/caribou/target/board/generic_stm32f103c/crossworks/caribou THUMB Debug/caribou.a(heap.o)
 .debug_frame   0x00000ee4      0x170 /home/mike/Documents/caribou-rtos/branches/0.9/caribou/target/board/generic_stm32f103c/crossworks/caribou THUMB Debug/caribou.a(mutex.o)
 .debug_frame   0x00001054      0x3a8 /home/mike/Documents/caribou-rtos/branches/0.9/caribou/target/board/generic_stm32f103c/crossworks/caribou THUMB Debug/caribou.a(queue.o)
 .debug_frame   0x000013fc      0x3d0 /home/mike/Documents/caribou-rtos/branches/0.9/caribou/target/board/generic_stm32f103c/crossworks/caribou THUMB Debug/caribou.a(stdio.o)
 .debug_frame   0x000017cc      0x294 /home/mike/Documents/caribou-rtos/branches/0.9/caribou/target/board/generic_stm32f103c/crossworks/caribou THUMB Debug/caribou.a(string.o)
 .debug_frame   0x00001a60      0x41c /home/mike/Documents/caribou-rtos/branches/0.9/caribou/target/board/generic_stm32f103c/crossworks/caribou THUMB Debug/caribou.a(bitmap_heap.o)
 .debug_frame   0x00001e7c       0x84 /home/mike/Documents/caribou-rtos/branches/0.9/caribou/target/board/generic_stm32f103c/crossworks/caribou THUMB Debug/caribou.a(target_board.o)
 .debug_frame   0x00001f00      0x448 /home/mike/Documents/caribou-rtos/branches/0.9/caribou/target/board/generic_stm32f103c/crossworks/caribou THUMB Debug/caribou.a(target_chip.o)
 .debug_frame   0x00002348       0x74 /home/mike/Documents/caribou-rtos/branches/0.9/caribou/target/board/generic_stm32f103c/crossworks/caribou THUMB Debug/caribou.a(target_fault.o)
 .debug_frame   0x000023bc       0xb4 /home/mike/Documents/caribou-rtos/branches/0.9/caribou/target/board/generic_stm32f103c/crossworks/caribou THUMB Debug/caribou.a(target_gpio.o)
 .debug_frame   0x00002470      0x3c4 /home/mike/Documents/caribou-rtos/branches/0.9/caribou/target/board/generic_stm32f103c/crossworks/caribou THUMB Debug/caribou.a(target_uart.o)
 .debug_frame   0x00002834       0xa8 /home/mike/Documents/caribou-rtos/branches/0.9/caribou/target/board/generic_stm32f103c/crossworks/caribou THUMB Debug/caribou.a(target_system_stm32f10x.o)
 .debug_frame   0x000028dc      0x568 /home/mike/Documents/caribou-rtos/branches/0.9/caribou/target/board/generic_stm32f103c/crossworks/caribou THUMB Debug/caribou.a(target_stm32f10x_rcc.o)
 .debug_frame   0x00002e44      0x504 /home/mike/Documents/caribou-rtos/branches/0.9/caribou/target/board/generic_stm32f103c/crossworks/caribou THUMB Debug/caribou.a(target_stm32f10x_usart.o)
 .debug_frame   0x00003348      0x118 /home/mike/Documents/caribou-rtos/branches/0.9/caribou/target/board/generic_stm32f103c/crossworks/caribou THUMB Debug/caribou.a(interrupt.o)
 .debug_frame   0x00003460      0x440 /home/mike/Documents/caribou-rtos/branches/0.9/caribou/target/board/generic_stm32f103c/crossworks/caribou THUMB Debug/caribou.a(uart.o)
 .debug_frame   0x000038a0      0x248 /home/mike/Documents/caribou-rtos/branches/0.9/caribou/target/board/generic_stm32f103c/crossworks/caribou THUMB Debug/caribou.a(bytequeue.o)

.debug_info     0x00000000     0x8e6b
 .debug_info    0x00000000      0x5c8 caribou-demo THUMB Debug/caribou_demo.o
 .debug_info    0x000005c8      0x193 /home/mike/Documents/caribou-rtos/branches/0.9/caribou/target/board/generic_stm32f103c/crossworks/caribou THUMB Debug/caribou.a(caribou.o)
 .debug_info    0x0000075b      0xc99 /home/mike/Documents/caribou-rtos/branches/0.9/caribou/target/board/generic_stm32f103c/crossworks/caribou THUMB Debug/caribou.a(thread.o)
 .debug_info    0x000013f4      0x7dd /home/mike/Documents/caribou-rtos/branches/0.9/caribou/target/board/generic_stm32f103c/crossworks/caribou THUMB Debug/caribou.a(timer.o)
 .debug_info    0x00001bd1      0x183 /home/mike/Documents/caribou-rtos/branches/0.9/caribou/target/board/generic_stm32f103c/crossworks/caribou THUMB Debug/caribou.a(errno.o)
 .debug_info    0x00001d54      0x31b /home/mike/Documents/caribou-rtos/branches/0.9/caribou/target/board/generic_stm32f103c/crossworks/caribou THUMB Debug/caribou.a(heap.o)
 .debug_info    0x0000206f      0x4ca /home/mike/Documents/caribou-rtos/branches/0.9/caribou/target/board/generic_stm32f103c/crossworks/caribou THUMB Debug/caribou.a(mutex.o)
 .debug_info    0x00002539      0x78c /home/mike/Documents/caribou-rtos/branches/0.9/caribou/target/board/generic_stm32f103c/crossworks/caribou THUMB Debug/caribou.a(queue.o)
 .debug_info    0x00002cc5      0x819 /home/mike/Documents/caribou-rtos/branches/0.9/caribou/target/board/generic_stm32f103c/crossworks/caribou THUMB Debug/caribou.a(stdio.o)
 .debug_info    0x000034de      0x57d /home/mike/Documents/caribou-rtos/branches/0.9/caribou/target/board/generic_stm32f103c/crossworks/caribou THUMB Debug/caribou.a(string.o)
 .debug_info    0x00003a5b      0x89e /home/mike/Documents/caribou-rtos/branches/0.9/caribou/target/board/generic_stm32f103c/crossworks/caribou THUMB Debug/caribou.a(bitmap_heap.o)
 .debug_info    0x000042f9      0x2d8 /home/mike/Documents/caribou-rtos/branches/0.9/caribou/target/board/generic_stm32f103c/crossworks/caribou THUMB Debug/caribou.a(target_board.o)
 .debug_info    0x000045d1      0x9c4 /home/mike/Documents/caribou-rtos/branches/0.9/caribou/target/board/generic_stm32f103c/crossworks/caribou THUMB Debug/caribou.a(target_chip.o)
 .debug_info    0x00004f95      0x115 /home/mike/Documents/caribou-rtos/branches/0.9/caribou/target/board/generic_stm32f103c/crossworks/caribou THUMB Debug/caribou.a(target_crt0.o)
 .debug_info    0x000050aa      0x37d /home/mike/Documents/caribou-rtos/branches/0.9/caribou/target/board/generic_stm32f103c/crossworks/caribou THUMB Debug/caribou.a(target_fault.o)
 .debug_info    0x00005427      0x20b /home/mike/Documents/caribou-rtos/branches/0.9/caribou/target/board/generic_stm32f103c/crossworks/caribou THUMB Debug/caribou.a(target_gpio.o)
 .debug_info    0x00005632      0xcf4 /home/mike/Documents/caribou-rtos/branches/0.9/caribou/target/board/generic_stm32f103c/crossworks/caribou THUMB Debug/caribou.a(target_uart.o)
 .debug_info    0x00006326      0x405 /home/mike/Documents/caribou-rtos/branches/0.9/caribou/target/board/generic_stm32f103c/crossworks/caribou THUMB Debug/caribou.a(target_system_stm32f10x.o)
 .debug_info    0x0000672b      0x9c2 /home/mike/Documents/caribou-rtos/branches/0.9/caribou/target/board/generic_stm32f103c/crossworks/caribou THUMB Debug/caribou.a(target_stm32f10x_rcc.o)
 .debug_info    0x000070ed      0xb02 /home/mike/Documents/caribou-rtos/branches/0.9/caribou/target/board/generic_stm32f103c/crossworks/caribou THUMB Debug/caribou.a(target_stm32f10x_usart.o)
 .debug_info    0x00007bef      0x53f /home/mike/Documents/caribou-rtos/branches/0.9/caribou/target/board/generic_stm32f103c/crossworks/caribou THUMB Debug/caribou.a(interrupt.o)
 .debug_info    0x0000812e      0x8e7 /home/mike/Documents/caribou-rtos/branches/0.9/caribou/target/board/generic_stm32f103c/crossworks/caribou THUMB Debug/caribou.a(uart.o)
 .debug_info    0x00008a15      0x456 /home/mike/Documents/caribou-rtos/branches/0.9/caribou/target/board/generic_stm32f103c/crossworks/caribou THUMB Debug/caribou.a(bytequeue.o)

.debug_abbrev   0x00000000     0x2494
 .debug_abbrev  0x00000000      0x1d0 caribou-demo THUMB Debug/caribou_demo.o
 .debug_abbrev  0x000001d0      0x100 /home/mike/Documents/caribou-rtos/branches/0.9/caribou/target/board/generic_stm32f103c/crossworks/caribou THUMB Debug/caribou.a(caribou.o)
 .debug_abbrev  0x000002d0      0x336 /home/mike/Documents/caribou-rtos/branches/0.9/caribou/target/board/generic_stm32f103c/crossworks/caribou THUMB Debug/caribou.a(thread.o)
 .debug_abbrev  0x00000606      0x235 /home/mike/Documents/caribou-rtos/branches/0.9/caribou/target/board/generic_stm32f103c/crossworks/caribou THUMB Debug/caribou.a(timer.o)
 .debug_abbrev  0x0000083b       0xe9 /home/mike/Documents/caribou-rtos/branches/0.9/caribou/target/board/generic_stm32f103c/crossworks/caribou THUMB Debug/caribou.a(errno.o)
 .debug_abbrev  0x00000924       0xcb /home/mike/Documents/caribou-rtos/branches/0.9/caribou/target/board/generic_stm32f103c/crossworks/caribou THUMB Debug/caribou.a(heap.o)
 .debug_abbrev  0x000009ef      0x138 /home/mike/Documents/caribou-rtos/branches/0.9/caribou/target/board/generic_stm32f103c/crossworks/caribou THUMB Debug/caribou.a(mutex.o)
 .debug_abbrev  0x00000b27      0x170 /home/mike/Documents/caribou-rtos/branches/0.9/caribou/target/board/generic_stm32f103c/crossworks/caribou THUMB Debug/caribou.a(queue.o)
 .debug_abbrev  0x00000c97      0x21a /home/mike/Documents/caribou-rtos/branches/0.9/caribou/target/board/generic_stm32f103c/crossworks/caribou THUMB Debug/caribou.a(stdio.o)
 .debug_abbrev  0x00000eb1      0x142 /home/mike/Documents/caribou-rtos/branches/0.9/caribou/target/board/generic_stm32f103c/crossworks/caribou THUMB Debug/caribou.a(string.o)
 .debug_abbrev  0x00000ff3      0x24f /home/mike/Documents/caribou-rtos/branches/0.9/caribou/target/board/generic_stm32f103c/crossworks/caribou THUMB Debug/caribou.a(bitmap_heap.o)
 .debug_abbrev  0x00001242      0x14d /home/mike/Documents/caribou-rtos/branches/0.9/caribou/target/board/generic_stm32f103c/crossworks/caribou THUMB Debug/caribou.a(target_board.o)
 .debug_abbrev  0x0000138f      0x300 /home/mike/Documents/caribou-rtos/branches/0.9/caribou/target/board/generic_stm32f103c/crossworks/caribou THUMB Debug/caribou.a(target_chip.o)
 .debug_abbrev  0x0000168f       0x14 /home/mike/Documents/caribou-rtos/branches/0.9/caribou/target/board/generic_stm32f103c/crossworks/caribou THUMB Debug/caribou.a(target_crt0.o)
 .debug_abbrev  0x000016a3       0xfd /home/mike/Documents/caribou-rtos/branches/0.9/caribou/target/board/generic_stm32f103c/crossworks/caribou THUMB Debug/caribou.a(target_fault.o)
 .debug_abbrev  0x000017a0      0x10d /home/mike/Documents/caribou-rtos/branches/0.9/caribou/target/board/generic_stm32f103c/crossworks/caribou THUMB Debug/caribou.a(target_gpio.o)
 .debug_abbrev  0x000018ad      0x281 /home/mike/Documents/caribou-rtos/branches/0.9/caribou/target/board/generic_stm32f103c/crossworks/caribou THUMB Debug/caribou.a(target_uart.o)
 .debug_abbrev  0x00001b2e      0x177 /home/mike/Documents/caribou-rtos/branches/0.9/caribou/target/board/generic_stm32f103c/crossworks/caribou THUMB Debug/caribou.a(target_system_stm32f10x.o)
 .debug_abbrev  0x00001ca5      0x1ce /home/mike/Documents/caribou-rtos/branches/0.9/caribou/target/board/generic_stm32f103c/crossworks/caribou THUMB Debug/caribou.a(target_stm32f10x_rcc.o)
 .debug_abbrev  0x00001e73      0x192 /home/mike/Documents/caribou-rtos/branches/0.9/caribou/target/board/generic_stm32f103c/crossworks/caribou THUMB Debug/caribou.a(target_stm32f10x_usart.o)
 .debug_abbrev  0x00002005      0x17f /home/mike/Documents/caribou-rtos/branches/0.9/caribou/target/board/generic_stm32f103c/crossworks/caribou THUMB Debug/caribou.a(interrupt.o)
 .debug_abbrev  0x00002184      0x1fe /home/mike/Documents/caribou-rtos/branches/0.9/caribou/target/board/generic_stm32f103c/crossworks/caribou THUMB Debug/caribou.a(uart.o)
 .debug_abbrev  0x00002382      0x112 /home/mike/Documents/caribou-rtos/branches/0.9/caribou/target/board/generic_stm32f103c/crossworks/caribou THUMB Debug/caribou.a(bytequeue.o)

.debug_aranges  0x00000000      0xd70
 .debug_aranges
                0x00000000       0x48 caribou-demo THUMB Debug/caribou_demo.o
 .debug_aranges
                0x00000048       0x68 /home/mike/Documents/caribou-rtos/branches/0.9/caribou/target/board/generic_stm32f103c/crossworks/caribou THUMB Debug/caribou.a(caribou.o)
 .debug_aranges
                0x000000b0      0x180 /home/mike/Documents/caribou-rtos/branches/0.9/caribou/target/board/generic_stm32f103c/crossworks/caribou THUMB Debug/caribou.a(thread.o)
 .debug_aranges
                0x00000230       0xb0 /home/mike/Documents/caribou-rtos/branches/0.9/caribou/target/board/generic_stm32f103c/crossworks/caribou THUMB Debug/caribou.a(timer.o)
 .debug_aranges
                0x000002e0       0x20 /home/mike/Documents/caribou-rtos/branches/0.9/caribou/target/board/generic_stm32f103c/crossworks/caribou THUMB Debug/caribou.a(errno.o)
 .debug_aranges
                0x00000300       0x88 /home/mike/Documents/caribou-rtos/branches/0.9/caribou/target/board/generic_stm32f103c/crossworks/caribou THUMB Debug/caribou.a(heap.o)
 .debug_aranges
                0x00000388       0x58 /home/mike/Documents/caribou-rtos/branches/0.9/caribou/target/board/generic_stm32f103c/crossworks/caribou THUMB Debug/caribou.a(mutex.o)
 .debug_aranges
                0x000003e0       0xc0 /home/mike/Documents/caribou-rtos/branches/0.9/caribou/target/board/generic_stm32f103c/crossworks/caribou THUMB Debug/caribou.a(queue.o)
 .debug_aranges
                0x000004a0       0xc0 /home/mike/Documents/caribou-rtos/branches/0.9/caribou/target/board/generic_stm32f103c/crossworks/caribou THUMB Debug/caribou.a(stdio.o)
 .debug_aranges
                0x00000560       0x98 /home/mike/Documents/caribou-rtos/branches/0.9/caribou/target/board/generic_stm32f103c/crossworks/caribou THUMB Debug/caribou.a(string.o)
 .debug_aranges
                0x000005f8       0xe0 /home/mike/Documents/caribou-rtos/branches/0.9/caribou/target/board/generic_stm32f103c/crossworks/caribou THUMB Debug/caribou.a(bitmap_heap.o)
 .debug_aranges
                0x000006d8       0x30 /home/mike/Documents/caribou-rtos/branches/0.9/caribou/target/board/generic_stm32f103c/crossworks/caribou THUMB Debug/caribou.a(target_board.o)
 .debug_aranges
                0x00000708      0x118 /home/mike/Documents/caribou-rtos/branches/0.9/caribou/target/board/generic_stm32f103c/crossworks/caribou THUMB Debug/caribou.a(target_chip.o)
 .debug_aranges
                0x00000820       0x20 /home/mike/Documents/caribou-rtos/branches/0.9/caribou/target/board/generic_stm32f103c/crossworks/caribou THUMB Debug/caribou.a(target_crt0.o)
 .debug_aranges
                0x00000840       0x30 /home/mike/Documents/caribou-rtos/branches/0.9/caribou/target/board/generic_stm32f103c/crossworks/caribou THUMB Debug/caribou.a(target_fault.o)
 .debug_aranges
                0x00000870       0x38 /home/mike/Documents/caribou-rtos/branches/0.9/caribou/target/board/generic_stm32f103c/crossworks/caribou THUMB Debug/caribou.a(target_gpio.o)
 .debug_aranges
                0x000008a8       0xd0 /home/mike/Documents/caribou-rtos/branches/0.9/caribou/target/board/generic_stm32f103c/crossworks/caribou THUMB Debug/caribou.a(target_uart.o)
 .debug_aranges
                0x00000978       0x38 /home/mike/Documents/caribou-rtos/branches/0.9/caribou/target/board/generic_stm32f103c/crossworks/caribou THUMB Debug/caribou.a(target_system_stm32f10x.o)
 .debug_aranges
                0x000009b0      0x118 /home/mike/Documents/caribou-rtos/branches/0.9/caribou/target/board/generic_stm32f103c/crossworks/caribou THUMB Debug/caribou.a(target_stm32f10x_rcc.o)
 .debug_aranges
                0x00000ac8      0x100 /home/mike/Documents/caribou-rtos/branches/0.9/caribou/target/board/generic_stm32f103c/crossworks/caribou THUMB Debug/caribou.a(target_stm32f10x_usart.o)
 .debug_aranges
                0x00000bc8       0x48 /home/mike/Documents/caribou-rtos/branches/0.9/caribou/target/board/generic_stm32f103c/crossworks/caribou THUMB Debug/caribou.a(interrupt.o)
 .debug_aranges
                0x00000c10       0xe0 /home/mike/Documents/caribou-rtos/branches/0.9/caribou/target/board/generic_stm32f103c/crossworks/caribou THUMB Debug/caribou.a(uart.o)
 .debug_aranges
                0x00000cf0       0x80 /home/mike/Documents/caribou-rtos/branches/0.9/caribou/target/board/generic_stm32f103c/crossworks/caribou THUMB Debug/caribou.a(bytequeue.o)

.debug_ranges   0x00000000      0xbf0
 .debug_ranges  0x00000000       0x38 caribou-demo THUMB Debug/caribou_demo.o
 .debug_ranges  0x00000038       0x58 /home/mike/Documents/caribou-rtos/branches/0.9/caribou/target/board/generic_stm32f103c/crossworks/caribou THUMB Debug/caribou.a(caribou.o)
 .debug_ranges  0x00000090      0x170 /home/mike/Documents/caribou-rtos/branches/0.9/caribou/target/board/generic_stm32f103c/crossworks/caribou THUMB Debug/caribou.a(thread.o)
 .debug_ranges  0x00000200       0xa0 /home/mike/Documents/caribou-rtos/branches/0.9/caribou/target/board/generic_stm32f103c/crossworks/caribou THUMB Debug/caribou.a(timer.o)
 .debug_ranges  0x000002a0       0x10 /home/mike/Documents/caribou-rtos/branches/0.9/caribou/target/board/generic_stm32f103c/crossworks/caribou THUMB Debug/caribou.a(errno.o)
 .debug_ranges  0x000002b0       0x78 /home/mike/Documents/caribou-rtos/branches/0.9/caribou/target/board/generic_stm32f103c/crossworks/caribou THUMB Debug/caribou.a(heap.o)
 .debug_ranges  0x00000328       0x48 /home/mike/Documents/caribou-rtos/branches/0.9/caribou/target/board/generic_stm32f103c/crossworks/caribou THUMB Debug/caribou.a(mutex.o)
 .debug_ranges  0x00000370       0xb0 /home/mike/Documents/caribou-rtos/branches/0.9/caribou/target/board/generic_stm32f103c/crossworks/caribou THUMB Debug/caribou.a(queue.o)
 .debug_ranges  0x00000420       0xb0 /home/mike/Documents/caribou-rtos/branches/0.9/caribou/target/board/generic_stm32f103c/crossworks/caribou THUMB Debug/caribou.a(stdio.o)
 .debug_ranges  0x000004d0       0x88 /home/mike/Documents/caribou-rtos/branches/0.9/caribou/target/board/generic_stm32f103c/crossworks/caribou THUMB Debug/caribou.a(string.o)
 .debug_ranges  0x00000558       0xd0 /home/mike/Documents/caribou-rtos/branches/0.9/caribou/target/board/generic_stm32f103c/crossworks/caribou THUMB Debug/caribou.a(bitmap_heap.o)
 .debug_ranges  0x00000628       0x20 /home/mike/Documents/caribou-rtos/branches/0.9/caribou/target/board/generic_stm32f103c/crossworks/caribou THUMB Debug/caribou.a(target_board.o)
 .debug_ranges  0x00000648      0x108 /home/mike/Documents/caribou-rtos/branches/0.9/caribou/target/board/generic_stm32f103c/crossworks/caribou THUMB Debug/caribou.a(target_chip.o)
 .debug_ranges  0x00000750       0x20 /home/mike/Documents/caribou-rtos/branches/0.9/caribou/target/board/generic_stm32f103c/crossworks/caribou THUMB Debug/caribou.a(target_fault.o)
 .debug_ranges  0x00000770       0x28 /home/mike/Documents/caribou-rtos/branches/0.9/caribou/target/board/generic_stm32f103c/crossworks/caribou THUMB Debug/caribou.a(target_gpio.o)
 .debug_ranges  0x00000798       0xc0 /home/mike/Documents/caribou-rtos/branches/0.9/caribou/target/board/generic_stm32f103c/crossworks/caribou THUMB Debug/caribou.a(target_uart.o)
 .debug_ranges  0x00000858       0x28 /home/mike/Documents/caribou-rtos/branches/0.9/caribou/target/board/generic_stm32f103c/crossworks/caribou THUMB Debug/caribou.a(target_system_stm32f10x.o)
 .debug_ranges  0x00000880      0x108 /home/mike/Documents/caribou-rtos/branches/0.9/caribou/target/board/generic_stm32f103c/crossworks/caribou THUMB Debug/caribou.a(target_stm32f10x_rcc.o)
 .debug_ranges  0x00000988       0xf0 /home/mike/Documents/caribou-rtos/branches/0.9/caribou/target/board/generic_stm32f103c/crossworks/caribou THUMB Debug/caribou.a(target_stm32f10x_usart.o)
 .debug_ranges  0x00000a78       0x38 /home/mike/Documents/caribou-rtos/branches/0.9/caribou/target/board/generic_stm32f103c/crossworks/caribou THUMB Debug/caribou.a(interrupt.o)
 .debug_ranges  0x00000ab0       0xd0 /home/mike/Documents/caribou-rtos/branches/0.9/caribou/target/board/generic_stm32f103c/crossworks/caribou THUMB Debug/caribou.a(uart.o)
 .debug_ranges  0x00000b80       0x70 /home/mike/Documents/caribou-rtos/branches/0.9/caribou/target/board/generic_stm32f103c/crossworks/caribou THUMB Debug/caribou.a(bytequeue.o)

.debug_line     0x00000000     0x6c36
 .debug_line    0x00000000      0x54c caribou-demo THUMB Debug/caribou_demo.o
 .debug_line    0x0000054c      0x234 /home/mike/Documents/caribou-rtos/branches/0.9/caribou/target/board/generic_stm32f103c/crossworks/caribou THUMB Debug/caribou.a(caribou.o)
 .debug_line    0x00000780      0x865 /home/mike/Documents/caribou-rtos/branches/0.9/caribou/target/board/generic_stm32f103c/crossworks/caribou THUMB Debug/caribou.a(thread.o)
 .debug_line    0x00000fe5      0x53e /home/mike/Documents/caribou-rtos/branches/0.9/caribou/target/board/generic_stm32f103c/crossworks/caribou THUMB Debug/caribou.a(timer.o)
 .debug_line    0x00001523      0x27d /home/mike/Documents/caribou-rtos/branches/0.9/caribou/target/board/generic_stm32f103c/crossworks/caribou THUMB Debug/caribou.a(errno.o)
 .debug_line    0x000017a0      0x1de /home/mike/Documents/caribou-rtos/branches/0.9/caribou/target/board/generic_stm32f103c/crossworks/caribou THUMB Debug/caribou.a(heap.o)
 .debug_line    0x0000197e      0x387 /home/mike/Documents/caribou-rtos/branches/0.9/caribou/target/board/generic_stm32f103c/crossworks/caribou THUMB Debug/caribou.a(mutex.o)
 .debug_line    0x00001d05      0x491 /home/mike/Documents/caribou-rtos/branches/0.9/caribou/target/board/generic_stm32f103c/crossworks/caribou THUMB Debug/caribou.a(queue.o)
 .debug_line    0x00002196      0x4ef /home/mike/Documents/caribou-rtos/branches/0.9/caribou/target/board/generic_stm32f103c/crossworks/caribou THUMB Debug/caribou.a(stdio.o)
 .debug_line    0x00002685      0x378 /home/mike/Documents/caribou-rtos/branches/0.9/caribou/target/board/generic_stm32f103c/crossworks/caribou THUMB Debug/caribou.a(string.o)
 .debug_line    0x000029fd      0x426 /home/mike/Documents/caribou-rtos/branches/0.9/caribou/target/board/generic_stm32f103c/crossworks/caribou THUMB Debug/caribou.a(bitmap_heap.o)
 .debug_line    0x00002e23      0x456 /home/mike/Documents/caribou-rtos/branches/0.9/caribou/target/board/generic_stm32f103c/crossworks/caribou THUMB Debug/caribou.a(target_board.o)
 .debug_line    0x00003279      0x685 /home/mike/Documents/caribou-rtos/branches/0.9/caribou/target/board/generic_stm32f103c/crossworks/caribou THUMB Debug/caribou.a(target_chip.o)
 .debug_line    0x000038fe      0x120 /home/mike/Documents/caribou-rtos/branches/0.9/caribou/target/board/generic_stm32f103c/crossworks/caribou THUMB Debug/caribou.a(target_crt0.o)
 .debug_line    0x00003a1e      0x2f7 /home/mike/Documents/caribou-rtos/branches/0.9/caribou/target/board/generic_stm32f103c/crossworks/caribou THUMB Debug/caribou.a(target_fault.o)
 .debug_line    0x00003d15      0x289 /home/mike/Documents/caribou-rtos/branches/0.9/caribou/target/board/generic_stm32f103c/crossworks/caribou THUMB Debug/caribou.a(target_gpio.o)
 .debug_line    0x00003f9e      0x6c6 /home/mike/Documents/caribou-rtos/branches/0.9/caribou/target/board/generic_stm32f103c/crossworks/caribou THUMB Debug/caribou.a(target_uart.o)
 .debug_line    0x00004664      0x268 /home/mike/Documents/caribou-rtos/branches/0.9/caribou/target/board/generic_stm32f103c/crossworks/caribou THUMB Debug/caribou.a(target_system_stm32f10x.o)
 .debug_line    0x000048cc      0xa15 /home/mike/Documents/caribou-rtos/branches/0.9/caribou/target/board/generic_stm32f103c/crossworks/caribou THUMB Debug/caribou.a(target_stm32f10x_rcc.o)
 .debug_line    0x000052e1      0xcb6 /home/mike/Documents/caribou-rtos/branches/0.9/caribou/target/board/generic_stm32f103c/crossworks/caribou THUMB Debug/caribou.a(target_stm32f10x_usart.o)
 .debug_line    0x00005f97      0x436 /home/mike/Documents/caribou-rtos/branches/0.9/caribou/target/board/generic_stm32f103c/crossworks/caribou THUMB Debug/caribou.a(interrupt.o)
 .debug_line    0x000063cd      0x4c7 /home/mike/Documents/caribou-rtos/branches/0.9/caribou/target/board/generic_stm32f103c/crossworks/caribou THUMB Debug/caribou.a(uart.o)
 .debug_line    0x00006894      0x3a2 /home/mike/Documents/caribou-rtos/branches/0.9/caribou/target/board/generic_stm32f103c/crossworks/caribou THUMB Debug/caribou.a(bytequeue.o)

.debug_str      0x00000000     0x3900
 .debug_str     0x00000000      0x453 caribou-demo THUMB Debug/caribou_demo.o
                                0x502 (size before relaxing)
 .debug_str     0x00000453      0x119 /home/mike/Documents/caribou-rtos/branches/0.9/caribou/target/board/generic_stm32f103c/crossworks/caribou THUMB Debug/caribou.a(caribou.o)
                                0x31d (size before relaxing)
 .debug_str     0x0000056c      0x4ec /home/mike/Documents/caribou-rtos/branches/0.9/caribou/target/board/generic_stm32f103c/crossworks/caribou THUMB Debug/caribou.a(thread.o)
                                0x870 (size before relaxing)
 .debug_str     0x00000a58      0x217 /home/mike/Documents/caribou-rtos/branches/0.9/caribou/target/board/generic_stm32f103c/crossworks/caribou THUMB Debug/caribou.a(timer.o)
                                0x5a3 (size before relaxing)
 .debug_str     0x00000c6f       0xac /home/mike/Documents/caribou-rtos/branches/0.9/caribou/target/board/generic_stm32f103c/crossworks/caribou THUMB Debug/caribou.a(errno.o)
                                0x2e2 (size before relaxing)
 .debug_str     0x00000d1b      0x1b2 /home/mike/Documents/caribou-rtos/branches/0.9/caribou/target/board/generic_stm32f103c/crossworks/caribou THUMB Debug/caribou.a(heap.o)
                                0x442 (size before relaxing)
 .debug_str     0x00000ecd      0x135 /home/mike/Documents/caribou-rtos/branches/0.9/caribou/target/board/generic_stm32f103c/crossworks/caribou THUMB Debug/caribou.a(mutex.o)
                                0x478 (size before relaxing)
 .debug_str     0x00001002      0x248 /home/mike/Documents/caribou-rtos/branches/0.9/caribou/target/board/generic_stm32f103c/crossworks/caribou THUMB Debug/caribou.a(queue.o)
                                0x49d (size before relaxing)
 .debug_str     0x0000124a      0x14e /home/mike/Documents/caribou-rtos/branches/0.9/caribou/target/board/generic_stm32f103c/crossworks/caribou THUMB Debug/caribou.a(stdio.o)
                                0x3dc (size before relaxing)
 .debug_str     0x00001398      0x126 /home/mike/Documents/caribou-rtos/branches/0.9/caribou/target/board/generic_stm32f103c/crossworks/caribou THUMB Debug/caribou.a(string.o)
                                0x31f (size before relaxing)
 .debug_str     0x000014be      0x1cc /home/mike/Documents/caribou-rtos/branches/0.9/caribou/target/board/generic_stm32f103c/crossworks/caribou THUMB Debug/caribou.a(bitmap_heap.o)
                                0x580 (size before relaxing)
 .debug_str     0x0000168a      0x111 /home/mike/Documents/caribou-rtos/branches/0.9/caribou/target/board/generic_stm32f103c/crossworks/caribou THUMB Debug/caribou.a(target_board.o)
                                0x3bb (size before relaxing)
 .debug_str     0x0000179b      0x6f8 /home/mike/Documents/caribou-rtos/branches/0.9/caribou/target/board/generic_stm32f103c/crossworks/caribou THUMB Debug/caribou.a(target_chip.o)
                                0x9dd (size before relaxing)
 .debug_str     0x00001e93      0x129 /home/mike/Documents/caribou-rtos/branches/0.9/caribou/target/board/generic_stm32f103c/crossworks/caribou THUMB Debug/caribou.a(target_fault.o)
                                0x70d (size before relaxing)
 .debug_str     0x00001fbc       0xe1 /home/mike/Documents/caribou-rtos/branches/0.9/caribou/target/board/generic_stm32f103c/crossworks/caribou THUMB Debug/caribou.a(target_gpio.o)
                                0x305 (size before relaxing)
 .debug_str     0x0000209d      0x8a7 /home/mike/Documents/caribou-rtos/branches/0.9/caribou/target/board/generic_stm32f103c/crossworks/caribou THUMB Debug/caribou.a(target_uart.o)
                                0xf68 (size before relaxing)
 .debug_str     0x00002944      0x19d /home/mike/Documents/caribou-rtos/branches/0.9/caribou/target/board/generic_stm32f103c/crossworks/caribou THUMB Debug/caribou.a(target_system_stm32f10x.o)
                                0x396 (size before relaxing)
 .debug_str     0x00002ae1      0x408 /home/mike/Documents/caribou-rtos/branches/0.9/caribou/target/board/generic_stm32f103c/crossworks/caribou THUMB Debug/caribou.a(target_stm32f10x_rcc.o)
                                0x6d7 (size before relaxing)
 .debug_str     0x00002ee9      0x41b /home/mike/Documents/caribou-rtos/branches/0.9/caribou/target/board/generic_stm32f103c/crossworks/caribou THUMB Debug/caribou.a(target_stm32f10x_usart.o)
                                0x74d (size before relaxing)
 .debug_str     0x00003304      0x169 /home/mike/Documents/caribou-rtos/branches/0.9/caribou/target/board/generic_stm32f103c/crossworks/caribou THUMB Debug/caribou.a(interrupt.o)
                                0x747 (size before relaxing)
 .debug_str     0x0000346d      0x2e1 /home/mike/Documents/caribou-rtos/branches/0.9/caribou/target/board/generic_stm32f103c/crossworks/caribou THUMB Debug/caribou.a(uart.o)
                                0xae6 (size before relaxing)
 .debug_str     0x0000374e      0x1b2 /home/mike/Documents/caribou-rtos/branches/0.9/caribou/target/board/generic_stm32f103c/crossworks/caribou THUMB Debug/caribou.a(bytequeue.o)
                                0x3e0 (size before relaxing)

.comment        0x00000000       0x4e
 .comment       0x00000000       0x4e caribou-demo THUMB Debug/caribou_demo.o
                                 0x4f (size before relaxing)
 .comment       0x00000000       0x4f /home/mike/Documents/caribou-rtos/branches/0.9/caribou/target/board/generic_stm32f103c/crossworks/caribou THUMB Debug/caribou.a(caribou.o)
 .comment       0x00000000       0x4f /home/mike/Documents/caribou-rtos/branches/0.9/caribou/target/board/generic_stm32f103c/crossworks/caribou THUMB Debug/caribou.a(thread.o)
 .comment       0x00000000       0x4f /home/mike/Documents/caribou-rtos/branches/0.9/caribou/target/board/generic_stm32f103c/crossworks/caribou THUMB Debug/caribou.a(timer.o)
 .comment       0x00000000       0x4f /home/mike/Documents/caribou-rtos/branches/0.9/caribou/target/board/generic_stm32f103c/crossworks/caribou THUMB Debug/caribou.a(errno.o)
 .comment       0x00000000       0x4f /home/mike/Documents/caribou-rtos/branches/0.9/caribou/target/board/generic_stm32f103c/crossworks/caribou THUMB Debug/caribou.a(heap.o)
 .comment       0x00000000       0x4f /home/mike/Documents/caribou-rtos/branches/0.9/caribou/target/board/generic_stm32f103c/crossworks/caribou THUMB Debug/caribou.a(mutex.o)
 .comment       0x00000000       0x4f /home/mike/Documents/caribou-rtos/branches/0.9/caribou/target/board/generic_stm32f103c/crossworks/caribou THUMB Debug/caribou.a(queue.o)
 .comment       0x00000000       0x4f /home/mike/Documents/caribou-rtos/branches/0.9/caribou/target/board/generic_stm32f103c/crossworks/caribou THUMB Debug/caribou.a(stdio.o)
 .comment       0x00000000       0x4f /home/mike/Documents/caribou-rtos/branches/0.9/caribou/target/board/generic_stm32f103c/crossworks/caribou THUMB Debug/caribou.a(string.o)
 .comment       0x00000000       0x4f /home/mike/Documents/caribou-rtos/branches/0.9/caribou/target/board/generic_stm32f103c/crossworks/caribou THUMB Debug/caribou.a(bitmap_heap.o)
 .comment       0x00000000       0x4f /home/mike/Documents/caribou-rtos/branches/0.9/caribou/target/board/generic_stm32f103c/crossworks/caribou THUMB Debug/caribou.a(target_board.o)
 .comment       0x00000000       0x4f /home/mike/Documents/caribou-rtos/branches/0.9/caribou/target/board/generic_stm32f103c/crossworks/caribou THUMB Debug/caribou.a(target_chip.o)
 .comment       0x00000000       0x4f /home/mike/Documents/caribou-rtos/branches/0.9/caribou/target/board/generic_stm32f103c/crossworks/caribou THUMB Debug/caribou.a(target_fault.o)
 .comment       0x00000000       0x4f /home/mike/Documents/caribou-rtos/branches/0.9/caribou/target/board/generic_stm32f103c/crossworks/caribou THUMB Debug/caribou.a(target_gpio.o)