Archive member included because of file (symbol)

/home/mike/Documents/caribou-rtos/branches/0.9/caribou/target/board/xcore407i/crossworks/caribou ARM Debug/caribou.a(ethernetif.o)
                              caribou_demo ARM Debug/netconf.o (ethernetif_init)
/home/mike/Documents/caribou-rtos/branches/0.9/caribou/target/board/xcore407i/crossworks/caribou ARM Debug/caribou.a(crt0.o)
                              (reset_handler)
/home/mike/Documents/caribou-rtos/branches/0.9/caribou/target/board/xcore407i/crossworks/caribou ARM Debug/caribou.a(fault.o)
                              /home/mike/Documents/caribou-rtos/branches/0.9/caribou/target/board/xcore407i/crossworks/caribou ARM Debug/caribou.a(crt0.o) (_fault)
/home/mike/Documents/caribou-rtos/branches/0.9/caribou/target/board/xcore407i/crossworks/caribou ARM Debug/caribou.a(vectors.o)
                              (_vectors)
/home/mike/Documents/caribou-rtos/branches/0.9/caribou/target/board/xcore407i/crossworks/caribou ARM Debug/caribou.a(stm32f4xx_wwdg.o)
                              /home/mike/Documents/caribou-rtos/branches/0.9/caribou/target/board/xcore407i/crossworks/caribou ARM Debug/caribou.a(fault.o) (WWDG_SetCounter)
/home/mike/Documents/caribou-rtos/branches/0.9/caribou/target/board/xcore407i/crossworks/caribou ARM Debug/caribou.a(stm32f4x7_eth.o)
                              /home/mike/Documents/caribou-rtos/branches/0.9/caribou/target/board/xcore407i/crossworks/caribou ARM Debug/caribou.a(ethernetif.o) (DMARxDscrTab)
/home/mike/Documents/caribou-rtos/branches/0.9/caribou/target/board/xcore407i/crossworks/caribou ARM Debug/caribou.a(cpu.o)
                              /home/mike/Documents/caribou-rtos/branches/0.9/caribou/target/board/xcore407i/crossworks/caribou ARM Debug/caribou.a(crt0.o) (fpu_init)
/home/mike/Documents/caribou-rtos/branches/0.9/caribou/target/board/xcore407i/crossworks/caribou ARM Debug/caribou.a(caribou_caribou.o)
                              caribou_demo ARM Debug/demo.o (caribou_exec)
/home/mike/Documents/caribou-rtos/branches/0.9/caribou/target/board/xcore407i/crossworks/caribou ARM Debug/caribou.a(caribou_thread.o)
                              caribou_demo ARM Debug/demo.o (caribou_thread_yield)
/home/mike/Documents/caribou-rtos/branches/0.9/caribou/target/board/xcore407i/crossworks/caribou ARM Debug/caribou.a(caribou_timer.o)
                              /home/mike/Documents/caribou-rtos/branches/0.9/caribou/target/board/xcore407i/crossworks/caribou ARM Debug/caribou.a(caribou_thread.o) (caribou_timer_ticks)
/home/mike/Documents/caribou-rtos/branches/0.9/caribou/target/board/xcore407i/crossworks/caribou ARM Debug/caribou.a(caribou_swi.o)
                              /home/mike/Documents/caribou-rtos/branches/0.9/caribou/target/board/xcore407i/crossworks/caribou ARM Debug/caribou.a(vectors.o) (_swi)
/home/mike/Documents/caribou-rtos/branches/0.9/caribou/target/board/xcore407i/crossworks/caribou ARM Debug/caribou.a(caribou_errno.o)
                              /home/mike/Documents/caribou-rtos/branches/0.9/caribou/target/board/xcore407i/crossworks/caribou ARM Debug/caribou.a(caribou_thread.o) (__errno)
/home/mike/Documents/caribou-rtos/branches/0.9/caribou/target/board/xcore407i/crossworks/caribou ARM Debug/caribou.a(caribou_heap.o)
                              /home/mike/Documents/caribou-rtos/branches/0.9/caribou/target/board/xcore407i/crossworks/caribou ARM Debug/caribou.a(crt0.o) (heap_init)
/home/mike/Documents/caribou-rtos/branches/0.9/caribou/target/board/xcore407i/crossworks/caribou ARM Debug/caribou.a(caribou_semaphore.o)
                              /home/mike/Documents/caribou-rtos/branches/0.9/caribou/target/board/xcore407i/crossworks/caribou ARM Debug/caribou.a(ethernetif.o) (caribou_semaphore_signal)
/home/mike/Documents/caribou-rtos/branches/0.9/caribou/target/board/xcore407i/crossworks/caribou ARM Debug/caribou.a(caribou_stdio.o)
                              caribou_demo ARM Debug/netconf.o (sprintf)
/home/mike/Documents/caribou-rtos/branches/0.9/caribou/target/board/xcore407i/crossworks/caribou ARM Debug/caribou.a(caribou_string.o)
                              /home/mike/Documents/caribou-rtos/branches/0.9/caribou/target/board/xcore407i/crossworks/caribou ARM Debug/caribou.a(ethernetif.o) (memcpy)
/home/mike/Documents/caribou-rtos/branches/0.9/caribou/target/board/xcore407i/crossworks/caribou ARM Debug/caribou.a(caribou_bitmap_heap.o)
                              /home/mike/Documents/caribou-rtos/branches/0.9/caribou/target/board/xcore407i/crossworks/caribou ARM Debug/caribou.a(caribou_heap.o) (bitmap_heap_init)
/home/mike/Documents/caribou-rtos/branches/0.9/caribou/target/board/xcore407i/crossworks/caribou ARM Debug/caribou.a(tcpip.o)
                              caribou_demo ARM Debug/netconf.o (tcpip_input)
/home/mike/Documents/caribou-rtos/branches/0.9/caribou/target/board/xcore407i/crossworks/caribou ARM Debug/caribou.a(ip.o)
[...]
Memory Configuration

Name             Origin             Length             Attributes
flash            0x08000000         0x00100000
ram              0x20000000         0x00020000
*default*        0x00000000         0xffffffff

Linker script and memory map

                0x00000600                __main_stack_size__ = 0x600
                0x00000600                __process_stack_size__ = 0x600
                0x20000000                __ram_start__ = ORIGIN (ram)
                0x00020000                __ram_size__ = 0x20000
                0x20020000                __ram_end__ = (__ram_start__ + __ram_size__)
                0x00000000                . = 0x0
                0x00000000                _text = .

startup         0x08000000      0x1b0
 *(.vectors)
 .vectors       0x08000000      0x1b0 /home/mike/Documents/caribou-rtos/branches/0.9/caribou/target/board/xcore407i/crossworks/caribou ARM Debug/caribou.a(vectors.o)
                0x08000000                _vectors

constructors    0x080001b0        0x0
                0x080001b0                PROVIDE (__init_array_start, .)
 *(SORT(.init_array.*))
 *(.init_array)
                0x080001b0                PROVIDE (__init_array_end, .)

destructors     0x080001b0        0x0
                0x080001b0                PROVIDE (__fini_array_start, .)
 *(.fini_array)
 *(SORT(.fini_array.*))
                0x080001b0                PROVIDE (__fini_array_end, .)

.text           0x080001b0    0x1c378
 *(.text.startup.*)
 *(.init)
 .init          0x080001b0      0x10c /home/mike/Documents/caribou-rtos/branches/0.9/caribou/target/board/xcore407i/crossworks/caribou ARM Debug/caribou.a(crt0.o)
                0x080001b0                reset_handler
                0x0800023a                exit
                0x0800023a                _exit
                0x0800023e                _halt
                0x08000242                _hard_fault
 *(.text)
 *(.text.*)
 *fill*         0x080002bc        0x4 
 .text.SystemInit
                0x080002c0       0x68 caribou_demo ARM Debug/system_stm32f4xx.o
                0x080002c0                SystemInit
 *fill*         0x08000328        0x8 
 .text.SystemCoreClockUpdate
                0x08000330       0xf8 caribou_demo ARM Debug/system_stm32f4xx.o
                0x08000330                SystemCoreClockUpdate
 *fill*         0x08000428        0x8 
 .text.SetSysClock
                0x08000430       0xf4 caribou_demo ARM Debug/system_stm32f4xx.o
 *fill*         0x08000524        0xc 
 .text.notify_heap_alloc_failed
                0x08000530        0xc caribou_demo ARM Debug/demo.o
                0x08000530                notify_heap_alloc_failed
 *fill*         0x0800053c        0x4 
 .text.test1_thread
                0x08000540       0x14 caribou_demo ARM Debug/demo.o
                0x08000540                test1_thread
 *fill*         0x08000554        0xc 
 .text.test2_thread
                0x08000560       0x14 caribou_demo ARM Debug/demo.o
                0x08000560                test2_thread
 *fill*         0x08000574        0xc 
 .text.main     0x08000580       0x78 caribou_demo ARM Debug/demo.o
                0x08000580                main
 *fill*         0x080005f8        0x8 
 .text.LwIP_Init
                0x08000600       0xa0 caribou_demo ARM Debug/netconf.o
                0x08000600                LwIP_Init
 .text.low_level_init
                0x080006a0       0xe8 /home/mike/Documents/caribou-rtos/branches/0.9/caribou/target/board/xcore407i/crossworks/caribou ARM Debug/caribou.a(ethernetif.o)
 *fill*         0x08000788        0x8 
 .text.low_level_output
                0x08000790       0x64 /home/mike/Documents/caribou-rtos/branches/0.9/caribou/target/board/xcore407i/crossworks/caribou ARM Debug/caribou.a(ethernetif.o)
 *fill*         0x080007f4        0xc 
 .text.low_level_input
                0x08000800       0xfc /home/mike/Documents/caribou-rtos/branches/0.9/caribou/target/board/xcore407i/crossworks/caribou ARM Debug/caribou.a(ethernetif.o)
 *fill*         0x080008fc        0x4 
 .text.ethernetif_input
                0x08000900       0x5c /home/mike/Documents/caribou-rtos/branches/0.9/caribou/target/board/xcore407i/crossworks/caribou ARM Debug/caribou.a(ethernetif.o)
 *fill*         0x0800095c        0x4 
 .text.ethernetif_init
                0x08000960       0xb8 /home/mike/Documents/caribou-rtos/branches/0.9/caribou/target/board/xcore407i/crossworks/caribou ARM Debug/caribou.a(ethernetif.o)
                0x08000960                ethernetif_init
 *fill*         0x08000a18        0x8 
 .text.arp_timer
                0x08000a20       0x24 /home/mike/Documents/caribou-rtos/branches/0.9/caribou/target/board/xcore407i/crossworks/caribou ARM Debug/caribou.a(ethernetif.o)
 *fill*         0x08000a44        0xc 
 .text.isr_phy_eth0
                0x08000a50       0x4c /home/mike/Documents/caribou-rtos/branches/0.9/caribou/target/board/xcore407i/crossworks/caribou ARM Debug/caribou.a(ethernetif.o)
                0x08000a50                isr_phy_eth0
 *fill*         0x08000a9c        0x4 
 .text.isr_eth0
                0x08000aa0       0x44 /home/mike/Documents/caribou-rtos/branches/0.9/caribou/target/board/xcore407i/crossworks/caribou ARM Debug/caribou.a(ethernetif.o)
                0x08000aa0                isr_eth0
 *fill*         0x08000ae4        0xc 
 .text.fault    0x08000af0       0xa0 /home/mike/Documents/caribou-rtos/branches/0.9/caribou/target/board/xcore407i/crossworks/caribou ARM Debug/caribou.a(fault.o)
                0x08000af0                fault
 .text._fault   0x08000b90       0x20 /home/mike/Documents/caribou-rtos/branches/0.9/caribou/target/board/xcore407i/crossworks/caribou ARM Debug/caribou.a(fault.o)
                0x08000b90                _fault
 .text.ETH_Delay
                0x08000bb0       0x28 /home/mike/Documents/caribou-rtos/branches/0.9/caribou/target/board/xcore407i/crossworks/caribou ARM Debug/caribou.a(stm32f4x7_eth.o)
 *fill*         0x08000bd8        0x8 
 .text.ETH_DeInit
                0x08000be0       0x1c /home/mike/Documents/caribou-rtos/branches/0.9/caribou/target/board/xcore407i/crossworks/caribou ARM Debug/caribou.a(stm32f4x7_eth.o)
                0x08000be0                ETH_DeInit
 *fill*         0x08000bfc        0x4 
 .text.ETH_StructInit
                0x08000c00      0x15c /home/mike/Documents/caribou-rtos/branches/0.9/caribou/target/board/xcore407i/crossworks/caribou ARM Debug/caribou.a(stm32f4x7_eth.o)
                0x08000c00                ETH_StructInit
 *fill*         0x08000d5c        0x4 
 .text.ETH_Init
                0x08000d60      0xb0c /home/mike/Documents/caribou-rtos/branches/0.9/caribou/target/board/xcore407i/crossworks/caribou ARM Debug/caribou.a(stm32f4x7_eth.o)
                0x08000d60                ETH_Init
 *fill*         0x0800186c        0x4 
 .text.ETH_Start
                0x08001870       0x24 /home/mike/Documents/caribou-rtos/branches/0.9/caribou/target/board/xcore407i/crossworks/caribou ARM Debug/caribou.a(stm32f4x7_eth.o)
                0x08001870                ETH_Start
 *fill*         0x08001894        0xc 
 .text.ETH_MACTransmissionCmd
                0x080018a0       0x4c /home/mike/Documents/caribou-rtos/branches/0.9/caribou/target/board/xcore407i/crossworks/caribou ARM Debug/caribou.a(stm32f4x7_eth.o)
                0x080018a0                ETH_MACTransmissionCmd
 *fill*         0x080018ec        0x4 
 .text.ETH_MACReceptionCmd
                0x080018f0       0x4c /home/mike/Documents/caribou-rtos/branches/0.9/caribou/target/board/xcore407i/crossworks/caribou ARM Debug/caribou.a(stm32f4x7_eth.o)
                0x080018f0                ETH_MACReceptionCmd
 *fill*         0x0800193c        0x4 
 .text.ETH_MACAddressConfig
                0x08001940       0x88 /home/mike/Documents/caribou-rtos/branches/0.9/caribou/target/board/xcore407i/crossworks/caribou ARM Debug/caribou.a(stm32f4x7_eth.o)
                0x08001940                ETH_MACAddressConfig
 *fill*         0x080019c8        0x8 
 .text.ETH_Get_Received_Frame_interrupt
                0x080019d0      0x13c /home/mike/Documents/caribou-rtos/branches/0.9/caribou/target/board/xcore407i/crossworks/caribou ARM Debug/caribou.a(stm32f4x7_eth.o)
                0x080019d0                ETH_Get_Received_Frame_interrupt
 *fill*         0x08001b0c        0x4 
 .text.ETH_Prepare_Transmit_Descriptors
                0x08001b10      0x16c /home/mike/Documents/caribou-rtos/branches/0.9/caribou/target/board/xcore407i/crossworks/caribou ARM Debug/caribou.a(stm32f4x7_eth.o)
                0x08001b10                ETH_Prepare_Transmit_Descriptors
 *fill*         0x08001c7c        0x4 
 .text.ETH_DMARxDescChainInit
                0x08001c80       0xa8 /home/mike/Documents/caribou-rtos/branches/0.9/caribou/target/board/xcore407i/crossworks/caribou ARM Debug/caribou.a(stm32f4x7_eth.o)
                0x08001c80                ETH_DMARxDescChainInit
 *fill*         0x08001d28        0x8 
 .text.ETH_DMATxDescChainInit
                0x08001d30       0x90 /home/mike/Documents/caribou-rtos/branches/0.9/caribou/target/board/xcore407i/crossworks/caribou ARM Debug/caribou.a(stm32f4x7_eth.o)
                0x08001d30                ETH_DMATxDescChainInit
 .text.ETH_DMARxDescReceiveITConfig
                0x08001dc0       0x4c /home/mike/Documents/caribou-rtos/branches/0.9/caribou/target/board/xcore407i/crossworks/caribou ARM Debug/caribou.a(stm32f4x7_eth.o)
                0x08001dc0                ETH_DMARxDescReceiveITConfig
 *fill*         0x08001e0c        0x4 
 .text.ETH_SoftwareReset
                0x08001e10       0x24 /home/mike/Documents/caribou-rtos/branches/0.9/caribou/target/board/xcore407i/crossworks/caribou ARM Debug/caribou.a(stm32f4x7_eth.o)
                0x08001e10                ETH_SoftwareReset
 *fill*         0x08001e34        0xc 
 .text.ETH_GetSoftwareResetStatus
                0x08001e40       0x38 /home/mike/Documents/caribou-rtos/branches/0.9/caribou/target/board/xcore407i/crossworks/caribou ARM Debug/caribou.a(stm32f4x7_eth.o)
                0x08001e40                ETH_GetSoftwareResetStatus
 *fill*         0x08001e78        0x8 
 .text.ETH_DMAITConfig
                0x08001e80       0x88 /home/mike/Documents/caribou-rtos/branches/0.9/caribou/target/board/xcore407i/crossworks/caribou ARM Debug/caribou.a(stm32f4x7_eth.o)
                0x08001e80                ETH_DMAITConfig
 *fill*         0x08001f08        0x8 
 .text.ETH_FlushTransmitFIFO
                0x08001f10       0x28 /home/mike/Documents/caribou-rtos/branches/0.9/caribou/target/board/xcore407i/crossworks/caribou ARM Debug/caribou.a(stm32f4x7_eth.o)
                0x08001f10                ETH_FlushTransmitFIFO
 *fill*         0x08001f38        0x8 
 .text.ETH_DMATransmissionCmd
                0x08001f40       0x64 /home/mike/Documents/caribou-rtos/branches/0.9/caribou/target/board/xcore407i/crossworks/caribou ARM Debug/caribou.a(stm32f4x7_eth.o)
                0x08001f40                ETH_DMATransmissionCmd
 *fill*         0x08001fa4        0xc 
 .text.ETH_DMAReceptionCmd
                0x08001fb0       0x64 /home/mike/Documents/caribou-rtos/branches/0.9/caribou/target/board/xcore407i/crossworks/caribou ARM Debug/caribou.a(stm32f4x7_eth.o)
                0x08001fb0                ETH_DMAReceptionCmd
 *fill*         0x08002014        0xc 
 .text.ETH_ReadPHYRegister
                0x08002020       0xc8 /home/mike/Documents/caribou-rtos/branches/0.9/caribou/target/board/xcore407i/crossworks/caribou ARM Debug/caribou.a(stm32f4x7_eth.o)
                0x08002020                ETH_ReadPHYRegister
 *fill*         0x080020e8        0x8 
 .text.ETH_WritePHYRegister
                0x080020f0       0xd0 /home/mike/Documents/caribou-rtos/branches/0.9/caribou/target/board/xcore407i/crossworks/caribou ARM Debug/caribou.a(stm32f4x7_eth.o)
                0x080020f0                ETH_WritePHYRegister
 .text.fpu_init
                0x080021c0       0x30 /home/mike/Documents/caribou-rtos/branches/0.9/caribou/target/board/xcore407i/crossworks/caribou ARM Debug/caribou.a(cpu.o)
                0x080021c0                fpu_init
 .text.caribou_lock
                0x080021f0       0x10 /home/mike/Documents/caribou-rtos/branches/0.9/caribou/target/board/xcore407i/crossworks/caribou ARM Debug/caribou.a(caribou_caribou.o)
                0x080021f0                caribou_lock
 .text.caribou_lock_set
                0x08002200       0x14 /home/mike/Documents/caribou-rtos/branches/0.9/caribou/target/board/xcore407i/crossworks/caribou ARM Debug/caribou.a(caribou_caribou.o)
                0x08002200                caribou_lock_set
 *fill*         0x08002214        0xc 
 .text.caribou_preempt
                0x08002220        0xc /home/mike/Documents/caribou-rtos/branches/0.9/caribou/target/board/xcore407i/crossworks/caribou ARM Debug/caribou.a(caribou_caribou.o)
                0x08002220                caribou_preempt
 *fill*         0x0800222c        0x4 
 .text.caribou_exec
                0x08002230        0xc /home/mike/Documents/caribou-rtos/branches/0.9/caribou/target/board/xcore407i/crossworks/caribou ARM Debug/caribou.a(caribou_caribou.o)
                0x08002230                caribou_exec
 *fill*         0x0800223c        0x4 
 .text.caribou_init
                0x08002240       0x2c /home/mike/Documents/caribou-rtos/branches/0.9/caribou/target/board/xcore407i/crossworks/caribou ARM Debug/caribou.a(caribou_caribou.o)
                0x08002240                caribou_init
 *fill*         0x0800226c        0x4 
 .text.rd_thread_stack_ptr
                0x08002270        0x8 /home/mike/Documents/caribou-rtos/branches/0.9/caribou/target/board/xcore407i/crossworks/caribou ARM Debug/caribou.a(caribou_thread.o)
 *fill*         0x08002278        0x8 
 .text._caribou_thread_fault_emit
                0x08002280       0x30 /home/mike/Documents/caribou-rtos/branches/0.9/caribou/target/board/xcore407i/crossworks/caribou ARM Debug/caribou.a(caribou_thread.o)
                0x08002280                _caribou_thread_fault_emit
 .text.new_thread_node
                0x080022b0       0x38 /home/mike/Documents/caribou-rtos/branches/0.9/caribou/target/board/xcore407i/crossworks/caribou ARM Debug/caribou.a(caribou_thread.o)
 *fill*         0x080022e8        0x8 
 .text.delete_thread_node
                0x080022f0       0x14 /home/mike/Documents/caribou-rtos/branches/0.9/caribou/target/board/xcore407i/crossworks/caribou ARM Debug/caribou.a(caribou_thread.o)
 *fill*         0x08002304        0xc 
 .text.append_thread_node
                0x08002310       0x4c /home/mike/Documents/caribou-rtos/branches/0.9/caribou/target/board/xcore407i/crossworks/caribou ARM Debug/caribou.a(caribou_thread.o)
 *fill*         0x0800235c        0x4 
 .text.remove_thread_node
                0x08002360       0x5c /home/mike/Documents/caribou-rtos/branches/0.9/caribou/target/board/xcore407i/crossworks/caribou ARM Debug/caribou.a(caribou_thread.o)
 *fill*         0x080023bc        0x4 
 .text.caribou_thread_lock
                0x080023c0       0x44 /home/mike/Documents/caribou-rtos/branches/0.9/caribou/target/board/xcore407i/crossworks/caribou ARM Debug/caribou.a(caribou_thread.o)
                0x080023c0                caribou_thread_lock
 *fill*         0x08002404        0xc 
 .text.caribou_thread_unlock
                0x08002410       0x5c /home/mike/Documents/caribou-rtos/branches/0.9/caribou/target/board/xcore407i/crossworks/caribou ARM Debug/caribou.a(caribou_thread.o)
                0x08002410                caribou_thread_unlock
 *fill*         0x0800246c        0x4 
 .text.caribou_thread_sleep
                0x08002470       0x7c /home/mike/Documents/caribou-rtos/branches/0.9/caribou/target/board/xcore407i/crossworks/caribou ARM Debug/caribou.a(caribou_thread.o)
                0x08002470                caribou_thread_sleep
 *fill*         0x080024ec        0x4 
 .text.caribou_thread_sleep_current
                0x080024f0       0x1c /home/mike/Documents/caribou-rtos/branches/0.9/caribou/target/board/xcore407i/crossworks/caribou ARM Debug/caribou.a(caribou_thread.o)
                0x080024f0                caribou_thread_sleep_current
 *fill*         0x0800250c        0x4 
 .text.caribou_thread_wakeup
                0x08002510       0x2c /home/mike/Documents/caribou-rtos/branches/0.9/caribou/target/board/xcore407i/crossworks/caribou ARM Debug/caribou.a(caribou_thread.o)
                0x08002510                caribou_thread_wakeup
 *fill*         0x0800253c        0x4 
 .text.caribou_thread_yield
                0x08002540       0x20 /home/mike/Documents/caribou-rtos/branches/0.9/caribou/target/board/xcore407i/crossworks/caribou ARM Debug/caribou.a(caribou_thread.o)
                0x08002540                caribou_thread_yield
 .text.caribou_thread_terminate
                0x08002560       0x50 /home/mike/Documents/caribou-rtos/branches/0.9/caribou/target/board/xcore407i/crossworks/caribou ARM Debug/caribou.a(caribou_thread.o)
                0x08002560                caribou_thread_terminate
 .text.thread_finish
                0x080025b0       0x20 /home/mike/Documents/caribou-rtos/branches/0.9/caribou/target/board/xcore407i/crossworks/caribou ARM Debug/caribou.a(caribou_thread.o)
                0x080025b0                thread_finish
 .text.caribou_thread_create
                0x080025d0      0x12c /home/mike/Documents/caribou-rtos/branches/0.9/caribou/target/board/xcore407i/crossworks/caribou ARM Debug/caribou.a(caribou_thread.o)
                0x080025d0                caribou_thread_create
 *fill*         0x080026fc        0x4 
 .text.caribou_thread_current
                0x08002700       0x18 /home/mike/Documents/caribou-rtos/branches/0.9/caribou/target/board/xcore407i/crossworks/caribou ARM Debug/caribou.a(caribou_thread.o)
                0x08002700                caribou_thread_current
 *fill*         0x08002718        0x8 
 .text.caribou_thread_init
                0x08002720       0x48 /home/mike/Documents/caribou-rtos/branches/0.9/caribou/target/board/xcore407i/crossworks/caribou ARM Debug/caribou.a(caribou_thread.o)
                0x08002720                caribou_thread_init
 *fill*         0x08002768        0x8 
 .text.check_sp
                0x08002770       0x7c /home/mike/Documents/caribou-rtos/branches/0.9/caribou/target/board/xcore407i/crossworks/caribou ARM Debug/caribou.a(caribou_thread.o)
 *fill*         0x080027ec        0x4 
 .text.caribou_thread_once
                0x080027f0       0x60 /home/mike/Documents/caribou-rtos/branches/0.9/caribou/target/board/xcore407i/crossworks/caribou ARM Debug/caribou.a(caribou_thread.o)
                0x080027f0                caribou_thread_once
 .text.caribou_thread_exec
                0x08002850       0x10 /home/mike/Documents/caribou-rtos/branches/0.9/caribou/target/board/xcore407i/crossworks/caribou ARM Debug/caribou.a(caribou_thread.o)
                0x08002850                caribou_thread_exec
 .text._swap_thread
                0x08002860       0x90 /home/mike/Documents/caribou-rtos/branches/0.9/caribou/target/board/xcore407i/crossworks/caribou ARM Debug/caribou.a(caribou_thread.o)
 .text._pendsv  0x080028f0       0x80 /home/mike/Documents/caribou-rtos/branches/0.9/caribou/target/board/xcore407i/crossworks/caribou ARM Debug/caribou.a(caribou_thread.o)
                0x080028f0                _pendsv
 .text._systick
                0x08002970       0x88 /home/mike/Documents/caribou-rtos/branches/0.9/caribou/target/board/xcore407i/crossworks/caribou ARM Debug/caribou.a(caribou_thread.o)
                0x08002970                _systick
 *fill*         0x080029f8        0x8 
 .text.caribou_timer_ticks
                0x08002a00       0x1c /home/mike/Documents/caribou-rtos/branches/0.9/caribou/target/board/xcore407i/crossworks/caribou ARM Debug/caribou.a(caribou_timer.o)
                0x08002a00                caribou_timer_ticks
 *fill*         0x08002a1c        0x4 
 .text.caribou_timer_expired
                0x08002a20       0x24 /home/mike/Documents/caribou-rtos/branches/0.9/caribou/target/board/xcore407i/crossworks/caribou ARM Debug/caribou.a(caribou_timer.o)
                0x08002a20                caribou_timer_expired
 *fill*         0x08002a44        0xc 
 .text.delete_timer_node
                0x08002a50       0x20 /home/mike/Documents/caribou-rtos/branches/0.9/caribou/target/board/xcore407i/crossworks/caribou ARM Debug/caribou.a(caribou_timer.o)
 .text.find_timer_node
                0x08002a70       0x48 /home/mike/Documents/caribou-rtos/branches/0.9/caribou/target/board/xcore407i/crossworks/caribou ARM Debug/caribou.a(caribou_timer.o)
 *fill*         0x08002ab8        0x8 
 .text.append_timer_node
                0x08002ac0       0x68 /home/mike/Documents/caribou-rtos/branches/0.9/caribou/target/board/xcore407i/crossworks/caribou ARM Debug/caribou.a(caribou_timer.o)
 *fill*         0x08002b28        0x8 
 .text.remove_timer_node
                0x08002b30       0x70 /home/mike/Documents/caribou-rtos/branches/0.9/caribou/target/board/xcore407i/crossworks/caribou ARM Debug/caribou.a(caribou_timer.o)
 .text.caribou_timer_init
                0x08002ba0       0x50 /home/mike/Documents/caribou-rtos/branches/0.9/caribou/target/board/xcore407i/crossworks/caribou ARM Debug/caribou.a(caribou_timer.o)
                0x08002ba0                caribou_timer_init
 .text.caribou_timer_ticks_timeout
                0x08002bf0       0x64 /home/mike/Documents/caribou-rtos/branches/0.9/caribou/target/board/xcore407i/crossworks/caribou ARM Debug/caribou.a(caribou_timer.o)
                0x08002bf0                caribou_timer_ticks_timeout
 *fill*         0x08002c54        0xc 
 .text.caribou_timer_set
                0x08002c60       0x28 /home/mike/Documents/caribou-rtos/branches/0.9/caribou/target/board/xcore407i/crossworks/caribou ARM Debug/caribou.a(caribou_timer.o)
                0x08002c60                caribou_timer_set
 *fill*         0x08002c88        0x8 
 .text.caribou_timer_delete
                0x08002c90       0x30 /home/mike/Documents/caribou-rtos/branches/0.9/caribou/target/board/xcore407i/crossworks/caribou ARM Debug/caribou.a(caribou_timer.o)
                0x08002c90                caribou_timer_delete
 .text.caribou_timer_delete_all
                0x08002cc0       0x24 /home/mike/Documents/caribou-rtos/branches/0.9/caribou/target/board/xcore407i/crossworks/caribou ARM Debug/caribou.a(caribou_timer.o)
                0x08002cc0                caribou_timer_delete_all
 *fill*         0x08002ce4        0xc 
 .text.expire_timer
                0x08002cf0       0x74 /home/mike/Documents/caribou-rtos/branches/0.9/caribou/target/board/xcore407i/crossworks/caribou ARM Debug/caribou.a(caribou_timer.o)
 *fill*         0x08002d64        0xc 
 .text.caribou_timer_idle
                0x08002d70       0x78 /home/mike/Documents/caribou-rtos/branches/0.9/caribou/target/board/xcore407i/crossworks/caribou ARM Debug/caribou.a(caribou_timer.o)
                0x08002d70                caribou_timer_idle
 *fill*         0x08002de8        0x8 
 .text._swi     0x08002df0       0x18 /home/mike/Documents/caribou-rtos/branches/0.9/caribou/target/board/xcore407i/crossworks/caribou ARM Debug/caribou.a(caribou_swi.o)
                0x08002df0                _swi
 *fill*         0x08002e08        0x8 
 .text.kcall_service
                0x08002e10       0x2c /home/mike/Documents/caribou-rtos/branches/0.9/caribou/target/board/xcore407i/crossworks/caribou ARM Debug/caribou.a(caribou_swi.o)
 *fill*         0x08002e3c        0x4 
 .text.notify_heap_alloc
                0x08002e40       0x14 /home/mike/Documents/caribou-rtos/branches/0.9/caribou/target/board/xcore407i/crossworks/caribou ARM Debug/caribou.a(caribou_heap.o)
                0x08002e40                notify_heap_alloc
 *fill*         0x08002e54        0xc 
 .text.notify_heap_dealloc
                0x08002e60       0x14 /home/mike/Documents/caribou-rtos/branches/0.9/caribou/target/board/xcore407i/crossworks/caribou ARM Debug/caribou.a(caribou_heap.o)
                0x08002e60                notify_heap_dealloc
 *fill*         0x08002e74        0xc 
 .text.notify_heap_invalid_dealloc
                0x08002e80        0xc /home/mike/Documents/caribou-rtos/branches/0.9/caribou/target/board/xcore407i/crossworks/caribou ARM Debug/caribou.a(caribou_heap.o)
                0x08002e80                notify_heap_invalid_dealloc
 *fill*         0x08002e8c        0x4 
 .text.notify_heap_invalid_realloc
                0x08002e90        0xc /home/mike/Documents/caribou-rtos/branches/0.9/caribou/target/board/xcore407i/crossworks/caribou ARM Debug/caribou.a(caribou_heap.o)
                0x08002e90                notify_heap_invalid_realloc
 *fill*         0x08002e9c        0x4 
 .text.heap_init
                0x08002ea0       0x18 /home/mike/Documents/caribou-rtos/branches/0.9/caribou/target/board/xcore407i/crossworks/caribou ARM Debug/caribou.a(caribou_heap.o)
                0x08002ea0                heap_init
 *fill*         0x08002eb8        0x8 
 .text.malloc   0x08002ec0       0x18 /home/mike/Documents/caribou-rtos/branches/0.9/caribou/target/board/xcore407i/crossworks/caribou ARM Debug/caribou.a(caribou_heap.o)
                0x08002ec0                malloc
 *fill*         0x08002ed8        0x8 
 .text.realloc  0x08002ee0       0x1c /home/mike/Documents/caribou-rtos/branches/0.9/caribou/target/board/xcore407i/crossworks/caribou ARM Debug/caribou.a(caribou_heap.o)
                0x08002ee0                realloc
 *fill*         0x08002efc        0x4 
 .text.free     0x08002f00       0x14 /home/mike/Documents/caribou-rtos/branches/0.9/caribou/target/board/xcore407i/crossworks/caribou ARM Debug/caribou.a(caribou_heap.o)
                0x08002f00                free
 *fill*         0x08002f14        0xc 
 .text.caribou_semaphore_signal
                0x08002f20       0x70 /home/mike/Documents/caribou-rtos/branches/0.9/caribou/target/board/xcore407i/crossworks/caribou ARM Debug/caribou.a(caribou_semaphore.o)
                0x08002f20                caribou_semaphore_signal
 .text.caribou_semaphore_try_wait
                0x08002f90       0x80 /home/mike/Documents/caribou-rtos/branches/0.9/caribou/target/board/xcore407i/crossworks/caribou ARM Debug/caribou.a(caribou_semaphore.o)
                0x08002f90                caribou_semaphore_try_wait
 .text.fopen    0x08003010       0x3c /home/mike/Documents/caribou-rtos/branches/0.9/caribou/target/board/xcore407i/crossworks/caribou ARM Debug/caribou.a(caribou_stdio.o)
                0x08003010                fopen
 *fill*         0x0800304c        0x4 
 .text.fputc    0x08003050       0x30 /home/mike/Documents/caribou-rtos/branches/0.9/caribou/target/board/xcore407i/crossworks/caribou ARM Debug/caribou.a(caribou_stdio.o)
                0x08003050                fputc
 .text._fputc   0x08003080       0x1c /home/mike/Documents/caribou-rtos/branches/0.9/caribou/target/board/xcore407i/crossworks/caribou ARM Debug/caribou.a(caribou_stdio.o)
                0x08003080                _fputc
 *fill*         0x0800309c        0x4 
 .text.printchar
                0x080030a0       0x44 /home/mike/Documents/caribou-rtos/branches/0.9/caribou/target/board/xcore407i/crossworks/caribou ARM Debug/caribou.a(caribou_stdio.o)
 *fill*         0x080030e4        0xc 
 .text.prints   0x080030f0       0xd4 /home/mike/Documents/caribou-rtos/branches/0.9/caribou/target/board/xcore407i/crossworks/caribou ARM Debug/caribou.a(caribou_stdio.o)
 *fill*         0x080031c4        0xc 
 .text.printi   0x080031d0      0x108 /home/mike/Documents/caribou-rtos/branches/0.9/caribou/target/board/xcore407i/crossworks/caribou ARM Debug/caribou.a(caribou_stdio.o)
 *fill*         0x080032d8        0x8 
 .text.print    0x080032e0      0x27c /home/mike/Documents/caribou-rtos/branches/0.9/caribou/target/board/xcore407i/crossworks/caribou ARM Debug/caribou.a(caribou_stdio.o)
 *fill*         0x0800355c        0x4 
 .text.sprintf  0x08003560       0x3c /home/mike/Documents/caribou-rtos/branches/0.9/caribou/target/board/xcore407i/crossworks/caribou ARM Debug/caribou.a(caribou_stdio.o)
                0x08003560                sprintf
 *fill*         0x0800359c        0x4 
 .text.printf   0x080035a0       0x48 /home/mike/Documents/caribou-rtos/branches/0.9/caribou/target/board/xcore407i/crossworks/caribou ARM Debug/caribou.a(caribou_stdio.o)
                0x080035a0                printf
 *fill*         0x080035e8        0x8 
 .text.debug_printf
                0x080035f0       0x48 /home/mike/Documents/caribou-rtos/branches/0.9/caribou/target/board/xcore407i/crossworks/caribou ARM Debug/caribou.a(caribou_stdio.o)
                0x080035f0                debug_printf
 *fill*         0x08003638        0x8 
 .text.memcpy   0x08003640       0x3c /home/mike/Documents/caribou-rtos/branches/0.9/caribou/target/board/xcore407i/crossworks/caribou ARM Debug/caribou.a(caribou_string.o)
                0x08003640                memcpy
 *fill*         0x0800367c        0x4 
 .text.memmove  0x08003680       0x64 /home/mike/Documents/caribou-rtos/branches/0.9/caribou/target/board/xcore407i/crossworks/caribou ARM Debug/caribou.a(caribou_string.o)
                0x08003680                memmove
 *fill*         0x080036e4        0xc 
 .text.memset   0x080036f0       0x34 /home/mike/Documents/caribou-rtos/branches/0.9/caribou/target/board/xcore407i/crossworks/caribou ARM Debug/caribou.a(caribou_string.o)
                0x080036f0                memset
 *fill*         0x08003724        0xc 
 .text.memcmp   0x08003730       0x40 /home/mike/Documents/caribou-rtos/branches/0.9/caribou/target/board/xcore407i/crossworks/caribou ARM Debug/caribou.a(caribou_string.o)
                0x08003730                memcmp
 .text.strncmp  0x08003770       0x5c /home/mike/Documents/caribou-rtos/branches/0.9/caribou/target/board/xcore407i/crossworks/caribou ARM Debug/caribou.a(caribou_string.o)
                0x08003770                strncmp
 *fill*         0x080037cc        0x4 
 .text.bitmap_heap_init
                0x080037d0       0xb8 /home/mike/Documents/caribou-rtos/branches/0.9/caribou/target/board/xcore407i/crossworks/caribou ARM Debug/caribou.a(caribou_bitmap_heap.o)
                0x080037d0                bitmap_heap_init
 *fill*         0x08003888        0x8 
 .text.get_bitmap_bit
                0x08003890       0x7c /home/mike/Documents/caribou-rtos/branches/0.9/caribou/target/board/xcore407i/crossworks/caribou ARM Debug/caribou.a(caribou_bitmap_heap.o)
 *fill*         0x0800390c        0x4 
 .text.set_bitmap_bit
                0x08003910       0xac /home/mike/Documents/caribou-rtos/branches/0.9/caribou/target/board/xcore407i/crossworks/caribou ARM Debug/caribou.a(caribou_bitmap_heap.o)
 *fill*         0x080039bc        0x4 
 .text.is_free_sequence
                0x080039c0       0x6c /home/mike/Documents/caribou-rtos/branches/0.9/caribou/target/board/xcore407i/crossworks/caribou ARM Debug/caribou.a(caribou_bitmap_heap.o)
 *fill*         0x08003a2c        0x4 
 .text.locate_free
                0x08003a30       0xa0 /home/mike/Documents/caribou-rtos/branches/0.9/caribou/target/board/xcore407i/crossworks/caribou ARM Debug/caribou.a(caribou_bitmap_heap.o)
 .text.blocks_used
                0x08003ad0       0x70 /home/mike/Documents/caribou-rtos/branches/0.9/caribou/target/board/xcore407i/crossworks/caribou ARM Debug/caribou.a(caribou_bitmap_heap.o)
 .text.from_pointer
                0x08003b40       0x48 /home/mike/Documents/caribou-rtos/branches/0.9/caribou/target/board/xcore407i/crossworks/caribou ARM Debug/caribou.a(caribou_bitmap_heap.o)
 *fill*         0x08003b88        0x8 
 .text.to_pointer
                0x08003b90       0x44 /home/mike/Documents/caribou-rtos/branches/0.9/caribou/target/board/xcore407i/crossworks/caribou ARM Debug/caribou.a(caribou_bitmap_heap.o)
 *fill*         0x08003bd4        0xc 
 .text.allocate
                0x08003be0       0xc8 /home/mike/Documents/caribou-rtos/branches/0.9/caribou/target/board/xcore407i/crossworks/caribou ARM Debug/caribou.a(caribou_bitmap_heap.o)
 *fill*         0x08003ca8        0x8 
 .text.deallocate
                0x08003cb0       0x8c /home/mike/Documents/caribou-rtos/branches/0.9/caribou/target/board/xcore407i/crossworks/caribou ARM Debug/caribou.a(caribou_bitmap_heap.o)
 *fill*         0x08003d3c        0x4 
 .text.can_extend
                0x08003d40       0x78 /home/mike/Documents/caribou-rtos/branches/0.9/caribou/target/board/xcore407i/crossworks/caribou ARM Debug/caribou.a(caribou_bitmap_heap.o)
 *fill*         0x08003db8        0x8 
 .text.extend   0x08003dc0       0xb8 /home/mike/Documents/caribou-rtos/branches/0.9/caribou/target/board/xcore407i/crossworks/caribou ARM Debug/caribou.a(caribou_bitmap_heap.o)
 *fill*         0x08003e78        0x8 
 .text.bitmap_heap_malloc
                0x08003e80       0x88 /home/mike/Documents/caribou-rtos/branches/0.9/caribou/target/board/xcore407i/crossworks/caribou ARM Debug/caribou.a(caribou_bitmap_heap.o)
                0x08003e80                bitmap_heap_malloc
 *fill*         0x08003f08        0x8 
 .text.bitmap_heap_realloc
                0x08003f10      0x188 /home/mike/Documents/caribou-rtos/branches/0.9/caribou/target/board/xcore407i/crossworks/caribou ARM Debug/caribou.a(caribou_bitmap_heap.o)
                0x08003f10                bitmap_heap_realloc
 *fill*         0x08004098        0x8 
 .text.bitmap_heap_free
                0x080040a0       0x68 /home/mike/Documents/caribou-rtos/branches/0.9/caribou/target/board/xcore407i/crossworks/caribou ARM Debug/caribou.a(caribou_bitmap_heap.o)
                0x080040a0                bitmap_heap_free
 *fill*         0x08004108        0x8 
 .text.tcpip_thread
                0x08004110       0xe8 /home/mike/Documents/caribou-rtos/branches/0.9/caribou/target/board/xcore407i/crossworks/caribou ARM Debug/caribou.a(tcpip.o)
 *fill*         0x080041f8        0x8 
 .text.tcpip_input
                0x08004200       0x68 /home/mike/Documents/caribou-rtos/branches/0.9/caribou/target/board/xcore407i/crossworks/caribou ARM Debug/caribou.a(tcpip.o)
                0x08004200                tcpip_input
 *fill*         0x08004268        0x8 
 .text.tcpip_callback_with_block
                0x08004270       0x7c /home/mike/Documents/caribou-rtos/branches/0.9/caribou/target/board/xcore407i/crossworks/caribou ARM Debug/caribou.a(tcpip.o)
                0x08004270                tcpip_callback_with_block
 *fill*         0x080042ec        0x4 
 .text.tcpip_init
                0x080042f0       0x70 /home/mike/Documents/caribou-rtos/branches/0.9/caribou/target/board/xcore407i/crossworks/caribou ARM Debug/caribou.a(tcpip.o)
                0x080042f0                tcpip_init
 .text.ip_route
                0x08004360       0x78 /home/mike/Documents/caribou-rtos/branches/0.9/caribou/target/board/xcore407i/crossworks/caribou ARM Debug/caribou.a(ip.o)
                0x08004360                ip_route
 *fill*         0x080043d8        0x8 
 .text.ip_input
                0x080043e0      0x2c4 /home/mike/Documents/caribou-rtos/branches/0.9/caribou/target/board/xcore407i/crossworks/caribou ARM Debug/caribou.a(ip.o)
                0x080043e0                ip_input
 *fill*         0x080046a4        0xc 
 .text.ip_output_if
                0x080046b0       0x38 /home/mike/Documents/caribou-rtos/branches/0.9/caribou/target/board/xcore407i/crossworks/caribou ARM Debug/caribou.a(ip.o)
                0x080046b0                ip_output_if
 *fill*         0x080046e8        0x8 
 .text.ip_output_if_opt
                0x080046f0      0x288 /home/mike/Documents/caribou-rtos/branches/0.9/caribou/target/board/xcore407i/crossworks/caribou ARM Debug/caribou.a(ip.o)
                0x080046f0                ip_output_if_opt
 *fill*         0x08004978        0x8 
 .text.ip_output
                0x08004980       0x6c /home/mike/Documents/caribou-rtos/branches/0.9/caribou/target/board/xcore407i/crossworks/caribou ARM Debug/caribou.a(ip.o)
                0x08004980                ip_output
 *fill*         0x080049ec        0x4 
 .text.ip_reass_tmr
                0x080049f0       0x54 /home/mike/Documents/caribou-rtos/branches/0.9/caribou/target/board/xcore407i/crossworks/caribou ARM Debug/caribou.a(ip_frag.o)
                0x080049f0                ip_reass_tmr
 *fill*         0x08004a44        0xc 
 .text.ip_reass_free_complete_datagram
                0x08004a50      0x15c /home/mike/Documents/caribou-rtos/branches/0.9/caribou/target/board/xcore407i/crossworks/caribou ARM Debug/caribou.a(ip_frag.o)
 *fill*         0x08004bac        0x4 
 .text.ip_reass_remove_oldest_datagram
                0x08004bb0       0xb8 /home/mike/Documents/caribou-rtos/branches/0.9/caribou/target/board/xcore407i/crossworks/caribou ARM Debug/caribou.a(ip_frag.o)
 *fill*         0x08004c68        0x8 
 .text.ip_reass_enqueue_new_datagram
                0x08004c70       0x74 /home/mike/Documents/caribou-rtos/branches/0.9/caribou/target/board/xcore407i/crossworks/caribou ARM Debug/caribou.a(ip_frag.o)
 *fill*         0x08004ce4        0xc 
 .text.ip_reass_dequeue_datagram
                0x08004cf0       0x5c /home/mike/Documents/caribou-rtos/branches/0.9/caribou/target/board/xcore407i/crossworks/caribou ARM Debug/caribou.a(ip_frag.o)
 *fill*         0x08004d4c        0x4 
 .text.ip_reass_chain_frag_into_datagram_and_validate
                0x08004d50      0x2b4 /home/mike/Documents/caribou-rtos/branches/0.9/caribou/target/board/xcore407i/crossworks/caribou ARM Debug/caribou.a(ip_frag.o)
 *fill*         0x08005004        0xc 
 .text.ip_reass
                0x08005010      0x244 /home/mike/Documents/caribou-rtos/branches/0.9/caribou/target/board/xcore407i/crossworks/caribou ARM Debug/caribou.a(ip_frag.o)
                0x08005010                ip_reass
 *fill*         0x08005254        0xc 
 .text.ip_frag  0x08005260      0x1ac /home/mike/Documents/caribou-rtos/branches/0.9/caribou/target/board/xcore407i/crossworks/caribou ARM Debug/caribou.a(ip_frag.o)
                0x08005260                ip_frag
 *fill*         0x0800540c        0x4 
 .text.ocstrncpy
                0x08005410       0x3c /home/mike/Documents/caribou-rtos/branches/0.9/caribou/target/board/xcore407i/crossworks/caribou ARM Debug/caribou.a(mib2.o)
 *fill*         0x0800544c        0x4 
 .text.objectidncpy
                0x08005450       0x3c /home/mike/Documents/caribou-rtos/branches/0.9/caribou/target/board/xcore407i/crossworks/caribou ARM Debug/caribou.a(mib2.o)
                0x08005450                objectidncpy
 *fill*         0x0800548c        0x4 
 .text.snmp_get_sysuptime
                0x08005490       0x30 /home/mike/Documents/caribou-rtos/branches/0.9/caribou/target/board/xcore407i/crossworks/caribou ARM Debug/caribou.a(mib2.o)
                0x08005490                snmp_get_sysuptime
 .text.snmp_inc_iflist
                0x080054c0       0x30 /home/mike/Documents/caribou-rtos/branches/0.9/caribou/target/board/xcore407i/crossworks/caribou ARM Debug/caribou.a(mib2.o)
                0x080054c0                snmp_inc_iflist
 .text.snmp_insert_arpidx_tree
                0x080054f0      0x150 /home/mike/Documents/caribou-rtos/branches/0.9/caribou/target/board/xcore407i/crossworks/caribou ARM Debug/caribou.a(mib2.o)
                0x080054f0                snmp_insert_arpidx_tree
 .text.snmp_delete_arpidx_tree
                0x08005640      0x1a8 /home/mike/Documents/caribou-rtos/branches/0.9/caribou/target/board/xcore407i/crossworks/caribou ARM Debug/caribou.a(mib2.o)
                0x08005640                snmp_delete_arpidx_tree
 *fill*         0x080057e8        0x8 
 .text.snmp_inc_ipinreceives
                0x080057f0       0x1c /home/mike/Documents/caribou-rtos/branches/0.9/caribou/target/board/xcore407i/crossworks/caribou ARM Debug/caribou.a(mib2.o)
                0x080057f0                snmp_inc_ipinreceives
 *fill*         0x0800580c        0x4 
 .text.snmp_inc_ipinhdrerrors
                0x08005810       0x1c /home/mike/Documents/caribou-rtos/branches/0.9/caribou/target/board/xcore407i/crossworks/caribou ARM Debug/caribou.a(mib2.o)
                0x08005810                snmp_inc_ipinhdrerrors
 *fill*         0x0800582c        0x4 
 .text.snmp_inc_ipinaddrerrors
                0x08005830       0x1c /home/mike/Documents/caribou-rtos/branches/0.9/caribou/target/board/xcore407i/crossworks/caribou ARM Debug/caribou.a(mib2.o)
                0x08005830                snmp_inc_ipinaddrerrors
 *fill*         0x0800584c        0x4 
 .text.snmp_inc_ipinunknownprotos
                0x08005850       0x1c /home/mike/Documents/caribou-rtos/branches/0.9/caribou/target/board/xcore407i/crossworks/caribou ARM Debug/caribou.a(mib2.o)
                0x08005850                snmp_inc_ipinunknownprotos
 *fill*         0x0800586c        0x4 
 .text.snmp_inc_ipindiscards
                0x08005870       0x1c /home/mike/Documents/caribou-rtos/branches/0.9/caribou/target/board/xcore407i/crossworks/caribou ARM Debug/caribou.a(mib2.o)
                0x08005870                snmp_inc_ipindiscards
 *fill*         0x0800588c        0x4 
 .text.snmp_inc_ipindelivers
                0x08005890       0x1c /home/mike/Documents/caribou-rtos/branches/0.9/caribou/target/board/xcore407i/crossworks/caribou ARM Debug/caribou.a(mib2.o)
                0x08005890                snmp_inc_ipindelivers
 *fill*         0x080058ac        0x4 
 .text.snmp_inc_ipoutrequests
                0x080058b0       0x1c /home/mike/Documents/caribou-rtos/branches/0.9/caribou/target/board/xcore407i/crossworks/caribou ARM Debug/caribou.a(mib2.o)
                0x080058b0                snmp_inc_ipoutrequests
 *fill*         0x080058cc        0x4 
 .text.snmp_inc_ipoutdiscards
                0x080058d0       0x1c /home/mike/Documents/caribou-rtos/branches/0.9/caribou/target/board/xcore407i/crossworks/caribou ARM Debug/caribou.a(mib2.o)
                0x080058d0                snmp_inc_ipoutdiscards
 *fill*         0x080058ec        0x4 
 .text.snmp_inc_ipoutnoroutes
                0x080058f0       0x1c /home/mike/Documents/caribou-rtos/branches/0.9/caribou/target/board/xcore407i/crossworks/caribou ARM Debug/caribou.a(mib2.o)
                0x080058f0                snmp_inc_ipoutnoroutes
 *fill*         0x0800590c        0x4 
 .text.snmp_inc_ipreasmreqds
                0x08005910       0x1c /home/mike/Documents/caribou-rtos/branches/0.9/caribou/target/board/xcore407i/crossworks/caribou ARM Debug/caribou.a(mib2.o)
                0x08005910                snmp_inc_ipreasmreqds
 *fill*         0x0800592c        0x4 
 .text.snmp_inc_ipreasmfails
                0x08005930       0x1c /home/mike/Documents/caribou-rtos/branches/0.9/caribou/target/board/xcore407i/crossworks/caribou ARM Debug/caribou.a(mib2.o)
                0x08005930                snmp_inc_ipreasmfails
 *fill*         0x0800594c        0x4 
 .text.snmp_inc_ipfragoks
                0x08005950       0x1c /home/mike/Documents/caribou-rtos/branches/0.9/caribou/target/board/xcore407i/crossworks/caribou ARM Debug/caribou.a(mib2.o)
                0x08005950                snmp_inc_ipfragoks
 *fill*         0x0800596c        0x4 
 .text.snmp_inc_ipfragcreates
                0x08005970       0x1c /home/mike/Documents/caribou-rtos/branches/0.9/caribou/target/board/xcore407i/crossworks/caribou ARM Debug/caribou.a(mib2.o)
                0x08005970                snmp_inc_ipfragcreates
 *fill*         0x0800598c        0x4 
 .text.snmp_insert_ipaddridx_tree
                0x08005990       0xf0 /home/mike/Documents/caribou-rtos/branches/0.9/caribou/target/board/xcore407i/crossworks/caribou ARM Debug/caribou.a(mib2.o)
                0x08005990                snmp_insert_ipaddridx_tree
 .text.snmp_delete_ipaddridx_tree
                0x08005a80      0x178 /home/mike/Documents/caribou-rtos/branches/0.9/caribou/target/board/xcore407i/crossworks/caribou ARM Debug/caribou.a(mib2.o)
                0x08005a80                snmp_delete_ipaddridx_tree
 *fill*         0x08005bf8        0x8 
 .text.snmp_insert_iprteidx_tree
                0x08005c00      0x10c /home/mike/Documents/caribou-rtos/branches/0.9/caribou/target/board/xcore407i/crossworks/caribou ARM Debug/caribou.a(mib2.o)
                0x08005c00                snmp_insert_iprteidx_tree
 *fill*         0x08005d0c        0x4 
 .text.snmp_delete_iprteidx_tree
                0x08005d10      0x19c /home/mike/Documents/caribou-rtos/branches/0.9/caribou/target/board/xcore407i/crossworks/caribou ARM Debug/caribou.a(mib2.o)
                0x08005d10                snmp_delete_iprteidx_tree
 *fill*         0x08005eac        0x4 
 .text.snmp_inc_icmpinmsgs
                0x08005eb0       0x1c /home/mike/Documents/caribou-rtos/branches/0.9/caribou/target/board/xcore407i/crossworks/caribou ARM Debug/caribou.a(mib2.o)
                0x08005eb0                snmp_inc_icmpinmsgs
 *fill*         0x08005ecc        0x4 
 .text.snmp_inc_icmpinerrors
                0x08005ed0       0x1c /home/mike/Documents/caribou-rtos/branches/0.9/caribou/target/board/xcore407i/crossworks/caribou ARM Debug/caribou.a(mib2.o)
                0x08005ed0                snmp_inc_icmpinerrors
 *fill*         0x08005eec        0x4 
 .text.snmp_inc_icmpoutmsgs
                0x08005ef0       0x1c /home/mike/Documents/caribou-rtos/branches/0.9/caribou/target/board/xcore407i/crossworks/caribou ARM Debug/caribou.a(mib2.o)
                0x08005ef0                snmp_inc_icmpoutmsgs
 *fill*         0x08005f0c        0x4 
 .text.snmp_inc_icmpouttimeexcds
                0x08005f10       0x1c /home/mike/Documents/caribou-rtos/branches/0.9/caribou/target/board/xcore407i/crossworks/caribou ARM Debug/caribou.a(mib2.o)
                0x08005f10                snmp_inc_icmpouttimeexcds
 *fill*         0x08005f2c        0x4 
 .text.snmp_inc_icmpoutechoreps
                0x08005f30       0x1c /home/mike/Documents/caribou-rtos/branches/0.9/caribou/target/board/xcore407i/crossworks/caribou ARM Debug/caribou.a(mib2.o)
                0x08005f30                snmp_inc_icmpoutechoreps
 *fill*         0x08005f4c        0x4 
 .text.snmp_inc_tcppassiveopens
                0x08005f50       0x1c /home/mike/Documents/caribou-rtos/branches/0.9/caribou/target/board/xcore407i/crossworks/caribou ARM Debug/caribou.a(mib2.o)
                0x08005f50                snmp_inc_tcppassiveopens
 *fill*         0x08005f6c        0x4 
 .text.snmp_inc_tcpattemptfails
                0x08005f70       0x1c /home/mike/Documents/caribou-rtos/branches/0.9/caribou/target/board/xcore407i/crossworks/caribou ARM Debug/caribou.a(mib2.o)
                0x08005f70                snmp_inc_tcpattemptfails
 *fill*         0x08005f8c        0x4 
 .text.snmp_inc_tcpestabresets
                0x08005f90       0x1c /home/mike/Documents/caribou-rtos/branches/0.9/caribou/target/board/xcore407i/crossworks/caribou ARM Debug/caribou.a(mib2.o)
                0x08005f90                snmp_inc_tcpestabresets
 *fill*         0x08005fac        0x4 
 .text.snmp_inc_tcpinsegs
                0x08005fb0       0x1c /home/mike/Documents/caribou-rtos/branches/0.9/caribou/target/board/xcore407i/crossworks/caribou ARM Debug/caribou.a(mib2.o)
                0x08005fb0                snmp_inc_tcpinsegs
 *fill*         0x08005fcc        0x4 
 .text.snmp_inc_tcpoutsegs
                0x08005fd0       0x1c /home/mike/Documents/caribou-rtos/branches/0.9/caribou/target/board/xcore407i/crossworks/caribou ARM Debug/caribou.a(mib2.o)
                0x08005fd0                snmp_inc_tcpoutsegs
 *fill*         0x08005fec        0x4 
 .text.snmp_inc_tcpretranssegs
                0x08005ff0       0x1c /home/mike/Documents/caribou-rtos/branches/0.9/caribou/target/board/xcore407i/crossworks/caribou ARM Debug/caribou.a(mib2.o)
                0x08005ff0                snmp_inc_tcpretranssegs
 *fill*         0x0800600c        0x4 
 .text.snmp_inc_tcpinerrs
                0x08006010       0x1c /home/mike/Documents/caribou-rtos/branches/0.9/caribou/target/board/xcore407i/crossworks/caribou ARM Debug/caribou.a(mib2.o)
                0x08006010                snmp_inc_tcpinerrs
 *fill*         0x0800602c        0x4 
 .text.snmp_inc_tcpoutrsts
                0x08006030       0x1c /home/mike/Documents/caribou-rtos/branches/0.9/caribou/target/board/xcore407i/crossworks/caribou ARM Debug/caribou.a(mib2.o)
                0x08006030                snmp_inc_tcpoutrsts
 *fill*         0x0800604c        0x4 
 .text.snmp_inc_udpindatagrams
                0x08006050       0x1c /home/mike/Documents/caribou-rtos/branches/0.9/caribou/target/board/xcore407i/crossworks/caribou ARM Debug/caribou.a(mib2.o)
                0x08006050                snmp_inc_udpindatagrams
 *fill*         0x0800606c        0x4 
 .text.snmp_inc_udpnoports
                0x08006070       0x1c /home/mike/Documents/caribou-rtos/branches/0.9/caribou/target/board/xcore407i/crossworks/caribou ARM Debug/caribou.a(mib2.o)
                0x08006070                snmp_inc_udpnoports
 *fill*         0x0800608c        0x4 
 .text.snmp_inc_udpinerrors
                0x08006090       0x1c /home/mike/Documents/caribou-rtos/branches/0.9/caribou/target/board/xcore407i/crossworks/caribou ARM Debug/caribou.a(mib2.o)
                0x08006090                snmp_inc_udpinerrors
 *fill*         0x080060ac        0x4 
 .text.snmp_inc_udpoutdatagrams
                0x080060b0       0x1c /home/mike/Documents/caribou-rtos/branches/0.9/caribou/target/board/xcore407i/crossworks/caribou ARM Debug/caribou.a(mib2.o)
                0x080060b0                snmp_inc_udpoutdatagrams
 *fill*         0x080060cc        0x4 
 .text.snmp_insert_udpidx_tree
                0x080060d0       0xf4 /home/mike/Documents/caribou-rtos/branches/0.9/caribou/target/board/xcore407i/crossworks/caribou ARM Debug/caribou.a(mib2.o)
                0x080060d0                snmp_insert_udpidx_tree
 *fill*         0x080061c4        0xc 
 .text.snmp_inc_snmpinpkts
                0x080061d0       0x1c /home/mike/Documents/caribou-rtos/branches/0.9/caribou/target/board/xcore407i/crossworks/caribou ARM Debug/caribou.a(mib2.o)
                0x080061d0                snmp_inc_snmpinpkts
 *fill*         0x080061ec        0x4 
 .text.snmp_inc_snmpoutpkts
                0x080061f0       0x1c /home/mike/Documents/caribou-rtos/branches/0.9/caribou/target/board/xcore407i/crossworks/caribou ARM Debug/caribou.a(mib2.o)
                0x080061f0                snmp_inc_snmpoutpkts
 *fill*         0x0800620c        0x4 
 .text.snmp_inc_snmpinbadversions
                0x08006210       0x1c /home/mike/Documents/caribou-rtos/branches/0.9/caribou/target/board/xcore407i/crossworks/caribou ARM Debug/caribou.a(mib2.o)
                0x08006210                snmp_inc_snmpinbadversions
 *fill*         0x0800622c        0x4 
 .text.snmp_inc_snmpinbadcommunitynames
                0x08006230       0x1c /home/mike/Documents/caribou-rtos/branches/0.9/caribou/target/board/xcore407i/crossworks/caribou ARM Debug/caribou.a(mib2.o)
                0x08006230                snmp_inc_snmpinbadcommunitynames
 *fill*         0x0800624c        0x4 
 .text.snmp_inc_snmpinasnparseerrs
                0x08006250       0x1c /home/mike/Documents/caribou-rtos/branches/0.9/caribou/target/board/xcore407i/crossworks/caribou ARM Debug/caribou.a(mib2.o)
                0x08006250                snmp_inc_snmpinasnparseerrs
 *fill*         0x0800626c        0x4 
 .text.snmp_inc_snmpintoobigs
                0x08006270       0x1c /home/mike/Documents/caribou-rtos/branches/0.9/caribou/target/board/xcore407i/crossworks/caribou ARM Debug/caribou.a(mib2.o)
                0x08006270                snmp_inc_snmpintoobigs
 *fill*         0x0800628c        0x4 
 .text.snmp_inc_snmpinnosuchnames
                0x08006290       0x1c /home/mike/Documents/caribou-rtos/branches/0.9/caribou/target/board/xcore407i/crossworks/caribou ARM Debug/caribou.a(mib2.o)
                0x08006290                snmp_inc_snmpinnosuchnames
 *fill*         0x080062ac        0x4 
 .text.snmp_inc_snmpinbadvalues
                0x080062b0       0x1c /home/mike/Documents/caribou-rtos/branches/0.9/caribou/target/board/xcore407i/crossworks/caribou ARM Debug/caribou.a(mib2.o)
                0x080062b0                snmp_inc_snmpinbadvalues
 *fill*         0x080062cc        0x4 
 .text.snmp_inc_snmpinreadonlys
                0x080062d0       0x1c /home/mike/Documents/caribou-rtos/branches/0.9/caribou/target/board/xcore407i/crossworks/caribou ARM Debug/caribou.a(mib2.o)
                0x080062d0                snmp_inc_snmpinreadonlys
 *fill*         0x080062ec        0x4 
 .text.snmp_inc_snmpingenerrs
                0x080062f0       0x1c /home/mike/Documents/caribou-rtos/branches/0.9/caribou/target/board/xcore407i/crossworks/caribou ARM Debug/caribou.a(mib2.o)
                0x080062f0                snmp_inc_snmpingenerrs
 *fill*         0x0800630c        0x4 
 .text.snmp_add_snmpintotalreqvars
                0x08006310       0x24 /home/mike/Documents/caribou-rtos/branches/0.9/caribou/target/board/xcore407i/crossworks/caribou ARM Debug/caribou.a(mib2.o)
                0x08006310                snmp_add_snmpintotalreqvars
 *fill*         0x08006334        0xc 
 .text.snmp_add_snmpintotalsetvars
                0x08006340       0x24 /home/mike/Documents/caribou-rtos/branches/0.9/caribou/target/board/xcore407i/crossworks/caribou ARM Debug/caribou.a(mib2.o)
                0x08006340                snmp_add_snmpintotalsetvars
 *fill*         0x08006364        0xc 
 .text.snmp_inc_snmpingetrequests
                0x08006370       0x1c /home/mike/Documents/caribou-rtos/branches/0.9/caribou/target/board/xcore407i/crossworks/caribou ARM Debug/caribou.a(mib2.o)
                0x08006370                snmp_inc_snmpingetrequests
 *fill*         0x0800638c        0x4 
 .text.snmp_inc_snmpingetnexts
                0x08006390       0x1c /home/mike/Documents/caribou-rtos/branches/0.9/caribou/target/board/xcore407i/crossworks/caribou ARM Debug/caribou.a(mib2.o)
                0x08006390                snmp_inc_snmpingetnexts
 *fill*         0x080063ac        0x4 
 .text.snmp_inc_snmpinsetrequests
                0x080063b0       0x1c /home/mike/Documents/caribou-rtos/branches/0.9/caribou/target/board/xcore407i/crossworks/caribou ARM Debug/caribou.a(mib2.o)
                0x080063b0                snmp_inc_snmpinsetrequests
 *fill*         0x080063cc        0x4 
 .text.snmp_inc_snmpingetresponses
                0x080063d0       0x1c /home/mike/Documents/caribou-rtos/branches/0.9/caribou/target/board/xcore407i/crossworks/caribou ARM Debug/caribou.a(mib2.o)
                0x080063d0                snmp_inc_snmpingetresponses
 *fill*         0x080063ec        0x4 
 .text.snmp_inc_snmpintraps
                0x080063f0       0x1c /home/mike/Documents/caribou-rtos/branches/0.9/caribou/target/board/xcore407i/crossworks/caribou ARM Debug/caribou.a(mib2.o)
                0x080063f0                snmp_inc_snmpintraps
 *fill*         0x0800640c        0x4 
 .text.snmp_inc_snmpouttoobigs
                0x08006410       0x1c /home/mike/Documents/caribou-rtos/branches/0.9/caribou/target/board/xcore407i/crossworks/caribou ARM Debug/caribou.a(mib2.o)
                0x08006410                snmp_inc_snmpouttoobigs
 *fill*         0x0800642c        0x4 
 .text.snmp_inc_snmpoutnosuchnames
                0x08006430       0x1c /home/mike/Documents/caribou-rtos/branches/0.9/caribou/target/board/xcore407i/crossworks/caribou ARM Debug/caribou.a(mib2.o)
                0x08006430                snmp_inc_snmpoutnosuchnames
 *fill*         0x0800644c        0x4 
 .text.snmp_inc_snmpoutbadvalues
                0x08006450       0x1c /home/mike/Documents/caribou-rtos/branches/0.9/caribou/target/board/xcore407i/crossworks/caribou ARM Debug/caribou.a(mib2.o)
                0x08006450                snmp_inc_snmpoutbadvalues
 *fill*         0x0800646c        0x4 
 .text.snmp_inc_snmpoutgenerrs
                0x08006470       0x1c /home/mike/Documents/caribou-rtos/branches/0.9/caribou/target/board/xcore407i/crossworks/caribou ARM Debug/caribou.a(mib2.o)
                0x08006470                snmp_inc_snmpoutgenerrs
 *fill*         0x0800648c        0x4 
 .text.snmp_inc_snmpoutgetresponses
                0x08006490       0x1c /home/mike/Documents/caribou-rtos/branches/0.9/caribou/target/board/xcore407i/crossworks/caribou ARM Debug/caribou.a(mib2.o)
                0x08006490                snmp_inc_snmpoutgetresponses
 *fill*         0x080064ac        0x4 
 .text.snmp_inc_snmpouttraps
                0x080064b0       0x1c /home/mike/Documents/caribou-rtos/branches/0.9/caribou/target/board/xcore407i/crossworks/caribou ARM Debug/caribou.a(mib2.o)
                0x080064b0                snmp_inc_snmpouttraps
 *fill*         0x080064cc        0x4 
 .text.snmp_get_snmpgrpid_ptr
                0x080064d0       0x1c /home/mike/Documents/caribou-rtos/branches/0.9/caribou/target/board/xcore407i/crossworks/caribou ARM Debug/caribou.a(mib2.o)
                0x080064d0                snmp_get_snmpgrpid_ptr
 *fill*         0x080064ec        0x4 
 .text.snmp_get_snmpenableauthentraps
                0x080064f0       0x20 /home/mike/Documents/caribou-rtos/branches/0.9/caribou/target/board/xcore407i/crossworks/caribou ARM Debug/caribou.a(mib2.o)
                0x080064f0                snmp_get_snmpenableauthentraps
 .text.noleafs_get_object_def
                0x08006510       0x20 /home/mike/Documents/caribou-rtos/branches/0.9/caribou/target/board/xcore407i/crossworks/caribou ARM Debug/caribou.a(mib2.o)
                0x08006510                noleafs_get_object_def
 .text.noleafs_get_value
                0x08006530       0x18 /home/mike/Documents/caribou-rtos/branches/0.9/caribou/target/board/xcore407i/crossworks/caribou ARM Debug/caribou.a(mib2.o)
                0x08006530                noleafs_get_value
 *fill*         0x08006548        0x8 
 .text.noleafs_set_test
                0x08006550       0x1c /home/mike/Documents/caribou-rtos/branches/0.9/caribou/target/board/xcore407i/crossworks/caribou ARM Debug/caribou.a(mib2.o)
                0x08006550                noleafs_set_test
 *fill*         0x0800656c        0x4 
 .text.noleafs_set_value
                0x08006570       0x18 /home/mike/Documents/caribou-rtos/branches/0.9/caribou/target/board/xcore407i/crossworks/caribou ARM Debug/caribou.a(mib2.o)
                0x08006570                noleafs_set_value
 *fill*         0x08006588        0x8 
 .text.system_get_object_def
                0x08006590      0x18c /home/mike/Documents/caribou-rtos/branches/0.9/caribou/target/board/xcore407i/crossworks/caribou ARM Debug/caribou.a(mib2.o)
 *fill*         0x0800671c        0x4 
 .text.system_get_value
                0x08006720       0xfc /home/mike/Documents/caribou-rtos/branches/0.9/caribou/target/board/xcore407i/crossworks/caribou ARM Debug/caribou.a(mib2.o)
 *fill*         0x0800681c        0x4 
 .text.system_set_test
                0x08006820       0xc4 /home/mike/Documents/caribou-rtos/branches/0.9/caribou/target/board/xcore407i/crossworks/caribou ARM Debug/caribou.a(mib2.o)
 *fill*         0x080068e4        0xc 
 .text.system_set_value
                0x080068f0       0xe0 /home/mike/Documents/caribou-rtos/branches/0.9/caribou/target/board/xcore407i/crossworks/caribou ARM Debug/caribou.a(mib2.o)
 .text.interfaces_get_object_def
                0x080069d0       0x58 /home/mike/Documents/caribou-rtos/branches/0.9/caribou/target/board/xcore407i/crossworks/caribou ARM Debug/caribou.a(mib2.o)
 *fill*         0x08006a28        0x8 
 .text.interfaces_get_value
                0x08006a30       0x34 /home/mike/Documents/caribou-rtos/branches/0.9/caribou/target/board/xcore407i/crossworks/caribou ARM Debug/caribou.a(mib2.o)
 *fill*         0x08006a64        0xc 
 .text.ifentry_get_object_def
                0x08006a70      0x1cc /home/mike/Documents/caribou-rtos/branches/0.9/caribou/target/board/xcore407i/crossworks/caribou ARM Debug/caribou.a(mib2.o)
 *fill*         0x08006c3c        0x4 
 .text.ifentry_get_value
                0x08006c40      0x24c /home/mike/Documents/caribou-rtos/branches/0.9/caribou/target/board/xcore407i/crossworks/caribou ARM Debug/caribou.a(mib2.o)
 *fill*         0x08006e8c        0x4 
 .text.atentry_get_object_def
                0x08006e90       0xa4 /home/mike/Documents/caribou-rtos/branches/0.9/caribou/target/board/xcore407i/crossworks/caribou ARM Debug/caribou.a(mib2.o)
 *fill*         0x08006f34        0xc 
 .text.atentry_get_value
                0x08006f40       0xc8 /home/mike/Documents/caribou-rtos/branches/0.9/caribou/target/board/xcore407i/crossworks/caribou ARM Debug/caribou.a(mib2.o)
 *fill*         0x08007008        0x8 
 .text.ip_get_object_def
                0x08007010      0x12c /home/mike/Documents/caribou-rtos/branches/0.9/caribou/target/board/xcore407i/crossworks/caribou ARM Debug/caribou.a(mib2.o)
 *fill*         0x0800713c        0x4 
 .text.ip_get_value
                0x08007140      0x214 /home/mike/Documents/caribou-rtos/branches/0.9/caribou/target/board/xcore407i/crossworks/caribou ARM Debug/caribou.a(mib2.o)
 *fill*         0x08007354        0xc 
 .text.ip_set_test
                0x08007360       0x84 /home/mike/Documents/caribou-rtos/branches/0.9/caribou/target/board/xcore407i/crossworks/caribou ARM Debug/caribou.a(mib2.o)
 *fill*         0x080073e4        0xc 
 .text.ip_addrentry_get_object_def
                0x080073f0       0xcc /home/mike/Documents/caribou-rtos/branches/0.9/caribou/target/board/xcore407i/crossworks/caribou ARM Debug/caribou.a(mib2.o)
 *fill*         0x080074bc        0x4 
 .text.ip_addrentry_get_value
                0x080074c0       0xfc /home/mike/Documents/caribou-rtos/branches/0.9/caribou/target/board/xcore407i/crossworks/caribou ARM Debug/caribou.a(mib2.o)
 *fill*         0x080075bc        0x4 
 .text.ip_rteentry_get_object_def
                0x080075c0      0x124 /home/mike/Documents/caribou-rtos/branches/0.9/caribou/target/board/xcore407i/crossworks/caribou ARM Debug/caribou.a(mib2.o)
 *fill*         0x080076e4        0xc 
 .text.ip_rteentry_get_value
                0x080076f0      0x1c8 /home/mike/Documents/caribou-rtos/branches/0.9/caribou/target/board/xcore407i/crossworks/caribou ARM Debug/caribou.a(mib2.o)
 *fill*         0x080078b8        0x8 
 .text.ip_ntomentry_get_object_def
                0x080078c0       0xe0 /home/mike/Documents/caribou-rtos/branches/0.9/caribou/target/board/xcore407i/crossworks/caribou ARM Debug/caribou.a(mib2.o)
 .text.ip_ntomentry_get_value
                0x080079a0       0xe8 /home/mike/Documents/caribou-rtos/branches/0.9/caribou/target/board/xcore407i/crossworks/caribou ARM Debug/caribou.a(mib2.o)
 *fill*         0x08007a88        0x8 
 .text.icmp_get_object_def
                0x08007a90       0x68 /home/mike/Documents/caribou-rtos/branches/0.9/caribou/target/board/xcore407i/crossworks/caribou ARM Debug/caribou.a(mib2.o)
 *fill*         0x08007af8        0x8 
 .text.icmp_get_value
                0x08007b00      0x238 /home/mike/Documents/caribou-rtos/branches/0.9/caribou/target/board/xcore407i/crossworks/caribou ARM Debug/caribou.a(mib2.o)
 *fill*         0x08007d38        0x8 
 .text.tcp_get_object_def
                0x08007d40      0x10c /home/mike/Documents/caribou-rtos/branches/0.9/caribou/target/board/xcore407i/crossworks/caribou ARM Debug/caribou.a(mib2.o)
 *fill*         0x08007e4c        0x4 
 .text.tcp_get_value
                0x08007e50      0x17c /home/mike/Documents/caribou-rtos/branches/0.9/caribou/target/board/xcore407i/crossworks/caribou ARM Debug/caribou.a(mib2.o)
 *fill*         0x08007fcc        0x4 
 .text.udp_get_object_def
                0x08007fd0       0x68 /home/mike/Documents/caribou-rtos/branches/0.9/caribou/target/board/xcore407i/crossworks/caribou ARM Debug/caribou.a(mib2.o)
 *fill*         0x08008038        0x8 
 .text.udp_get_value
                0x08008040       0xa8 /home/mike/Documents/caribou-rtos/branches/0.9/caribou/target/board/xcore407i/crossworks/caribou ARM Debug/caribou.a(mib2.o)
 *fill*         0x080080e8        0x8 
 .text.udpentry_get_object_def
                0x080080f0       0x88 /home/mike/Documents/caribou-rtos/branches/0.9/caribou/target/board/xcore407i/crossworks/caribou ARM Debug/caribou.a(mib2.o)
 *fill*         0x08008178        0x8 
 .text.udpentry_get_value
                0x08008180       0xf8 /home/mike/Documents/caribou-rtos/branches/0.9/caribou/target/board/xcore407i/crossworks/caribou ARM Debug/caribou.a(mib2.o)
 *fill*         0x08008278        0x8 
 .text.snmp_get_object_def
                0x08008280      0x130 /home/mike/Documents/caribou-rtos/branches/0.9/caribou/target/board/xcore407i/crossworks/caribou ARM Debug/caribou.a(mib2.o)
 .text.snmp_get_value
                0x080083b0      0x268 /home/mike/Documents/caribou-rtos/branches/0.9/caribou/target/board/xcore407i/crossworks/caribou ARM Debug/caribou.a(mib2.o)
 *fill*         0x08008618        0x8 
 .text.snmp_set_test
                0x08008620       0x94 /home/mike/Documents/caribou-rtos/branches/0.9/caribou/target/board/xcore407i/crossworks/caribou ARM Debug/caribou.a(mib2.o)
 *fill*         0x080086b4        0xc 
 .text.snmp_set_value
                0x080086c0       0x64 /home/mike/Documents/caribou-rtos/branches/0.9/caribou/target/board/xcore407i/crossworks/caribou ARM Debug/caribou.a(mib2.o)
 *fill*         0x08008724        0xc 
 .text.push_node
                0x08008730       0x68 /home/mike/Documents/caribou-rtos/branches/0.9/caribou/target/board/xcore407i/crossworks/caribou ARM Debug/caribou.a(mib_structs.o)
 *fill*         0x08008798        0x8 
 .text.pop_node
                0x080087a0       0x4c /home/mike/Documents/caribou-rtos/branches/0.9/caribou/target/board/xcore407i/crossworks/caribou ARM Debug/caribou.a(mib_structs.o)
 *fill*         0x080087ec        0x4 
 .text.snmp_ifindextonetif
                0x080087f0       0x4c /home/mike/Documents/caribou-rtos/branches/0.9/caribou/target/board/xcore407i/crossworks/caribou ARM Debug/caribou.a(mib_structs.o)
                0x080087f0                snmp_ifindextonetif
 *fill*         0x0800883c        0x4 
 .text.snmp_netiftoifindex
                0x08008840       0x48 /home/mike/Documents/caribou-rtos/branches/0.9/caribou/target/board/xcore407i/crossworks/caribou ARM Debug/caribou.a(mib_structs.o)
                0x08008840                snmp_netiftoifindex
 *fill*         0x08008888        0x8 
 .text.snmp_oidtoip
                0x08008890       0x40 /home/mike/Documents/caribou-rtos/branches/0.9/caribou/target/board/xcore407i/crossworks/caribou ARM Debug/caribou.a(mib_structs.o)
                0x08008890                snmp_oidtoip
 .text.snmp_iptooid
                0x080088d0       0x44 /home/mike/Documents/caribou-rtos/branches/0.9/caribou/target/board/xcore407i/crossworks/caribou ARM Debug/caribou.a(mib_structs.o)
                0x080088d0                snmp_iptooid
 *fill*         0x08008914        0xc 
 .text.snmp_mib_ln_alloc
                0x08008920       0x38 /home/mike/Documents/caribou-rtos/branches/0.9/caribou/target/board/xcore407i/crossworks/caribou ARM Debug/caribou.a(mib_structs.o)
                0x08008920                snmp_mib_ln_alloc
 *fill*         0x08008958        0x8 
 .text.snmp_mib_ln_free
                0x08008960       0x18 /home/mike/Documents/caribou-rtos/branches/0.9/caribou/target/board/xcore407i/crossworks/caribou ARM Debug/caribou.a(mib_structs.o)
                0x08008960                snmp_mib_ln_free
 *fill*         0x08008978        0x8 
 .text.snmp_mib_lrn_alloc
                0x08008980       0x64 /home/mike/Documents/caribou-rtos/branches/0.9/caribou/target/board/xcore407i/crossworks/caribou ARM Debug/caribou.a(mib_structs.o)
                0x08008980                snmp_mib_lrn_alloc
 *fill*         0x080089e4        0xc 
 .text.snmp_mib_lrn_free
                0x080089f0       0x18 /home/mike/Documents/caribou-rtos/branches/0.9/caribou/target/board/xcore407i/crossworks/caribou ARM Debug/caribou.a(mib_structs.o)
                0x080089f0                snmp_mib_lrn_free
 *fill*         0x08008a08        0x8 
 .text.snmp_mib_node_insert
                0x08008a10      0x174 /home/mike/Documents/caribou-rtos/branches/0.9/caribou/target/board/xcore407i/crossworks/caribou ARM Debug/caribou.a(mib_structs.o)
                0x08008a10                snmp_mib_node_insert
 *fill*         0x08008b84        0xc 
 .text.snmp_mib_node_find
                0x08008b90       0xa0 /home/mike/Documents/caribou-rtos/branches/0.9/caribou/target/board/xcore407i/crossworks/caribou ARM Debug/caribou.a(mib_structs.o)
                0x08008b90                snmp_mib_node_find
 .text.snmp_mib_node_delete
                0x08008c30       0xd8 /home/mike/Documents/caribou-rtos/branches/0.9/caribou/target/board/xcore407i/crossworks/caribou ARM Debug/caribou.a(mib_structs.o)
                0x08008c30                snmp_mib_node_delete
 *fill*         0x08008d08        0x8 
 .text.snmp_search_tree
                0x08008d10      0x214 /home/mike/Documents/caribou-rtos/branches/0.9/caribou/target/board/xcore407i/crossworks/caribou ARM Debug/caribou.a(mib_structs.o)
                0x08008d10                snmp_search_tree
 *fill*         0x08008f24        0xc 
 .text.empty_table
                0x08008f30       0x88 /home/mike/Documents/caribou-rtos/branches/0.9/caribou/target/board/xcore407i/crossworks/caribou ARM Debug/caribou.a(mib_structs.o)
 *fill*         0x08008fb8        0x8 
 .text.snmp_expand_tree
                0x08008fc0      0x754 /home/mike/Documents/caribou-rtos/branches/0.9/caribou/target/board/xcore407i/crossworks/caribou ARM Debug/caribou.a(mib_structs.o)
                0x08008fc0                snmp_expand_tree
 *fill*         0x08009714        0xc 
 .text.snmp_iso_prefix_tst
                0x08009720       0x4c /home/mike/Documents/caribou-rtos/branches/0.9/caribou/target/board/xcore407i/crossworks/caribou ARM Debug/caribou.a(mib_structs.o)
                0x08009720                snmp_iso_prefix_tst
 *fill*         0x0800976c        0x4 
 .text.snmp_iso_prefix_expand
                0x08009770       0x9c /home/mike/Documents/caribou-rtos/branches/0.9/caribou/target/board/xcore407i/crossworks/caribou ARM Debug/caribou.a(mib_structs.o)
                0x08009770                snmp_iso_prefix_expand
 *fill*         0x0800980c        0x4 
 .text.lwip_htons
                0x08009810       0x2c /home/mike/Documents/caribou-rtos/branches/0.9/caribou/target/board/xcore407i/crossworks/caribou ARM Debug/caribou.a(def.o)
                0x08009810                lwip_htons
 *fill*         0x0800983c        0x4 
 .text.lwip_ntohs
                0x08009840       0x1c /home/mike/Documents/caribou-rtos/branches/0.9/caribou/target/board/xcore407i/crossworks/caribou ARM Debug/caribou.a(def.o)
                0x08009840                lwip_ntohs
 *fill*         0x0800985c        0x4 
 .text.lwip_htonl
                0x08009860       0x34 /home/mike/Documents/caribou-rtos/branches/0.9/caribou/target/board/xcore407i/crossworks/caribou ARM Debug/caribou.a(def.o)
                0x08009860                lwip_htonl
 *fill*         0x08009894        0xc 
 .text.lwip_ntohl
                0x080098a0       0x18 /home/mike/Documents/caribou-rtos/branches/0.9/caribou/target/board/xcore407i/crossworks/caribou ARM Debug/caribou.a(def.o)
                0x080098a0                lwip_ntohl
 *fill*         0x080098b8        0x8 
 .text.lwip_init
                0x080098c0       0x30 /home/mike/Documents/caribou-rtos/branches/0.9/caribou/target/board/xcore407i/crossworks/caribou ARM Debug/caribou.a(init.o)
                0x080098c0                lwip_init
 .text.plug_holes
                0x080098f0      0x130 /home/mike/Documents/caribou-rtos/branches/0.9/caribou/target/board/xcore407i/crossworks/caribou ARM Debug/caribou.a(mem.o)
 .text.mem_init
                0x08009a20       0xa4 /home/mike/Documents/caribou-rtos/branches/0.9/caribou/target/board/xcore407i/crossworks/caribou ARM Debug/caribou.a(mem.o)
                0x08009a20                mem_init
 *fill*         0x08009ac4        0xc 
 .text.mem_free
                0x08009ad0       0xe0 /home/mike/Documents/caribou-rtos/branches/0.9/caribou/target/board/xcore407i/crossworks/caribou ARM Debug/caribou.a(mem.o)
                0x08009ad0                mem_free
 .text.mem_trim
                0x08009bb0      0x1d8 /home/mike/Documents/caribou-rtos/branches/0.9/caribou/target/board/xcore407i/crossworks/caribou ARM Debug/caribou.a(mem.o)
                0x08009bb0                mem_trim
 *fill*         0x08009d88        0x8 
 .text.mem_malloc
                0x08009d90      0x1f4 /home/mike/Documents/caribou-rtos/branches/0.9/caribou/target/board/xcore407i/crossworks/caribou ARM Debug/caribou.a(mem.o)
                0x08009d90                mem_malloc
 *fill*         0x08009f84        0xc 
 .text.memp_init
                0x08009f90       0x98 /home/mike/Documents/caribou-rtos/branches/0.9/caribou/target/board/xcore407i/crossworks/caribou ARM Debug/caribou.a(memp.o)
                0x08009f90                memp_init
 *fill*         0x0800a028        0x8 
 .text.memp_malloc
                0x0800a030       0x84 /home/mike/Documents/caribou-rtos/branches/0.9/caribou/target/board/xcore407i/crossworks/caribou ARM Debug/caribou.a(memp.o)
                0x0800a030                memp_malloc
 *fill*         0x0800a0b4        0xc 
 .text.memp_free
                0x0800a0c0       0x6c /home/mike/Documents/caribou-rtos/branches/0.9/caribou/target/board/xcore407i/crossworks/caribou ARM Debug/caribou.a(memp.o)
                0x0800a0c0                memp_free
 *fill*         0x0800a12c        0x4 
 .text.netif_init
                0x0800a130        0xc /home/mike/Documents/caribou-rtos/branches/0.9/caribou/target/board/xcore407i/crossworks/caribou ARM Debug/caribou.a(netif.o)
                0x0800a130                netif_init
 *fill*         0x0800a13c        0x4 
 .text.netif_add
                0x0800a140       0xc0 /home/mike/Documents/caribou-rtos/branches/0.9/caribou/target/board/xcore407i/crossworks/caribou ARM Debug/caribou.a(netif.o)
                0x0800a140                netif_add
 .text.netif_set_addr
                0x0800a200       0x2c /home/mike/Documents/caribou-rtos/branches/0.9/caribou/target/board/xcore407i/crossworks/caribou ARM Debug/caribou.a(netif.o)
                0x0800a200                netif_set_addr
 *fill*         0x0800a22c        0x4 
 .text.netif_set_ipaddr
                0x0800a230       0xcc /home/mike/Documents/caribou-rtos/branches/0.9/caribou/target/board/xcore407i/crossworks/caribou ARM Debug/caribou.a(netif.o)
                0x0800a230                netif_set_ipaddr
 *fill*         0x0800a2fc        0x4 
 .text.netif_set_gw
                0x0800a300       0x28 /home/mike/Documents/caribou-rtos/branches/0.9/caribou/target/board/xcore407i/crossworks/caribou ARM Debug/caribou.a(netif.o)
                0x0800a300                netif_set_gw
 *fill*         0x0800a328        0x8 
 .text.netif_set_netmask
                0x0800a330       0x34 /home/mike/Documents/caribou-rtos/branches/0.9/caribou/target/board/xcore407i/crossworks/caribou ARM Debug/caribou.a(netif.o)
                0x0800a330                netif_set_netmask
 *fill*         0x0800a364        0xc 
 .text.netif_set_default
                0x0800a370       0x30 /home/mike/Documents/caribou-rtos/branches/0.9/caribou/target/board/xcore407i/crossworks/caribou ARM Debug/caribou.a(netif.o)
                0x0800a370                netif_set_default
 .text.netif_set_up
                0x0800a3a0       0x74 /home/mike/Documents/caribou-rtos/branches/0.9/caribou/target/board/xcore407i/crossworks/caribou ARM Debug/caribou.a(netif.o)
                0x0800a3a0                netif_set_up
 *fill*         0x0800a414        0xc 
 .text.pbuf_free_ooseq
                0x0800a420       0x54 /home/mike/Documents/caribou-rtos/branches/0.9/caribou/target/board/xcore407i/crossworks/caribou ARM Debug/caribou.a(pbuf.o)
 *fill*         0x0800a474        0xc 
 .text.pbuf_free_ooseq_callback
                0x0800a480       0x14 /home/mike/Documents/caribou-rtos/branches/0.9/caribou/target/board/xcore407i/crossworks/caribou ARM Debug/caribou.a(pbuf.o)
 *fill*         0x0800a494        0xc 
 .text.pbuf_pool_is_empty
                0x0800a4a0       0x54 /home/mike/Documents/caribou-rtos/branches/0.9/caribou/target/board/xcore407i/crossworks/caribou ARM Debug/caribou.a(pbuf.o)
 *fill*         0x0800a4f4        0xc 
 .text.pbuf_alloc
                0x0800a500      0x320 /home/mike/Documents/caribou-rtos/branches/0.9/caribou/target/board/xcore407i/crossworks/caribou ARM Debug/caribou.a(pbuf.o)
                0x0800a500                pbuf_alloc
 .text.pbuf_realloc
                0x0800a820      0x15c /home/mike/Documents/caribou-rtos/branches/0.9/caribou/target/board/xcore407i/crossworks/caribou ARM Debug/caribou.a(pbuf.o)
                0x0800a820                pbuf_realloc
 *fill*         0x0800a97c        0x4 
 .text.pbuf_header
                0x0800a980      0x128 /home/mike/Documents/caribou-rtos/branches/0.9/caribou/target/board/xcore407i/crossworks/caribou ARM Debug/caribou.a(pbuf.o)
                0x0800a980                pbuf_header
 *fill*         0x0800aaa8        0x8 
 .text.pbuf_free
                0x0800aab0      0x108 /home/mike/Documents/caribou-rtos/branches/0.9/caribou/target/board/xcore407i/crossworks/caribou ARM Debug/caribou.a(pbuf.o)
                0x0800aab0                pbuf_free
 *fill*         0x0800abb8        0x8 
 .text.pbuf_clen
                0x0800abc0       0x30 /home/mike/Documents/caribou-rtos/branches/0.9/caribou/target/board/xcore407i/crossworks/caribou ARM Debug/caribou.a(pbuf.o)
                0x0800abc0                pbuf_clen
 .text.pbuf_ref
                0x0800abf0       0x2c /home/mike/Documents/caribou-rtos/branches/0.9/caribou/target/board/xcore407i/crossworks/caribou ARM Debug/caribou.a(pbuf.o)
                0x0800abf0                pbuf_ref
 *fill*         0x0800ac1c        0x4 
 .text.pbuf_cat
                0x0800ac20       0xb0 /home/mike/Documents/caribou-rtos/branches/0.9/caribou/target/board/xcore407i/crossworks/caribou ARM Debug/caribou.a(pbuf.o)
                0x0800ac20                pbuf_cat
 .text.pbuf_chain
                0x0800acd0       0x20 /home/mike/Documents/caribou-rtos/branches/0.9/caribou/target/board/xcore407i/crossworks/caribou ARM Debug/caribou.a(pbuf.o)
                0x0800acd0                pbuf_chain
 .text.pbuf_copy
                0x0800acf0      0x1a0 /home/mike/Documents/caribou-rtos/branches/0.9/caribou/target/board/xcore407i/crossworks/caribou ARM Debug/caribou.a(pbuf.o)
                0x0800acf0                pbuf_copy
 .text.pbuf_copy_partial
                0x0800ae90       0xf4 /home/mike/Documents/caribou-rtos/branches/0.9/caribou/target/board/xcore407i/crossworks/caribou ARM Debug/caribou.a(pbuf.o)
                0x0800ae90                pbuf_copy_partial
 *fill*         0x0800af84        0xc 
 .text.tcp_init
                0x0800af90        0xc /home/mike/Documents/caribou-rtos/branches/0.9/caribou/target/board/xcore407i/crossworks/caribou ARM Debug/caribou.a(tcp.o)
                0x0800af90                tcp_init
 *fill*         0x0800af9c        0x4 
 .text.tcp_tmr  0x0800afa0       0x2c /home/mike/Documents/caribou-rtos/branches/0.9/caribou/target/board/xcore407i/crossworks/caribou ARM Debug/caribou.a(tcp.o)
                0x0800afa0                tcp_tmr
 *fill*         0x0800afcc        0x4 
 .text.tcp_close_shutdown
                0x0800afd0      0x274 /home/mike/Documents/caribou-rtos/branches/0.9/caribou/target/board/xcore407i/crossworks/caribou ARM Debug/caribou.a(tcp.o)
 *fill*         0x0800b244        0xc 
 .text.tcp_close
                0x0800b250       0x30 /home/mike/Documents/caribou-rtos/branches/0.9/caribou/target/board/xcore407i/crossworks/caribou ARM Debug/caribou.a(tcp.o)
                0x0800b250                tcp_close
 .text.tcp_abandon
                0x0800b280       0xf0 /home/mike/Documents/caribou-rtos/branches/0.9/caribou/target/board/xcore407i/crossworks/caribou ARM Debug/caribou.a(tcp.o)
                0x0800b280                tcp_abandon
 .text.tcp_abort
                0x0800b370       0x18 /home/mike/Documents/caribou-rtos/branches/0.9/caribou/target/board/xcore407i/crossworks/caribou ARM Debug/caribou.a(tcp.o)
                0x0800b370                tcp_abort
 *fill*         0x0800b388        0x8 
 .text.tcp_update_rcv_ann_wnd
                0x0800b390       0xa4 /home/mike/Documents/caribou-rtos/branches/0.9/caribou/target/board/xcore407i/crossworks/caribou ARM Debug/caribou.a(tcp.o)
                0x0800b390                tcp_update_rcv_ann_wnd
 *fill*         0x0800b434        0xc 
 .text.tcp_recved
                0x0800b440       0xa4 /home/mike/Documents/caribou-rtos/branches/0.9/caribou/target/board/xcore407i/crossworks/caribou ARM Debug/caribou.a(tcp.o)
                0x0800b440                tcp_recved
 *fill*         0x0800b4e4        0xc 
 .text.tcp_slowtmr
                0x0800b4f0      0x55c /home/mike/Documents/caribou-rtos/branches/0.9/caribou/target/board/xcore407i/crossworks/caribou ARM Debug/caribou.a(tcp.o)
                0x0800b4f0                tcp_slowtmr
 *fill*         0x0800ba4c        0x4 
 .text.tcp_fasttmr
                0x0800ba50       0xa0 /home/mike/Documents/caribou-rtos/branches/0.9/caribou/target/board/xcore407i/crossworks/caribou ARM Debug/caribou.a(tcp.o)
                0x0800ba50                tcp_fasttmr
 .text.tcp_process_refused_data
                0x0800baf0       0xb4 /home/mike/Documents/caribou-rtos/branches/0.9/caribou/target/board/xcore407i/crossworks/caribou ARM Debug/caribou.a(tcp.o)
                0x0800baf0                tcp_process_refused_data
 *fill*         0x0800bba4        0xc 
 .text.tcp_segs_free
                0x0800bbb0       0x28 /home/mike/Documents/caribou-rtos/branches/0.9/caribou/target/board/xcore407i/crossworks/caribou ARM Debug/caribou.a(tcp.o)
                0x0800bbb0                tcp_segs_free
 *fill*         0x0800bbd8        0x8 
 .text.tcp_seg_free
                0x0800bbe0       0x30 /home/mike/Documents/caribou-rtos/branches/0.9/caribou/target/board/xcore407i/crossworks/caribou ARM Debug/caribou.a(tcp.o)
                0x0800bbe0                tcp_seg_free
 .text.tcp_seg_copy
                0x0800bc10       0x38 /home/mike/Documents/caribou-rtos/branches/0.9/caribou/target/board/xcore407i/crossworks/caribou ARM Debug/caribou.a(tcp.o)
                0x0800bc10                tcp_seg_copy
 *fill*         0x0800bc48        0x8 
 .text.tcp_recv_null
                0x0800bc50       0x44 /home/mike/Documents/caribou-rtos/branches/0.9/caribou/target/board/xcore407i/crossworks/caribou ARM Debug/caribou.a(tcp.o)
                0x0800bc50                tcp_recv_null
 *fill*         0x0800bc94        0xc 
 .text.tcp_kill_prio
                0x0800bca0       0x80 /home/mike/Documents/caribou-rtos/branches/0.9/caribou/target/board/xcore407i/crossworks/caribou ARM Debug/caribou.a(tcp.o)
 .text.tcp_kill_timewait
                0x0800bd20       0x5c /home/mike/Documents/caribou-rtos/branches/0.9/caribou/target/board/xcore407i/crossworks/caribou ARM Debug/caribou.a(tcp.o)
 *fill*         0x0800bd7c        0x4 
 .text.tcp_alloc
                0x0800bd80      0x118 /home/mike/Documents/caribou-rtos/branches/0.9/caribou/target/board/xcore407i/crossworks/caribou ARM Debug/caribou.a(tcp.o)
                0x0800bd80                tcp_alloc
 *fill*         0x0800be98        0x8 
 .text.tcp_pcb_purge
                0x0800bea0      0x114 /home/mike/Documents/caribou-rtos/branches/0.9/caribou/target/board/xcore407i/crossworks/caribou ARM Debug/caribou.a(tcp.o)
                0x0800bea0                tcp_pcb_purge
 *fill*         0x0800bfb4        0xc 
 .text.tcp_pcb_remove
                0x0800bfc0      0x108 /home/mike/Documents/caribou-rtos/branches/0.9/caribou/target/board/xcore407i/crossworks/caribou ARM Debug/caribou.a(tcp.o)
                0x0800bfc0                tcp_pcb_remove
 *fill*         0x0800c0c8        0x8 
 .text.tcp_next_iss
                0x0800c0d0       0x28 /home/mike/Documents/caribou-rtos/branches/0.9/caribou/target/board/xcore407i/crossworks/caribou ARM Debug/caribou.a(tcp.o)
                0x0800c0d0                tcp_next_iss
 *fill*         0x0800c0f8        0x8 
 .text.tcp_eff_send_mss
                0x0800c100       0x40 /home/mike/Documents/caribou-rtos/branches/0.9/caribou/target/board/xcore407i/crossworks/caribou ARM Debug/caribou.a(tcp.o)
                0x0800c100                tcp_eff_send_mss
 .text.tcp_input
                0x0800c140      0x6b4 /home/mike/Documents/caribou-rtos/branches/0.9/caribou/target/board/xcore407i/crossworks/caribou ARM Debug/caribou.a(tcp_in.o)
                0x0800c140                tcp_input
 *fill*         0x0800c7f4        0xc 
 .text.tcp_listen_input
                0x0800c800      0x1b4 /home/mike/Documents/caribou-rtos/branches/0.9/caribou/target/board/xcore407i/crossworks/caribou ARM Debug/caribou.a(tcp_in.o)
 *fill*         0x0800c9b4        0xc 
 .text.tcp_timewait_input
                0x0800c9c0       0xd8 /home/mike/Documents/caribou-rtos/branches/0.9/caribou/target/board/xcore407i/crossworks/caribou ARM Debug/caribou.a(tcp_in.o)
 *fill*         0x0800ca98        0x8 
 .text.tcp_process
                0x0800caa0      0x700 /home/mike/Documents/caribou-rtos/branches/0.9/caribou/target/board/xcore407i/crossworks/caribou ARM Debug/caribou.a(tcp_in.o)
 .text.tcp_oos_insert_segment
                0x0800d1a0       0xec /home/mike/Documents/caribou-rtos/branches/0.9/caribou/target/board/xcore407i/crossworks/caribou ARM Debug/caribou.a(tcp_in.o)
 *fill*         0x0800d28c        0x4 
 .text.tcp_receive
                0x0800d290     0x1088 /home/mike/Documents/caribou-rtos/branches/0.9/caribou/target/board/xcore407i/crossworks/caribou ARM Debug/caribou.a(tcp_in.o)
 *fill*         0x0800e318        0x8 
 .text.tcp_parseopt
                0x0800e320      0x100 /home/mike/Documents/caribou-rtos/branches/0.9/caribou/target/board/xcore407i/crossworks/caribou ARM Debug/caribou.a(tcp_in.o)
 .text.tcp_output_alloc_header
                0x0800e420       0xf8 /home/mike/Documents/caribou-rtos/branches/0.9/caribou/target/board/xcore407i/crossworks/caribou ARM Debug/caribou.a(tcp_out.o)
 *fill*         0x0800e518        0x8 
 .text.tcp_send_fin
                0x0800e520       0x7c /home/mike/Documents/caribou-rtos/branches/0.9/caribou/target/board/xcore407i/crossworks/caribou ARM Debug/caribou.a(tcp_out.o)
                0x0800e520                tcp_send_fin
 *fill*         0x0800e59c        0x4 
 .text.tcp_create_segment
                0x0800e5a0      0x134 /home/mike/Documents/caribou-rtos/branches/0.9/caribou/target/board/xcore407i/crossworks/caribou ARM Debug/caribou.a(tcp_out.o)
 *fill*         0x0800e6d4        0xc 
 .text.tcp_enqueue_flags
                0x0800e6e0      0x224 /home/mike/Documents/caribou-rtos/branches/0.9/caribou/target/board/xcore407i/crossworks/caribou ARM Debug/caribou.a(tcp_out.o)
                0x0800e6e0                tcp_enqueue_flags
 *fill*         0x0800e904        0xc 
 .text.tcp_send_empty_ack
                0x0800e910       0x90 /home/mike/Documents/caribou-rtos/branches/0.9/caribou/target/board/xcore407i/crossworks/caribou ARM Debug/caribou.a(tcp_out.o)
                0x0800e910                tcp_send_empty_ack
 .text.tcp_output
                0x0800e9a0      0x2e4 /home/mike/Documents/caribou-rtos/branches/0.9/caribou/target/board/xcore407i/crossworks/caribou ARM Debug/caribou.a(tcp_out.o)
                0x0800e9a0                tcp_output
 *fill*         0x0800ec84        0xc 
 .text.tcp_output_segment
                0x0800ec90      0x228 /home/mike/Documents/caribou-rtos/branches/0.9/caribou/target/board/xcore407i/crossworks/caribou ARM Debug/caribou.a(tcp_out.o)
 *fill*         0x0800eeb8        0x8 
 .text.tcp_rst  0x0800eec0       0xf8 /home/mike/Documents/caribou-rtos/branches/0.9/caribou/target/board/xcore407i/crossworks/caribou ARM Debug/caribou.a(tcp_out.o)
                0x0800eec0                tcp_rst
 *fill*         0x0800efb8        0x8 
 .text.tcp_rexmit_rto
                0x0800efc0       0x60 /home/mike/Documents/caribou-rtos/branches/0.9/caribou/target/board/xcore407i/crossworks/caribou ARM Debug/caribou.a(tcp_out.o)
                0x0800efc0                tcp_rexmit_rto
 .text.tcp_rexmit
                0x0800f020       0x98 /home/mike/Documents/caribou-rtos/branches/0.9/caribou/target/board/xcore407i/crossworks/caribou ARM Debug/caribou.a(tcp_out.o)
                0x0800f020                tcp_rexmit
 *fill*         0x0800f0b8        0x8 
 .text.tcp_rexmit_fast
                0x0800f0c0       0xa4 /home/mike/Documents/caribou-rtos/branches/0.9/caribou/target/board/xcore407i/crossworks/caribou ARM Debug/caribou.a(tcp_out.o)
                0x0800f0c0                tcp_rexmit_fast
 *fill*         0x0800f164        0xc 
 .text.tcp_keepalive
                0x0800f170       0x74 /home/mike/Documents/caribou-rtos/branches/0.9/caribou/target/board/xcore407i/crossworks/caribou ARM Debug/caribou.a(tcp_out.o)
                0x0800f170                tcp_keepalive
 *fill*         0x0800f1e4        0xc 
 .text.tcp_zero_window_probe
                0x0800f1f0      0x10c /home/mike/Documents/caribou-rtos/branches/0.9/caribou/target/board/xcore407i/crossworks/caribou ARM Debug/caribou.a(tcp_out.o)
                0x0800f1f0                tcp_zero_window_probe
 *fill*         0x0800f2fc        0x4 
 .text.tcpip_tcp_timer
                0x0800f300       0x44 /home/mike/Documents/caribou-rtos/branches/0.9/caribou/target/board/xcore407i/crossworks/caribou ARM Debug/caribou.a(timers.o)
 *fill*         0x0800f344        0xc 
 .text.tcp_timer_needed
                0x0800f350       0x40 /home/mike/Documents/caribou-rtos/branches/0.9/caribou/target/board/xcore407i/crossworks/caribou ARM Debug/caribou.a(timers.o)
                0x0800f350                tcp_timer_needed
 .text.ip_reass_timer
                0x0800f390       0x24 /home/mike/Documents/caribou-rtos/branches/0.9/caribou/target/board/xcore407i/crossworks/caribou ARM Debug/caribou.a(timers.o)
 *fill*         0x0800f3b4        0xc 
 .text.arp_timer
                0x0800f3c0       0x24 /home/mike/Documents/caribou-rtos/branches/0.9/caribou/target/board/xcore407i/crossworks/caribou ARM Debug/caribou.a(timers.o)
 *fill*         0x0800f3e4        0xc 
 .text.igmp_timer
                0x0800f3f0       0x20 /home/mike/Documents/caribou-rtos/branches/0.9/caribou/target/board/xcore407i/crossworks/caribou ARM Debug/caribou.a(timers.o)
 .text.sys_timeouts_init
                0x0800f410       0x34 /home/mike/Documents/caribou-rtos/branches/0.9/caribou/target/board/xcore407i/crossworks/caribou ARM Debug/caribou.a(timers.o)
                0x0800f410                sys_timeouts_init
 *fill*         0x0800f444        0xc 
 .text.sys_timeout
                0x0800f450      0x100 /home/mike/Documents/caribou-rtos/branches/0.9/caribou/target/board/xcore407i/crossworks/caribou ARM Debug/caribou.a(timers.o)
                0x0800f450                sys_timeout
 .text.sys_timeouts_mbox_fetch
                0x0800f550       0xb0 /home/mike/Documents/caribou-rtos/branches/0.9/caribou/target/board/xcore407i/crossworks/caribou ARM Debug/caribou.a(timers.o)
                0x0800f550                sys_timeouts_mbox_fetch
 .text.udp_init
                0x0800f600        0xc /home/mike/Documents/caribou-rtos/branches/0.9/caribou/target/board/xcore407i/crossworks/caribou ARM Debug/caribou.a(udp.o)
                0x0800f600                udp_init
 *fill*         0x0800f60c        0x4 
 .text.udp_new_port
                0x0800f610       0x74 /home/mike/Documents/caribou-rtos/branches/0.9/caribou/target/board/xcore407i/crossworks/caribou ARM Debug/caribou.a(udp.o)
 *fill*         0x0800f684        0xc 
 .text.udp_input
                0x0800f690      0x2a4 /home/mike/Documents/caribou-rtos/branches/0.9/caribou/target/board/xcore407i/crossworks/caribou ARM Debug/caribou.a(udp.o)
                0x0800f690                udp_input
 *fill*         0x0800f934        0xc 
 .text.udp_send
                0x0800f940       0x24 /home/mike/Documents/caribou-rtos/branches/0.9/caribou/target/board/xcore407i/crossworks/caribou ARM Debug/caribou.a(udp.o)
                0x0800f940                udp_send
 *fill*         0x0800f964        0xc 
 .text.udp_sendto
                0x0800f970       0x2c /home/mike/Documents/caribou-rtos/branches/0.9/caribou/target/board/xcore407i/crossworks/caribou ARM Debug/caribou.a(udp.o)
                0x0800f970                udp_sendto
 *fill*         0x0800f99c        0x4 
 .text.udp_sendto_chksum
                0x0800f9a0       0x58 /home/mike/Documents/caribou-rtos/branches/0.9/caribou/target/board/xcore407i/crossworks/caribou ARM Debug/caribou.a(udp.o)
                0x0800f9a0                udp_sendto_chksum
 *fill*         0x0800f9f8        0x8 
 .text.udp_sendto_if_chksum
                0x0800fa00      0x1ec /home/mike/Documents/caribou-rtos/branches/0.9/caribou/target/board/xcore407i/crossworks/caribou ARM Debug/caribou.a(udp.o)
                0x0800fa00                udp_sendto_if_chksum
 *fill*         0x0800fbec        0x4 
 .text.udp_bind
                0x0800fbf0       0xe4 /home/mike/Documents/caribou-rtos/branches/0.9/caribou/target/board/xcore407i/crossworks/caribou ARM Debug/caribou.a(udp.o)
                0x0800fbf0                udp_bind
 *fill*         0x0800fcd4        0xc 
 .text.udp_connect
                0x0800fce0       0x98 /home/mike/Documents/caribou-rtos/branches/0.9/caribou/target/board/xcore407i/crossworks/caribou ARM Debug/caribou.a(udp.o)
                0x0800fce0                udp_connect
 *fill*         0x0800fd78        0x8 
 .text.udp_disconnect
                0x0800fd80       0x2c /home/mike/Documents/caribou-rtos/branches/0.9/caribou/target/board/xcore407i/crossworks/caribou ARM Debug/caribou.a(udp.o)
                0x0800fd80                udp_disconnect
 *fill*         0x0800fdac        0x4 
 .text.udp_recv