Archive member included because of file (symbol)

/home/mike/Documents/caribou-rtos/branches/0.9/caribou/target/board/generic_stm32f103c/crossworks/caribou ARM Debug/caribou.a(caribou.o)
                              caribou-demo ARM Debug/caribou_demo.o (caribou_version)
/home/mike/Documents/caribou-rtos/branches/0.9/caribou/target/board/generic_stm32f103c/crossworks/caribou ARM Debug/caribou.a(thread.o)
                              /home/mike/Documents/caribou-rtos/branches/0.9/caribou/target/board/generic_stm32f103c/crossworks/caribou ARM Debug/caribou.a(caribou.o) (caribou_thread_dump)
/home/mike/Documents/caribou-rtos/branches/0.9/caribou/target/board/generic_stm32f103c/crossworks/caribou ARM Debug/caribou.a(timer.o)
                              /home/mike/Documents/caribou-rtos/branches/0.9/caribou/target/board/generic_stm32f103c/crossworks/caribou ARM Debug/caribou.a(thread.o) (caribou_timer_ticks_timeout)
/home/mike/Documents/caribou-rtos/branches/0.9/caribou/target/board/generic_stm32f103c/crossworks/caribou ARM Debug/caribou.a(errno.o)
                              /home/mike/Documents/caribou-rtos/branches/0.9/caribou/target/board/generic_stm32f103c/crossworks/caribou ARM Debug/caribou.a(thread.o) (__errno)
/home/mike/Documents/caribou-rtos/branches/0.9/caribou/target/board/generic_stm32f103c/crossworks/caribou ARM Debug/caribou.a(heap.o)
                              caribou-demo ARM Debug/caribou_demo.o (heap_malloc)
/home/mike/Documents/caribou-rtos/branches/0.9/caribou/target/board/generic_stm32f103c/crossworks/caribou ARM Debug/caribou.a(mutex.o)
                              caribou-demo ARM Debug/caribou_demo.o (caribou_mutex_init)
/home/mike/Documents/caribou-rtos/branches/0.9/caribou/target/board/generic_stm32f103c/crossworks/caribou ARM Debug/caribou.a(queue.o)
                              caribou-demo ARM Debug/caribou_demo.o (caribou_queue_new)
/home/mike/Documents/caribou-rtos/branches/0.9/caribou/target/board/generic_stm32f103c/crossworks/caribou ARM Debug/caribou.a(stdio.o)
                              caribou-demo ARM Debug/caribou_demo.o (_stderr)
/home/mike/Documents/caribou-rtos/branches/0.9/caribou/target/board/generic_stm32f103c/crossworks/caribou ARM Debug/caribou.a(string.o)
                              /home/mike/Documents/caribou-rtos/branches/0.9/caribou/target/board/generic_stm32f103c/crossworks/caribou ARM Debug/caribou.a(heap.o) (memmove)
/home/mike/Documents/caribou-rtos/branches/0.9/caribou/target/board/generic_stm32f103c/crossworks/caribou ARM Debug/caribou.a(target_chip.o)
                              /home/mike/Documents/caribou-rtos/branches/0.9/caribou/target/board/generic_stm32f103c/crossworks/caribou ARM Debug/caribou.a(caribou.o) (chip_systick_irq_state)
/home/mike/Documents/caribou-rtos/branches/0.9/caribou/target/board/generic_stm32f103c/crossworks/caribou ARM Debug/caribou.a(target_crt0.o)
                              /home/mike/Documents/caribou-rtos/branches/0.9/caribou/target/board/generic_stm32f103c/crossworks/caribou ARM Debug/caribou.a(caribou.o) (_halt)
/home/mike/Documents/caribou-rtos/branches/0.9/caribou/target/board/generic_stm32f103c/crossworks/caribou ARM Debug/caribou.a(target_fault.o)
                              /home/mike/Documents/caribou-rtos/branches/0.9/caribou/target/board/generic_stm32f103c/crossworks/caribou ARM Debug/caribou.a(target_crt0.o) (_fault)
/home/mike/Documents/caribou-rtos/branches/0.9/caribou/target/board/generic_stm32f103c/crossworks/caribou ARM Debug/caribou.a(target_uart.o)
                              /home/mike/Documents/caribou-rtos/branches/0.9/caribou/target/board/generic_stm32f103c/crossworks/caribou ARM Debug/caribou.a(stdio.o) (_stdio_)
/home/mike/Documents/caribou-rtos/branches/0.9/caribou/target/board/generic_stm32f103c/crossworks/caribou ARM Debug/caribou.a(target_vectors.o)
                              (_vectors)
/home/mike/Documents/caribou-rtos/branches/0.9/caribou/target/board/generic_stm32f103c/crossworks/caribou ARM Debug/caribou.a(target_system_stm32f10x.o)
                              /home/mike/Documents/caribou-rtos/branches/0.9/caribou/target/board/generic_stm32f103c/crossworks/caribou ARM Debug/caribou.a(target_chip.o) (SystemInit)
/home/mike/Documents/caribou-rtos/branches/0.9/caribou/target/board/generic_stm32f103c/crossworks/caribou ARM Debug/caribou.a(target_stm32f10x_rcc.o)
                              /home/mike/Documents/caribou-rtos/branches/0.9/caribou/target/board/generic_stm32f103c/crossworks/caribou ARM Debug/caribou.a(target_chip.o) (RCC_GetClocksFreq)
/home/mike/Documents/caribou-rtos/branches/0.9/caribou/target/board/generic_stm32f103c/crossworks/caribou ARM Debug/caribou.a(target_stm32f10x_usart.o)
                              /home/mike/Documents/caribou-rtos/branches/0.9/caribou/target/board/generic_stm32f103c/crossworks/caribou ARM Debug/caribou.a(target_uart.o) (USART_Init)
[...]
Memory Configuration

Name             Origin             Length             Attributes
FLASH            0x08000000         0x00040000         xr
SRAM             0x20000000         0x00008000         xw
flash            0x08000000         0x00040000
ram              0x20000000         0x00008000
*default*        0x00000000         0xffffffff

Linker script and memory map

                0x00000280                __main_stack_size__ = 0x280
                0x00000400                __process_stack_size__ = 0x400
                0x20000000                __ram_start__ = ORIGIN (ram)
                0x00008000                __ram_size__ = 0x8000
                0x20008000                __ram_end__ = (__ram_start__ + __ram_size__)
                0x00000000                . = 0x0
                0x00000000                _text = .

startup
 *(vectors)

constructors    0x08000000        0x0
                0x08000000                PROVIDE (__init_array_start, .)
 *(SORT(.init_array.*))
 *(.init_array)
                0x08000000                PROVIDE (__init_array_end, .)

destructors     0x08000000        0x0
                0x08000000                PROVIDE (__fini_array_start, .)
 *(.fini_array)
 *(SORT(.fini_array.*))
                0x08000000                PROVIDE (__fini_array_end, .)

.text           0x08000000     0x43d0
 *(.text.startup.*)
 *(.init)
 .init          0x08000000      0x110 /home/mike/Documents/caribou-rtos/branches/0.9/caribou/target/board/generic_stm32f103c/crossworks/caribou ARM Debug/caribou.a(target_crt0.o)
                0x08000000                reset_handler
                0x08000086                exit
                0x08000086                _exit
                0x0800008a                _halt
                0x0800008e                _hard_fault
                0x08000092                _mpu_fault
                0x08000096                _bus_fault
                0x0800009a                _usage_fault
 *(.text)
 *(.text.*)
 .text.notify_heap_alloc_failed
                0x08000110        0xc caribou-demo ARM Debug/caribou_demo.o
                0x08000110                notify_heap_alloc_failed
 *fill*         0x0800011c        0x4 
 .text.threadfn1
                0x08000120       0x90 caribou-demo ARM Debug/caribou_demo.o
                0x08000120                threadfn1
 .text.threadfn2
                0x080001b0       0x48 caribou-demo ARM Debug/caribou_demo.o
                0x080001b0                threadfn2
 *fill*         0x080001f8        0x8 
 .text.threadfn3
                0x08000200       0x20 caribou-demo ARM Debug/caribou_demo.o
                0x08000200                threadfn3
 .text.main     0x08000220       0xc8 caribou-demo ARM Debug/caribou_demo.o
                0x08000220                main
 *fill*         0x080002e8        0x8 
 .text.caribou_version
                0x080002f0       0x14 /home/mike/Documents/caribou-rtos/branches/0.9/caribou/target/board/generic_stm32f103c/crossworks/caribou ARM Debug/caribou.a(caribou.o)
                0x080002f0                caribou_version
 *fill*         0x08000304        0xc 
 .text.caribou_lock
                0x08000310       0x10 /home/mike/Documents/caribou-rtos/branches/0.9/caribou/target/board/generic_stm32f103c/crossworks/caribou ARM Debug/caribou.a(caribou.o)
                0x08000310                caribou_lock
 .text.caribou_lock_set
                0x08000320       0x14 /home/mike/Documents/caribou-rtos/branches/0.9/caribou/target/board/generic_stm32f103c/crossworks/caribou ARM Debug/caribou.a(caribou.o)
                0x08000320                caribou_lock_set
 *fill*         0x08000334        0xc 
 .text.caribou_preempt
                0x08000340        0xc /home/mike/Documents/caribou-rtos/branches/0.9/caribou/target/board/generic_stm32f103c/crossworks/caribou ARM Debug/caribou.a(caribou.o)
                0x08000340                caribou_preempt
 *fill*         0x0800034c        0x4 
 .text.caribou_exec
                0x08000350        0xc /home/mike/Documents/caribou-rtos/branches/0.9/caribou/target/board/generic_stm32f103c/crossworks/caribou ARM Debug/caribou.a(caribou.o)
                0x08000350                caribou_exec
 *fill*         0x0800035c        0x4 
 .text.caribou_init
                0x08000360       0x34 /home/mike/Documents/caribou-rtos/branches/0.9/caribou/target/board/generic_stm32f103c/crossworks/caribou ARM Debug/caribou.a(caribou.o)
                0x08000360                caribou_init
 *fill*         0x08000394        0xc 
 .text.rd_thread_stack_ptr
                0x080003a0        0x8 /home/mike/Documents/caribou-rtos/branches/0.9/caribou/target/board/generic_stm32f103c/crossworks/caribou ARM Debug/caribou.a(thread.o)
 *fill*         0x080003a8        0x8 
 .text._caribou_thread_fault_emit
                0x080003b0       0x34 /home/mike/Documents/caribou-rtos/branches/0.9/caribou/target/board/generic_stm32f103c/crossworks/caribou ARM Debug/caribou.a(thread.o)
                0x080003b0                _caribou_thread_fault_emit
 *fill*         0x080003e4        0xc 
 .text.new_thread_node
                0x080003f0       0x38 /home/mike/Documents/caribou-rtos/branches/0.9/caribou/target/board/generic_stm32f103c/crossworks/caribou ARM Debug/caribou.a(thread.o)
 *fill*         0x08000428        0x8 
 .text.delete_thread_node
                0x08000430       0x14 /home/mike/Documents/caribou-rtos/branches/0.9/caribou/target/board/generic_stm32f103c/crossworks/caribou ARM Debug/caribou.a(thread.o)
 *fill*         0x08000444        0xc 
 .text.append_thread_node
                0x08000450       0x58 /home/mike/Documents/caribou-rtos/branches/0.9/caribou/target/board/generic_stm32f103c/crossworks/caribou ARM Debug/caribou.a(thread.o)
 *fill*         0x080004a8        0x8 
 .text.remove_thread_node
                0x080004b0       0x70 /home/mike/Documents/caribou-rtos/branches/0.9/caribou/target/board/generic_stm32f103c/crossworks/caribou ARM Debug/caribou.a(thread.o)
 .text.caribou_thread_lock
                0x08000520       0x44 /home/mike/Documents/caribou-rtos/branches/0.9/caribou/target/board/generic_stm32f103c/crossworks/caribou ARM Debug/caribou.a(thread.o)
                0x08000520                caribou_thread_lock
 *fill*         0x08000564        0xc 
 .text.caribou_thread_unlock
                0x08000570       0x54 /home/mike/Documents/caribou-rtos/branches/0.9/caribou/target/board/generic_stm32f103c/crossworks/caribou ARM Debug/caribou.a(thread.o)
                0x08000570                caribou_thread_unlock
 *fill*         0x080005c4        0xc 
 .text.caribou_thread_yield
                0x080005d0       0x4c /home/mike/Documents/caribou-rtos/branches/0.9/caribou/target/board/generic_stm32f103c/crossworks/caribou ARM Debug/caribou.a(thread.o)
                0x080005d0                caribou_thread_yield
 *fill*         0x0800061c        0x4 
 .text.caribou_thread_terminate
                0x08000620       0x50 /home/mike/Documents/caribou-rtos/branches/0.9/caribou/target/board/generic_stm32f103c/crossworks/caribou ARM Debug/caribou.a(thread.o)
                0x08000620                caribou_thread_terminate
 .text.thread_finish
                0x08000670       0x20 /home/mike/Documents/caribou-rtos/branches/0.9/caribou/target/board/generic_stm32f103c/crossworks/caribou ARM Debug/caribou.a(thread.o)
                0x08000670                thread_finish
 .text.caribou_thread_create
                0x08000690      0x128 /home/mike/Documents/caribou-rtos/branches/0.9/caribou/target/board/generic_stm32f103c/crossworks/caribou ARM Debug/caribou.a(thread.o)
                0x08000690                caribou_thread_create
 *fill*         0x080007b8        0x8 
 .text.caribou_thread_current
                0x080007c0       0x18 /home/mike/Documents/caribou-rtos/branches/0.9/caribou/target/board/generic_stm32f103c/crossworks/caribou ARM Debug/caribou.a(thread.o)
                0x080007c0                caribou_thread_current
 *fill*         0x080007d8        0x8 
 .text.caribou_thread_init
                0x080007e0       0x40 /home/mike/Documents/caribou-rtos/branches/0.9/caribou/target/board/generic_stm32f103c/crossworks/caribou ARM Debug/caribou.a(thread.o)
                0x080007e0                caribou_thread_init
 .text.check_sp
                0x08000820       0x7c /home/mike/Documents/caribou-rtos/branches/0.9/caribou/target/board/generic_stm32f103c/crossworks/caribou ARM Debug/caribou.a(thread.o)
 *fill*         0x0800089c        0x4 
 .text.caribou_thread_once
                0x080008a0       0x58 /home/mike/Documents/caribou-rtos/branches/0.9/caribou/target/board/generic_stm32f103c/crossworks/caribou ARM Debug/caribou.a(thread.o)
                0x080008a0                caribou_thread_once
 *fill*         0x080008f8        0x8 
 .text.caribou_thread_exec
                0x08000900       0x10 /home/mike/Documents/caribou-rtos/branches/0.9/caribou/target/board/generic_stm32f103c/crossworks/caribou ARM Debug/caribou.a(thread.o)
                0x08000900                caribou_thread_exec
 .text._swap_thread
                0x08000910       0xa8 /home/mike/Documents/caribou-rtos/branches/0.9/caribou/target/board/generic_stm32f103c/crossworks/caribou ARM Debug/caribou.a(thread.o)
 *fill*         0x080009b8        0x8 
 .text._pendsv  0x080009c0       0x44 /home/mike/Documents/caribou-rtos/branches/0.9/caribou/target/board/generic_stm32f103c/crossworks/caribou ARM Debug/caribou.a(thread.o)
                0x080009c0                _pendsv
 *fill*         0x08000a04        0xc 
 .text._systick
                0x08000a10       0x6c /home/mike/Documents/caribou-rtos/branches/0.9/caribou/target/board/generic_stm32f103c/crossworks/caribou ARM Debug/caribou.a(thread.o)
                0x08000a10                _systick
 *fill*         0x08000a7c        0x4 
 .text.caribou_timer_expired
                0x08000a80       0x24 /home/mike/Documents/caribou-rtos/branches/0.9/caribou/target/board/generic_stm32f103c/crossworks/caribou ARM Debug/caribou.a(timer.o)
                0x08000a80                caribou_timer_expired
 *fill*         0x08000aa4        0xc 
 .text.delete_timer_node
                0x08000ab0       0x20 /home/mike/Documents/caribou-rtos/branches/0.9/caribou/target/board/generic_stm32f103c/crossworks/caribou ARM Debug/caribou.a(timer.o)
 .text.append_timer_node
                0x08000ad0       0x50 /home/mike/Documents/caribou-rtos/branches/0.9/caribou/target/board/generic_stm32f103c/crossworks/caribou ARM Debug/caribou.a(timer.o)
 .text.remove_timer_node
                0x08000b20       0x74 /home/mike/Documents/caribou-rtos/branches/0.9/caribou/target/board/generic_stm32f103c/crossworks/caribou ARM Debug/caribou.a(timer.o)
 *fill*         0x08000b94        0xc 
 .text.caribou_timer_init
                0x08000ba0       0x38 /home/mike/Documents/caribou-rtos/branches/0.9/caribou/target/board/generic_stm32f103c/crossworks/caribou ARM Debug/caribou.a(timer.o)
                0x08000ba0                caribou_timer_init
 *fill*         0x08000bd8        0x8 
 .text.caribou_timer_ticks_timeout
                0x08000be0       0x60 /home/mike/Documents/caribou-rtos/branches/0.9/caribou/target/board/generic_stm32f103c/crossworks/caribou ARM Debug/caribou.a(timer.o)
                0x08000be0                caribou_timer_ticks_timeout
 .text.caribou_timer_set
                0x08000c40       0x2c /home/mike/Documents/caribou-rtos/branches/0.9/caribou/target/board/generic_stm32f103c/crossworks/caribou ARM Debug/caribou.a(timer.o)
                0x08000c40                caribou_timer_set
 *fill*         0x08000c6c        0x4 
 .text.caribou_timer_delete
                0x08000c70       0x34 /home/mike/Documents/caribou-rtos/branches/0.9/caribou/target/board/generic_stm32f103c/crossworks/caribou ARM Debug/caribou.a(timer.o)
                0x08000c70                caribou_timer_delete
 *fill*         0x08000ca4        0xc 
 .text.caribou_timer_delete_all
                0x08000cb0       0x24 /home/mike/Documents/caribou-rtos/branches/0.9/caribou/target/board/generic_stm32f103c/crossworks/caribou ARM Debug/caribou.a(timer.o)
                0x08000cb0                caribou_timer_delete_all
 *fill*         0x08000cd4        0xc 
 .text.caribou_timer_period
                0x08000ce0       0x10 /home/mike/Documents/caribou-rtos/branches/0.9/caribou/target/board/generic_stm32f103c/crossworks/caribou ARM Debug/caribou.a(timer.o)
                0x08000ce0                caribou_timer_period
 .text.caribou_timer_ticks
                0x08000cf0       0x1c /home/mike/Documents/caribou-rtos/branches/0.9/caribou/target/board/generic_stm32f103c/crossworks/caribou ARM Debug/caribou.a(timer.o)
                0x08000cf0                caribou_timer_ticks
 *fill*         0x08000d0c        0x4 
 .text.expire_timers
                0x08000d10       0xa0 /home/mike/Documents/caribou-rtos/branches/0.9/caribou/target/board/generic_stm32f103c/crossworks/caribou ARM Debug/caribou.a(timer.o)
 .text.caribou_timer_idle
                0x08000db0       0x58 /home/mike/Documents/caribou-rtos/branches/0.9/caribou/target/board/generic_stm32f103c/crossworks/caribou ARM Debug/caribou.a(timer.o)
                0x08000db0                caribou_timer_idle
 *fill*         0x08000e08        0x8 
 .text.notify_heap_alloc
                0x08000e10       0x14 /home/mike/Documents/caribou-rtos/branches/0.9/caribou/target/board/generic_stm32f103c/crossworks/caribou ARM Debug/caribou.a(heap.o)
                0x08000e10                notify_heap_alloc
 *fill*         0x08000e24        0xc 
 .text.notify_heap_dealloc
                0x08000e30       0x14 /home/mike/Documents/caribou-rtos/branches/0.9/caribou/target/board/generic_stm32f103c/crossworks/caribou ARM Debug/caribou.a(heap.o)
                0x08000e30                notify_heap_dealloc
 *fill*         0x08000e44        0xc 
 .text.notify_heap_invalid_dealloc
                0x08000e50        0xc /home/mike/Documents/caribou-rtos/branches/0.9/caribou/target/board/generic_stm32f103c/crossworks/caribou ARM Debug/caribou.a(heap.o)
                0x08000e50                notify_heap_invalid_dealloc
 *fill*         0x08000e5c        0x4 
 .text.notify_heap_invalid_realloc
                0x08000e60        0xc /home/mike/Documents/caribou-rtos/branches/0.9/caribou/target/board/generic_stm32f103c/crossworks/caribou ARM Debug/caribou.a(heap.o)
                0x08000e60                notify_heap_invalid_realloc
 *fill*         0x08000e6c        0x4 
 .text.heap_init
                0x08000e70       0xc4 /home/mike/Documents/caribou-rtos/branches/0.9/caribou/target/board/generic_stm32f103c/crossworks/caribou ARM Debug/caribou.a(heap.o)
                0x08000e70                heap_init
 *fill*         0x08000f34        0xc 
 .text.get_bitmap_bit
                0x08000f40       0x7c /home/mike/Documents/caribou-rtos/branches/0.9/caribou/target/board/generic_stm32f103c/crossworks/caribou ARM Debug/caribou.a(heap.o)
 *fill*         0x08000fbc        0x4 
 .text.is_free_sequence
                0x08000fc0       0x70 /home/mike/Documents/caribou-rtos/branches/0.9/caribou/target/board/generic_stm32f103c/crossworks/caribou ARM Debug/caribou.a(heap.o)
 .text.locate_free
                0x08001030       0xa4 /home/mike/Documents/caribou-rtos/branches/0.9/caribou/target/board/generic_stm32f103c/crossworks/caribou ARM Debug/caribou.a(heap.o)
 *fill*         0x080010d4        0xc 
 .text.blocks_used
                0x080010e0       0x74 /home/mike/Documents/caribou-rtos/branches/0.9/caribou/target/board/generic_stm32f103c/crossworks/caribou ARM Debug/caribou.a(heap.o)
 *fill*         0x08001154        0xc 
 .text.set_bitmap_bit
                0x08001160       0xb0 /home/mike/Documents/caribou-rtos/branches/0.9/caribou/target/board/generic_stm32f103c/crossworks/caribou ARM Debug/caribou.a(heap.o)
 .text.from_pointer
                0x08001210       0x50 /home/mike/Documents/caribou-rtos/branches/0.9/caribou/target/board/generic_stm32f103c/crossworks/caribou ARM Debug/caribou.a(heap.o)
 .text.to_pointer
                0x08001260       0x48 /home/mike/Documents/caribou-rtos/branches/0.9/caribou/target/board/generic_stm32f103c/crossworks/caribou ARM Debug/caribou.a(heap.o)
 *fill*         0x080012a8        0x8 
 .text.allocate
                0x080012b0       0xcc /home/mike/Documents/caribou-rtos/branches/0.9/caribou/target/board/generic_stm32f103c/crossworks/caribou ARM Debug/caribou.a(heap.o)
 *fill*         0x0800137c        0x4 
 .text.deallocate
                0x08001380       0x94 /home/mike/Documents/caribou-rtos/branches/0.9/caribou/target/board/generic_stm32f103c/crossworks/caribou ARM Debug/caribou.a(heap.o)
 *fill*         0x08001414        0xc 
 .text.can_extend
                0x08001420       0x84 /home/mike/Documents/caribou-rtos/branches/0.9/caribou/target/board/generic_stm32f103c/crossworks/caribou ARM Debug/caribou.a(heap.o)
 *fill*         0x080014a4        0xc 
 .text.extend   0x080014b0       0xc4 /home/mike/Documents/caribou-rtos/branches/0.9/caribou/target/board/generic_stm32f103c/crossworks/caribou ARM Debug/caribou.a(heap.o)
 *fill*         0x08001574        0xc 
 .text.heap_malloc
                0x08001580       0x78 /home/mike/Documents/caribou-rtos/branches/0.9/caribou/target/board/generic_stm32f103c/crossworks/caribou ARM Debug/caribou.a(heap.o)
                0x08001580                heap_malloc
 *fill*         0x080015f8        0x8 
 .text.heap_realloc
                0x08001600      0x15c /home/mike/Documents/caribou-rtos/branches/0.9/caribou/target/board/generic_stm32f103c/crossworks/caribou ARM Debug/caribou.a(heap.o)
                0x08001600                heap_realloc
 *fill*         0x0800175c        0x4 
 .text.heap_free
                0x08001760       0x54 /home/mike/Documents/caribou-rtos/branches/0.9/caribou/target/board/generic_stm32f103c/crossworks/caribou ARM Debug/caribou.a(heap.o)
                0x08001760                heap_free
 *fill*         0x080017b4        0xc 
 .text.caribou_mutex_init
                0x080017c0       0x24 /home/mike/Documents/caribou-rtos/branches/0.9/caribou/target/board/generic_stm32f103c/crossworks/caribou ARM Debug/caribou.a(mutex.o)
                0x080017c0                caribou_mutex_init
 *fill*         0x080017e4        0xc 
 .text.caribou_mutex_lock
                0x080017f0       0xa4 /home/mike/Documents/caribou-rtos/branches/0.9/caribou/target/board/generic_stm32f103c/crossworks/caribou ARM Debug/caribou.a(mutex.o)
                0x080017f0                caribou_mutex_lock
 *fill*         0x08001894        0xc 
 .text.caribou_mutex_trylock
                0x080018a0       0x54 /home/mike/Documents/caribou-rtos/branches/0.9/caribou/target/board/generic_stm32f103c/crossworks/caribou ARM Debug/caribou.a(mutex.o)
                0x080018a0                caribou_mutex_trylock
 *fill*         0x080018f4        0xc 
 .text.caribou_mutex_unlock
                0x08001900       0x78 /home/mike/Documents/caribou-rtos/branches/0.9/caribou/target/board/generic_stm32f103c/crossworks/caribou ARM Debug/caribou.a(mutex.o)
                0x08001900                caribou_mutex_unlock
 *fill*         0x08001978        0x8 
 .text.caribou_queue_new
                0x08001980       0x80 /home/mike/Documents/caribou-rtos/branches/0.9/caribou/target/board/generic_stm32f103c/crossworks/caribou ARM Debug/caribou.a(queue.o)
                0x08001980                caribou_queue_new
 .text.caribou_queue_post
                0x08001a00       0x4c /home/mike/Documents/caribou-rtos/branches/0.9/caribou/target/board/generic_stm32f103c/crossworks/caribou ARM Debug/caribou.a(queue.o)
                0x08001a00                caribou_queue_post
 *fill*         0x08001a4c        0x4 
 .text.caribou_queue_take_first
                0x08001a50       0x44 /home/mike/Documents/caribou-rtos/branches/0.9/caribou/target/board/generic_stm32f103c/crossworks/caribou ARM Debug/caribou.a(queue.o)
                0x08001a50                caribou_queue_take_first
 *fill*         0x08001a94        0xc 
 .text.caribou_queue_try_post
                0x08001aa0       0x94 /home/mike/Documents/caribou-rtos/branches/0.9/caribou/target/board/generic_stm32f103c/crossworks/caribou ARM Debug/caribou.a(queue.o)
                0x08001aa0                caribou_queue_try_post
 *fill*         0x08001b34        0xc 
 .text.caribou_queue_try_take_first
                0x08001b40       0x58 /home/mike/Documents/caribou-rtos/branches/0.9/caribou/target/board/generic_stm32f103c/crossworks/caribou ARM Debug/caribou.a(queue.o)
                0x08001b40                caribou_queue_try_take_first
 *fill*         0x08001b98        0x8 
 .text.fopen    0x08001ba0       0x3c /home/mike/Documents/caribou-rtos/branches/0.9/caribou/target/board/generic_stm32f103c/crossworks/caribou ARM Debug/caribou.a(stdio.o)
                0x08001ba0                fopen
 *fill*         0x08001bdc        0x4 
 .text.fputc    0x08001be0       0x30 /home/mike/Documents/caribou-rtos/branches/0.9/caribou/target/board/generic_stm32f103c/crossworks/caribou ARM Debug/caribou.a(stdio.o)
                0x08001be0                fputc
 .text._fputc   0x08001c10       0x1c /home/mike/Documents/caribou-rtos/branches/0.9/caribou/target/board/generic_stm32f103c/crossworks/caribou ARM Debug/caribou.a(stdio.o)
                0x08001c10                _fputc
 *fill*         0x08001c2c        0x4 
 .text.printchar
                0x08001c30       0x44 /home/mike/Documents/caribou-rtos/branches/0.9/caribou/target/board/generic_stm32f103c/crossworks/caribou ARM Debug/caribou.a(stdio.o)
 *fill*         0x08001c74        0xc 
 .text.prints   0x08001c80       0xd4 /home/mike/Documents/caribou-rtos/branches/0.9/caribou/target/board/generic_stm32f103c/crossworks/caribou ARM Debug/caribou.a(stdio.o)
 *fill*         0x08001d54        0xc 
 .text.printi   0x08001d60      0x108 /home/mike/Documents/caribou-rtos/branches/0.9/caribou/target/board/generic_stm32f103c/crossworks/caribou ARM Debug/caribou.a(stdio.o)
 *fill*         0x08001e68        0x8 
 .text.print    0x08001e70      0x27c /home/mike/Documents/caribou-rtos/branches/0.9/caribou/target/board/generic_stm32f103c/crossworks/caribou ARM Debug/caribou.a(stdio.o)
 *fill*         0x080020ec        0x4 
 .text.fprintf  0x080020f0       0x40 /home/mike/Documents/caribou-rtos/branches/0.9/caribou/target/board/generic_stm32f103c/crossworks/caribou ARM Debug/caribou.a(stdio.o)
                0x080020f0                fprintf
 .text.memmove  0x08002130       0x90 /home/mike/Documents/caribou-rtos/branches/0.9/caribou/target/board/generic_stm32f103c/crossworks/caribou ARM Debug/caribou.a(string.o)
                0x08002130                memmove
 .text.memset   0x080021c0       0x3c /home/mike/Documents/caribou-rtos/branches/0.9/caribou/target/board/generic_stm32f103c/crossworks/caribou ARM Debug/caribou.a(string.o)
                0x080021c0                memset
 *fill*         0x080021fc        0x4 
 .text.strlen   0x08002200       0x38 /home/mike/Documents/caribou-rtos/branches/0.9/caribou/target/board/generic_stm32f103c/crossworks/caribou ARM Debug/caribou.a(string.o)
                0x08002200                strlen
 *fill*         0x08002238        0x8 
 .text.NVIC_SetPriority
                0x08002240       0x54 /home/mike/Documents/caribou-rtos/branches/0.9/caribou/target/board/generic_stm32f103c/crossworks/caribou ARM Debug/caribou.a(target_chip.o)
 *fill*         0x08002294        0xc 
 .text.assert_param
                0x080022a0       0x18 /home/mike/Documents/caribou-rtos/branches/0.9/caribou/target/board/generic_stm32f103c/crossworks/caribou ARM Debug/caribou.a(target_chip.o)
                0x080022a0                assert_param
 *fill*         0x080022b8        0x8 
 .text.nvic_isr
                0x080022c0       0x28 /home/mike/Documents/caribou-rtos/branches/0.9/caribou/target/board/generic_stm32f103c/crossworks/caribou ARM Debug/caribou.a(target_chip.o)
                0x080022c0                nvic_isr
 *fill*         0x080022e8        0x8 
 .text._swi     0x080022f0        0xc /home/mike/Documents/caribou-rtos/branches/0.9/caribou/target/board/generic_stm32f103c/crossworks/caribou ARM Debug/caribou.a(target_chip.o)
                0x080022f0                _swi
 *fill*         0x080022fc        0x4 
 .text._nmi     0x08002300        0xc /home/mike/Documents/caribou-rtos/branches/0.9/caribou/target/board/generic_stm32f103c/crossworks/caribou ARM Debug/caribou.a(target_chip.o)
                0x08002300                _nmi
 *fill*         0x0800230c        0x4 
 .text.chip_systick_irq_disable
                0x08002310       0x38 /home/mike/Documents/caribou-rtos/branches/0.9/caribou/target/board/generic_stm32f103c/crossworks/caribou ARM Debug/caribou.a(target_chip.o)
                0x08002310                chip_systick_irq_disable
 *fill*         0x08002348        0x8 
 .text.chip_systick_irq_set
                0x08002350       0x38 /home/mike/Documents/caribou-rtos/branches/0.9/caribou/target/board/generic_stm32f103c/crossworks/caribou ARM Debug/caribou.a(target_chip.o)
                0x08002350                chip_systick_irq_set
 *fill*         0x08002388        0x8 
 .text.chip_systick_irq_force
                0x08002390       0x1c /home/mike/Documents/caribou-rtos/branches/0.9/caribou/target/board/generic_stm32f103c/crossworks/caribou ARM Debug/caribou.a(target_chip.o)
                0x08002390                chip_systick_irq_force
 *fill*         0x080023ac        0x4 
 .text.chip_systick_enter
                0x080023b0       0x48 /home/mike/Documents/caribou-rtos/branches/0.9/caribou/target/board/generic_stm32f103c/crossworks/caribou ARM Debug/caribou.a(target_chip.o)
                0x080023b0                chip_systick_enter
 *fill*         0x080023f8        0x8 
 .text.chip_systick_exit
                0x08002400        0xc /home/mike/Documents/caribou-rtos/branches/0.9/caribou/target/board/generic_stm32f103c/crossworks/caribou ARM Debug/caribou.a(target_chip.o)
                0x08002400                chip_systick_exit
 *fill*         0x0800240c        0x4 
 .text.initPLL  0x08002410        0xc /home/mike/Documents/caribou-rtos/branches/0.9/caribou/target/board/generic_stm32f103c/crossworks/caribou ARM Debug/caribou.a(target_chip.o)
 *fill*         0x0800241c        0x4 
 .text.initSysTick
                0x08002420       0x48 /home/mike/Documents/caribou-rtos/branches/0.9/caribou/target/board/generic_stm32f103c/crossworks/caribou ARM Debug/caribou.a(target_chip.o)
 *fill*         0x08002468        0x8 
 .text.initializeWWDG
                0x08002470        0xc /home/mike/Documents/caribou-rtos/branches/0.9/caribou/target/board/generic_stm32f103c/crossworks/caribou ARM Debug/caribou.a(target_chip.o)
 *fill*         0x0800247c        0x4 
 .text.chip_init
                0x08002480       0x20 /home/mike/Documents/caribou-rtos/branches/0.9/caribou/target/board/generic_stm32f103c/crossworks/caribou ARM Debug/caribou.a(target_chip.o)
                0x08002480                chip_init
 .text.chip_interrupts_enable
                0x080024a0        0x4 /home/mike/Documents/caribou-rtos/branches/0.9/caribou/target/board/generic_stm32f103c/crossworks/caribou ARM Debug/caribou.a(target_chip.o)
                0x080024a0                chip_interrupts_enable
 *fill*         0x080024a4        0xc 
 .text.chip_interrupts_disable
                0x080024b0       0x10 /home/mike/Documents/caribou-rtos/branches/0.9/caribou/target/board/generic_stm32f103c/crossworks/caribou ARM Debug/caribou.a(target_chip.o)
                0x080024b0                chip_interrupts_disable
 .text.chip_interrupts_enabled
                0x080024c0        0xc /home/mike/Documents/caribou-rtos/branches/0.9/caribou/target/board/generic_stm32f103c/crossworks/caribou ARM Debug/caribou.a(target_chip.o)
                0x080024c0                chip_interrupts_enabled
 *fill*         0x080024cc        0x4 
 .text.chip_interrupts_set
                0x080024d0       0x20 /home/mike/Documents/caribou-rtos/branches/0.9/caribou/target/board/generic_stm32f103c/crossworks/caribou ARM Debug/caribou.a(target_chip.o)
                0x080024d0                chip_interrupts_set
 .text.chip_vector_enable
                0x080024f0       0x70 /home/mike/Documents/caribou-rtos/branches/0.9/caribou/target/board/generic_stm32f103c/crossworks/caribou ARM Debug/caribou.a(target_chip.o)
                0x080024f0                chip_vector_enable
 .text.chip_vector_disable
                0x08002560       0x74 /home/mike/Documents/caribou-rtos/branches/0.9/caribou/target/board/generic_stm32f103c/crossworks/caribou ARM Debug/caribou.a(target_chip.o)
                0x08002560                chip_vector_disable
 *fill*         0x080025d4        0xc 
 .text.chip_clock_freq
                0x080025e0       0x18 /home/mike/Documents/caribou-rtos/branches/0.9/caribou/target/board/generic_stm32f103c/crossworks/caribou ARM Debug/caribou.a(target_chip.o)
                0x080025e0                chip_clock_freq
 *fill*         0x080025f8        0x8 
 .text.fault    0x08002600       0x80 /home/mike/Documents/caribou-rtos/branches/0.9/caribou/target/board/generic_stm32f103c/crossworks/caribou ARM Debug/caribou.a(target_fault.o)
                0x08002600                fault
 .text._fault   0x08002680       0x20 /home/mike/Documents/caribou-rtos/branches/0.9/caribou/target/board/generic_stm32f103c/crossworks/caribou ARM Debug/caribou.a(target_fault.o)
                0x08002680                _fault
 .text.chip_uart_int_disable
                0x080026a0       0x30 /home/mike/Documents/caribou-rtos/branches/0.9/caribou/target/board/generic_stm32f103c/crossworks/caribou ARM Debug/caribou.a(target_uart.o)
                0x080026a0                chip_uart_int_disable
 .text.chip_uart_int_enabled
                0x080026d0       0x38 /home/mike/Documents/caribou-rtos/branches/0.9/caribou/target/board/generic_stm32f103c/crossworks/caribou ARM Debug/caribou.a(target_uart.o)
                0x080026d0                chip_uart_int_enabled
 *fill*         0x08002708        0x8 
 .text.chip_uart_set_config
                0x08002710      0x124 /home/mike/Documents/caribou-rtos/branches/0.9/caribou/target/board/generic_stm32f103c/crossworks/caribou ARM Debug/caribou.a(target_uart.o)
                0x08002710                chip_uart_set_config
 *fill*         0x08002834        0xc 
 .text.chip_uart_open
                0x08002840       0x18 /home/mike/Documents/caribou-rtos/branches/0.9/caribou/target/board/generic_stm32f103c/crossworks/caribou ARM Debug/caribou.a(target_uart.o)
                0x08002840                chip_uart_open
 *fill*         0x08002858        0x8 
 .text.chip_uart_set_rx_queue
                0x08002860       0x24 /home/mike/Documents/caribou-rtos/branches/0.9/caribou/target/board/generic_stm32f103c/crossworks/caribou ARM Debug/caribou.a(target_uart.o)
                0x08002860                chip_uart_set_rx_queue
 *fill*         0x08002884        0xc 
 .text.chip_uart_set_tx_queue
                0x08002890       0x24 /home/mike/Documents/caribou-rtos/branches/0.9/caribou/target/board/generic_stm32f103c/crossworks/caribou ARM Debug/caribou.a(target_uart.o)
                0x08002890                chip_uart_set_tx_queue
 *fill*         0x080028b4        0xc 
 .text.chip_uart_rx_queue
                0x080028c0       0x1c /home/mike/Documents/caribou-rtos/branches/0.9/caribou/target/board/generic_stm32f103c/crossworks/caribou ARM Debug/caribou.a(target_uart.o)
                0x080028c0                chip_uart_rx_queue
 *fill*         0x080028dc        0x4 
 .text.chip_uart_tx_queue
                0x080028e0       0x1c /home/mike/Documents/caribou-rtos/branches/0.9/caribou/target/board/generic_stm32f103c/crossworks/caribou ARM Debug/caribou.a(target_uart.o)
                0x080028e0                chip_uart_tx_queue
 *fill*         0x080028fc        0x4 
 .text.chip_uart_interrupt_vector
                0x08002900       0x20 /home/mike/Documents/caribou-rtos/branches/0.9/caribou/target/board/generic_stm32f103c/crossworks/caribou ARM Debug/caribou.a(target_uart.o)
                0x08002900                chip_uart_interrupt_vector
 .text.chip_uart_status
                0x08002920       0x1c /home/mike/Documents/caribou-rtos/branches/0.9/caribou/target/board/generic_stm32f103c/crossworks/caribou ARM Debug/caribou.a(target_uart.o)
                0x08002920                chip_uart_status
 *fill*         0x0800293c        0x4 
 .text.chip_uart_set_status
                0x08002940       0x24 /home/mike/Documents/caribou-rtos/branches/0.9/caribou/target/board/generic_stm32f103c/crossworks/caribou ARM Debug/caribou.a(target_uart.o)
                0x08002940                chip_uart_set_status
 *fill*         0x08002964        0xc 
 .text.chip_uart_tx_ready
                0x08002970       0x34 /home/mike/Documents/caribou-rtos/branches/0.9/caribou/target/board/generic_stm32f103c/crossworks/caribou ARM Debug/caribou.a(target_uart.o)
                0x08002970                chip_uart_tx_ready
 *fill*         0x080029a4        0xc 
 .text.chip_uart_rx_ready
                0x080029b0       0x38 /home/mike/Documents/caribou-rtos/branches/0.9/caribou/target/board/generic_stm32f103c/crossworks/caribou ARM Debug/caribou.a(target_uart.o)
                0x080029b0                chip_uart_rx_ready
 *fill*         0x080029e8        0x8 
 .text.chip_uart_tx_data
                0x080029f0       0x28 /home/mike/Documents/caribou-rtos/branches/0.9/caribou/target/board/generic_stm32f103c/crossworks/caribou ARM Debug/caribou.a(target_uart.o)
                0x080029f0                chip_uart_tx_data
 *fill*         0x08002a18        0x8 
 .text.chip_uart_rx_data
                0x08002a20       0x20 /home/mike/Documents/caribou-rtos/branches/0.9/caribou/target/board/generic_stm32f103c/crossworks/caribou ARM Debug/caribou.a(target_uart.o)
                0x08002a20                chip_uart_rx_data
 .text.chip_uart_tx_start
                0x08002a40       0x2c /home/mike/Documents/caribou-rtos/branches/0.9/caribou/target/board/generic_stm32f103c/crossworks/caribou ARM Debug/caribou.a(target_uart.o)
                0x08002a40                chip_uart_tx_start
 *fill*         0x08002a6c        0x4 
 .text.chip_uart_tx_stop
                0x08002a70       0x2c /home/mike/Documents/caribou-rtos/branches/0.9/caribou/target/board/generic_stm32f103c/crossworks/caribou ARM Debug/caribou.a(target_uart.o)
                0x08002a70                chip_uart_tx_stop
 *fill*         0x08002a9c        0x4 
 .text.isr_uart
                0x08002aa0       0xac /home/mike/Documents/caribou-rtos/branches/0.9/caribou/target/board/generic_stm32f103c/crossworks/caribou ARM Debug/caribou.a(target_uart.o)
                0x08002aa0                isr_uart
 *fill*         0x08002b4c        0x4 
 .text.SystemInit
                0x08002b50       0x68 /home/mike/Documents/caribou-rtos/branches/0.9/caribou/target/board/generic_stm32f103c/crossworks/caribou ARM Debug/caribou.a(target_system_stm32f10x.o)
                0x08002b50                SystemInit
 *fill*         0x08002bb8        0x8 
 .text.SystemCoreClockUpdate
                0x08002bc0       0xd8 /home/mike/Documents/caribou-rtos/branches/0.9/caribou/target/board/generic_stm32f103c/crossworks/caribou ARM Debug/caribou.a(target_system_stm32f10x.o)
                0x08002bc0                SystemCoreClockUpdate
 *fill*         0x08002c98        0x8 
 .text.SetSysClock
                0x08002ca0        0xc /home/mike/Documents/caribou-rtos/branches/0.9/caribou/target/board/generic_stm32f103c/crossworks/caribou ARM Debug/caribou.a(target_system_stm32f10x.o)
 *fill*         0x08002cac        0x4 
 .text.SetSysClockTo72
                0x08002cb0      0x100 /home/mike/Documents/caribou-rtos/branches/0.9/caribou/target/board/generic_stm32f103c/crossworks/caribou ARM Debug/caribou.a(target_system_stm32f10x.o)
 .text.RCC_HSEConfig
                0x08002db0       0x78 /home/mike/Documents/caribou-rtos/branches/0.9/caribou/target/board/generic_stm32f103c/crossworks/caribou ARM Debug/caribou.a(target_stm32f10x_rcc.o)
                0x08002db0                RCC_HSEConfig
 *fill*         0x08002e28        0x8 
 .text.RCC_WaitForHSEStartUp
                0x08002e30       0x50 /home/mike/Documents/caribou-rtos/branches/0.9/caribou/target/board/generic_stm32f103c/crossworks/caribou ARM Debug/caribou.a(target_stm32f10x_rcc.o)
                0x08002e30                RCC_WaitForHSEStartUp
 .text.RCC_SYSCLKConfig
                0x08002e80       0x50 /home/mike/Documents/caribou-rtos/branches/0.9/caribou/target/board/generic_stm32f103c/crossworks/caribou ARM Debug/caribou.a(target_stm32f10x_rcc.o)
                0x08002e80                RCC_SYSCLKConfig
 .text.RCC_GetClocksFreq
                0x08002ed0      0x164 /home/mike/Documents/caribou-rtos/branches/0.9/caribou/target/board/generic_stm32f103c/crossworks/caribou ARM Debug/caribou.a(target_stm32f10x_rcc.o)
                0x08002ed0                RCC_GetClocksFreq
 *fill*         0x08003034        0xc 
 .text.RCC_AHBPeriphClockCmd
                0x08003040       0x70 /home/mike/Documents/caribou-rtos/branches/0.9/caribou/target/board/generic_stm32f103c/crossworks/caribou ARM Debug/caribou.a(target_stm32f10x_rcc.o)
                0x08003040                RCC_AHBPeriphClockCmd
 .text.RCC_APB2PeriphClockCmd
                0x080030b0       0x70 /home/mike/Documents/caribou-rtos/branches/0.9/caribou/target/board/generic_stm32f103c/crossworks/caribou ARM Debug/caribou.a(target_stm32f10x_rcc.o)
                0x080030b0                RCC_APB2PeriphClockCmd
 .text.RCC_APB1PeriphClockCmd
                0x08003120       0x70 /home/mike/Documents/caribou-rtos/branches/0.9/caribou/target/board/generic_stm32f103c/crossworks/caribou ARM Debug/caribou.a(target_stm32f10x_rcc.o)
                0x08003120                RCC_APB1PeriphClockCmd
 .text.RCC_GetFlagStatus
                0x08003190       0xbc /home/mike/Documents/caribou-rtos/branches/0.9/caribou/target/board/generic_stm32f103c/crossworks/caribou ARM Debug/caribou.a(target_stm32f10x_rcc.o)
                0x08003190                RCC_GetFlagStatus
 *fill*         0x0800324c        0x4 
 .text.USART_Init
                0x08003250      0x2d8 /home/mike/Documents/caribou-rtos/branches/0.9/caribou/target/board/generic_stm32f103c/crossworks/caribou ARM Debug/caribou.a(target_stm32f10x_usart.o)
                0x08003250                USART_Init
 *fill*         0x08003528        0x8 
 .text.USART_Cmd
                0x08003530       0x9c /home/mike/Documents/caribou-rtos/branches/0.9/caribou/target/board/generic_stm32f103c/crossworks/caribou ARM Debug/caribou.a(target_stm32f10x_usart.o)
                0x08003530                USART_Cmd
 *fill*         0x080035cc        0x4 
 .text.USART_ITConfig
                0x080035d0      0x16c /home/mike/Documents/caribou-rtos/branches/0.9/caribou/target/board/generic_stm32f103c/crossworks/caribou ARM Debug/caribou.a(target_stm32f10x_usart.o)
                0x080035d0                USART_ITConfig
 *fill*         0x0800373c        0x4 
 .text.isr_map_extend
                0x08003740       0x70 /home/mike/Documents/caribou-rtos/branches/0.9/caribou/target/board/generic_stm32f103c/crossworks/caribou ARM Debug/caribou.a(interrupt.o)
 .text.caribou_vector_installed
                0x080037b0       0x78 /home/mike/Documents/caribou-rtos/branches/0.9/caribou/target/board/generic_stm32f103c/crossworks/caribou ARM Debug/caribou.a(interrupt.o)
                0x080037b0                caribou_vector_installed
 *fill*         0x08003828        0x8 
 .text.caribou_vector_install
                0x08003830       0xbc /home/mike/Documents/caribou-rtos/branches/0.9/caribou/target/board/generic_stm32f103c/crossworks/caribou ARM Debug/caribou.a(interrupt.o)
                0x08003830                caribou_vector_install
 *fill*         0x080038ec        0x4 
 .text.caribou_interrupt_service
                0x080038f0       0x44 /home/mike/Documents/caribou-rtos/branches/0.9/caribou/target/board/generic_stm32f103c/crossworks/caribou ARM Debug/caribou.a(interrupt.o)
                0x080038f0                caribou_interrupt_service
 *fill*         0x08003934        0xc 
 .text.caribou_device_of
                0x08003940       0x30 /home/mike/Documents/caribou-rtos/branches/0.9/caribou/target/board/generic_stm32f103c/crossworks/caribou ARM Debug/caribou.a(uart.o)
 .text.caribou_uart_open
                0x08003970      0x128 /home/mike/Documents/caribou-rtos/branches/0.9/caribou/target/board/generic_stm32f103c/crossworks/caribou ARM Debug/caribou.a(uart.o)
                0x08003970                caribou_uart_open
 *fill*         0x08003a98        0x8 
 .text.caribou_uart_close
                0x08003aa0       0x98 /home/mike/Documents/caribou-rtos/branches/0.9/caribou/target/board/generic_stm32f103c/crossworks/caribou ARM Debug/caribou.a(uart.o)
                0x08003aa0                caribou_uart_close
 *fill*         0x08003b38        0x8 
 .text.caribou_uart_set_config
                0x08003b40       0x28 /home/mike/Documents/caribou-rtos/branches/0.9/caribou/target/board/generic_stm32f103c/crossworks/caribou ARM Debug/caribou.a(uart.o)
                0x08003b40                caribou_uart_set_config
 *fill*         0x08003b68        0x8 
 .text.caribou_uart_queue_tx_sz
                0x08003b70       0x10 /home/mike/Documents/caribou-rtos/branches/0.9/caribou/target/board/generic_stm32f103c/crossworks/caribou ARM Debug/caribou.a(uart.o)
                0x08003b70                caribou_uart_queue_tx_sz
 .text.caribou_uart_queue_rx_sz
                0x08003b80       0x10 /home/mike/Documents/caribou-rtos/branches/0.9/caribou/target/board/generic_stm32f103c/crossworks/caribou ARM Debug/caribou.a(uart.o)
                0x08003b80                caribou_uart_queue_rx_sz
 .text.caribou_uart_private_readfn
                0x08003b90       0x74 /home/mike/Documents/caribou-rtos/branches/0.9/caribou/target/board/generic_stm32f103c/crossworks/caribou ARM Debug/caribou.a(uart.o)
                0x08003b90                caribou_uart_private_readfn
 *fill*         0x08003c04        0xc 
 .text.caribou_uart_private_writefn
                0x08003c10       0x60 /home/mike/Documents/caribou-rtos/branches/0.9/caribou/target/board/generic_stm32f103c/crossworks/caribou ARM Debug/caribou.a(uart.o)
                0x08003c10                caribou_uart_private_writefn
 .text.caribou_uart_private_readqueuefn
                0x08003c70       0x24 /home/mike/Documents/caribou-rtos/branches/0.9/caribou/target/board/generic_stm32f103c/crossworks/caribou ARM Debug/caribou.a(uart.o)
                0x08003c70                caribou_uart_private_readqueuefn
 *fill*         0x08003c94        0xc 
 .text.caribou_uart_private_writequeuefn
                0x08003ca0       0x24 /home/mike/Documents/caribou-rtos/branches/0.9/caribou/target/board/generic_stm32f103c/crossworks/caribou ARM Debug/caribou.a(uart.o)
                0x08003ca0                caribou_uart_private_writequeuefn
 *fill*         0x08003cc4        0xc 
 .text.caribou_uart_private_statefn
                0x08003cd0       0x1c /home/mike/Documents/caribou-rtos/branches/0.9/caribou/target/board/generic_stm32f103c/crossworks/caribou ARM Debug/caribou.a(uart.o)
                0x08003cd0                caribou_uart_private_statefn
 *fill*         0x08003cec        0x4 
 .text.caribou_bytequeue_new
                0x08003cf0       0x54 /home/mike/Documents/caribou-rtos/branches/0.9/caribou/target/board/generic_stm32f103c/crossworks/caribou ARM Debug/caribou.a(bytequeue.o)
                0x08003cf0                caribou_bytequeue_new
 *fill*         0x08003d44        0xc 
 .text.caribou_bytequeue_free
                0x08003d50       0x44 /home/mike/Documents/caribou-rtos/branches/0.9/caribou/target/board/generic_stm32f103c/crossworks/caribou ARM Debug/caribou.a(bytequeue.o)
                0x08003d50                caribou_bytequeue_free
 *fill*         0x08003d94        0xc 
 .text.caribou_bytequeue_empty
                0x08003da0       0x34 /home/mike/Documents/caribou-rtos/branches/0.9/caribou/target/board/generic_stm32f103c/crossworks/caribou ARM Debug/caribou.a(bytequeue.o)
                0x08003da0                caribou_bytequeue_empty
 *fill*         0x08003dd4        0xc 
 .text.caribou_bytequeue_level
                0x08003de0       0x48 /home/mike/Documents/caribou-rtos/branches/0.9/caribou/target/board/generic_stm32f103c/crossworks/caribou ARM Debug/caribou.a(bytequeue.o)
                0x08003de0                caribou_bytequeue_level
 *fill*         0x08003e28        0x8 
 .text.caribou_bytequeue_put
                0x08003e30       0x80 /home/mike/Documents/caribou-rtos/branches/0.9/caribou/target/board/generic_stm32f103c/crossworks/caribou ARM Debug/caribou.a(bytequeue.o)
                0x08003e30                caribou_bytequeue_put
 .text.caribou_bytequeue_get
                0x08003eb0       0x58 /home/mike/Documents/caribou-rtos/branches/0.9/caribou/target/board/generic_stm32f103c/crossworks/caribou ARM Debug/caribou.a(bytequeue.o)
                0x08003eb0                caribou_bytequeue_get
 *fill*         0x08003f08        0x8 
 .text.early_init
                0x08003f10      0x174 /home/mike/Documents/caribou-rtos/branches/0.9/caribou/target/board/generic_stm32f103c/crossworks/caribou ARM Debug/caribou.a(target_board.o)
                0x08003f10                early_init
 *fill*         0x08004084        0xc 
 .text.late_init
                0x08004090       0x34 /home/mike/Documents/caribou-rtos/branches/0.9/caribou/target/board/generic_stm32f103c/crossworks/caribou ARM Debug/caribou.a(target_board.o)
                0x08004090                late_init
 *fill*         0x080040c4        0xc 
 .text.board_idle
                0x080040d0       0x4c /home/mike/Documents/caribou-rtos/branches/0.9/caribou/target/board/generic_stm32f103c/crossworks/caribou ARM Debug/caribou.a(target_board.o)
                0x080040d0                board_idle
 *fill*         0x0800411c        0x4 
 .text.caribou_gpio_toggle
                0x08004120       0x20 /home/mike/Documents/caribou-rtos/branches/0.9/caribou/target/board/generic_stm32f103c/crossworks/caribou ARM Debug/caribou.a(gpio.o)
                0x08004120                caribou_gpio_toggle
 .text.chip_gpio_toggle
                0x08004140       0x4c /home/mike/Documents/caribou-rtos/branches/0.9/caribou/target/board/generic_stm32f103c/crossworks/caribou ARM Debug/caribou.a(target_gpio.o)
                0x08004140                chip_gpio_toggle
 *fill*         0x0800418c        0x4 
 .text.chip_gpio_pinstate
                0x08004190       0x28 /home/mike/Documents/caribou-rtos/branches/0.9/caribou/target/board/generic_stm32f103c/crossworks/caribou ARM Debug/caribou.a(target_gpio.o)
                0x08004190                chip_gpio_pinstate
 *(.rodata)
 *fill*         0x080041b8        0x8 
 .rodata        0x080041c0       0x40 caribou-demo ARM Debug/caribou_demo.o
 .rodata        0x08004200       0x1c /home/mike/Documents/caribou-rtos/branches/0.9/caribou/target/board/generic_stm32f103c/crossworks/caribou ARM Debug/caribou.a(caribou.o)
 *fill*         0x0800421c        0x4 
 .rodata        0x08004220      0x128 /home/mike/Documents/caribou-rtos/branches/0.9/caribou/target/board/generic_stm32f103c/crossworks/caribou ARM Debug/caribou.a(thread.o)
 *fill*         0x08004348        0x8 
 .rodata        0x08004350        0x8 /home/mike/Documents/caribou-rtos/branches/0.9/caribou/target/board/generic_stm32f103c/crossworks/caribou ARM Debug/caribou.a(stdio.o)
 *fill*         0x08004358        0x8 
 .rodata        0x08004360        0x4 /home/mike/Documents/caribou-rtos/branches/0.9/caribou/target/board/generic_stm32f103c/crossworks/caribou ARM Debug/caribou.a(target_board.o)
 *(.rodata.*)
 *fill*         0x08004364        0xc 
 .rodata._stdio_
                0x08004370       0x60 /home/mike/Documents/caribou-rtos/branches/0.9/caribou/target/board/generic_stm32f103c/crossworks/caribou ARM Debug/caribou.a(target_uart.o)
                0x08004370                _stdio_
 *(.glue_7t)
 .glue_7t       0x00000000        0x0 linker stubs
 *(.glue_7)
 .glue_7        0x00000000        0x0 linker stubs
 *(.gcc*)

.vfp11_veneer   0x080043d0        0x0
 .vfp11_veneer  0x00000000        0x0 linker stubs

.v4_bx          0x080043d0        0x0
 .v4_bx         0x00000000        0x0 linker stubs

.iplt           0x080043d0        0x0
 .iplt          0x00000000        0x0 caribou-demo ARM Debug/caribou_demo.o

.vectors        0x080043d0      0x1b0
 .vectors       0x080043d0      0x1b0 /home/mike/Documents/caribou-rtos/branches/0.9/caribou/target/board/generic_stm32f103c/crossworks/caribou ARM Debug/caribou.a(target_vectors.o)
                0x080043d0                _vectors

.rel.dyn        0x08004580        0x0
 .rel.iplt      0x00000000        0x0 caribou-demo ARM Debug/caribou_demo.o

.ARM.extab
 *(.ARM.extab* .gnu.linkonce.armextab.*)

.ARM.exidx      0x08004580        0x0
                0x08004580                PROVIDE (__exidx_start, .)
 *(.ARM.exidx* .gnu.linkonce.armexidx.*)
                0x08004580                PROVIDE (__exidx_end, .)

.eh_frame_hdr
 *(.eh_frame_hdr)

.eh_frame
 *(.eh_frame)

.textalign      0x08004580        0x0
                0x08004580                . = ALIGN (0x8)
                0x08004580                _etext = .
                0x08004580                _textdata = _etext

.stacks         0x20000000      0x680
                0x20000000                . = ALIGN (0x8)
                0x20000000                __main_stack_base__ = .
                0x20000280                . = (. + __main_stack_size__)
 *fill*         0x20000000      0x280 
                0x20000280                . = ALIGN (0x8)
                0x20000280                __main_stack_end__ = .
                0x20000280                __process_stack_base__ = .
                0x20000280                __main_thread_stack_base__ = .
                0x20000680                . = (. + __process_stack_size__)
 *fill*         0x20000280      0x400 
                0x20000680                . = ALIGN (0x8)
                0x20000680                __process_stack_end__ = .
                0x20000680                __main_thread_stack_end__ = .

.data           0x20000680       0xa0 load address 0x08004580
                0x20000680                . = ALIGN (0x4)
                0x20000680                PROVIDE (_data, .)
 *(.data)
                0x20000680                . = ALIGN (0x4)
 *(.data.*)
 .data.device_info
                0x20000680       0x70 /home/mike/Documents/caribou-rtos/branches/0.9/caribou/target/board/generic_stm32f103c/crossworks/caribou ARM Debug/caribou.a(target_uart.o)
                0x20000680                device_info
 .data.SystemCoreClock
                0x200006f0        0x4 /home/mike/Documents/caribou-rtos/branches/0.9/caribou/target/board/generic_stm32f103c/crossworks/caribou ARM Debug/caribou.a(target_system_stm32f10x.o)
                0x200006f0                SystemCoreClock
 .data.AHBPrescTable
                0x200006f4       0x10 /home/mike/Documents/caribou-rtos/branches/0.9/caribou/target/board/generic_stm32f103c/crossworks/caribou ARM Debug/caribou.a(target_system_stm32f10x.o)
                0x200006f4                AHBPrescTable
 .data.APBAHBPrescTable
                0x20000704       0x10 /home/mike/Documents/caribou-rtos/branches/0.9/caribou/target/board/generic_stm32f103c/crossworks/caribou ARM Debug/caribou.a(target_stm32f10x_rcc.o)
 .data.ADCPrescTable
                0x20000714        0x4 /home/mike/Documents/caribou-rtos/branches/0.9/caribou/target/board/generic_stm32f103c/crossworks/caribou ARM Debug/caribou.a(target_stm32f10x_rcc.o)
 .data.led1     0x20000718        0x8 /home/mike/Documents/caribou-rtos/branches/0.9/caribou/target/board/generic_stm32f103c/crossworks/caribou ARM Debug/caribou.a(target_board.o)
                0x20000720                . = ALIGN (0x4)
 *(.ramtext)
                0x20000720                . = ALIGN (0x4)
                0x20000720                PROVIDE (_edata, .)

.igot.plt       0x20000720        0x0 load address 0x08004620
 .igot.plt      0x00000000        0x0 caribou-demo ARM Debug/caribou_demo.o

.bss            0x20000720      0x678 load address 0x08004620
                0x20000720                . = ALIGN (0x4)
                0x20000720                PROVIDE (__bss_start__, .)
 *(.bss)
                0x20000720                . = ALIGN (0x4)
 *(.bss.*)
 .bss.stack_thread1
                0x20000720      0x200 caribou-demo ARM Debug/caribou_demo.o
                0x20000720                stack_thread1
 .bss.stack_thread2
                0x20000920      0x200 caribou-demo ARM Debug/caribou_demo.o
                0x20000920                stack_thread2
 .bss.stack_thread3
                0x20000b20      0x200 caribou-demo ARM Debug/caribou_demo.o
                0x20000b20                stack_thread3
 .bss.mutex_a   0x20000d20        0x8 caribou-demo ARM Debug/caribou_demo.o
                0x20000d20                mutex_a
 .bss.queue_a   0x20000d28        0x4 caribou-demo ARM Debug/caribou_demo.o
                0x20000d28                queue_a
 .bss.global_a  0x20000d2c        0x4 caribou-demo ARM Debug/caribou_demo.o
                0x20000d2c                global_a
 .bss.nlen      0x20000d30        0x4 caribou-demo ARM Debug/caribou_demo.o
                0x20000d30                nlen
 *fill*         0x20000d34        0x4 
 .bss._caribou_jiffies
                0x20000d38        0x8 /home/mike/Documents/caribou-rtos/branches/0.9/caribou/target/board/generic_stm32f103c/crossworks/caribou ARM Debug/caribou.a(thread.o)
                0x20000d38                _caribou_jiffies
 .bss._caribou_thread_queue_
                0x20000d40        0x4 /home/mike/Documents/caribou-rtos/branches/0.9/caribou/target/board/generic_stm32f103c/crossworks/caribou ARM Debug/caribou.a(thread.o)
 .bss._current_thread_
                0x20000d44        0x4 /home/mike/Documents/caribou-rtos/branches/0.9/caribou/target/board/generic_stm32f103c/crossworks/caribou ARM Debug/caribou.a(thread.o)
                0x20000d44                _current_thread_
 .bss.priority  0x20000d48        0x2 /home/mike/Documents/caribou-rtos/branches/0.9/caribou/target/board/generic_stm32f103c/crossworks/caribou ARM Debug/caribou.a(thread.o)
 *fill*         0x20000d4a        0x2 
 .bss.faultfn   0x20000d4c        0x4 /home/mike/Documents/caribou-rtos/branches/0.9/caribou/target/board/generic_stm32f103c/crossworks/caribou ARM Debug/caribou.a(thread.o)
 .bss.faultarg  0x20000d50        0x4 /home/mike/Documents/caribou-rtos/branches/0.9/caribou/target/board/generic_stm32f103c/crossworks/caribou ARM Debug/caribou.a(thread.o)
 *fill*         0x20000d54        0x4 
 .bss._caribou_tail_jiffies
                0x20000d58        0x8 /home/mike/Documents/caribou-rtos/branches/0.9/caribou/target/board/generic_stm32f103c/crossworks/caribou ARM Debug/caribou.a(timer.o)
 .bss.__errno   0x20000d60        0x4 /home/mike/Documents/caribou-rtos/branches/0.9/caribou/target/board/generic_stm32f103c/crossworks/caribou ARM Debug/caribou.a(errno.o)
                0x20000d60                __errno
 .bss.heap_size
                0x20000d64        0x4 /home/mike/Documents/caribou-rtos/branches/0.9/caribou/target/board/generic_stm32f103c/crossworks/caribou ARM Debug/caribou.a(heap.o)
 .bss.heap_blocks
                0x20000d68        0x2 /home/mike/Documents/caribou-rtos/branches/0.9/caribou/target/board/generic_stm32f103c/crossworks/caribou ARM Debug/caribou.a(heap.o)
                0x20000d68                heap_blocks
 .bss.heap_bitmap_size
                0x20000d6a        0x2 /home/mike/Documents/caribou-rtos/branches/0.9/caribou/target/board/generic_stm32f103c/crossworks/caribou ARM Debug/caribou.a(heap.o)
 .bss.heap_area
                0x20000d6c        0x4 /home/mike/Documents/caribou-rtos/branches/0.9/caribou/target/board/generic_stm32f103c/crossworks/caribou ARM Debug/caribou.a(heap.o)
 .bss.heap_free_bitmap
                0x20000d70        0x4 /home/mike/Documents/caribou-rtos/branches/0.9/caribou/target/board/generic_stm32f103c/crossworks/caribou ARM Debug/caribou.a(heap.o)
 .bss.heap_last_bitmap
                0x20000d74        0x4 /home/mike/Documents/caribou-rtos/branches/0.9/caribou/target/board/generic_stm32f103c/crossworks/caribou ARM Debug/caribou.a(heap.o)
 .bss._stdin    0x20000d78        0x4 /home/mike/Documents/caribou-rtos/branches/0.9/caribou/target/board/generic_stm32f103c/crossworks/caribou ARM Debug/caribou.a(stdio.o)
                0x20000d78                _stdin
 .bss._stdout   0x20000d7c        0x4 /home/mike/Documents/caribou-rtos/branches/0.9/caribou/target/board/generic_stm32f103c/crossworks/caribou ARM Debug/caribou.a(stdio.o)
                0x20000d7c                _stdout
 .bss._stderr   0x20000d80        0x4 /home/mike/Documents/caribou-rtos/branches/0.9/caribou/target/board/generic_stm32f103c/crossworks/caribou ARM Debug/caribou.a(stdio.o)
                0x20000d80                _stderr
 .bss.isr_map   0x20000d84        0x4 /home/mike/Documents/caribou-rtos/branches/0.9/caribou/target/board/generic_stm32f103c/crossworks/caribou ARM Debug/caribou.a(interrupt.o)
                0x20000d84                isr_map
 .bss.isr_map_size
                0x20000d88        0x4 /home/mike/Documents/caribou-rtos/branches/0.9/caribou/target/board/generic_stm32f103c/crossworks/caribou ARM Debug/caribou.a(interrupt.o)
                0x20000d88                isr_map_size
 *fill*         0x20000d8c        0x4 
 .bss.last0.6131
                0x20000d90        0x8 /home/mike/Documents/caribou-rtos/branches/0.9/caribou/target/board/generic_stm32f103c/crossworks/caribou ARM Debug/caribou.a(target_board.o)
                0x20000d98                . = ALIGN (0x4)
 *(COMMON)
                0x20000d98                . = ALIGN (0x4)
                0x20000d98                PROVIDE (__bss_end__, .)
                0x20000d98                PROVIDE (end, .)
                0x20000d98                _end = .
                0x20000d98                __heap_base__ = _end
                0x20008000                __heap_end__ = __ram_end__
START GROUP
LOAD caribou-demo ARM Debug/caribou_demo.o
LOAD /home/mike/Documents/caribou-rtos/branches/0.9/caribou/target/board/generic_stm32f103c/crossworks/caribou ARM Debug/caribou.a
END GROUP
OUTPUT(caribou-demo ARM Debug/caribou-demo.elf elf32-littlearm)

.debug_frame    0x00000000     0x39e4
 .debug_frame   0x00000000       0xe8 caribou-demo ARM Debug/caribou_demo.o
 .debug_frame   0x000000e8      0x188 /home/mike/Documents/caribou-rtos/branches/0.9/caribou/target/board/generic_stm32f103c/crossworks/caribou ARM Debug/caribou.a(caribou.o)
 .debug_frame   0x00000270      0x6c8 /home/mike/Documents/caribou-rtos/branches/0.9/caribou/target/board/generic_stm32f103c/crossworks/caribou ARM Debug/caribou.a(thread.o)
 .debug_frame   0x00000938      0x300 /home/mike/Documents/caribou-rtos/branches/0.9/caribou/target/board/generic_stm32f103c/crossworks/caribou ARM Debug/caribou.a(timer.o)
 .debug_frame   0x00000c38       0x3c /home/mike/Documents/caribou-rtos/branches/0.9/caribou/target/board/generic_stm32f103c/crossworks/caribou ARM Debug/caribou.a(errno.o)
 .debug_frame   0x00000c74      0x3f0 /home/mike/Documents/caribou-rtos/branches/0.9/caribou/target/board/generic_stm32f103c/crossworks/caribou ARM Debug/caribou.a(heap.o)
 .debug_frame   0x00001064      0x170 /home/mike/Documents/caribou-rtos/branches/0.9/caribou/target/board/generic_stm32f103c/crossworks/caribou ARM Debug/caribou.a(mutex.o)
 .debug_frame   0x000011d4      0x3a8 /home/mike/Documents/caribou-rtos/branches/0.9/caribou/target/board/generic_stm32f103c/crossworks/caribou ARM Debug/caribou.a(queue.o)
 .debug_frame   0x0000157c      0x3d0 /home/mike/Documents/caribou-rtos/branches/0.9/caribou/target/board/generic_stm32f103c/crossworks/caribou ARM Debug/caribou.a(stdio.o)
 .debug_frame   0x0000194c      0x294 /home/mike/Documents/caribou-rtos/branches/0.9/caribou/target/board/generic_stm32f103c/crossworks/caribou ARM Debug/caribou.a(string.o)
 .debug_frame   0x00001be0      0x448 /home/mike/Documents/caribou-rtos/branches/0.9/caribou/target/board/generic_stm32f103c/crossworks/caribou ARM Debug/caribou.a(target_chip.o)
 .debug_frame   0x00002028       0x74 /home/mike/Documents/caribou-rtos/branches/0.9/caribou/target/board/generic_stm32f103c/crossworks/caribou ARM Debug/caribou.a(target_fault.o)
 .debug_frame   0x0000209c      0x3c4 /home/mike/Documents/caribou-rtos/branches/0.9/caribou/target/board/generic_stm32f103c/crossworks/caribou ARM Debug/caribou.a(target_uart.o)
 .debug_frame   0x00002460       0xa8 /home/mike/Documents/caribou-rtos/branches/0.9/caribou/target/board/generic_stm32f103c/crossworks/caribou ARM Debug/caribou.a(target_system_stm32f10x.o)
 .debug_frame   0x00002508      0x568 /home/mike/Documents/caribou-rtos/branches/0.9/caribou/target/board/generic_stm32f103c/crossworks/caribou ARM Debug/caribou.a(target_stm32f10x_rcc.o)
 .debug_frame   0x00002a70      0x504 /home/mike/Documents/caribou-rtos/branches/0.9/caribou/target/board/generic_stm32f103c/crossworks/caribou ARM Debug/caribou.a(target_stm32f10x_usart.o)
 .debug_frame   0x00002f74      0x118 /home/mike/Documents/caribou-rtos/branches/0.9/caribou/target/board/generic_stm32f103c/crossworks/caribou ARM Debug/caribou.a(interrupt.o)
 .debug_frame   0x0000308c      0x440 /home/mike/Documents/caribou-rtos/branches/0.9/caribou/target/board/generic_stm32f103c/crossworks/caribou ARM Debug/caribou.a(uart.o)
 .debug_frame   0x000034cc      0x248 /home/mike/Documents/caribou-rtos/branches/0.9/caribou/target/board/generic_stm32f103c/crossworks/caribou ARM Debug/caribou.a(bytequeue.o)
 .debug_frame   0x00003714       0x84 /home/mike/Documents/caribou-rtos/branches/0.9/caribou/target/board/generic_stm32f103c/crossworks/caribou ARM Debug/caribou.a(target_board.o)
 .debug_frame   0x00003798      0x198 /home/mike/Documents/caribou-rtos/branches/0.9/caribou/target/board/generic_stm32f103c/crossworks/caribou ARM Debug/caribou.a(gpio.o)
 .debug_frame   0x00003930       0xb4 /home/mike/Documents/caribou-rtos/branches/0.9/caribou/target/board/generic_stm32f103c/crossworks/caribou ARM Debug/caribou.a(target_gpio.o)

.debug_info     0x00000000     0x8aa9
 .debug_info    0x00000000      0x380 caribou-demo ARM Debug/caribou_demo.o
 .debug_info    0x00000380      0x193 /home/mike/Documents/caribou-rtos/branches/0.9/caribou/target/board/generic_stm32f103c/crossworks/caribou ARM Debug/caribou.a(caribou.o)
 .debug_info    0x00000513      0xc83 /home/mike/Documents/caribou-rtos/branches/0.9/caribou/target/board/generic_stm32f103c/crossworks/caribou ARM Debug/caribou.a(thread.o)
 .debug_info    0x00001196      0x789 /home/mike/Documents/caribou-rtos/branches/0.9/caribou/target/board/generic_stm32f103c/crossworks/caribou ARM Debug/caribou.a(timer.o)
 .debug_info    0x0000191f      0x183 /home/mike/Documents/caribou-rtos/branches/0.9/caribou/target/board/generic_stm32f103c/crossworks/caribou ARM Debug/caribou.a(errno.o)
 .debug_info    0x00001aa2      0x7c5 /home/mike/Documents/caribou-rtos/branches/0.9/caribou/target/board/generic_stm32f103c/crossworks/caribou ARM Debug/caribou.a(heap.o)
 .debug_info    0x00002267      0x4b4 /home/mike/Documents/caribou-rtos/branches/0.9/caribou/target/board/generic_stm32f103c/crossworks/caribou ARM Debug/caribou.a(mutex.o)
 .debug_info    0x0000271b      0x78c /home/mike/Documents/caribou-rtos/branches/0.9/caribou/target/board/generic_stm32f103c/crossworks/caribou ARM Debug/caribou.a(queue.o)
 .debug_info    0x00002ea7      0x819 /home/mike/Documents/caribou-rtos/branches/0.9/caribou/target/board/generic_stm32f103c/crossworks/caribou ARM Debug/caribou.a(stdio.o)
 .debug_info    0x000036c0      0x57d /home/mike/Documents/caribou-rtos/branches/0.9/caribou/target/board/generic_stm32f103c/crossworks/caribou ARM Debug/caribou.a(string.o)
 .debug_info    0x00003c3d      0x9c4 /home/mike/Documents/caribou-rtos/branches/0.9/caribou/target/board/generic_stm32f103c/crossworks/caribou ARM Debug/caribou.a(target_chip.o)
 .debug_info    0x00004601      0x115 /home/mike/Documents/caribou-rtos/branches/0.9/caribou/target/board/generic_stm32f103c/crossworks/caribou ARM Debug/caribou.a(target_crt0.o)
 .debug_info    0x00004716      0x37d /home/mike/Documents/caribou-rtos/branches/0.9/caribou/target/board/generic_stm32f103c/crossworks/caribou ARM Debug/caribou.a(target_fault.o)
 .debug_info    0x00004a93      0xcf4 /home/mike/Documents/caribou-rtos/branches/0.9/caribou/target/board/generic_stm32f103c/crossworks/caribou ARM Debug/caribou.a(target_uart.o)
 .debug_info    0x00005787      0x405 /home/mike/Documents/caribou-rtos/branches/0.9/caribou/target/board/generic_stm32f103c/crossworks/caribou ARM Debug/caribou.a(target_system_stm32f10x.o)
 .debug_info    0x00005b8c      0x9c2 /home/mike/Documents/caribou-rtos/branches/0.9/caribou/target/board/generic_stm32f103c/crossworks/caribou ARM Debug/caribou.a(target_stm32f10x_rcc.o)
 .debug_info    0x0000654e      0xb02 /home/mike/Documents/caribou-rtos/branches/0.9/caribou/target/board/generic_stm32f103c/crossworks/caribou ARM Debug/caribou.a(target_stm32f10x_usart.o)
 .debug_info    0x00007050      0x53f /home/mike/Documents/caribou-rtos/branches/0.9/caribou/target/board/generic_stm32f103c/crossworks/caribou ARM Debug/caribou.a(interrupt.o)
 .debug_info    0x0000758f      0x8e7 /home/mike/Documents/caribou-rtos/branches/0.9/caribou/target/board/generic_stm32f103c/crossworks/caribou ARM Debug/caribou.a(uart.o)
 .debug_info    0x00007e76      0x456 /home/mike/Documents/caribou-rtos/branches/0.9/caribou/target/board/generic_stm32f103c/crossworks/caribou ARM Debug/caribou.a(bytequeue.o)
 .debug_info    0x000082cc      0x30a /home/mike/Documents/caribou-rtos/branches/0.9/caribou/target/board/generic_stm32f103c/crossworks/caribou ARM Debug/caribou.a(target_board.o)
 .debug_info    0x000085d6      0x2c8 /home/mike/Documents/caribou-rtos/branches/0.9/caribou/target/board/generic_stm32f103c/crossworks/caribou ARM Debug/caribou.a(gpio.o)
 .debug_info    0x0000889e      0x20b /home/mike/Documents/caribou-rtos/branches/0.9/caribou/target/board/generic_stm32f103c/crossworks/caribou ARM Debug/caribou.a(target_gpio.o)

.debug_abbrev   0x00000000     0x243c
 .debug_abbrev  0x00000000      0x170 caribou-demo ARM Debug/caribou_demo.o
 .debug_abbrev  0x00000170      0x100 /home/mike/Documents/caribou-rtos/branches/0.9/caribou/target/board/generic_stm32f103c/crossworks/caribou ARM Debug/caribou.a(caribou.o)
 .debug_abbrev  0x00000270      0x32d /home/mike/Documents/caribou-rtos/branches/0.9/caribou/target/board/generic_stm32f103c/crossworks/caribou ARM Debug/caribou.a(thread.o)
 .debug_abbrev  0x0000059d      0x22c /home/mike/Documents/caribou-rtos/branches/0.9/caribou/target/board/generic_stm32f103c/crossworks/caribou ARM Debug/caribou.a(timer.o)
 .debug_abbrev  0x000007c9       0xe9 /home/mike/Documents/caribou-rtos/branches/0.9/caribou/target/board/generic_stm32f103c/crossworks/caribou ARM Debug/caribou.a(errno.o)
 .debug_abbrev  0x000008b2      0x22b /home/mike/Documents/caribou-rtos/branches/0.9/caribou/target/board/generic_stm32f103c/crossworks/caribou ARM Debug/caribou.a(heap.o)
 .debug_abbrev  0x00000add      0x12f /home/mike/Documents/caribou-rtos/branches/0.9/caribou/target/board/generic_stm32f103c/crossworks/caribou ARM Debug/caribou.a(mutex.o)
 .debug_abbrev  0x00000c0c      0x170 /home/mike/Documents/caribou-rtos/branches/0.9/caribou/target/board/generic_stm32f103c/crossworks/caribou ARM Debug/caribou.a(queue.o)
 .debug_abbrev  0x00000d7c      0x21a /home/mike/Documents/caribou-rtos/branches/0.9/caribou/target/board/generic_stm32f103c/crossworks/caribou ARM Debug/caribou.a(stdio.o)
 .debug_abbrev  0x00000f96      0x142 /home/mike/Documents/caribou-rtos/branches/0.9/caribou/target/board/generic_stm32f103c/crossworks/caribou ARM Debug/caribou.a(string.o)
 .debug_abbrev  0x000010d8      0x300 /home/mike/Documents/caribou-rtos/branches/0.9/caribou/target/board/generic_stm32f103c/crossworks/caribou ARM Debug/caribou.a(target_chip.o)
 .debug_abbrev  0x000013d8       0x14 /home/mike/Documents/caribou-rtos/branches/0.9/caribou/target/board/generic_stm32f103c/crossworks/caribou ARM Debug/caribou.a(target_crt0.o)
 .debug_abbrev  0x000013ec       0xfd /home/mike/Documents/caribou-rtos/branches/0.9/caribou/target/board/generic_stm32f103c/crossworks/caribou ARM Debug/caribou.a(target_fault.o)
 .debug_abbrev  0x000014e9      0x281 /home/mike/Documents/caribou-rtos/branches/0.9/caribou/target/board/generic_stm32f103c/crossworks/caribou ARM Debug/caribou.a(target_uart.o)
 .debug_abbrev  0x0000176a      0x177 /home/mike/Documents/caribou-rtos/branches/0.9/caribou/target/board/generic_stm32f103c/crossworks/caribou ARM Debug/caribou.a(target_system_stm32f10x.o)
 .debug_abbrev  0x000018e1      0x1ce /home/mike/Documents/caribou-rtos/branches/0.9/caribou/target/board/generic_stm32f103c/crossworks/caribou ARM Debug/caribou.a(target_stm32f10x_rcc.o)
 .debug_abbrev  0x00001aaf      0x192 /home/mike/Documents/caribou-rtos/branches/0.9/caribou/target/board/generic_stm32f103c/crossworks/caribou ARM Debug/caribou.a(target_stm32f10x_usart.o)
 .debug_abbrev  0x00001c41      0x17f /home/mike/Documents/caribou-rtos/branches/0.9/caribou/target/board/generic_stm32f103c/crossworks/caribou ARM Debug/caribou.a(interrupt.o)
 .debug_abbrev  0x00001dc0      0x1fe /home/mike/Documents/caribou-rtos/branches/0.9/caribou/target/board/generic_stm32f103c/crossworks/caribou ARM Debug/caribou.a(uart.o)
 .debug_abbrev  0x00001fbe      0x112 /home/mike/Documents/caribou-rtos/branches/0.9/caribou/target/board/generic_stm32f103c/crossworks/caribou ARM Debug/caribou.a(bytequeue.o)
 .debug_abbrev  0x000020d0      0x13c /home/mike/Documents/caribou-rtos/branches/0.9/caribou/target/board/generic_stm32f103c/crossworks/caribou ARM Debug/caribou.a(target_board.o)
 .debug_abbrev  0x0000220c      0x123 /home/mike/Documents/caribou-rtos/branches/0.9/caribou/target/board/generic_stm32f103c/crossworks/caribou ARM Debug/caribou.a(gpio.o)
 .debug_abbrev  0x0000232f      0x10d /home/mike/Documents/caribou-rtos/branches/0.9/caribou/target/board/generic_stm32f103c/crossworks/caribou ARM Debug/caribou.a(target_gpio.o)

.debug_aranges  0x00000000      0xd38
 .debug_aranges
                0x00000000       0x40 caribou-demo ARM Debug/caribou_demo.o
 .debug_aranges
                0x00000040       0x68 /home/mike/Documents/caribou-rtos/branches/0.9/caribou/target/board/generic_stm32f103c/crossworks/caribou ARM Debug/caribou.a(caribou.o)
 .debug_aranges
                0x000000a8      0x180 /home/mike/Documents/caribou-rtos/branches/0.9/caribou/target/board/generic_stm32f103c/crossworks/caribou ARM Debug/caribou.a(thread.o)
 .debug_aranges
                0x00000228       0xb0 /home/mike/Documents/caribou-rtos/branches/0.9/caribou/target/board/generic_stm32f103c/crossworks/caribou ARM Debug/caribou.a(timer.o)
 .debug_aranges
                0x000002d8       0x20 /home/mike/Documents/caribou-rtos/branches/0.9/caribou/target/board/generic_stm32f103c/crossworks/caribou ARM Debug/caribou.a(errno.o)
 .debug_aranges
                0x000002f8       0xd8 /home/mike/Documents/caribou-rtos/branches/0.9/caribou/target/board/generic_stm32f103c/crossworks/caribou ARM Debug/caribou.a(heap.o)
 .debug_aranges
                0x000003d0       0x58 /home/mike/Documents/caribou-rtos/branches/0.9/caribou/target/board/generic_stm32f103c/crossworks/caribou ARM Debug/caribou.a(mutex.o)
 .debug_aranges
                0x00000428       0xc0 /home/mike/Documents/caribou-rtos/branches/0.9/caribou/target/board/generic_stm32f103c/crossworks/caribou ARM Debug/caribou.a(queue.o)
 .debug_aranges
                0x000004e8       0xc0 /home/mike/Documents/caribou-rtos/branches/0.9/caribou/target/board/generic_stm32f103c/crossworks/caribou ARM Debug/caribou.a(stdio.o)
 .debug_aranges
                0x000005a8       0x98 /home/mike/Documents/caribou-rtos/branches/0.9/caribou/target/board/generic_stm32f103c/crossworks/caribou ARM Debug/caribou.a(string.o)
 .debug_aranges
                0x00000640      0x118 /home/mike/Documents/caribou-rtos/branches/0.9/caribou/target/board/generic_stm32f103c/crossworks/caribou ARM Debug/caribou.a(target_chip.o)
 .debug_aranges
                0x00000758       0x20 /home/mike/Documents/caribou-rtos/branches/0.9/caribou/target/board/generic_stm32f103c/crossworks/caribou ARM Debug/caribou.a(target_crt0.o)
 .debug_aranges
                0x00000778       0x30 /home/mike/Documents/caribou-rtos/branches/0.9/caribou/target/board/generic_stm32f103c/crossworks/caribou ARM Debug/caribou.a(target_fault.o)
 .debug_aranges
                0x000007a8       0xd0 /home/mike/Documents/caribou-rtos/branches/0.9/caribou/target/board/generic_stm32f103c/crossworks/caribou ARM Debug/caribou.a(target_uart.o)
 .debug_aranges
                0x00000878       0x38 /home/mike/Documents/caribou-rtos/branches/0.9/caribou/target/board/generic_stm32f103c/crossworks/caribou ARM Debug/caribou.a(target_system_stm32f10x.o)
 .debug_aranges
                0x000008b0      0x118 /home/mike/Documents/caribou-rtos/branches/0.9/caribou/target/board/generic_stm32f103c/crossworks/caribou ARM Debug/caribou.a(target_stm32f10x_rcc.o)
 .debug_aranges
                0x000009c8      0x100 /home/mike/Documents/caribou-rtos/branches/0.9/caribou/target/board/generic_stm32f103c/crossworks/caribou ARM Debug/caribou.a(target_stm32f10x_usart.o)
 .debug_aranges
                0x00000ac8       0x48 /home/mike/Documents/caribou-rtos/branches/0.9/caribou/target/board/generic_stm32f103c/crossworks/caribou ARM Debug/caribou.a(interrupt.o)
 .debug_aranges
                0x00000b10       0xe0 /home/mike/Documents/caribou-rtos/branches/0.9/caribou/target/board/generic_stm32f103c/crossworks/caribou ARM Debug/caribou.a(uart.o)
 .debug_aranges
                0x00000bf0       0x80 /home/mike/Documents/caribou-rtos/branches/0.9/caribou/target/board/generic_stm32f103c/crossworks/caribou ARM Debug/caribou.a(bytequeue.o)
 .debug_aranges
                0x00000c70       0x30 /home/mike/Documents/caribou-rtos/branches/0.9/caribou/target/board/generic_stm32f103c/crossworks/caribou ARM Debug/caribou.a(target_board.o)
 .debug_aranges
                0x00000ca0       0x60 /home/mike/Documents/caribou-rtos/branches/0.9/caribou/target/board/generic_stm32f103c/crossworks/caribou ARM Debug/caribou.a(gpio.o)
 .debug_aranges
                0x00000d00       0x38 /home/mike/Documents/caribou-rtos/branches/0.9/caribou/target/board/generic_stm32f103c/crossworks/caribou ARM Debug/caribou.a(target_gpio.o)

.debug_ranges   0x00000000      0xbb8
 .debug_ranges  0x00000000       0x30 caribou-demo ARM Debug/caribou_demo.o
 .debug_ranges  0x00000030       0x58 /home/mike/Documents/caribou-rtos/branches/0.9/caribou/target/board/generic_stm32f103c/crossworks/caribou ARM Debug/caribou.a(caribou.o)
 .debug_ranges  0x00000088      0x170 /home/mike/Documents/caribou-rtos/branches/0.9/caribou/target/board/generic_stm32f103c/crossworks/caribou ARM Debug/caribou.a(thread.o)
 .debug_ranges  0x000001f8       0xa0 /home/mike/Documents/caribou-rtos/branches/0.9/caribou/target/board/generic_stm32f103c/crossworks/caribou ARM Debug/caribou.a(timer.o)
 .debug_ranges  0x00000298       0x10 /home/mike/Documents/caribou-rtos/branches/0.9/caribou/target/board/generic_stm32f103c/crossworks/caribou ARM Debug/caribou.a(errno.o)
 .debug_ranges  0x000002a8       0xc8 /home/mike/Documents/caribou-rtos/branches/0.9/caribou/target/board/generic_stm32f103c/crossworks/caribou ARM Debug/caribou.a(heap.o)
 .debug_ranges  0x00000370       0x48 /home/mike/Documents/caribou-rtos/branches/0.9/caribou/target/board/generic_stm32f103c/crossworks/caribou ARM Debug/caribou.a(mutex.o)
 .debug_ranges  0x000003b8       0xb0 /home/mike/Documents/caribou-rtos/branches/0.9/caribou/target/board/generic_stm32f103c/crossworks/caribou ARM Debug/caribou.a(queue.o)
 .debug_ranges  0x00000468       0xb0 /home/mike/Documents/caribou-rtos/branches/0.9/caribou/target/board/generic_stm32f103c/crossworks/caribou ARM Debug/caribou.a(stdio.o)
 .debug_ranges  0x00000518       0x88 /home/mike/Documents/caribou-rtos/branches/0.9/caribou/target/board/generic_stm32f103c/crossworks/caribou ARM Debug/caribou.a(string.o)
 .debug_ranges  0x000005a0      0x108 /home/mike/Documents/caribou-rtos/branches/0.9/caribou/target/board/generic_stm32f103c/crossworks/caribou ARM Debug/caribou.a(target_chip.o)
 .debug_ranges  0x000006a8       0x20 /home/mike/Documents/caribou-rtos/branches/0.9/caribou/target/board/generic_stm32f103c/crossworks/caribou ARM Debug/caribou.a(target_fault.o)
 .debug_ranges  0x000006c8       0xc0 /home/mike/Documents/caribou-rtos/branches/0.9/caribou/target/board/generic_stm32f103c/crossworks/caribou ARM Debug/caribou.a(target_uart.o)
 .debug_ranges  0x00000788       0x28 /home/mike/Documents/caribou-rtos/branches/0.9/caribou/target/board/generic_stm32f103c/crossworks/caribou ARM Debug/caribou.a(target_system_stm32f10x.o)
 .debug_ranges  0x000007b0      0x108 /home/mike/Documents/caribou-rtos/branches/0.9/caribou/target/board/generic_stm32f103c/crossworks/caribou ARM Debug/caribou.a(target_stm32f10x_rcc.o)
 .debug_ranges  0x000008b8       0xf0 /home/mike/Documents/caribou-rtos/branches/0.9/caribou/target/board/generic_stm32f103c/crossworks/caribou ARM Debug/caribou.a(target_stm32f10x_usart.o)
 .debug_ranges  0x000009a8       0x38 /home/mike/Documents/caribou-rtos/branches/0.9/caribou/target/board/generic_stm32f103c/crossworks/caribou ARM Debug/caribou.a(interrupt.o)
 .debug_ranges  0x000009e0       0xd0 /home/mike/Documents/caribou-rtos/branches/0.9/caribou/target/board/generic_stm32f103c/crossworks/caribou ARM Debug/caribou.a(uart.o)
 .debug_ranges  0x00000ab0       0x70 /home/mike/Documents/caribou-rtos/branches/0.9/caribou/target/board/generic_stm32f103c/crossworks/caribou ARM Debug/caribou.a(bytequeue.o)
 .debug_ranges  0x00000b20       0x20 /home/mike/Documents/caribou-rtos/branches/0.9/caribou/target/board/generic_stm32f103c/crossworks/caribou ARM Debug/caribou.a(target_board.o)
 .debug_ranges  0x00000b40       0x50 /home/mike/Documents/caribou-rtos/branches/0.9/caribou/target/board/generic_stm32f103c/crossworks/caribou ARM Debug/caribou.a(gpio.o)
 .debug_ranges  0x00000b90       0x28 /home/mike/Documents/caribou-rtos/branches/0.9/caribou/target/board/generic_stm32f103c/crossworks/caribou ARM Debug/caribou.a(target_gpio.o)

.debug_line     0x00000000     0x6ba2
 .debug_line    0x00000000      0x2d1 caribou-demo ARM Debug/caribou_demo.o
 .debug_line    0x000002d1      0x234 /home/mike/Documents/caribou-rtos/branches/0.9/caribou/target/board/generic_stm32f103c/crossworks/caribou ARM Debug/caribou.a(caribou.o)
 .debug_line    0x00000505      0x864 /home/mike/Documents/caribou-rtos/branches/0.9/caribou/target/board/generic_stm32f103c/crossworks/caribou ARM Debug/caribou.a(thread.o)
 .debug_line    0x00000d69      0x514 /home/mike/Documents/caribou-rtos/branches/0.9/caribou/target/board/generic_stm32f103c/crossworks/caribou ARM Debug/caribou.a(timer.o)
 .debug_line    0x0000127d      0x27d /home/mike/Documents/caribou-rtos/branches/0.9/caribou/target/board/generic_stm32f103c/crossworks/caribou ARM Debug/caribou.a(errno.o)
 .debug_line    0x000014fa      0x4b4 /home/mike/Documents/caribou-rtos/branches/0.9/caribou/target/board/generic_stm32f103c/crossworks/caribou ARM Debug/caribou.a(heap.o)
 .debug_line    0x000019ae      0x387 /home/mike/Documents/caribou-rtos/branches/0.9/caribou/target/board/generic_stm32f103c/crossworks/caribou ARM Debug/caribou.a(mutex.o)
 .debug_line    0x00001d35      0x491 /home/mike/Documents/caribou-rtos/branches/0.9/caribou/target/board/generic_stm32f103c/crossworks/caribou ARM Debug/caribou.a(queue.o)
 .debug_line    0x000021c6      0x4ef /home/mike/Documents/caribou-rtos/branches/0.9/caribou/target/board/generic_stm32f103c/crossworks/caribou ARM Debug/caribou.a(stdio.o)
 .debug_line    0x000026b5      0x378 /home/mike/Documents/caribou-rtos/branches/0.9/caribou/target/board/generic_stm32f103c/crossworks/caribou ARM Debug/caribou.a(string.o)
 .debug_line    0x00002a2d      0x685 /home/mike/Documents/caribou-rtos/branches/0.9/caribou/target/board/generic_stm32f103c/crossworks/caribou ARM Debug/caribou.a(target_chip.o)
 .debug_line    0x000030b2      0x120 /home/mike/Documents/caribou-rtos/branches/0.9/caribou/target/board/generic_stm32f103c/crossworks/caribou ARM Debug/caribou.a(target_crt0.o)
 .debug_line    0x000031d2      0x2f7 /home/mike/Documents/caribou-rtos/branches/0.9/caribou/target/board/generic_stm32f103c/crossworks/caribou ARM Debug/caribou.a(target_fault.o)
 .debug_line    0x000034c9      0x6c6 /home/mike/Documents/caribou-rtos/branches/0.9/caribou/target/board/generic_stm32f103c/crossworks/caribou ARM Debug/caribou.a(target_uart.o)
 .debug_line    0x00003b8f      0x268 /home/mike/Documents/caribou-rtos/branches/0.9/caribou/target/board/generic_stm32f103c/crossworks/caribou ARM Debug/caribou.a(target_system_stm32f10x.o)
 .debug_line    0x00003df7      0xa15 /home/mike/Documents/caribou-rtos/branches/0.9/caribou/target/board/generic_stm32f103c/crossworks/caribou ARM Debug/caribou.a(target_stm32f10x_rcc.o)
 .debug_line    0x0000480c      0xcb6 /home/mike/Documents/caribou-rtos/branches/0.9/caribou/target/board/generic_stm32f103c/crossworks/caribou ARM Debug/caribou.a(target_stm32f10x_usart.o)
 .debug_line    0x000054c2      0x436 /home/mike/Documents/caribou-rtos/branches/0.9/caribou/target/board/generic_stm32f103c/crossworks/caribou ARM Debug/caribou.a(interrupt.o)
 .debug_line    0x000058f8      0x4c7 /home/mike/Documents/caribou-rtos/branches/0.9/caribou/target/board/generic_stm32f103c/crossworks/caribou ARM Debug/caribou.a(uart.o)
 .debug_line    0x00005dbf      0x3a2 /home/mike/Documents/caribou-rtos/branches/0.9/caribou/target/board/generic_stm32f103c/crossworks/caribou ARM Debug/caribou.a(bytequeue.o)
 .debug_line    0x00006161      0x460 /home/mike/Documents/caribou-rtos/branches/0.9/caribou/target/board/generic_stm32f103c/crossworks/caribou ARM Debug/caribou.a(target_board.o)
 .debug_line    0x000065c1      0x358 /home/mike/Documents/caribou-rtos/branches/0.9/caribou/target/board/generic_stm32f103c/crossworks/caribou ARM Debug/caribou.a(gpio.o)
 .debug_line    0x00006919      0x289 /home/mike/Documents/caribou-rtos/branches/0.9/caribou/target/board/generic_stm32f103c/crossworks/caribou ARM Debug/caribou.a(target_gpio.o)

.debug_str      0x00000000     0x398e
 .debug_str     0x00000000      0x353 caribou-demo ARM Debug/caribou_demo.o
                                0x3e6 (size before relaxing)
 .debug_str     0x00000353      0x119 /home/mike/Documents/caribou-rtos/branches/0.9/caribou/target/board/generic_stm32f103c/crossworks/caribou ARM Debug/caribou.a(caribou.o)
                                0x31d (size before relaxing)
 .debug_str     0x0000046c      0x59d /home/mike/Documents/caribou-rtos/branches/0.9/caribou/target/board/generic_stm32f103c/crossworks/caribou ARM Debug/caribou.a(thread.o)
                                0x856 (size before relaxing)
 .debug_str     0x00000a09      0x218 /home/mike/Documents/caribou-rtos/branches/0.9/caribou/target/board/generic_stm32f103c/crossworks/caribou ARM Debug/caribou.a(timer.o)
                                0x58a (size before relaxing)
 .debug_str     0x00000c21       0x8c /home/mike/Documents/caribou-rtos/branches/0.9/caribou/target/board/generic_stm32f103c/crossworks/caribou ARM Debug/caribou.a(errno.o)
                                0x2e2 (size before relaxing)
 .debug_str     0x00000cad      0x27d /home/mike/Documents/caribou-rtos/branches/0.9/caribou/target/board/generic_stm32f103c/crossworks/caribou ARM Debug/caribou.a(heap.o)
                                0x4e4 (size before relaxing)
 .debug_str     0x00000f2a      0x135 /home/mike/Documents/caribou-rtos/branches/0.9/caribou/target/board/generic_stm32f103c/crossworks/caribou ARM Debug/caribou.a(mutex.o)
                                0x45e (size before relaxing)
 .debug_str     0x0000105f      0x248 /home/mike/Documents/caribou-rtos/branches/0.9/caribou/target/board/generic_stm32f103c/crossworks/caribou ARM Debug/caribou.a(queue.o)
                                0x49d (size before relaxing)
 .debug_str     0x000012a7      0x14e /home/mike/Documents/caribou-rtos/branches/0.9/caribou/target/board/generic_stm32f103c/crossworks/caribou ARM Debug/caribou.a(stdio.o)
                                0x3dc (size before relaxing)
 .debug_str     0x000013f5      0x126 /home/mike/Documents/caribou-rtos/branches/0.9/caribou/target/board/generic_stm32f103c/crossworks/caribou ARM Debug/caribou.a(string.o)
                                0x31f (size before relaxing)
 .debug_str     0x0000151b      0x787 /home/mike/Documents/caribou-rtos/branches/0.9/caribou/target/board/generic_stm32f103c/crossworks/caribou ARM Debug/caribou.a(target_chip.o)
                                0x9dd (size before relaxing)
 .debug_str     0x00001ca2      0x129 /home/mike/Documents/caribou-rtos/branches/0.9/caribou/target/board/generic_stm32f103c/crossworks/caribou ARM Debug/caribou.a(target_fault.o)
                                0x70d (size before relaxing)
 .debug_str     0x00001dcb      0x8b6 /home/mike/Documents/caribou-rtos/branches/0.9/caribou/target/board/generic_stm32f103c/crossworks/caribou ARM Debug/caribou.a(target_uart.o)
                                0xf68 (size before relaxing)
 .debug_str     0x00002681      0x19d /home/mike/Documents/caribou-rtos/branches/0.9/caribou/target/board/generic_stm32f103c/crossworks/caribou ARM Debug/caribou.a(target_system_stm32f10x.o)
                                0x396 (size before relaxing)
 .debug_str     0x0000281e      0x416 /home/mike/Documents/caribou-rtos/branches/0.9/caribou/target/board/generic_stm32f103c/crossworks/caribou ARM Debug/caribou.a(target_stm32f10x_rcc.o)
                                0x6d7 (size before relaxing)
 .debug_str     0x00002c34      0x41b /home/mike/Documents/caribou-rtos/branches/0.9/caribou/target/board/generic_stm32f103c/crossworks/caribou ARM Debug/caribou.a(target_stm32f10x_usart.o)
                                0x74d (size before relaxing)
 .debug_str     0x0000304f      0x169 /home/mike/Documents/caribou-rtos/branches/0.9/caribou/target/board/generic_stm32f103c/crossworks/caribou ARM Debug/caribou.a(interrupt.o)
                                0x747 (size before relaxing)
 .debug_str     0x000031b8      0x2e1 /home/mike/Documents/caribou-rtos/branches/0.9/caribou/target/board/generic_stm32f103c/crossworks/caribou ARM Debug/caribou.a(uart.o)
                                0xae6 (size before relaxing)
 .debug_str     0x00003499      0x1b2 /home/mike/Documents/caribou-rtos/branches/0.9/caribou/target/board/generic_stm32f103c/crossworks/caribou ARM Debug/caribou.a(bytequeue.o)
                                0x3e0 (size before relaxing)
 .debug_str     0x0000364b       0xc7 /home/mike/Documents/caribou-rtos/branches/0.9/caribou/target/board/generic_stm32f103c/crossworks/caribou ARM Debug/caribou.a(target_board.o)
                                0x3d0 (size before relaxing)
 .debug_str     0x00003712      0x19b /home/mike/Documents/caribou-rtos/branches/0.9/caribou/target/board/generic_stm32f103c/crossworks/caribou ARM Debug/caribou.a(gpio.o)
                                0x3ce (size before relaxing)
 .debug_str     0x000038ad       0xe1 /home/mike/Documents/caribou-rtos/branches/0.9/caribou/target/board/generic_stm32f103c/crossworks/caribou ARM Debug/caribou.a(target_gpio.o)
                                0x305 (size before relaxing)

.comment        0x00000000       0x4e
 .comment       0x00000000       0x4e caribou-demo ARM Debug/caribou_demo.o
                                 0x4f (size before relaxing)
 .comment       0x00000000       0x4f /home/mike/Documents/caribou-rtos/branches/0.9/caribou/target/board/generic_stm32f103c/crossworks/caribou ARM Debug/caribou.a(caribou.o)
 .comment       0x00000000       0x4f /home/mike/Documents/caribou-rtos/branches/0.9/caribou/target/board/generic_stm32f103c/crossworks/caribou ARM Debug/caribou.a(thread.o)
 .comment       0x00000000       0x4f /home/mike/Documents/caribou-rtos/branches/0.9/caribou/target/board/generic_stm32f103c/crossworks/caribou ARM Debug/caribou.a(timer.o)
 .comment       0x00000000       0x4f /home/mike/Documents/caribou-rtos/branches/0.9/caribou/target/board/generic_stm32f103c/crossworks/caribou ARM Debug/caribou.a(errno.o)
 .comment       0x00000000       0x4f /home/mike/Documents/caribou-rtos/branches/0.9/caribou/target/board/generic_stm32f103c/crossworks/caribou ARM Debug/caribou.a(heap.o)
 .comment       0x00000000       0x4f /home/mike/Documents/caribou-rtos/branches/0.9/caribou/target/board/generic_stm32f103c/crossworks/caribou ARM Debug/caribou.a(mutex.o)
 .comment       0x00000000       0x4f /home/mike/Documents/caribou-rtos/branches/0.9/caribou/target/board/generic_stm32f103c/crossworks/caribou ARM Debug/caribou.a(queue.o)
 .comment       0x00000000       0x4f /home/mike/Documents/caribou-rtos/branches/0.9/caribou/target/board/generic_stm32f103c/crossworks/caribou ARM Debug/caribou.a(stdio.o)
 .comment       0x00000000       0x4f /home/mike/Documents/caribou-rtos/branches/0.9/caribou/target/board/generic_stm32f103c/crossworks/caribou ARM Debug/caribou.a(string.o)
 .comment       0x00000000       0x4f /home/mike/Documents/caribou-rtos/branches/0.9/caribou/target/board/generic_stm32f103c/crossworks/caribou ARM Debug/caribou.a(target_chip.o)
 .comment       0x00000000       0x4f /home/mike/Documents/caribou-rtos/branches/0.9/caribou/target/board/generic_stm32f103c/crossworks/caribou ARM Debug/caribou.a(target_fault.o)
 .comment       0x00000000       0x4f /home/mike/Documents/caribou-rtos/branches/0.9/caribou/target/board/generic_stm32f103c/crossworks/caribou ARM Debug/caribou.a(target_uart.o)
 .comment       0x00000000       0x4f /home/mike/Documents/caribou-rtos/branches/0.9/caribou/target/board/generic_stm32f103c/crossworks/caribou ARM Debug/caribou.a(target_system_stm32f10x.o)
 .comment       0x00000000       0x4f /home/mike/Documents/caribou-rtos/branches/0.9/caribou/target/board/generic_stm32f103c/crossworks/caribou ARM Debug/caribou.a(target_stm32f10x_rcc.o)
 .comment       0x00000000       0x4f /home/mike/Documents/caribou-rtos/branches/0.9/caribou/target/board/generic_stm32f103c/crossworks/caribou ARM Debug/caribou.a(target_stm32f10x_usart.o)
 .comment       0x00000000       0x4f /home/mike/Documents/caribou-rtos/branches/0.9/caribou/target/board/generic_stm32f103c/crossworks/caribou ARM Debug/caribou.a(interrupt.o)
 .comment       0x00000000       0x4f /home/mike/Documents/caribou-rtos/branches/0.9/caribou/target/board/generic_stm32f103c/crossworks/caribou ARM Debug/caribou.a(uart.o)
 .comment       0x00000000       0x4f /home/mike/Documents/caribou-rtos/branches/0.9/caribou/target/board/generic_stm32f103c/crossworks/caribou ARM Debug/caribou.a(bytequeue.o)
 .comment       0x00000000       0x4f /home/mike/Documents/caribou-rtos/branches/0.9/caribou/target/board/generic_stm32f103c/crossworks/caribou ARM Debug/caribou.a(target_board.o)
 .comment       0x00000000       0x4f /home/mike/Documents/caribou-rtos/branches/0.9/caribou/target/board/generic_stm32f103c/crossworks/caribou ARM Debug/caribou.a(gpio.o)
 .comment       0x00000000       0x4f /home/mike/Documents/caribou-rtos/branches/0.9/caribou/target/board/generic_stm32f103c/crossworks/caribou ARM Debug/caribou.a(target_gpio.o)

.ARM.attributes
                0x00000000       0x31
 .ARM.attributes
                0x00000000       0x33 caribou-demo ARM Debug/caribou_demo.o
 .ARM.attributes
                0x00000033       0x33 /home/mike/Documents/caribou-rtos/branches/0.9/caribou/target/board/generic_stm32f103c/crossworks/caribou ARM Debug/caribou.a(caribou.o)
 .ARM.attributes
                0x00000066       0x33 /home/mike/Documents/caribou-rtos/branches/0.9/caribou/target/board/generic_stm32f103c/crossworks/caribou ARM Debug/caribou.a(thread.o)
 .ARM.attributes
                0x00000099       0x33 /home/mike/Documents/caribou-rtos/branches/0.9/caribou/target/board/generic_stm32f103c/crossworks/caribou ARM Debug/caribou.a(timer.o)
 .ARM.attributes
                0x000000cc       0x33 /home/mike/Documents/caribou-rtos/branches/0.9/caribou/target/board/generic_stm32f103c/crossworks/caribou ARM Debug/caribou.a(errno.o)
 .ARM.attributes
                0x000000ff       0x33 /home/mike/Documents/caribou-rtos/branches/0.9/caribou/target/board/generic_stm32f103c/crossworks/caribou ARM Debug/caribou.a(heap.o)
 .ARM.attributes
                0x00000132       0x33 /home/mike/Documents/caribou-rtos/branches/0.9/caribou/target/board/generic_stm32f103c/crossworks/caribou ARM Debug/caribou.a(mutex.o)
 .ARM.attributes
                0x00000165       0x33 /home/mike/Documents/caribou-rtos/branches/0.9/caribou/target/board/generic_stm32f103c/crossworks/caribou ARM Debug/caribou.a(queue.o)
 .ARM.attributes
                0x00000198       0x33 /home/mike/Documents/caribou-rtos/branches/0.9/caribou/target/board/generic_stm32f103c/crossworks/caribou ARM Debug/caribou.a(stdio.o)
 .ARM.attributes
                0x000001cb       0x33 /home/mike/Documents/caribou-rtos/branches/0.9/caribou/target/board/generic_stm32f103c/crossworks/caribou ARM Debug/caribou.a(string.o)
 .ARM.attributes
                0x000001fe       0x33 /home/mike/Documents/caribou-rtos/branches/0.9/caribou/target/board/generic_stm32f103c/crossworks/caribou ARM Debug/caribou.a(target_chip.o)
 .ARM.attributes
                0x00000231       0x21 /home/mike/Documents/caribou-rtos/branches/0.9/caribou/target/board/generic_stm32f103c/crossworks/caribou ARM Debug/caribou.a(target_crt0.o)
 .ARM.attributes
                0x00000252       0x33 /home/mike/Documents/caribou-rtos/branches/0.9/caribou/target/board/generic_stm32f103c/crossworks/caribou ARM Debug/caribou.a(target_fault.o)
 .ARM.attributes
                0x00000285       0x33 /home/mike/Documents/caribou-rtos/branches/0.9/caribou/target/board/generic_stm32f103c/crossworks/caribou ARM Debug/caribou.a(target_uart.o)
 .ARM.attributes