Archive member included because of file (symbol)

/home/mike/Documents/caribou-rtos/branches/0.9/caribou/target/board/xcore407i/crossworks/caribou THUMB Debug/caribou.a(ethernetif.o)
                              caribou_demo THUMB Debug/board.o (isr_phy_eth0)
/home/mike/Documents/caribou-rtos/branches/0.9/caribou/target/board/xcore407i/crossworks/caribou THUMB Debug/caribou.a(chip.o)
                              caribou_demo THUMB Debug/board.o (chip_vector_enable)
/home/mike/Documents/caribou-rtos/branches/0.9/caribou/target/board/xcore407i/crossworks/caribou THUMB Debug/caribou.a(crt0.o)
                              (reset_handler)
/home/mike/Documents/caribou-rtos/branches/0.9/caribou/target/board/xcore407i/crossworks/caribou THUMB Debug/caribou.a(fault.o)
                              /home/mike/Documents/caribou-rtos/branches/0.9/caribou/target/board/xcore407i/crossworks/caribou THUMB Debug/caribou.a(crt0.o) (_fault)
/home/mike/Documents/caribou-rtos/branches/0.9/caribou/target/board/xcore407i/crossworks/caribou THUMB Debug/caribou.a(vectors.o)
                              (_vectors)
/home/mike/Documents/caribou-rtos/branches/0.9/caribou/target/board/xcore407i/crossworks/caribou THUMB Debug/caribou.a(gpio.o)
                              caribou_demo THUMB Debug/board.o (chip_gpio_toggle)
/home/mike/Documents/caribou-rtos/branches/0.9/caribou/target/board/xcore407i/crossworks/caribou THUMB Debug/caribou.a(stm32f4xx_dma.o)
                              caribou_demo THUMB Debug/board.o (DMA_DeInit)
/home/mike/Documents/caribou-rtos/branches/0.9/caribou/target/board/xcore407i/crossworks/caribou THUMB Debug/caribou.a(stm32f4xx_exti.o)
                              caribou_demo THUMB Debug/board.o (EXTI_Init)
/home/mike/Documents/caribou-rtos/branches/0.9/caribou/target/board/xcore407i/crossworks/caribou THUMB Debug/caribou.a(stm32f4xx_rcc.o)
                              caribou_demo THUMB Debug/board.o (RCC_HSEConfig)
/home/mike/Documents/caribou-rtos/branches/0.9/caribou/target/board/xcore407i/crossworks/caribou THUMB Debug/caribou.a(stm32f4xx_spi.o)
                              caribou_demo THUMB Debug/board.o (SPI_I2S_DeInit)
/home/mike/Documents/caribou-rtos/branches/0.9/caribou/target/board/xcore407i/crossworks/caribou THUMB Debug/caribou.a(stm32f4xx_syscfg.o)
                              caribou_demo THUMB Debug/board.o (SYSCFG_EXTILineConfig)
/home/mike/Documents/caribou-rtos/branches/0.9/caribou/target/board/xcore407i/crossworks/caribou THUMB Debug/caribou.a(stm32f4xx_wwdg.o)
                              /home/mike/Documents/caribou-rtos/branches/0.9/caribou/target/board/xcore407i/crossworks/caribou THUMB Debug/caribou.a(fault.o) (WWDG_SetCounter)
/home/mike/Documents/caribou-rtos/branches/0.9/caribou/target/board/xcore407i/crossworks/caribou THUMB Debug/caribou.a(stm32f4x7_eth.o)
                              /home/mike/Documents/caribou-rtos/branches/0.9/caribou/target/board/xcore407i/crossworks/caribou THUMB Debug/caribou.a(ethernetif.o) (DMARxDscrTab)
/home/mike/Documents/caribou-rtos/branches/0.9/caribou/target/board/xcore407i/crossworks/caribou THUMB Debug/caribou.a(cpu.o)
                              /home/mike/Documents/caribou-rtos/branches/0.9/caribou/target/board/xcore407i/crossworks/caribou THUMB Debug/caribou.a(crt0.o) (fpu_init)
/home/mike/Documents/caribou-rtos/branches/0.9/caribou/target/board/xcore407i/crossworks/caribou THUMB Debug/caribou.a(caribou_uart.o)
                              caribou_demo THUMB Debug/board.o (caribou_uart_set_config)
/home/mike/Documents/caribou-rtos/branches/0.9/caribou/target/board/xcore407i/crossworks/caribou THUMB Debug/caribou.a(caribou_caribou.o)
                              caribou_demo THUMB Debug/demo.o (caribou_exec)
/home/mike/Documents/caribou-rtos/branches/0.9/caribou/target/board/xcore407i/crossworks/caribou THUMB Debug/caribou.a(caribou_interrupt.o)
                              caribou_demo THUMB Debug/board.o (caribou_vector_install)
/home/mike/Documents/caribou-rtos/branches/0.9/caribou/target/board/xcore407i/crossworks/caribou THUMB Debug/caribou.a(caribou_thread.o)
                              /home/mike/Documents/caribou-rtos/branches/0.9/caribou/target/board/xcore407i/crossworks/caribou THUMB Debug/caribou.a(caribou_uart.o) (caribou_thread_lock)
/home/mike/Documents/caribou-rtos/branches/0.9/caribou/target/board/xcore407i/crossworks/caribou THUMB Debug/caribou.a(caribou_timer.o)
                              caribou_demo THUMB Debug/board.o (caribou_timer_ticks)
/home/mike/Documents/caribou-rtos/branches/0.9/caribou/target/board/xcore407i/crossworks/caribou THUMB Debug/caribou.a(caribou_bytequeue.o)
                              /home/mike/Documents/caribou-rtos/branches/0.9/caribou/target/board/xcore407i/crossworks/caribou THUMB Debug/caribou.a(caribou_uart.o) (caribou_bytequeue_new)
/home/mike/Documents/caribou-rtos/branches/0.9/caribou/target/board/xcore407i/crossworks/caribou THUMB Debug/caribou.a(caribou_errno.o)
[...]
Memory Configuration

Name             Origin             Length             Attributes
flash            0x08000000         0x00100000
ram              0x20000000         0x00020000
*default*        0x00000000         0xffffffff

Linker script and memory map

                0x00000600                __main_stack_size__ = 0x600
                0x00000600                __process_stack_size__ = 0x600
                0x20000000                __ram_start__ = ORIGIN (ram)
                0x00020000                __ram_size__ = 0x20000
                0x20020000                __ram_end__ = (__ram_start__ + __ram_size__)
                0x00000000                . = 0x0
                0x00000000                _text = .

startup         0x08000000      0x1b0
 *(.vectors)
 .vectors       0x08000000      0x1b0 /home/mike/Documents/caribou-rtos/branches/0.9/caribou/target/board/xcore407i/crossworks/caribou THUMB Debug/caribou.a(vectors.o)
                0x08000000                _vectors

constructors    0x080001b0        0x0
                0x080001b0                PROVIDE (__init_array_start, .)
 *(SORT(.init_array.*))
 *(.init_array)
                0x080001b0                PROVIDE (__init_array_end, .)

destructors     0x080001b0        0x0
                0x080001b0                PROVIDE (__fini_array_start, .)
 *(.fini_array)
 *(SORT(.fini_array.*))
                0x080001b0                PROVIDE (__fini_array_end, .)

.text           0x080001b0     0x65e8
 *(.text.startup.*)
 *(.init)
 .init          0x080001b0      0x10c /home/mike/Documents/caribou-rtos/branches/0.9/caribou/target/board/xcore407i/crossworks/caribou THUMB Debug/caribou.a(crt0.o)
                0x080001b0                reset_handler
                0x0800023a                exit
                0x0800023a                _exit
                0x0800023e                _halt
                0x08000242                _hard_fault
 *(.text)
 *(.text.*)
 *fill*         0x080002bc        0x4 
 .text.SystemInit
                0x080002c0       0x68 caribou_demo THUMB Debug/system_stm32f4xx.o
                0x080002c0                SystemInit
 *fill*         0x08000328        0x8 
 .text.SystemCoreClockUpdate
                0x08000330       0xf8 caribou_demo THUMB Debug/system_stm32f4xx.o
                0x08000330                SystemCoreClockUpdate
 *fill*         0x08000428        0x8 
 .text.SetSysClock
                0x08000430       0xf4 caribou_demo THUMB Debug/system_stm32f4xx.o
 *fill*         0x08000524        0xc 
 .text.Eth_Link_EXTIConfig
                0x08000530       0x2c caribou_demo THUMB Debug/board.o
 *fill*         0x0800055c        0x4 
 .text.Eth_Link_PHYITConfig
                0x08000560       0x78 caribou_demo THUMB Debug/board.o
                0x08000560                Eth_Link_PHYITConfig
 *fill*         0x080005d8        0x8 
 .text.ETH_MACDMA_Config
                0x080005e0       0xd4 caribou_demo THUMB Debug/board.o
 *fill*         0x080006b4        0xc 
 .text.early_init
                0x080006c0      0x28c caribou_demo THUMB Debug/board.o
                0x080006c0                early_init
 *fill*         0x0800094c        0x4 
 .text.late_init
                0x08000950       0xa0 caribou_demo THUMB Debug/board.o
                0x08000950                late_init
 .text.board_idle
                0x080009f0      0x130 caribou_demo THUMB Debug/board.o
                0x080009f0                board_idle
 .text.notify_heap_alloc_failed
                0x08000b20        0xc caribou_demo THUMB Debug/demo.o
                0x08000b20                notify_heap_alloc_failed
 *fill*         0x08000b2c        0x4 
 .text.enqueue_test
                0x08000b30       0x6c caribou_demo THUMB Debug/demo.o
 *fill*         0x08000b9c        0x4 
 .text.dequeue_test
                0x08000ba0       0x90 caribou_demo THUMB Debug/demo.o
 .text.status   0x08000c30       0x40 caribou_demo THUMB Debug/demo.o
 .text.test1_thread
                0x08000c70       0x44 caribou_demo THUMB Debug/demo.o
                0x08000c70                test1_thread
 *fill*         0x08000cb4        0xc 
 .text.test2_thread
                0x08000cc0       0x44 caribou_demo THUMB Debug/demo.o
                0x08000cc0                test2_thread
 *fill*         0x08000d04        0xc 
 .text.main     0x08000d10       0x98 caribou_demo THUMB Debug/demo.o
                0x08000d10                main
 *fill*         0x08000da8        0x8 
 .text.isr_phy_eth0
                0x08000db0       0x68 /home/mike/Documents/caribou-rtos/branches/0.9/caribou/target/board/xcore407i/crossworks/caribou THUMB Debug/caribou.a(ethernetif.o)
                0x08000db0                isr_phy_eth0
 *fill*         0x08000e18        0x8 
 .text.isr_eth0
                0x08000e20       0x44 /home/mike/Documents/caribou-rtos/branches/0.9/caribou/target/board/xcore407i/crossworks/caribou THUMB Debug/caribou.a(ethernetif.o)
                0x08000e20                isr_eth0
 *fill*         0x08000e64        0xc 
 .text.NVIC_SetPriority
                0x08000e70       0x54 /home/mike/Documents/caribou-rtos/branches/0.9/caribou/target/board/xcore407i/crossworks/caribou THUMB Debug/caribou.a(chip.o)
 *fill*         0x08000ec4        0xc 
 .text.assert_param
                0x08000ed0       0x14 /home/mike/Documents/caribou-rtos/branches/0.9/caribou/target/board/xcore407i/crossworks/caribou THUMB Debug/caribou.a(chip.o)
                0x08000ed0                assert_param
 *fill*         0x08000ee4        0xc 
 .text.nvic_isr
                0x08000ef0       0x28 /home/mike/Documents/caribou-rtos/branches/0.9/caribou/target/board/xcore407i/crossworks/caribou THUMB Debug/caribou.a(chip.o)
                0x08000ef0                nvic_isr
 *fill*         0x08000f18        0x8 
 .text._swi     0x08000f20        0xc /home/mike/Documents/caribou-rtos/branches/0.9/caribou/target/board/xcore407i/crossworks/caribou THUMB Debug/caribou.a(chip.o)
                0x08000f20                _swi
 *fill*         0x08000f2c        0x4 
 .text._nmi     0x08000f30        0xc /home/mike/Documents/caribou-rtos/branches/0.9/caribou/target/board/xcore407i/crossworks/caribou THUMB Debug/caribou.a(chip.o)
                0x08000f30                _nmi
 *fill*         0x08000f3c        0x4 
 .text.chip_systick_irq_force
                0x08000f40       0x1c /home/mike/Documents/caribou-rtos/branches/0.9/caribou/target/board/xcore407i/crossworks/caribou THUMB Debug/caribou.a(chip.o)
                0x08000f40                chip_systick_irq_force
 *fill*         0x08000f5c        0x4 
 .text.initSysTick
                0x08000f60       0x48 /home/mike/Documents/caribou-rtos/branches/0.9/caribou/target/board/xcore407i/crossworks/caribou THUMB Debug/caribou.a(chip.o)
 *fill*         0x08000fa8        0x8 
 .text.initializeWWDG
                0x08000fb0        0xc /home/mike/Documents/caribou-rtos/branches/0.9/caribou/target/board/xcore407i/crossworks/caribou THUMB Debug/caribou.a(chip.o)
 *fill*         0x08000fbc        0x4 
 .text.chip_init
                0x08000fc0       0x1c /home/mike/Documents/caribou-rtos/branches/0.9/caribou/target/board/xcore407i/crossworks/caribou THUMB Debug/caribou.a(chip.o)
                0x08000fc0                chip_init
 *fill*         0x08000fdc        0x4 
 .text.chip_interrupts_enable
                0x08000fe0        0x4 /home/mike/Documents/caribou-rtos/branches/0.9/caribou/target/board/xcore407i/crossworks/caribou THUMB Debug/caribou.a(chip.o)
                0x08000fe0                chip_interrupts_enable
 *fill*         0x08000fe4        0xc 
 .text.chip_interrupts_disable
                0x08000ff0       0x10 /home/mike/Documents/caribou-rtos/branches/0.9/caribou/target/board/xcore407i/crossworks/caribou THUMB Debug/caribou.a(chip.o)
                0x08000ff0                chip_interrupts_disable
 .text.chip_interrupts_set
                0x08001000       0x20 /home/mike/Documents/caribou-rtos/branches/0.9/caribou/target/board/xcore407i/crossworks/caribou THUMB Debug/caribou.a(chip.o)
                0x08001000                chip_interrupts_set
 .text.chip_vector_enabled
                0x08001020       0x88 /home/mike/Documents/caribou-rtos/branches/0.9/caribou/target/board/xcore407i/crossworks/caribou THUMB Debug/caribou.a(chip.o)
                0x08001020                chip_vector_enabled
 *fill*         0x080010a8        0x8 
 .text.chip_vector_enable
                0x080010b0       0x64 /home/mike/Documents/caribou-rtos/branches/0.9/caribou/target/board/xcore407i/crossworks/caribou THUMB Debug/caribou.a(chip.o)
                0x080010b0                chip_vector_enable
 *fill*         0x08001114        0xc 
 .text.chip_vector_disable
                0x08001120       0x68 /home/mike/Documents/caribou-rtos/branches/0.9/caribou/target/board/xcore407i/crossworks/caribou THUMB Debug/caribou.a(chip.o)
                0x08001120                chip_vector_disable
 *fill*         0x08001188        0x8 
 .text.chip_clock_freq
                0x08001190       0x18 /home/mike/Documents/caribou-rtos/branches/0.9/caribou/target/board/xcore407i/crossworks/caribou THUMB Debug/caribou.a(chip.o)
                0x08001190                chip_clock_freq
 *fill*         0x080011a8        0x8 
 .text.fault    0x080011b0       0x80 /home/mike/Documents/caribou-rtos/branches/0.9/caribou/target/board/xcore407i/crossworks/caribou THUMB Debug/caribou.a(fault.o)
                0x080011b0                fault
 .text._fault   0x08001230       0x20 /home/mike/Documents/caribou-rtos/branches/0.9/caribou/target/board/xcore407i/crossworks/caribou THUMB Debug/caribou.a(fault.o)
                0x08001230                _fault
 .text.chip_gpio_toggle
                0x08001250       0x48 /home/mike/Documents/caribou-rtos/branches/0.9/caribou/target/board/xcore407i/crossworks/caribou THUMB Debug/caribou.a(gpio.o)
                0x08001250                chip_gpio_toggle
 *fill*         0x08001298        0x8 
 .text.chip_gpio_reset
                0x080012a0       0x1c /home/mike/Documents/caribou-rtos/branches/0.9/caribou/target/board/xcore407i/crossworks/caribou THUMB Debug/caribou.a(gpio.o)
                0x080012a0                chip_gpio_reset
 *fill*         0x080012bc        0x4 
 .text.chip_gpio_pinstate
                0x080012c0       0x28 /home/mike/Documents/caribou-rtos/branches/0.9/caribou/target/board/xcore407i/crossworks/caribou THUMB Debug/caribou.a(gpio.o)
                0x080012c0                chip_gpio_pinstate
 *fill*         0x080012e8        0x8 
 .text.DMA_DeInit
                0x080012f0      0x22c /home/mike/Documents/caribou-rtos/branches/0.9/caribou/target/board/xcore407i/crossworks/caribou THUMB Debug/caribou.a(stm32f4xx_dma.o)
                0x080012f0                DMA_DeInit
 *fill*         0x0800151c        0x4 
 .text.DMA_Init
                0x08001520      0x398 /home/mike/Documents/caribou-rtos/branches/0.9/caribou/target/board/xcore407i/crossworks/caribou THUMB Debug/caribou.a(stm32f4xx_dma.o)
                0x08001520                DMA_Init
 *fill*         0x080018b8        0x8 
 .text.DMA_Cmd  0x080018c0      0x118 /home/mike/Documents/caribou-rtos/branches/0.9/caribou/target/board/xcore407i/crossworks/caribou THUMB Debug/caribou.a(stm32f4xx_dma.o)
                0x080018c0                DMA_Cmd
 *fill*         0x080019d8        0x8 
 .text.DMA_ITConfig
                0x080019e0      0x170 /home/mike/Documents/caribou-rtos/branches/0.9/caribou/target/board/xcore407i/crossworks/caribou THUMB Debug/caribou.a(stm32f4xx_dma.o)
                0x080019e0                DMA_ITConfig
 .text.EXTI_Init
                0x08001b50      0x154 /home/mike/Documents/caribou-rtos/branches/0.9/caribou/target/board/xcore407i/crossworks/caribou THUMB Debug/caribou.a(stm32f4xx_exti.o)
                0x08001b50                EXTI_Init
 *fill*         0x08001ca4        0xc 
 .text.RCC_HSEConfig
                0x08001cb0       0x40 /home/mike/Documents/caribou-rtos/branches/0.9/caribou/target/board/xcore407i/crossworks/caribou THUMB Debug/caribou.a(stm32f4xx_rcc.o)
                0x08001cb0                RCC_HSEConfig
 .text.RCC_WaitForHSEStartUp
                0x08001cf0       0x50 /home/mike/Documents/caribou-rtos/branches/0.9/caribou/target/board/xcore407i/crossworks/caribou THUMB Debug/caribou.a(stm32f4xx_rcc.o)
                0x08001cf0                RCC_WaitForHSEStartUp
 .text.RCC_MCO1Config
                0x08001d40       0x94 /home/mike/Documents/caribou-rtos/branches/0.9/caribou/target/board/xcore407i/crossworks/caribou THUMB Debug/caribou.a(stm32f4xx_rcc.o)
                0x08001d40                RCC_MCO1Config
 *fill*         0x08001dd4        0xc 
 .text.RCC_SYSCLKConfig
                0x08001de0       0x50 /home/mike/Documents/caribou-rtos/branches/0.9/caribou/target/board/xcore407i/crossworks/caribou THUMB Debug/caribou.a(stm32f4xx_rcc.o)
                0x08001de0                RCC_SYSCLKConfig
 .text.RCC_GetClocksFreq
                0x08001e30      0x154 /home/mike/Documents/caribou-rtos/branches/0.9/caribou/target/board/xcore407i/crossworks/caribou THUMB Debug/caribou.a(stm32f4xx_rcc.o)
                0x08001e30                RCC_GetClocksFreq
 *fill*         0x08001f84        0xc 
 .text.RCC_AHB1PeriphClockCmd
                0x08001f90       0x70 /home/mike/Documents/caribou-rtos/branches/0.9/caribou/target/board/xcore407i/crossworks/caribou THUMB Debug/caribou.a(stm32f4xx_rcc.o)
                0x08001f90                RCC_AHB1PeriphClockCmd
 .text.RCC_APB1PeriphClockCmd
                0x08002000       0x70 /home/mike/Documents/caribou-rtos/branches/0.9/caribou/target/board/xcore407i/crossworks/caribou THUMB Debug/caribou.a(stm32f4xx_rcc.o)
                0x08002000                RCC_APB1PeriphClockCmd
 .text.RCC_APB2PeriphClockCmd
                0x08002070       0x70 /home/mike/Documents/caribou-rtos/branches/0.9/caribou/target/board/xcore407i/crossworks/caribou THUMB Debug/caribou.a(stm32f4xx_rcc.o)
                0x08002070                RCC_APB2PeriphClockCmd
 .text.RCC_AHB1PeriphResetCmd
                0x080020e0       0x70 /home/mike/Documents/caribou-rtos/branches/0.9/caribou/target/board/xcore407i/crossworks/caribou THUMB Debug/caribou.a(stm32f4xx_rcc.o)
                0x080020e0                RCC_AHB1PeriphResetCmd
 .text.RCC_GetFlagStatus
                0x08002150       0xc8 /home/mike/Documents/caribou-rtos/branches/0.9/caribou/target/board/xcore407i/crossworks/caribou THUMB Debug/caribou.a(stm32f4xx_rcc.o)
                0x08002150                RCC_GetFlagStatus
 *fill*         0x08002218        0x8 
 .text.SYSCFG_EXTILineConfig
                0x08002220      0x128 /home/mike/Documents/caribou-rtos/branches/0.9/caribou/target/board/xcore407i/crossworks/caribou THUMB Debug/caribou.a(stm32f4xx_syscfg.o)
                0x08002220                SYSCFG_EXTILineConfig
 *fill*         0x08002348        0x8 
 .text.SYSCFG_ETH_MediaInterfaceConfig
                0x08002350       0x30 /home/mike/Documents/caribou-rtos/branches/0.9/caribou/target/board/xcore407i/crossworks/caribou THUMB Debug/caribou.a(stm32f4xx_syscfg.o)
                0x08002350                SYSCFG_ETH_MediaInterfaceConfig
 .text.ETH_Delay
                0x08002380       0x28 /home/mike/Documents/caribou-rtos/branches/0.9/caribou/target/board/xcore407i/crossworks/caribou THUMB Debug/caribou.a(stm32f4x7_eth.o)
 *fill*         0x080023a8        0x8 
 .text.ETH_DeInit
                0x080023b0       0x1c /home/mike/Documents/caribou-rtos/branches/0.9/caribou/target/board/xcore407i/crossworks/caribou THUMB Debug/caribou.a(stm32f4x7_eth.o)
                0x080023b0                ETH_DeInit
 *fill*         0x080023cc        0x4 
 .text.ETH_StructInit
                0x080023d0      0x15c /home/mike/Documents/caribou-rtos/branches/0.9/caribou/target/board/xcore407i/crossworks/caribou THUMB Debug/caribou.a(stm32f4x7_eth.o)
                0x080023d0                ETH_StructInit
 *fill*         0x0800252c        0x4 
 .text.ETH_Init
                0x08002530      0xb0c /home/mike/Documents/caribou-rtos/branches/0.9/caribou/target/board/xcore407i/crossworks/caribou THUMB Debug/caribou.a(stm32f4x7_eth.o)
                0x08002530                ETH_Init
 *fill*         0x0800303c        0x4 
 .text.ETH_SoftwareReset
                0x08003040       0x24 /home/mike/Documents/caribou-rtos/branches/0.9/caribou/target/board/xcore407i/crossworks/caribou THUMB Debug/caribou.a(stm32f4x7_eth.o)
                0x08003040                ETH_SoftwareReset
 *fill*         0x08003064        0xc 
 .text.ETH_GetSoftwareResetStatus
                0x08003070       0x38 /home/mike/Documents/caribou-rtos/branches/0.9/caribou/target/board/xcore407i/crossworks/caribou THUMB Debug/caribou.a(stm32f4x7_eth.o)
                0x08003070                ETH_GetSoftwareResetStatus
 *fill*         0x080030a8        0x8 
 .text.ETH_DMAITConfig
                0x080030b0       0x88 /home/mike/Documents/caribou-rtos/branches/0.9/caribou/target/board/xcore407i/crossworks/caribou THUMB Debug/caribou.a(stm32f4x7_eth.o)
                0x080030b0                ETH_DMAITConfig
 *fill*         0x08003138        0x8 
 .text.ETH_ReadPHYRegister
                0x08003140       0xc8 /home/mike/Documents/caribou-rtos/branches/0.9/caribou/target/board/xcore407i/crossworks/caribou THUMB Debug/caribou.a(stm32f4x7_eth.o)
                0x08003140                ETH_ReadPHYRegister
 *fill*         0x08003208        0x8 
 .text.ETH_WritePHYRegister
                0x08003210       0xd0 /home/mike/Documents/caribou-rtos/branches/0.9/caribou/target/board/xcore407i/crossworks/caribou THUMB Debug/caribou.a(stm32f4x7_eth.o)
                0x08003210                ETH_WritePHYRegister
 .text.fpu_init
                0x080032e0       0x30 /home/mike/Documents/caribou-rtos/branches/0.9/caribou/target/board/xcore407i/crossworks/caribou THUMB Debug/caribou.a(cpu.o)
                0x080032e0                fpu_init
 .text.caribou_device_of
                0x08003310       0x30 /home/mike/Documents/caribou-rtos/branches/0.9/caribou/target/board/xcore407i/crossworks/caribou THUMB Debug/caribou.a(caribou_uart.o)
                0x08003310                caribou_device_of
 .text.caribou_uart_open
                0x08003340      0x128 /home/mike/Documents/caribou-rtos/branches/0.9/caribou/target/board/xcore407i/crossworks/caribou THUMB Debug/caribou.a(caribou_uart.o)
                0x08003340                caribou_uart_open
 *fill*         0x08003468        0x8 
 .text.caribou_uart_close
                0x08003470       0x98 /home/mike/Documents/caribou-rtos/branches/0.9/caribou/target/board/xcore407i/crossworks/caribou THUMB Debug/caribou.a(caribou_uart.o)
                0x08003470                caribou_uart_close
 *fill*         0x08003508        0x8 
 .text.caribou_uart_init_config
                0x08003510       0x40 /home/mike/Documents/caribou-rtos/branches/0.9/caribou/target/board/xcore407i/crossworks/caribou THUMB Debug/caribou.a(caribou_uart.o)
                0x08003510                caribou_uart_init_config
 .text.caribou_uart_set_config
                0x08003550       0x28 /home/mike/Documents/caribou-rtos/branches/0.9/caribou/target/board/xcore407i/crossworks/caribou THUMB Debug/caribou.a(caribou_uart.o)
                0x08003550                caribou_uart_set_config
 *fill*         0x08003578        0x8 
 .text.caribou_uart_queue_tx_sz
                0x08003580       0x10 /home/mike/Documents/caribou-rtos/branches/0.9/caribou/target/board/xcore407i/crossworks/caribou THUMB Debug/caribou.a(caribou_uart.o)
                0x08003580                caribou_uart_queue_tx_sz
 .text.caribou_uart_queue_rx_sz
                0x08003590       0x10 /home/mike/Documents/caribou-rtos/branches/0.9/caribou/target/board/xcore407i/crossworks/caribou THUMB Debug/caribou.a(caribou_uart.o)
                0x08003590                caribou_uart_queue_rx_sz
 .text.caribou_uart_private_readfn
                0x080035a0       0x74 /home/mike/Documents/caribou-rtos/branches/0.9/caribou/target/board/xcore407i/crossworks/caribou THUMB Debug/caribou.a(caribou_uart.o)
                0x080035a0                caribou_uart_private_readfn
 *fill*         0x08003614        0xc 
 .text.caribou_uart_private_writefn
                0x08003620       0x60 /home/mike/Documents/caribou-rtos/branches/0.9/caribou/target/board/xcore407i/crossworks/caribou THUMB Debug/caribou.a(caribou_uart.o)
                0x08003620                caribou_uart_private_writefn
 .text.caribou_uart_private_readqueuefn
                0x08003680       0x24 /home/mike/Documents/caribou-rtos/branches/0.9/caribou/target/board/xcore407i/crossworks/caribou THUMB Debug/caribou.a(caribou_uart.o)
                0x08003680                caribou_uart_private_readqueuefn
 *fill*         0x080036a4        0xc 
 .text.caribou_uart_private_writequeuefn
                0x080036b0       0x24 /home/mike/Documents/caribou-rtos/branches/0.9/caribou/target/board/xcore407i/crossworks/caribou THUMB Debug/caribou.a(caribou_uart.o)
                0x080036b0                caribou_uart_private_writequeuefn
 *fill*         0x080036d4        0xc 
 .text.caribou_uart_private_statefn
                0x080036e0       0x1c /home/mike/Documents/caribou-rtos/branches/0.9/caribou/target/board/xcore407i/crossworks/caribou THUMB Debug/caribou.a(caribou_uart.o)
                0x080036e0                caribou_uart_private_statefn
 *fill*         0x080036fc        0x4 
 .text.caribou_preempt
                0x08003700        0xc /home/mike/Documents/caribou-rtos/branches/0.9/caribou/target/board/xcore407i/crossworks/caribou THUMB Debug/caribou.a(caribou_caribou.o)
                0x08003700                caribou_preempt
 *fill*         0x0800370c        0x4 
 .text.caribou_exec
                0x08003710        0xc /home/mike/Documents/caribou-rtos/branches/0.9/caribou/target/board/xcore407i/crossworks/caribou THUMB Debug/caribou.a(caribou_caribou.o)
                0x08003710                caribou_exec
 *fill*         0x0800371c        0x4 
 .text.caribou_init
                0x08003720       0x2c /home/mike/Documents/caribou-rtos/branches/0.9/caribou/target/board/xcore407i/crossworks/caribou THUMB Debug/caribou.a(caribou_caribou.o)
                0x08003720                caribou_init
 *fill*         0x0800374c        0x4 
 .text.isr_map_extend
                0x08003750       0x70 /home/mike/Documents/caribou-rtos/branches/0.9/caribou/target/board/xcore407i/crossworks/caribou THUMB Debug/caribou.a(caribou_interrupt.o)
 .text.caribou_vector_installed
                0x080037c0       0x78 /home/mike/Documents/caribou-rtos/branches/0.9/caribou/target/board/xcore407i/crossworks/caribou THUMB Debug/caribou.a(caribou_interrupt.o)
                0x080037c0                caribou_vector_installed
 *fill*         0x08003838        0x8 
 .text.caribou_vector_install
                0x08003840       0xbc /home/mike/Documents/caribou-rtos/branches/0.9/caribou/target/board/xcore407i/crossworks/caribou THUMB Debug/caribou.a(caribou_interrupt.o)
                0x08003840                caribou_vector_install
 *fill*         0x080038fc        0x4 
 .text.caribou_interrupt_service
                0x08003900       0x44 /home/mike/Documents/caribou-rtos/branches/0.9/caribou/target/board/xcore407i/crossworks/caribou THUMB Debug/caribou.a(caribou_interrupt.o)
                0x08003900                caribou_interrupt_service
 *fill*         0x08003944        0xc 
 .text.rd_thread_stack_ptr
                0x08003950        0x8 /home/mike/Documents/caribou-rtos/branches/0.9/caribou/target/board/xcore407i/crossworks/caribou THUMB Debug/caribou.a(caribou_thread.o)
 *fill*         0x08003958        0x8 
 .text._caribou_thread_fault_emit
                0x08003960       0x30 /home/mike/Documents/caribou-rtos/branches/0.9/caribou/target/board/xcore407i/crossworks/caribou THUMB Debug/caribou.a(caribou_thread.o)
                0x08003960                _caribou_thread_fault_emit
 .text.new_thread_node
                0x08003990       0x38 /home/mike/Documents/caribou-rtos/branches/0.9/caribou/target/board/xcore407i/crossworks/caribou THUMB Debug/caribou.a(caribou_thread.o)
 *fill*         0x080039c8        0x8 
 .text.delete_thread_node
                0x080039d0       0x14 /home/mike/Documents/caribou-rtos/branches/0.9/caribou/target/board/xcore407i/crossworks/caribou THUMB Debug/caribou.a(caribou_thread.o)
 *fill*         0x080039e4        0xc 
 .text.append_thread_node
                0x080039f0       0x4c /home/mike/Documents/caribou-rtos/branches/0.9/caribou/target/board/xcore407i/crossworks/caribou THUMB Debug/caribou.a(caribou_thread.o)
 *fill*         0x08003a3c        0x4 
 .text.remove_thread_node
                0x08003a40       0x5c /home/mike/Documents/caribou-rtos/branches/0.9/caribou/target/board/xcore407i/crossworks/caribou THUMB Debug/caribou.a(caribou_thread.o)
 *fill*         0x08003a9c        0x4 
 .text.caribou_thread_lock
                0x08003aa0       0x44 /home/mike/Documents/caribou-rtos/branches/0.9/caribou/target/board/xcore407i/crossworks/caribou THUMB Debug/caribou.a(caribou_thread.o)
                0x08003aa0                caribou_thread_lock
 *fill*         0x08003ae4        0xc 
 .text.caribou_thread_unlock
                0x08003af0       0x5c /home/mike/Documents/caribou-rtos/branches/0.9/caribou/target/board/xcore407i/crossworks/caribou THUMB Debug/caribou.a(caribou_thread.o)
                0x08003af0                caribou_thread_unlock
 *fill*         0x08003b4c        0x4 
 .text.caribou_thread_sleep
                0x08003b50       0x7c /home/mike/Documents/caribou-rtos/branches/0.9/caribou/target/board/xcore407i/crossworks/caribou THUMB Debug/caribou.a(caribou_thread.o)
                0x08003b50                caribou_thread_sleep
 *fill*         0x08003bcc        0x4 
 .text.caribou_thread_sleep_current
                0x08003bd0       0x1c /home/mike/Documents/caribou-rtos/branches/0.9/caribou/target/board/xcore407i/crossworks/caribou THUMB Debug/caribou.a(caribou_thread.o)
                0x08003bd0                caribou_thread_sleep_current
 *fill*         0x08003bec        0x4 
 .text.caribou_thread_wakeup
                0x08003bf0       0x2c /home/mike/Documents/caribou-rtos/branches/0.9/caribou/target/board/xcore407i/crossworks/caribou THUMB Debug/caribou.a(caribou_thread.o)
                0x08003bf0                caribou_thread_wakeup
 *fill*         0x08003c1c        0x4 
 .text.caribou_thread_yield
                0x08003c20       0x20 /home/mike/Documents/caribou-rtos/branches/0.9/caribou/target/board/xcore407i/crossworks/caribou THUMB Debug/caribou.a(caribou_thread.o)
                0x08003c20                caribou_thread_yield
 .text.caribou_thread_terminate
                0x08003c40       0x50 /home/mike/Documents/caribou-rtos/branches/0.9/caribou/target/board/xcore407i/crossworks/caribou THUMB Debug/caribou.a(caribou_thread.o)
                0x08003c40                caribou_thread_terminate
 .text.thread_finish
                0x08003c90       0x20 /home/mike/Documents/caribou-rtos/branches/0.9/caribou/target/board/xcore407i/crossworks/caribou THUMB Debug/caribou.a(caribou_thread.o)
                0x08003c90                thread_finish
 .text.caribou_thread_create
                0x08003cb0      0x12c /home/mike/Documents/caribou-rtos/branches/0.9/caribou/target/board/xcore407i/crossworks/caribou THUMB Debug/caribou.a(caribou_thread.o)
                0x08003cb0                caribou_thread_create
 *fill*         0x08003ddc        0x4 
 .text.caribou_thread_current
                0x08003de0       0x18 /home/mike/Documents/caribou-rtos/branches/0.9/caribou/target/board/xcore407i/crossworks/caribou THUMB Debug/caribou.a(caribou_thread.o)
                0x08003de0                caribou_thread_current
 *fill*         0x08003df8        0x8 
 .text.caribou_thread_init
                0x08003e00       0x48 /home/mike/Documents/caribou-rtos/branches/0.9/caribou/target/board/xcore407i/crossworks/caribou THUMB Debug/caribou.a(caribou_thread.o)
                0x08003e00                caribou_thread_init
 *fill*         0x08003e48        0x8 
 .text.check_sp
                0x08003e50       0x7c /home/mike/Documents/caribou-rtos/branches/0.9/caribou/target/board/xcore407i/crossworks/caribou THUMB Debug/caribou.a(caribou_thread.o)
 *fill*         0x08003ecc        0x4 
 .text.caribou_thread_once
                0x08003ed0       0x60 /home/mike/Documents/caribou-rtos/branches/0.9/caribou/target/board/xcore407i/crossworks/caribou THUMB Debug/caribou.a(caribou_thread.o)
                0x08003ed0                caribou_thread_once
 .text.caribou_thread_exec
                0x08003f30       0x10 /home/mike/Documents/caribou-rtos/branches/0.9/caribou/target/board/xcore407i/crossworks/caribou THUMB Debug/caribou.a(caribou_thread.o)
                0x08003f30                caribou_thread_exec
 .text._swap_thread
                0x08003f40       0x90 /home/mike/Documents/caribou-rtos/branches/0.9/caribou/target/board/xcore407i/crossworks/caribou THUMB Debug/caribou.a(caribou_thread.o)
 .text._pendsv  0x08003fd0       0x80 /home/mike/Documents/caribou-rtos/branches/0.9/caribou/target/board/xcore407i/crossworks/caribou THUMB Debug/caribou.a(caribou_thread.o)
                0x08003fd0                _pendsv
 .text._systick
                0x08004050       0x88 /home/mike/Documents/caribou-rtos/branches/0.9/caribou/target/board/xcore407i/crossworks/caribou THUMB Debug/caribou.a(caribou_thread.o)
                0x08004050                _systick
 *fill*         0x080040d8        0x8 
 .text.caribou_timer_ticks
                0x080040e0       0x1c /home/mike/Documents/caribou-rtos/branches/0.9/caribou/target/board/xcore407i/crossworks/caribou THUMB Debug/caribou.a(caribou_timer.o)
                0x080040e0                caribou_timer_ticks
 *fill*         0x080040fc        0x4 
 .text.delete_timer_node
                0x08004100       0x20 /home/mike/Documents/caribou-rtos/branches/0.9/caribou/target/board/xcore407i/crossworks/caribou THUMB Debug/caribou.a(caribou_timer.o)
 .text.remove_timer_node
                0x08004120       0x70 /home/mike/Documents/caribou-rtos/branches/0.9/caribou/target/board/xcore407i/crossworks/caribou THUMB Debug/caribou.a(caribou_timer.o)
 .text.caribou_timer_ticks_timeout
                0x08004190       0x64 /home/mike/Documents/caribou-rtos/branches/0.9/caribou/target/board/xcore407i/crossworks/caribou THUMB Debug/caribou.a(caribou_timer.o)
                0x08004190                caribou_timer_ticks_timeout
 *fill*         0x080041f4        0xc 
 .text.caribou_timer_set
                0x08004200       0x28 /home/mike/Documents/caribou-rtos/branches/0.9/caribou/target/board/xcore407i/crossworks/caribou THUMB Debug/caribou.a(caribou_timer.o)
                0x08004200                caribou_timer_set
 *fill*         0x08004228        0x8 
 .text.caribou_timer_delete
                0x08004230       0x30 /home/mike/Documents/caribou-rtos/branches/0.9/caribou/target/board/xcore407i/crossworks/caribou THUMB Debug/caribou.a(caribou_timer.o)
                0x08004230                caribou_timer_delete
 .text.caribou_timer_delete_all
                0x08004260       0x24 /home/mike/Documents/caribou-rtos/branches/0.9/caribou/target/board/xcore407i/crossworks/caribou THUMB Debug/caribou.a(caribou_timer.o)
                0x08004260                caribou_timer_delete_all
 *fill*         0x08004284        0xc 
 .text.expire_timer
                0x08004290       0x74 /home/mike/Documents/caribou-rtos/branches/0.9/caribou/target/board/xcore407i/crossworks/caribou THUMB Debug/caribou.a(caribou_timer.o)
 *fill*         0x08004304        0xc 
 .text.caribou_timer_idle
                0x08004310       0x78 /home/mike/Documents/caribou-rtos/branches/0.9/caribou/target/board/xcore407i/crossworks/caribou THUMB Debug/caribou.a(caribou_timer.o)
                0x08004310                caribou_timer_idle
 *fill*         0x08004388        0x8 
 .text.caribou_bytequeue_new
                0x08004390       0x54 /home/mike/Documents/caribou-rtos/branches/0.9/caribou/target/board/xcore407i/crossworks/caribou THUMB Debug/caribou.a(caribou_bytequeue.o)
                0x08004390                caribou_bytequeue_new
 *fill*         0x080043e4        0xc 
 .text.caribou_bytequeue_free
                0x080043f0       0x44 /home/mike/Documents/caribou-rtos/branches/0.9/caribou/target/board/xcore407i/crossworks/caribou THUMB Debug/caribou.a(caribou_bytequeue.o)
                0x080043f0                caribou_bytequeue_free
 *fill*         0x08004434        0xc 
 .text.caribou_bytequeue_empty
                0x08004440       0x34 /home/mike/Documents/caribou-rtos/branches/0.9/caribou/target/board/xcore407i/crossworks/caribou THUMB Debug/caribou.a(caribou_bytequeue.o)
                0x08004440                caribou_bytequeue_empty
 *fill*         0x08004474        0xc 
 .text.caribou_bytequeue_level
                0x08004480       0x48 /home/mike/Documents/caribou-rtos/branches/0.9/caribou/target/board/xcore407i/crossworks/caribou THUMB Debug/caribou.a(caribou_bytequeue.o)
                0x08004480                caribou_bytequeue_level
 *fill*         0x080044c8        0x8 
 .text.caribou_bytequeue_put
                0x080044d0       0x80 /home/mike/Documents/caribou-rtos/branches/0.9/caribou/target/board/xcore407i/crossworks/caribou THUMB Debug/caribou.a(caribou_bytequeue.o)
                0x080044d0                caribou_bytequeue_put
 .text.caribou_bytequeue_get
                0x08004550       0x58 /home/mike/Documents/caribou-rtos/branches/0.9/caribou/target/board/xcore407i/crossworks/caribou THUMB Debug/caribou.a(caribou_bytequeue.o)
                0x08004550                caribou_bytequeue_get
 *fill*         0x080045a8        0x8 
 .text.notify_heap_alloc
                0x080045b0       0x14 /home/mike/Documents/caribou-rtos/branches/0.9/caribou/target/board/xcore407i/crossworks/caribou THUMB Debug/caribou.a(caribou_heap.o)
                0x080045b0                notify_heap_alloc
 *fill*         0x080045c4        0xc 
 .text.notify_heap_dealloc
                0x080045d0       0x14 /home/mike/Documents/caribou-rtos/branches/0.9/caribou/target/board/xcore407i/crossworks/caribou THUMB Debug/caribou.a(caribou_heap.o)
                0x080045d0                notify_heap_dealloc
 *fill*         0x080045e4        0xc 
 .text.notify_heap_invalid_dealloc
                0x080045f0        0xc /home/mike/Documents/caribou-rtos/branches/0.9/caribou/target/board/xcore407i/crossworks/caribou THUMB Debug/caribou.a(caribou_heap.o)
                0x080045f0                notify_heap_invalid_dealloc
 *fill*         0x080045fc        0x4 
 .text.notify_heap_invalid_realloc
                0x08004600        0xc /home/mike/Documents/caribou-rtos/branches/0.9/caribou/target/board/xcore407i/crossworks/caribou THUMB Debug/caribou.a(caribou_heap.o)
                0x08004600                notify_heap_invalid_realloc
 *fill*         0x0800460c        0x4 
 .text.heap_init
                0x08004610       0x18 /home/mike/Documents/caribou-rtos/branches/0.9/caribou/target/board/xcore407i/crossworks/caribou THUMB Debug/caribou.a(caribou_heap.o)
                0x08004610                heap_init
 *fill*         0x08004628        0x8 
 .text.malloc   0x08004630       0x18 /home/mike/Documents/caribou-rtos/branches/0.9/caribou/target/board/xcore407i/crossworks/caribou THUMB Debug/caribou.a(caribou_heap.o)
                0x08004630                malloc
 *fill*         0x08004648        0x8 
 .text.realloc  0x08004650       0x1c /home/mike/Documents/caribou-rtos/branches/0.9/caribou/target/board/xcore407i/crossworks/caribou THUMB Debug/caribou.a(caribou_heap.o)
                0x08004650                realloc
 *fill*         0x0800466c        0x4 
 .text.free     0x08004670       0x14 /home/mike/Documents/caribou-rtos/branches/0.9/caribou/target/board/xcore407i/crossworks/caribou THUMB Debug/caribou.a(caribou_heap.o)
                0x08004670                free
 *fill*         0x08004684        0xc 
 .text.caribou_mutex_init
                0x08004690       0x24 /home/mike/Documents/caribou-rtos/branches/0.9/caribou/target/board/xcore407i/crossworks/caribou THUMB Debug/caribou.a(caribou_mutex.o)
                0x08004690                caribou_mutex_init
 *fill*         0x080046b4        0xc 
 .text.caribou_queue_init
                0x080046c0       0x2c /home/mike/Documents/caribou-rtos/branches/0.9/caribou/target/board/xcore407i/crossworks/caribou THUMB Debug/caribou.a(caribou_queue.o)
                0x080046c0                caribou_queue_init
 *fill*         0x080046ec        0x4 
 .text.caribou_queue_post
                0x080046f0       0x4c /home/mike/Documents/caribou-rtos/branches/0.9/caribou/target/board/xcore407i/crossworks/caribou THUMB Debug/caribou.a(caribou_queue.o)
                0x080046f0                caribou_queue_post
 *fill*         0x0800473c        0x4 
 .text.caribou_queue_take_first
                0x08004740       0x50 /home/mike/Documents/caribou-rtos/branches/0.9/caribou/target/board/xcore407i/crossworks/caribou THUMB Debug/caribou.a(caribou_queue.o)
                0x08004740                caribou_queue_take_first
 .text.caribou_queue_try_post
                0x08004790       0x94 /home/mike/Documents/caribou-rtos/branches/0.9/caribou/target/board/xcore407i/crossworks/caribou THUMB Debug/caribou.a(caribou_queue.o)
                0x08004790                caribou_queue_try_post
 *fill*         0x08004824        0xc 
 .text.caribou_queue_try_take_first
                0x08004830       0x68 /home/mike/Documents/caribou-rtos/branches/0.9/caribou/target/board/xcore407i/crossworks/caribou THUMB Debug/caribou.a(caribou_queue.o)
                0x08004830                caribou_queue_try_take_first
 *fill*         0x08004898        0x8 
 .text.caribou_semaphore_signal
                0x080048a0       0x70 /home/mike/Documents/caribou-rtos/branches/0.9/caribou/target/board/xcore407i/crossworks/caribou THUMB Debug/caribou.a(caribou_semaphore.o)
                0x080048a0                caribou_semaphore_signal
 .text.fopen    0x08004910       0x3c /home/mike/Documents/caribou-rtos/branches/0.9/caribou/target/board/xcore407i/crossworks/caribou THUMB Debug/caribou.a(caribou_stdio.o)
                0x08004910                fopen
 *fill*         0x0800494c        0x4 
 .text.fputc    0x08004950       0x30 /home/mike/Documents/caribou-rtos/branches/0.9/caribou/target/board/xcore407i/crossworks/caribou THUMB Debug/caribou.a(caribou_stdio.o)
                0x08004950                fputc
 .text._fputc   0x08004980       0x1c /home/mike/Documents/caribou-rtos/branches/0.9/caribou/target/board/xcore407i/crossworks/caribou THUMB Debug/caribou.a(caribou_stdio.o)
                0x08004980                _fputc
 *fill*         0x0800499c        0x4 
 .text.printchar
                0x080049a0       0x44 /home/mike/Documents/caribou-rtos/branches/0.9/caribou/target/board/xcore407i/crossworks/caribou THUMB Debug/caribou.a(caribou_stdio.o)
 *fill*         0x080049e4        0xc 
 .text.prints   0x080049f0       0xd4 /home/mike/Documents/caribou-rtos/branches/0.9/caribou/target/board/xcore407i/crossworks/caribou THUMB Debug/caribou.a(caribou_stdio.o)
 *fill*         0x08004ac4        0xc 
 .text.printi   0x08004ad0      0x108 /home/mike/Documents/caribou-rtos/branches/0.9/caribou/target/board/xcore407i/crossworks/caribou THUMB Debug/caribou.a(caribou_stdio.o)
 *fill*         0x08004bd8        0x8 
 .text.print    0x08004be0      0x27c /home/mike/Documents/caribou-rtos/branches/0.9/caribou/target/board/xcore407i/crossworks/caribou THUMB Debug/caribou.a(caribou_stdio.o)
 *fill*         0x08004e5c        0x4 
 .text.printf   0x08004e60       0x48 /home/mike/Documents/caribou-rtos/branches/0.9/caribou/target/board/xcore407i/crossworks/caribou THUMB Debug/caribou.a(caribou_stdio.o)
                0x08004e60                printf
 *fill*         0x08004ea8        0x8 
 .text.memmove  0x08004eb0       0x64 /home/mike/Documents/caribou-rtos/branches/0.9/caribou/target/board/xcore407i/crossworks/caribou THUMB Debug/caribou.a(caribou_string.o)
                0x08004eb0                memmove
 *fill*         0x08004f14        0xc 
 .text.memset   0x08004f20       0x34 /home/mike/Documents/caribou-rtos/branches/0.9/caribou/target/board/xcore407i/crossworks/caribou THUMB Debug/caribou.a(caribou_string.o)
                0x08004f20                memset
 *fill*         0x08004f54        0xc 
 .text.memcmp   0x08004f60       0x40 /home/mike/Documents/caribou-rtos/branches/0.9/caribou/target/board/xcore407i/crossworks/caribou THUMB Debug/caribou.a(caribou_string.o)
                0x08004f60                memcmp
 .text.bitmap_heap_init
                0x08004fa0       0xb8 /home/mike/Documents/caribou-rtos/branches/0.9/caribou/target/board/xcore407i/crossworks/caribou THUMB Debug/caribou.a(caribou_bitmap_heap.o)
                0x08004fa0                bitmap_heap_init
 *fill*         0x08005058        0x8 
 .text.get_bitmap_bit
                0x08005060       0x7c /home/mike/Documents/caribou-rtos/branches/0.9/caribou/target/board/xcore407i/crossworks/caribou THUMB Debug/caribou.a(caribou_bitmap_heap.o)
 *fill*         0x080050dc        0x4 
 .text.set_bitmap_bit
                0x080050e0       0xac /home/mike/Documents/caribou-rtos/branches/0.9/caribou/target/board/xcore407i/crossworks/caribou THUMB Debug/caribou.a(caribou_bitmap_heap.o)
 *fill*         0x0800518c        0x4 
 .text.is_free_sequence
                0x08005190       0x6c /home/mike/Documents/caribou-rtos/branches/0.9/caribou/target/board/xcore407i/crossworks/caribou THUMB Debug/caribou.a(caribou_bitmap_heap.o)
 *fill*         0x080051fc        0x4 
 .text.locate_free
                0x08005200       0xa0 /home/mike/Documents/caribou-rtos/branches/0.9/caribou/target/board/xcore407i/crossworks/caribou THUMB Debug/caribou.a(caribou_bitmap_heap.o)
 .text.blocks_used
                0x080052a0       0x70 /home/mike/Documents/caribou-rtos/branches/0.9/caribou/target/board/xcore407i/crossworks/caribou THUMB Debug/caribou.a(caribou_bitmap_heap.o)
 .text.from_pointer
                0x08005310       0x48 /home/mike/Documents/caribou-rtos/branches/0.9/caribou/target/board/xcore407i/crossworks/caribou THUMB Debug/caribou.a(caribou_bitmap_heap.o)
 *fill*         0x08005358        0x8 
 .text.to_pointer
                0x08005360       0x44 /home/mike/Documents/caribou-rtos/branches/0.9/caribou/target/board/xcore407i/crossworks/caribou THUMB Debug/caribou.a(caribou_bitmap_heap.o)
 *fill*         0x080053a4        0xc 
 .text.allocate
                0x080053b0       0xc8 /home/mike/Documents/caribou-rtos/branches/0.9/caribou/target/board/xcore407i/crossworks/caribou THUMB Debug/caribou.a(caribou_bitmap_heap.o)
 *fill*         0x08005478        0x8 
 .text.deallocate
                0x08005480       0x8c /home/mike/Documents/caribou-rtos/branches/0.9/caribou/target/board/xcore407i/crossworks/caribou THUMB Debug/caribou.a(caribou_bitmap_heap.o)
 *fill*         0x0800550c        0x4 
 .text.can_extend
                0x08005510       0x78 /home/mike/Documents/caribou-rtos/branches/0.9/caribou/target/board/xcore407i/crossworks/caribou THUMB Debug/caribou.a(caribou_bitmap_heap.o)
 *fill*         0x08005588        0x8 
 .text.extend   0x08005590       0xb8 /home/mike/Documents/caribou-rtos/branches/0.9/caribou/target/board/xcore407i/crossworks/caribou THUMB Debug/caribou.a(caribou_bitmap_heap.o)
 *fill*         0x08005648        0x8 
 .text.bitmap_heap_malloc
                0x08005650       0x88 /home/mike/Documents/caribou-rtos/branches/0.9/caribou/target/board/xcore407i/crossworks/caribou THUMB Debug/caribou.a(caribou_bitmap_heap.o)
                0x08005650                bitmap_heap_malloc
 *fill*         0x080056d8        0x8 
 .text.bitmap_heap_realloc
                0x080056e0      0x188 /home/mike/Documents/caribou-rtos/branches/0.9/caribou/target/board/xcore407i/crossworks/caribou THUMB Debug/caribou.a(caribou_bitmap_heap.o)
                0x080056e0                bitmap_heap_realloc
 *fill*         0x08005868        0x8 
 .text.bitmap_heap_free
                0x08005870       0x68 /home/mike/Documents/caribou-rtos/branches/0.9/caribou/target/board/xcore407i/crossworks/caribou THUMB Debug/caribou.a(caribou_bitmap_heap.o)
                0x08005870                bitmap_heap_free
 *fill*         0x080058d8        0x8 
 .text.chip_uart_int_disable
                0x080058e0       0x30 /home/mike/Documents/caribou-rtos/branches/0.9/caribou/target/board/xcore407i/crossworks/caribou THUMB Debug/caribou.a(uart.o)
                0x080058e0                chip_uart_int_disable
 .text.chip_uart_int_enabled
                0x08005910       0x38 /home/mike/Documents/caribou-rtos/branches/0.9/caribou/target/board/xcore407i/crossworks/caribou THUMB Debug/caribou.a(uart.o)
                0x08005910                chip_uart_int_enabled
 *fill*         0x08005948        0x8 
 .text.chip_uart_disable_dma
                0x08005950       0x90 /home/mike/Documents/caribou-rtos/branches/0.9/caribou/target/board/xcore407i/crossworks/caribou THUMB Debug/caribou.a(uart.o)
 .text.chip_uart_enable_dma
                0x080059e0       0xac /home/mike/Documents/caribou-rtos/branches/0.9/caribou/target/board/xcore407i/crossworks/caribou THUMB Debug/caribou.a(uart.o)
 *fill*         0x08005a8c        0x4 
 .text.chip_uart_set_config
                0x08005a90      0x134 /home/mike/Documents/caribou-rtos/branches/0.9/caribou/target/board/xcore407i/crossworks/caribou THUMB Debug/caribou.a(uart.o)
                0x08005a90                chip_uart_set_config
 *fill*         0x08005bc4        0xc 
 .text.chip_uart_open
                0x08005bd0       0x18 /home/mike/Documents/caribou-rtos/branches/0.9/caribou/target/board/xcore407i/crossworks/caribou THUMB Debug/caribou.a(uart.o)
                0x08005bd0                chip_uart_open
 *fill*         0x08005be8        0x8 
 .text.chip_uart_set_rx_queue
                0x08005bf0       0x24 /home/mike/Documents/caribou-rtos/branches/0.9/caribou/target/board/xcore407i/crossworks/caribou THUMB Debug/caribou.a(uart.o)
                0x08005bf0                chip_uart_set_rx_queue
 *fill*         0x08005c14        0xc 
 .text.chip_uart_set_tx_queue
                0x08005c20       0x24 /home/mike/Documents/caribou-rtos/branches/0.9/caribou/target/board/xcore407i/crossworks/caribou THUMB Debug/caribou.a(uart.o)
                0x08005c20                chip_uart_set_tx_queue
 *fill*         0x08005c44        0xc 
 .text.chip_uart_rx_queue
                0x08005c50       0x1c /home/mike/Documents/caribou-rtos/branches/0.9/caribou/target/board/xcore407i/crossworks/caribou THUMB Debug/caribou.a(uart.o)
                0x08005c50                chip_uart_rx_queue
 *fill*         0x08005c6c        0x4 
 .text.chip_uart_tx_queue
                0x08005c70       0x1c /home/mike/Documents/caribou-rtos/branches/0.9/caribou/target/board/xcore407i/crossworks/caribou THUMB Debug/caribou.a(uart.o)
                0x08005c70                chip_uart_tx_queue
 *fill*         0x08005c8c        0x4 
 .text.chip_uart_interrupt_vector
                0x08005c90       0x20 /home/mike/Documents/caribou-rtos/branches/0.9/caribou/target/board/xcore407i/crossworks/caribou THUMB Debug/caribou.a(uart.o)
                0x08005c90                chip_uart_interrupt_vector
 .text.chip_uart_status
                0x08005cb0       0x1c /home/mike/Documents/caribou-rtos/branches/0.9/caribou/target/board/xcore407i/crossworks/caribou THUMB Debug/caribou.a(uart.o)
                0x08005cb0                chip_uart_status
 *fill*         0x08005ccc        0x4 
 .text.chip_uart_set_status
                0x08005cd0       0x24 /home/mike/Documents/caribou-rtos/branches/0.9/caribou/target/board/xcore407i/crossworks/caribou THUMB Debug/caribou.a(uart.o)
                0x08005cd0                chip_uart_set_status
 *fill*         0x08005cf4        0xc 
 .text.chip_uart_tx_ready
                0x08005d00       0x34 /home/mike/Documents/caribou-rtos/branches/0.9/caribou/target/board/xcore407i/crossworks/caribou THUMB Debug/caribou.a(uart.o)
                0x08005d00                chip_uart_tx_ready
 *fill*         0x08005d34        0xc 
 .text.chip_uart_rx_ready
                0x08005d40       0x38 /home/mike/Documents/caribou-rtos/branches/0.9/caribou/target/board/xcore407i/crossworks/caribou THUMB Debug/caribou.a(uart.o)
                0x08005d40                chip_uart_rx_ready
 *fill*         0x08005d78        0x8 
 .text.chip_uart_tx_data
                0x08005d80       0x28 /home/mike/Documents/caribou-rtos/branches/0.9/caribou/target/board/xcore407i/crossworks/caribou THUMB Debug/caribou.a(uart.o)
                0x08005d80                chip_uart_tx_data
 *fill*         0x08005da8        0x8 
 .text.chip_uart_rx_data
                0x08005db0       0x20 /home/mike/Documents/caribou-rtos/branches/0.9/caribou/target/board/xcore407i/crossworks/caribou THUMB Debug/caribou.a(uart.o)
                0x08005db0                chip_uart_rx_data
 .text.chip_uart_tx_start
                0x08005dd0       0x2c /home/mike/Documents/caribou-rtos/branches/0.9/caribou/target/board/xcore407i/crossworks/caribou THUMB Debug/caribou.a(uart.o)
                0x08005dd0                chip_uart_tx_start
 *fill*         0x08005dfc        0x4 
 .text.chip_uart_tx_stop
                0x08005e00       0x2c /home/mike/Documents/caribou-rtos/branches/0.9/caribou/target/board/xcore407i/crossworks/caribou THUMB Debug/caribou.a(uart.o)
                0x08005e00                chip_uart_tx_stop
 *fill*         0x08005e2c        0x4 
 .text.isr_uart
                0x08005e30       0xb8 /home/mike/Documents/caribou-rtos/branches/0.9/caribou/target/board/xcore407i/crossworks/caribou THUMB Debug/caribou.a(uart.o)
                0x08005e30                isr_uart
 *fill*         0x08005ee8        0x8 
 .text.USART_Init
                0x08005ef0      0x2fc /home/mike/Documents/caribou-rtos/branches/0.9/caribou/target/board/xcore407i/crossworks/caribou THUMB Debug/caribou.a(stm32f4xx_usart.o)
                0x08005ef0                USART_Init
 *fill*         0x080061ec        0x4 
 .text.USART_Cmd
                0x080061f0       0xc0 /home/mike/Documents/caribou-rtos/branches/0.9/caribou/target/board/xcore407i/crossworks/caribou THUMB Debug/caribou.a(stm32f4xx_usart.o)
                0x080061f0                USART_Cmd
 .text.USART_DMACmd
                0x080062b0       0xe4 /home/mike/Documents/caribou-rtos/branches/0.9/caribou/target/board/xcore407i/crossworks/caribou THUMB Debug/caribou.a(stm32f4xx_usart.o)
                0x080062b0                USART_DMACmd
 *fill*         0x08006394        0xc 
 .text.USART_ITConfig
                0x080063a0      0x198 /home/mike/Documents/caribou-rtos/branches/0.9/caribou/target/board/xcore407i/crossworks/caribou THUMB Debug/caribou.a(stm32f4xx_usart.o)
                0x080063a0                USART_ITConfig
 *(.rodata)
 *fill*         0x08006538        0x8 
 .rodata        0x08006540        0x4 caribou_demo THUMB Debug/board.o
 *fill*         0x08006544        0xc 
 .rodata        0x08006550       0x64 caribou_demo THUMB Debug/demo.o
 *fill*         0x080065b4        0xc 
 .rodata        0x080065c0       0xf0 /home/mike/Documents/caribou-rtos/branches/0.9/caribou/target/board/xcore407i/crossworks/caribou THUMB Debug/caribou.a(ethernetif.o)
 .rodata        0x080066b0        0xc /home/mike/Documents/caribou-rtos/branches/0.9/caribou/target/board/xcore407i/crossworks/caribou THUMB Debug/caribou.a(caribou_thread.o)
 *fill*         0x080066bc        0x4 
 .rodata        0x080066c0       0x2c /home/mike/Documents/caribou-rtos/branches/0.9/caribou/target/board/xcore407i/crossworks/caribou THUMB Debug/caribou.a(caribou_stdio.o)
 *(.rodata.*)
 *fill*         0x080066ec        0x4 
 .rodata._stdio_
                0x080066f0       0xa8 /home/mike/Documents/caribou-rtos/branches/0.9/caribou/target/board/xcore407i/crossworks/caribou THUMB Debug/caribou.a(uart.o)
                0x080066f0                _stdio_
 *(.glue_7t)
 .glue_7t       0x00000000        0x0 linker stubs
 *(.glue_7)
 .glue_7        0x00000000        0x0 linker stubs
 *(.gcc*)

.vfp11_veneer   0x08006798        0x0
 .vfp11_veneer  0x00000000        0x0 linker stubs

.v4_bx          0x08006798        0x0
 .v4_bx         0x00000000        0x0 linker stubs

.iplt           0x08006798        0x0
 .iplt          0x00000000        0x0 caribou_demo THUMB Debug/system_stm32f4xx.o

.rel.dyn        0x08006798        0x0
 .rel.iplt      0x00000000        0x0 caribou_demo THUMB Debug/system_stm32f4xx.o

.ARM.extab
 *(.ARM.extab* .gnu.linkonce.armextab.*)

.ARM.exidx      0x08006798        0x0
                0x08006798                PROVIDE (__exidx_start, .)
 *(.ARM.exidx* .gnu.linkonce.armexidx.*)
                0x08006798                PROVIDE (__exidx_end, .)

.eh_frame_hdr
 *(.eh_frame_hdr)

.eh_frame
 *(.eh_frame)

.textalign      0x08006798        0x0
                0x08006798                . = ALIGN (0x8)
                0x08006798                _etext = .
                0x08006798                _textdata = _etext

.stacks         0x20000000      0xc00
                0x20000000                . = ALIGN (0x8)
                0x20000000                __main_stack_base__ = .
                0x20000600                . = (. + __main_stack_size__)
 *fill*         0x20000000      0x600 
                0x20000600                . = ALIGN (0x8)
                0x20000600                __main_stack_end__ = .
                0x20000600                __process_stack_base__ = .
                0x20000600                __main_thread_stack_base__ = .
                0x20000c00                . = (. + __process_stack_size__)
 *fill*         0x20000600      0x600 
                0x20000c00                . = ALIGN (0x8)
                0x20000c00                __process_stack_end__ = .
                0x20000c00                __main_thread_stack_end__ = .

.data           0x20000c00      0x21c load address 0x08006798
                0x20000c00                . = ALIGN (0x4)
                0x20000c00                PROVIDE (_data, .)
 *(.data)
                0x20000c00                . = ALIGN (0x4)
 *(.data.*)
 .data.SystemCoreClock
                0x20000c00        0x4 caribou_demo THUMB Debug/system_stm32f4xx.o
                0x20000c00                SystemCoreClock
 .data.AHBPrescTable
                0x20000c04       0x10 caribou_demo THUMB Debug/system_stm32f4xx.o
                0x20000c04                AHBPrescTable
 .data.led1     0x20000c14        0x8 caribou_demo THUMB Debug/board.o
                0x20000c14                led1
 .data.led2     0x20000c1c        0x8 caribou_demo THUMB Debug/board.o
                0x20000c1c                led2
 .data.led3     0x20000c24        0x8 caribou_demo THUMB Debug/board.o
                0x20000c24                led3
 .data.led4     0x20000c2c        0x8 caribou_demo THUMB Debug/board.o
                0x20000c2c                led4
 .data.ethInputSemaphorequeue
                0x20000c34        0xc /home/mike/Documents/caribou-rtos/branches/0.9/caribou/target/board/xcore407i/crossworks/caribou THUMB Debug/caribou.a(ethernetif.o)
                0x20000c34                ethInputSemaphorequeue
 .data.ethInputSemaphore
                0x20000c40        0x8 /home/mike/Documents/caribou-rtos/branches/0.9/caribou/target/board/xcore407i/crossworks/caribou THUMB Debug/caribou.a(ethernetif.o)
                0x20000c40                ethInputSemaphore
 .data.APBAHBPrescTable
                0x20000c48       0x10 /home/mike/Documents/caribou-rtos/branches/0.9/caribou/target/board/xcore407i/crossworks/caribou THUMB Debug/caribou.a(stm32f4xx_rcc.o)
 .data.heap_state
                0x20000c58        0x4 /home/mike/Documents/caribou-rtos/branches/0.9/caribou/target/board/xcore407i/crossworks/caribou THUMB Debug/caribou.a(caribou_bitmap_heap.o)
                0x20000c58                heap_state
 .data.device_info
                0x20000c5c      0x1c0 /home/mike/Documents/caribou-rtos/branches/0.9/caribou/target/board/xcore407i/crossworks/caribou THUMB Debug/caribou.a(uart.o)
                0x20000c5c                device_info
                0x20000e1c                . = ALIGN (0x4)
 *(.ramtext)
                0x20000e1c                . = ALIGN (0x4)
                0x20000e1c                PROVIDE (_edata, .)

.igot.plt       0x20000e1c        0x0 load address 0x080069b4
 .igot.plt      0x00000000        0x0 caribou_demo THUMB Debug/system_stm32f4xx.o

.bss            0x20000e20      0x94c load address 0x080069b4
                0x20000e20                . = ALIGN (0x4)
                0x20000e20                PROVIDE (__bss_start__, .)
 *(.bss)
                0x20000e20                . = ALIGN (0x4)
 *(.bss.*)
 .bss.network_interface
                0x20000e20        0xc caribou_demo THUMB Debug/board.o
                0x20000e20                network_interface
 *fill*         0x20000e2c        0x4 
 .bss.last0.7112
                0x20000e30        0x8 caribou_demo THUMB Debug/board.o
 .bss.last1.7113
                0x20000e38        0x8 caribou_demo THUMB Debug/board.o
 .bss.last2.7114
                0x20000e40        0x8 caribou_demo THUMB Debug/board.o
 .bss.last3.7115
                0x20000e48        0x8 caribou_demo THUMB Debug/board.o
 .bss.test      0x20000e50      0x858 caribou_demo THUMB Debug/demo.o
                0x20000e50                test
 .bss.message_b.6797
                0x200016a8       0x20 caribou_demo THUMB Debug/demo.o
 .bss.ethInputSemaphorequeuemsgs
                0x200016c8       0x50 /home/mike/Documents/caribou-rtos/branches/0.9/caribou/target/board/xcore407i/crossworks/caribou THUMB Debug/caribou.a(ethernetif.o)
                0x200016c8                ethInputSemaphorequeuemsgs
 .bss.isr_map   0x20001718        0x4 /home/mike/Documents/caribou-rtos/branches/0.9/caribou/target/board/xcore407i/crossworks/caribou THUMB Debug/caribou.a(caribou_interrupt.o)
                0x20001718                isr_map
 .bss.isr_map_size
                0x2000171c        0x4 /home/mike/Documents/caribou-rtos/branches/0.9/caribou/target/board/xcore407i/crossworks/caribou THUMB Debug/caribou.a(caribou_interrupt.o)
                0x2000171c                isr_map_size
 .bss.caribou_state
                0x20001720       0x28 /home/mike/Documents/caribou-rtos/branches/0.9/caribou/target/board/xcore407i/crossworks/caribou THUMB Debug/caribou.a(caribou_thread.o)
                0x20001720                caribou_state
 .bss.__errno   0x20001748        0x4 /home/mike/Documents/caribou-rtos/branches/0.9/caribou/target/board/xcore407i/crossworks/caribou THUMB Debug/caribou.a(caribou_errno.o)
                0x20001748                __errno
 .bss._stdin    0x2000174c        0x4 /home/mike/Documents/caribou-rtos/branches/0.9/caribou/target/board/xcore407i/crossworks/caribou THUMB Debug/caribou.a(caribou_stdio.o)
                0x2000174c                _stdin
 .bss._stdout   0x20001750        0x4 /home/mike/Documents/caribou-rtos/branches/0.9/caribou/target/board/xcore407i/crossworks/caribou THUMB Debug/caribou.a(caribou_stdio.o)
                0x20001750                _stdout
 .bss._stderr   0x20001754        0x4 /home/mike/Documents/caribou-rtos/branches/0.9/caribou/target/board/xcore407i/crossworks/caribou THUMB Debug/caribou.a(caribou_stdio.o)
                0x20001754                _stderr
 .bss.static_heap_state
                0x20001758       0x14 /home/mike/Documents/caribou-rtos/branches/0.9/caribou/target/board/xcore407i/crossworks/caribou THUMB Debug/caribou.a(caribou_bitmap_heap.o)
                0x20001758                static_heap_state
                0x2000176c                . = ALIGN (0x4)
 *(COMMON)
                0x2000176c                . = ALIGN (0x4)
                0x2000176c                PROVIDE (__bss_end__, .)
                0x2000176c                PROVIDE (end, .)
                0x2000176c                _end = .
                0x2000176c                __heap_start__ = _end
                0x20020000                __heap_end__ = __ram_end__
START GROUP
LOAD caribou_demo THUMB Debug/system_stm32f4xx.o
LOAD caribou_demo THUMB Debug/board.o
LOAD caribou_demo THUMB Debug/demo.o
LOAD /home/mike/Documents/caribou-rtos/branches/0.9/caribou/target/board/xcore407i/crossworks/caribou THUMB Debug/caribou.a
LOAD /usr/share/crossworks_for_arm_3.3/lib/libm_v7em_fpv4_sp_d16_hard_t_le_eabi_f.a
END GROUP
OUTPUT(caribou_demo THUMB Debug/caribou_demo.elf elf32-littlearm)

.debug_frame    0x00000000     0x593c
 .debug_frame   0x00000000       0x84 caribou_demo THUMB Debug/system_stm32f4xx.o
 .debug_frame   0x00000084      0x13c caribou_demo THUMB Debug/board.o
 .debug_frame   0x000001c0      0x18c caribou_demo THUMB Debug/demo.o
 .debug_frame   0x0000034c      0x170 /home/mike/Documents/caribou-rtos/branches/0.9/caribou/target/board/xcore407i/crossworks/caribou THUMB Debug/caribou.a(ethernetif.o)
 .debug_frame   0x000004bc      0x5c4 /home/mike/Documents/caribou-rtos/branches/0.9/caribou/target/board/xcore407i/crossworks/caribou THUMB Debug/caribou.a(chip.o)
 .debug_frame   0x00000a80       0x74 /home/mike/Documents/caribou-rtos/branches/0.9/caribou/target/board/xcore407i/crossworks/caribou THUMB Debug/caribou.a(fault.o)
 .debug_frame   0x00000af4       0xb4 /home/mike/Documents/caribou-rtos/branches/0.9/caribou/target/board/xcore407i/crossworks/caribou THUMB Debug/caribou.a(gpio.o)
 .debug_frame   0x00000ba8      0x350 /home/mike/Documents/caribou-rtos/branches/0.9/caribou/target/board/xcore407i/crossworks/caribou THUMB Debug/caribou.a(stm32f4xx_dma.o)
 .debug_frame   0x00000ef8      0x160 /home/mike/Documents/caribou-rtos/branches/0.9/caribou/target/board/xcore407i/crossworks/caribou THUMB Debug/caribou.a(stm32f4xx_exti.o)
 .debug_frame   0x00001058      0x7a4 /home/mike/Documents/caribou-rtos/branches/0.9/caribou/target/board/xcore407i/crossworks/caribou THUMB Debug/caribou.a(stm32f4xx_rcc.o)
 .debug_frame   0x000017fc      0x10c /home/mike/Documents/caribou-rtos/branches/0.9/caribou/target/board/xcore407i/crossworks/caribou THUMB Debug/caribou.a(stm32f4xx_syscfg.o)
 .debug_frame   0x00001908      0xd58 /home/mike/Documents/caribou-rtos/branches/0.9/caribou/target/board/xcore407i/crossworks/caribou THUMB Debug/caribou.a(stm32f4x7_eth.o)
 .debug_frame   0x00002660       0x50 /home/mike/Documents/caribou-rtos/branches/0.9/caribou/target/board/xcore407i/crossworks/caribou THUMB Debug/caribou.a(cpu.o)
 .debug_frame   0x000026b0      0x440 /home/mike/Documents/caribou-rtos/branches/0.9/caribou/target/board/xcore407i/crossworks/caribou THUMB Debug/caribou.a(caribou_uart.o)
 .debug_frame   0x00002af0      0x160 /home/mike/Documents/caribou-rtos/branches/0.9/caribou/target/board/xcore407i/crossworks/caribou THUMB Debug/caribou.a(caribou_caribou.o)
 .debug_frame   0x00002c50      0x118 /home/mike/Documents/caribou-rtos/branches/0.9/caribou/target/board/xcore407i/crossworks/caribou THUMB Debug/caribou.a(caribou_interrupt.o)
 .debug_frame   0x00002d68      0x704 /home/mike/Documents/caribou-rtos/branches/0.9/caribou/target/board/xcore407i/crossworks/caribou THUMB Debug/caribou.a(caribou_thread.o)
 .debug_frame   0x0000346c      0x308 /home/mike/Documents/caribou-rtos/branches/0.9/caribou/target/board/xcore407i/crossworks/caribou THUMB Debug/caribou.a(caribou_timer.o)
 .debug_frame   0x00003774      0x248 /home/mike/Documents/caribou-rtos/branches/0.9/caribou/target/board/xcore407i/crossworks/caribou THUMB Debug/caribou.a(caribou_bytequeue.o)
 .debug_frame   0x000039bc       0x58 /home/mike/Documents/caribou-rtos/branches/0.9/caribou/target/board/xcore407i/crossworks/caribou THUMB Debug/caribou.a(caribou_errno.o)
 .debug_frame   0x00003a14      0x270 /home/mike/Documents/caribou-rtos/branches/0.9/caribou/target/board/xcore407i/crossworks/caribou THUMB Debug/caribou.a(caribou_heap.o)
 .debug_frame   0x00003c84      0x170 /home/mike/Documents/caribou-rtos/branches/0.9/caribou/target/board/xcore407i/crossworks/caribou THUMB Debug/caribou.a(caribou_mutex.o)
 .debug_frame   0x00003df4      0x3a8 /home/mike/Documents/caribou-rtos/branches/0.9/caribou/target/board/xcore407i/crossworks/caribou THUMB Debug/caribou.a(caribou_queue.o)
 .debug_frame   0x0000419c      0x140 /home/mike/Documents/caribou-rtos/branches/0.9/caribou/target/board/xcore407i/crossworks/caribou THUMB Debug/caribou.a(caribou_semaphore.o)
 .debug_frame   0x000042dc      0x5f4 /home/mike/Documents/caribou-rtos/branches/0.9/caribou/target/board/xcore407i/crossworks/caribou THUMB Debug/caribou.a(caribou_stdio.o)
 .debug_frame   0x000048d0      0x2dc /home/mike/Documents/caribou-rtos/branches/0.9/caribou/target/board/xcore407i/crossworks/caribou THUMB Debug/caribou.a(caribou_string.o)
 .debug_frame   0x00004bac      0x448 /home/mike/Documents/caribou-rtos/branches/0.9/caribou/target/board/xcore407i/crossworks/caribou THUMB Debug/caribou.a(caribou_bitmap_heap.o)
 .debug_frame   0x00004ff4      0x444 /home/mike/Documents/caribou-rtos/branches/0.9/caribou/target/board/xcore407i/crossworks/caribou THUMB Debug/caribou.a(uart.o)
 .debug_frame   0x00005438      0x504 /home/mike/Documents/caribou-rtos/branches/0.9/caribou/target/board/xcore407i/crossworks/caribou THUMB Debug/caribou.a(stm32f4xx_usart.o)

.debug_info     0x00000000     0xf52d
 .debug_info    0x00000000      0x577 caribou_demo THUMB Debug/system_stm32f4xx.o
 .debug_info    0x00000577      0xfb8 caribou_demo THUMB Debug/board.o
 .debug_info    0x0000152f      0x613 caribou_demo THUMB Debug/demo.o
 .debug_info    0x00001b42     0x1268 /home/mike/Documents/caribou-rtos/branches/0.9/caribou/target/board/xcore407i/crossworks/caribou THUMB Debug/caribou.a(ethernetif.o)
 .debug_info    0x00002daa      0xc88 /home/mike/Documents/caribou-rtos/branches/0.9/caribou/target/board/xcore407i/crossworks/caribou THUMB Debug/caribou.a(chip.o)
 .debug_info    0x00003a32      0x103 /home/mike/Documents/caribou-rtos/branches/0.9/caribou/target/board/xcore407i/crossworks/caribou THUMB Debug/caribou.a(crt0.o)
 .debug_info    0x00003b35      0x416 /home/mike/Documents/caribou-rtos/branches/0.9/caribou/target/board/xcore407i/crossworks/caribou THUMB Debug/caribou.a(fault.o)
 .debug_info    0x00003f4b      0x257 /home/mike/Documents/caribou-rtos/branches/0.9/caribou/target/board/xcore407i/crossworks/caribou THUMB Debug/caribou.a(gpio.o)
 .debug_info    0x000041a2      0x806 /home/mike/Documents/caribou-rtos/branches/0.9/caribou/target/board/xcore407i/crossworks/caribou THUMB Debug/caribou.a(stm32f4xx_dma.o)
 .debug_info    0x000049a8      0x38e /home/mike/Documents/caribou-rtos/branches/0.9/caribou/target/board/xcore407i/crossworks/caribou THUMB Debug/caribou.a(stm32f4xx_exti.o)
 .debug_info    0x00004d36      0xe7b /home/mike/Documents/caribou-rtos/branches/0.9/caribou/target/board/xcore407i/crossworks/caribou THUMB Debug/caribou.a(stm32f4xx_rcc.o)
 .debug_info    0x00005bb1      0x283 /home/mike/Documents/caribou-rtos/branches/0.9/caribou/target/board/xcore407i/crossworks/caribou THUMB Debug/caribou.a(stm32f4xx_syscfg.o)
 .debug_info    0x00005e34     0x1b69 /home/mike/Documents/caribou-rtos/branches/0.9/caribou/target/board/xcore407i/crossworks/caribou THUMB Debug/caribou.a(stm32f4x7_eth.o)
 .debug_info    0x0000799d      0x2ea /home/mike/Documents/caribou-rtos/branches/0.9/caribou/target/board/xcore407i/crossworks/caribou THUMB Debug/caribou.a(cpu.o)
 .debug_info    0x00007c87      0x91d /home/mike/Documents/caribou-rtos/branches/0.9/caribou/target/board/xcore407i/crossworks/caribou THUMB Debug/caribou.a(caribou_uart.o)
 .debug_info    0x000085a4      0x174 /home/mike/Documents/caribou-rtos/branches/0.9/caribou/target/board/xcore407i/crossworks/caribou THUMB Debug/caribou.a(caribou_caribou.o)
 .debug_info    0x00008718      0x5d8 /home/mike/Documents/caribou-rtos/branches/0.9/caribou/target/board/xcore407i/crossworks/caribou THUMB Debug/caribou.a(caribou_interrupt.o)
 .debug_info    0x00008cf0      0xe7a /home/mike/Documents/caribou-rtos/branches/0.9/caribou/target/board/xcore407i/crossworks/caribou THUMB Debug/caribou.a(caribou_thread.o)
 .debug_info    0x00009b6a      0x7ba /home/mike/Documents/caribou-rtos/branches/0.9/caribou/target/board/xcore407i/crossworks/caribou THUMB Debug/caribou.a(caribou_timer.o)
 .debug_info    0x0000a324      0x461 /home/mike/Documents/caribou-rtos/branches/0.9/caribou/target/board/xcore407i/crossworks/caribou THUMB Debug/caribou.a(caribou_bytequeue.o)
 .debug_info    0x0000a785      0x10a /home/mike/Documents/caribou-rtos/branches/0.9/caribou/target/board/xcore407i/crossworks/caribou THUMB Debug/caribou.a(caribou_errno.o)
 .debug_info    0x0000a88f      0x2b8 /home/mike/Documents/caribou-rtos/branches/0.9/caribou/target/board/xcore407i/crossworks/caribou THUMB Debug/caribou.a(caribou_heap.o)
 .debug_info    0x0000ab47      0x491 /home/mike/Documents/caribou-rtos/branches/0.9/caribou/target/board/xcore407i/crossworks/caribou THUMB Debug/caribou.a(caribou_mutex.o)
 .debug_info    0x0000afd8      0x79c /home/mike/Documents/caribou-rtos/branches/0.9/caribou/target/board/xcore407i/crossworks/caribou THUMB Debug/caribou.a(caribou_queue.o)
 .debug_info    0x0000b774      0x50c /home/mike/Documents/caribou-rtos/branches/0.9/caribou/target/board/xcore407i/crossworks/caribou THUMB Debug/caribou.a(caribou_semaphore.o)
 .debug_info    0x0000bc80      0xe22 /home/mike/Documents/caribou-rtos/branches/0.9/caribou/target/board/xcore407i/crossworks/caribou THUMB Debug/caribou.a(caribou_stdio.o)
 .debug_info    0x0000caa2      0x5c8 /home/mike/Documents/caribou-rtos/branches/0.9/caribou/target/board/xcore407i/crossworks/caribou THUMB Debug/caribou.a(caribou_string.o)
 .debug_info    0x0000d06a      0x9d0 /home/mike/Documents/caribou-rtos/branches/0.9/caribou/target/board/xcore407i/crossworks/caribou THUMB Debug/caribou.a(caribou_bitmap_heap.o)
 .debug_info    0x0000da3a      0xffa /home/mike/Documents/caribou-rtos/branches/0.9/caribou/target/board/xcore407i/crossworks/caribou THUMB Debug/caribou.a(uart.o)
 .debug_info    0x0000ea34      0xaf9 /home/mike/Documents/caribou-rtos/branches/0.9/caribou/target/board/xcore407i/crossworks/caribou THUMB Debug/caribou.a(stm32f4xx_usart.o)

.debug_abbrev   0x00000000     0x3240
 .debug_abbrev  0x00000000      0x138 caribou_demo THUMB Debug/system_stm32f4xx.o
 .debug_abbrev  0x00000138      0x1f0 caribou_demo THUMB Debug/board.o
 .debug_abbrev  0x00000328      0x233 caribou_demo THUMB Debug/demo.o
 .debug_abbrev  0x0000055b      0x2d2 /home/mike/Documents/caribou-rtos/branches/0.9/caribou/target/board/xcore407i/crossworks/caribou THUMB Debug/caribou.a(ethernetif.o)
 .debug_abbrev  0x0000082d      0x304 /home/mike/Documents/caribou-rtos/branches/0.9/caribou/target/board/xcore407i/crossworks/caribou THUMB Debug/caribou.a(chip.o)
 .debug_abbrev  0x00000b31       0x14 /home/mike/Documents/caribou-rtos/branches/0.9/caribou/target/board/xcore407i/crossworks/caribou THUMB Debug/caribou.a(crt0.o)
 .debug_abbrev  0x00000b45       0xf0 /home/mike/Documents/caribou-rtos/branches/0.9/caribou/target/board/xcore407i/crossworks/caribou THUMB Debug/caribou.a(fault.o)
 .debug_abbrev  0x00000c35      0x11f /home/mike/Documents/caribou-rtos/branches/0.9/caribou/target/board/xcore407i/crossworks/caribou THUMB Debug/caribou.a(gpio.o)
 .debug_abbrev  0x00000d54      0x187 /home/mike/Documents/caribou-rtos/branches/0.9/caribou/target/board/xcore407i/crossworks/caribou THUMB Debug/caribou.a(stm32f4xx_dma.o)
 .debug_abbrev  0x00000edb      0x1d7 /home/mike/Documents/caribou-rtos/branches/0.9/caribou/target/board/xcore407i/crossworks/caribou THUMB Debug/caribou.a(stm32f4xx_exti.o)
 .debug_abbrev  0x000010b2      0x1f9 /home/mike/Documents/caribou-rtos/branches/0.9/caribou/target/board/xcore407i/crossworks/caribou THUMB Debug/caribou.a(stm32f4xx_rcc.o)
 .debug_abbrev  0x000012ab      0x149 /home/mike/Documents/caribou-rtos/branches/0.9/caribou/target/board/xcore407i/crossworks/caribou THUMB Debug/caribou.a(stm32f4xx_syscfg.o)
 .debug_abbrev  0x000013f4      0x265 /home/mike/Documents/caribou-rtos/branches/0.9/caribou/target/board/xcore407i/crossworks/caribou THUMB Debug/caribou.a(stm32f4x7_eth.o)
 .debug_abbrev  0x00001659       0xd7 /home/mike/Documents/caribou-rtos/branches/0.9/caribou/target/board/xcore407i/crossworks/caribou THUMB Debug/caribou.a(cpu.o)
 .debug_abbrev  0x00001730      0x1dd /home/mike/Documents/caribou-rtos/branches/0.9/caribou/target/board/xcore407i/crossworks/caribou THUMB Debug/caribou.a(caribou_uart.o)
 .debug_abbrev  0x0000190d       0xe6 /home/mike/Documents/caribou-rtos/branches/0.9/caribou/target/board/xcore407i/crossworks/caribou THUMB Debug/caribou.a(caribou_caribou.o)
 .debug_abbrev  0x000019f3      0x172 /home/mike/Documents/caribou-rtos/branches/0.9/caribou/target/board/xcore407i/crossworks/caribou THUMB Debug/caribou.a(caribou_interrupt.o)
 .debug_abbrev  0x00001b65      0x38d /home/mike/Documents/caribou-rtos/branches/0.9/caribou/target/board/xcore407i/crossworks/caribou THUMB Debug/caribou.a(caribou_thread.o)
 .debug_abbrev  0x00001ef2      0x27f /home/mike/Documents/caribou-rtos/branches/0.9/caribou/target/board/xcore407i/crossworks/caribou THUMB Debug/caribou.a(caribou_timer.o)
 .debug_abbrev  0x00002171      0x112 /home/mike/Documents/caribou-rtos/branches/0.9/caribou/target/board/xcore407i/crossworks/caribou THUMB Debug/caribou.a(caribou_bytequeue.o)
 .debug_abbrev  0x00002283       0xc0 /home/mike/Documents/caribou-rtos/branches/0.9/caribou/target/board/xcore407i/crossworks/caribou THUMB Debug/caribou.a(caribou_errno.o)
 .debug_abbrev  0x00002343       0xde /home/mike/Documents/caribou-rtos/branches/0.9/caribou/target/board/xcore407i/crossworks/caribou THUMB Debug/caribou.a(caribou_heap.o)
 .debug_abbrev  0x00002421      0x134 /home/mike/Documents/caribou-rtos/branches/0.9/caribou/target/board/xcore407i/crossworks/caribou THUMB Debug/caribou.a(caribou_mutex.o)
 .debug_abbrev  0x00002555      0x170 /home/mike/Documents/caribou-rtos/branches/0.9/caribou/target/board/xcore407i/crossworks/caribou THUMB Debug/caribou.a(caribou_queue.o)
 .debug_abbrev  0x000026c5      0x157 /home/mike/Documents/caribou-rtos/branches/0.9/caribou/target/board/xcore407i/crossworks/caribou THUMB Debug/caribou.a(caribou_semaphore.o)
 .debug_abbrev  0x0000281c      0x26c /home/mike/Documents/caribou-rtos/branches/0.9/caribou/target/board/xcore407i/crossworks/caribou THUMB Debug/caribou.a(caribou_stdio.o)
 .debug_abbrev  0x00002a88      0x124 /home/mike/Documents/caribou-rtos/branches/0.9/caribou/target/board/xcore407i/crossworks/caribou THUMB Debug/caribou.a(caribou_string.o)
 .debug_abbrev  0x00002bac      0x265 /home/mike/Documents/caribou-rtos/branches/0.9/caribou/target/board/xcore407i/crossworks/caribou THUMB Debug/caribou.a(caribou_bitmap_heap.o)
 .debug_abbrev  0x00002e11      0x2a8 /home/mike/Documents/caribou-rtos/branches/0.9/caribou/target/board/xcore407i/crossworks/caribou THUMB Debug/caribou.a(uart.o)
 .debug_abbrev  0x000030b9      0x187 /home/mike/Documents/caribou-rtos/branches/0.9/caribou/target/board/xcore407i/crossworks/caribou THUMB Debug/caribou.a(stm32f4xx_usart.o)

.debug_aranges  0x00000000     0x13d0
 .debug_aranges
                0x00000000       0x30 caribou_demo THUMB Debug/system_stm32f4xx.o
 .debug_aranges
                0x00000030       0x50 caribou_demo THUMB Debug/board.o
 .debug_aranges
                0x00000080       0x60 caribou_demo THUMB Debug/demo.o
 .debug_aranges
                0x000000e0       0x58 /home/mike/Documents/caribou-rtos/branches/0.9/caribou/target/board/xcore407i/crossworks/caribou THUMB Debug/caribou.a(ethernetif.o)
 .debug_aranges
                0x00000138      0x160 /home/mike/Documents/caribou-rtos/branches/0.9/caribou/target/board/xcore407i/crossworks/caribou THUMB Debug/caribou.a(chip.o)
 .debug_aranges
                0x00000298       0x20 /home/mike/Documents/caribou-rtos/branches/0.9/caribou/target/board/xcore407i/crossworks/caribou THUMB Debug/caribou.a(crt0.o)
 .debug_aranges
                0x000002b8       0x30 /home/mike/Documents/caribou-rtos/branches/0.9/caribou/target/board/xcore407i/crossworks/caribou THUMB Debug/caribou.a(fault.o)
 .debug_aranges
                0x000002e8       0x38 /home/mike/Documents/caribou-rtos/branches/0.9/caribou/target/board/xcore407i/crossworks/caribou THUMB Debug/caribou.a(gpio.o)
 .debug_aranges
                0x00000320       0xb0 /home/mike/Documents/caribou-rtos/branches/0.9/caribou/target/board/xcore407i/crossworks/caribou THUMB Debug/caribou.a(stm32f4xx_dma.o)
 .debug_aranges
                0x000003d0       0x58 /home/mike/Documents/caribou-rtos/branches/0.9/caribou/target/board/xcore407i/crossworks/caribou THUMB Debug/caribou.a(stm32f4xx_exti.o)
 .debug_aranges
                0x00000428      0x180 /home/mike/Documents/caribou-rtos/branches/0.9/caribou/target/board/xcore407i/crossworks/caribou THUMB Debug/caribou.a(stm32f4xx_rcc.o)
 .debug_aranges
                0x000005a8       0x48 /home/mike/Documents/caribou-rtos/branches/0.9/caribou/target/board/xcore407i/crossworks/caribou THUMB Debug/caribou.a(stm32f4xx_syscfg.o)
 .debug_aranges
                0x000005f0      0x2b8 /home/mike/Documents/caribou-rtos/branches/0.9/caribou/target/board/xcore407i/crossworks/caribou THUMB Debug/caribou.a(stm32f4x7_eth.o)
 .debug_aranges
                0x000008a8       0x30 /home/mike/Documents/caribou-rtos/branches/0.9/caribou/target/board/xcore407i/crossworks/caribou THUMB Debug/caribou.a(cpu.o)
 .debug_aranges
                0x000008d8       0xe0 /home/mike/Documents/caribou-rtos/branches/0.9/caribou/target/board/xcore407i/crossworks/caribou THUMB Debug/caribou.a(caribou_uart.o)
 .debug_aranges
                0x000009b8       0x60 /home/mike/Documents/caribou-rtos/branches/0.9/caribou/target/board/xcore407i/crossworks/caribou THUMB Debug/caribou.a(caribou_caribou.o)
 .debug_aranges
                0x00000a18       0x48 /home/mike/Documents/caribou-rtos/branches/0.9/caribou/target/board/xcore407i/crossworks/caribou THUMB Debug/caribou.a(caribou_interrupt.o)
 .debug_aranges
                0x00000a60      0x190 /home/mike/Documents/caribou-rtos/branches/0.9/caribou/target/board/xcore407i/crossworks/caribou THUMB Debug/caribou.a(caribou_thread.o)
 .debug_aranges
                0x00000bf0       0xb0 /home/mike/Documents/caribou-rtos/branches/0.9/caribou/target/board/xcore407i/crossworks/caribou THUMB Debug/caribou.a(caribou_timer.o)
 .debug_aranges
                0x00000ca0       0x80 /home/mike/Documents/caribou-rtos/branches/0.9/caribou/target/board/xcore407i/crossworks/caribou THUMB Debug/caribou.a(caribou_bytequeue.o)
 .debug_aranges
                0x00000d20       0x28 /home/mike/Documents/caribou-rtos/branches/0.9/caribou/target/board/xcore407i/crossworks/caribou THUMB Debug/caribou.a(caribou_errno.o)
 .debug_aranges
                0x00000d48       0x90 /home/mike/Documents/caribou-rtos/branches/0.9/caribou/target/board/xcore407i/crossworks/caribou THUMB Debug/caribou.a(caribou_heap.o)
 .debug_aranges
                0x00000dd8       0x58 /home/mike/Documents/caribou-rtos/branches/0.9/caribou/target/board/xcore407i/crossworks/caribou THUMB Debug/caribou.a(caribou_mutex.o)
 .debug_aranges
                0x00000e30       0xc0 /home/mike/Documents/caribou-rtos/branches/0.9/caribou/target/board/xcore407i/crossworks/caribou THUMB Debug/caribou.a(caribou_queue.o)
 .debug_aranges
                0x00000ef0       0x50 /home/mike/Documents/caribou-rtos/branches/0.9/caribou/target/board/xcore407i/crossworks/caribou THUMB Debug/caribou.a(caribou_semaphore.o)
 .debug_aranges
                0x00000f40      0x120 /home/mike/Documents/caribou-rtos/branches/0.9/caribou/target/board/xcore407i/crossworks/caribou THUMB Debug/caribou.a(caribou_stdio.o)
 .debug_aranges
                0x00001060       0xa0 /home/mike/Documents/caribou-rtos/branches/0.9/caribou/target/board/xcore407i/crossworks/caribou THUMB Debug/caribou.a(caribou_string.o)
 .debug_aranges
                0x00001100       0xe8 /home/mike/Documents/caribou-rtos/branches/0.9/caribou/target/board/xcore407i/crossworks/caribou THUMB Debug/caribou.a(caribou_bitmap_heap.o)
 .debug_aranges
                0x000011e8       0xe8 /home/mike/Documents/caribou-rtos/branches/0.9/caribou/target/board/xcore407i/crossworks/caribou THUMB Debug/caribou.a(uart.o)
 .debug_aranges
                0x000012d0      0x100 /home/mike/Documents/caribou-rtos/branches/0.9/caribou/target/board/xcore407i/crossworks/caribou THUMB Debug/caribou.a(stm32f4xx_usart.o)

.debug_ranges   0x00000000     0x11e0
 .debug_ranges  0x00000000       0x20 caribou_demo THUMB Debug/system_stm32f4xx.o
 .debug_ranges  0x00000020       0x40 caribou_demo THUMB Debug/board.o
 .debug_ranges  0x00000060       0x50 caribou_demo THUMB Debug/demo.o
 .debug_ranges  0x000000b0       0x48 /home/mike/Documents/caribou-rtos/branches/0.9/caribou/target/board/xcore407i/crossworks/caribou THUMB Debug/caribou.a(ethernetif.o)
 .debug_ranges  0x000000f8      0x150 /home/mike/Documents/caribou-rtos/branches/0.9/caribou/target/board/xcore407i/crossworks/caribou THUMB Debug/caribou.a(chip.o)
 .debug_ranges  0x00000248       0x20 /home/mike/Documents/caribou-rtos/branches/0.9/caribou/target/board/xcore407i/crossworks/caribou THUMB Debug/caribou.a(fault.o)
 .debug_ranges  0x00000268       0x28 /home/mike/Documents/caribou-rtos/branches/0.9/caribou/target/board/xcore407i/crossworks/caribou THUMB Debug/caribou.a(gpio.o)
 .debug_ranges  0x00000290       0xa0 /home/mike/Documents/caribou-rtos/branches/0.9/caribou/target/board/xcore407i/crossworks/caribou THUMB Debug/caribou.a(stm32f4xx_dma.o)
 .debug_ranges  0x00000330       0x48 /home/mike/Documents/caribou-rtos/branches/0.9/caribou/target/board/xcore407i/crossworks/caribou THUMB Debug/caribou.a(stm32f4xx_exti.o)
 .debug_ranges  0x00000378      0x170 /home/mike/Documents/caribou-rtos/branches/0.9/caribou/target/board/xcore407i/crossworks/caribou THUMB Debug/caribou.a(stm32f4xx_rcc.o)
 .debug_ranges  0x000004e8       0x38 /home/mike/Documents/caribou-rtos/branches/0.9/caribou/target/board/xcore407i/crossworks/caribou THUMB Debug/caribou.a(stm32f4xx_syscfg.o)
 .debug_ranges  0x00000520      0x2a8 /home/mike/Documents/caribou-rtos/branches/0.9/caribou/target/board/xcore407i/crossworks/caribou THUMB Debug/caribou.a(stm32f4x7_eth.o)
 .debug_ranges  0x000007c8       0x20 /home/mike/Documents/caribou-rtos/branches/0.9/caribou/target/board/xcore407i/crossworks/caribou THUMB Debug/caribou.a(cpu.o)
 .debug_ranges  0x000007e8       0xd0 /home/mike/Documents/caribou-rtos/branches/0.9/caribou/target/board/xcore407i/crossworks/caribou THUMB Debug/caribou.a(caribou_uart.o)
 .debug_ranges  0x000008b8       0x50 /home/mike/Documents/caribou-rtos/branches/0.9/caribou/target/board/xcore407i/crossworks/caribou THUMB Debug/caribou.a(caribou_caribou.o)
 .debug_ranges  0x00000908       0x38 /home/mike/Documents/caribou-rtos/branches/0.9/caribou/target/board/xcore407i/crossworks/caribou THUMB Debug/caribou.a(caribou_interrupt.o)
 .debug_ranges  0x00000940      0x180 /home/mike/Documents/caribou-rtos/branches/0.9/caribou/target/board/xcore407i/crossworks/caribou THUMB Debug/caribou.a(caribou_thread.o)
 .debug_ranges  0x00000ac0       0xa0 /home/mike/Documents/caribou-rtos/branches/0.9/caribou/target/board/xcore407i/crossworks/caribou THUMB Debug/caribou.a(caribou_timer.o)
 .debug_ranges  0x00000b60       0x70 /home/mike/Documents/caribou-rtos/branches/0.9/caribou/target/board/xcore407i/crossworks/caribou THUMB Debug/caribou.a(caribou_bytequeue.o)
 .debug_ranges  0x00000bd0       0x18 /home/mike/Documents/caribou-rtos/branches/0.9/caribou/target/board/xcore407i/crossworks/caribou THUMB Debug/caribou.a(caribou_errno.o)
 .debug_ranges  0x00000be8       0x80 /home/mike/Documents/caribou-rtos/branches/0.9/caribou/target/board/xcore407i/crossworks/caribou THUMB Debug/caribou.a(caribou_heap.o)
 .debug_ranges  0x00000c68       0x48 /home/mike/Documents/caribou-rtos/branches/0.9/caribou/target/board/xcore407i/crossworks/caribou THUMB Debug/caribou.a(caribou_mutex.o)
 .debug_ranges  0x00000cb0       0xb0 /home/mike/Documents/caribou-rtos/branches/0.9/caribou/target/board/xcore407i/crossworks/caribou THUMB Debug/caribou.a(caribou_queue.o)
 .debug_ranges  0x00000d60       0x40 /home/mike/Documents/caribou-rtos/branches/0.9/caribou/target/board/xcore407i/crossworks/caribou THUMB Debug/caribou.a(caribou_semaphore.o)
 .debug_ranges  0x00000da0      0x110 /home/mike/Documents/caribou-rtos/branches/0.9/caribou/target/board/xcore407i/crossworks/caribou THUMB Debug/caribou.a(caribou_stdio.o)
 .debug_ranges  0x00000eb0       0x90 /home/mike/Documents/caribou-rtos/branches/0.9/caribou/target/board/xcore407i/crossworks/caribou THUMB Debug/caribou.a(caribou_string.o)
 .debug_ranges  0x00000f40       0xd8 /home/mike/Documents/caribou-rtos/branches/0.9/caribou/target/board/xcore407i/crossworks/caribou THUMB Debug/caribou.a(caribou_bitmap_heap.o)
 .debug_ranges  0x00001018       0xd8 /home/mike/Documents/caribou-rtos/branches/0.9/caribou/target/board/xcore407i/crossworks/caribou THUMB Debug/caribou.a(uart.o)
 .debug_ranges  0x000010f0       0xf0 /home/mike/Documents/caribou-rtos/branches/0.9/caribou/target/board/xcore407i/crossworks/caribou THUMB Debug/caribou.a(stm32f4xx_usart.o)

.debug_line     0x00000000     0x8ad7
 .debug_line    0x00000000      0x1da caribou_demo THUMB Debug/system_stm32f4xx.o
 .debug_line    0x000001da      0x3ea caribou_demo THUMB Debug/board.o
 .debug_line    0x000005c4      0x279 caribou_demo THUMB Debug/demo.o
 .debug_line    0x0000083d      0x4ae /home/mike/Documents/caribou-rtos/branches/0.9/caribou/target/board/xcore407i/crossworks/caribou THUMB Debug/caribou.a(ethernetif.o)
 .debug_line    0x00000ceb      0x585 /home/mike/Documents/caribou-rtos/branches/0.9/caribou/target/board/xcore407i/crossworks/caribou THUMB Debug/caribou.a(chip.o)
 .debug_line    0x00001270      0x117 /home/mike/Documents/caribou-rtos/branches/0.9/caribou/target/board/xcore407i/crossworks/caribou THUMB Debug/caribou.a(crt0.o)
 .debug_line    0x00001387      0x1f2 /home/mike/Documents/caribou-rtos/branches/0.9/caribou/target/board/xcore407i/crossworks/caribou THUMB Debug/caribou.a(fault.o)
 .debug_line    0x00001579      0x1b1 /home/mike/Documents/caribou-rtos/branches/0.9/caribou/target/board/xcore407i/crossworks/caribou THUMB Debug/caribou.a(gpio.o)
 .debug_line    0x0000172a      0x918 /home/mike/Documents/caribou-rtos/branches/0.9/caribou/target/board/xcore407i/crossworks/caribou THUMB Debug/caribou.a(stm32f4xx_dma.o)
 .debug_line    0x00002042      0x3aa /home/mike/Documents/caribou-rtos/branches/0.9/caribou/target/board/xcore407i/crossworks/caribou THUMB Debug/caribou.a(stm32f4xx_exti.o)
 .debug_line    0x000023ec      0xcd2 /home/mike/Documents/caribou-rtos/branches/0.9/caribou/target/board/xcore407i/crossworks/caribou THUMB Debug/caribou.a(stm32f4xx_rcc.o)
 .debug_line    0x000030be      0x2ac /home/mike/Documents/caribou-rtos/branches/0.9/caribou/target/board/xcore407i/crossworks/caribou THUMB Debug/caribou.a(stm32f4xx_syscfg.o)
 .debug_line    0x0000336a     0x1569 /home/mike/Documents/caribou-rtos/branches/0.9/caribou/target/board/xcore407i/crossworks/caribou THUMB Debug/caribou.a(stm32f4x7_eth.o)
 .debug_line    0x000048d3      0x172 /home/mike/Documents/caribou-rtos/branches/0.9/caribou/target/board/xcore407i/crossworks/caribou THUMB Debug/caribou.a(cpu.o)
 .debug_line    0x00004a45      0x390 /home/mike/Documents/caribou-rtos/branches/0.9/caribou/target/board/xcore407i/crossworks/caribou THUMB Debug/caribou.a(caribou_uart.o)
 .debug_line    0x00004dd5      0x1ae /home/mike/Documents/caribou-rtos/branches/0.9/caribou/target/board/xcore407i/crossworks/caribou THUMB Debug/caribou.a(caribou_caribou.o)
 .debug_line    0x00004f83      0x2cf /home/mike/Documents/caribou-rtos/branches/0.9/caribou/target/board/xcore407i/crossworks/caribou THUMB Debug/caribou.a(caribou_interrupt.o)
 .debug_line    0x00005252      0x6d6 /home/mike/Documents/caribou-rtos/branches/0.9/caribou/target/board/xcore407i/crossworks/caribou THUMB Debug/caribou.a(caribou_thread.o)
 .debug_line    0x00005928      0x3b4 /home/mike/Documents/caribou-rtos/branches/0.9/caribou/target/board/xcore407i/crossworks/caribou THUMB Debug/caribou.a(caribou_timer.o)
 .debug_line    0x00005cdc      0x2cd /home/mike/Documents/caribou-rtos/branches/0.9/caribou/target/board/xcore407i/crossworks/caribou THUMB Debug/caribou.a(caribou_bytequeue.o)
 .debug_line    0x00005fa9      0x158 /home/mike/Documents/caribou-rtos/branches/0.9/caribou/target/board/xcore407i/crossworks/caribou THUMB Debug/caribou.a(caribou_errno.o)
 .debug_line    0x00006101      0x1e7 /home/mike/Documents/caribou-rtos/branches/0.9/caribou/target/board/xcore407i/crossworks/caribou THUMB Debug/caribou.a(caribou_heap.o)
 .debug_line    0x000062e8      0x251 /home/mike/Documents/caribou-rtos/branches/0.9/caribou/target/board/xcore407i/crossworks/caribou THUMB Debug/caribou.a(caribou_mutex.o)
 .debug_line    0x00006539      0x3b4 /home/mike/Documents/caribou-rtos/branches/0.9/caribou/target/board/xcore407i/crossworks/caribou THUMB Debug/caribou.a(caribou_queue.o)
 .debug_line    0x000068ed      0x24b /home/mike/Documents/caribou-rtos/branches/0.9/caribou/target/board/xcore407i/crossworks/caribou THUMB Debug/caribou.a(caribou_semaphore.o)
 .debug_line    0x00006b38      0x6fc /home/mike/Documents/caribou-rtos/branches/0.9/caribou/target/board/xcore407i/crossworks/caribou THUMB Debug/caribou.a(caribou_stdio.o)
 .debug_line    0x00007234      0x3b8 /home/mike/Documents/caribou-rtos/branches/0.9/caribou/target/board/xcore407i/crossworks/caribou THUMB Debug/caribou.a(caribou_string.o)
 .debug_line    0x000075ec      0x469 /home/mike/Documents/caribou-rtos/branches/0.9/caribou/target/board/xcore407i/crossworks/caribou THUMB Debug/caribou.a(caribou_bitmap_heap.o)
 .debug_line    0x00007a55      0x4e1 /home/mike/Documents/caribou-rtos/branches/0.9/caribou/target/board/xcore407i/crossworks/caribou THUMB Debug/caribou.a(uart.o)
 .debug_line    0x00007f36      0xba1 /home/mike/Documents/caribou-rtos/branches/0.9/caribou/target/board/xcore407i/crossworks/caribou THUMB Debug/caribou.a(stm32f4xx_usart.o)

.debug_str      0x00000000     0x6337
 .debug_str     0x00000000      0x452 caribou_demo THUMB Debug/system_stm32f4xx.o
                                0x4b2 (size before relaxing)
 .debug_str     0x00000452     0x157a caribou_demo THUMB Debug/board.o
                               0x1841 (size before relaxing)
 .debug_str     0x000019cc      0x244 caribou_demo THUMB Debug/demo.o
                                0x527 (size before relaxing)
 .debug_str     0x00001c10      0x930 /home/mike/Documents/caribou-rtos/branches/0.9/caribou/target/board/xcore407i/crossworks/caribou THUMB Debug/caribou.a(ethernetif.o)
                               0x12c7 (size before relaxing)
 .debug_str     0x00002540      0x447 /home/mike/Documents/caribou-rtos/branches/0.9/caribou/target/board/xcore407i/crossworks/caribou THUMB Debug/caribou.a(chip.o)
                                0xc88 (size before relaxing)
 .debug_str     0x00002987      0x12f /home/mike/Documents/caribou-rtos/branches/0.9/caribou/target/board/xcore407i/crossworks/caribou THUMB Debug/caribou.a(fault.o)
                                0x87d (size before relaxing)
 .debug_str     0x00002ab6       0xd8 /home/mike/Documents/caribou-rtos/branches/0.9/caribou/target/board/xcore407i/crossworks/caribou THUMB Debug/caribou.a(gpio.o)
                                0x34c (size before relaxing)
 .debug_str     0x00002b8e      0x2d2 /home/mike/Documents/caribou-rtos/branches/0.9/caribou/target/board/xcore407i/crossworks/caribou THUMB Debug/caribou.a(stm32f4xx_dma.o)
                                0x68e (size before relaxing)
 .debug_str     0x00002e60      0x144 /home/mike/Documents/caribou-rtos/branches/0.9/caribou/target/board/xcore407i/crossworks/caribou THUMB Debug/caribou.a(stm32f4xx_exti.o)
                                0x4b9 (size before relaxing)
 .debug_str     0x00002fa4      0x588 /home/mike/Documents/caribou-rtos/branches/0.9/caribou/target/board/xcore407i/crossworks/caribou THUMB Debug/caribou.a(stm32f4xx_rcc.o)
                                0x9bb (size before relaxing)
 .debug_str     0x0000352c      0x1c4 /home/mike/Documents/caribou-rtos/branches/0.9/caribou/target/board/xcore407i/crossworks/caribou THUMB Debug/caribou.a(stm32f4xx_syscfg.o)
                                0x441 (size before relaxing)
 .debug_str     0x000036f0      0xaf8 /home/mike/Documents/caribou-rtos/branches/0.9/caribou/target/board/xcore407i/crossworks/caribou THUMB Debug/caribou.a(stm32f4x7_eth.o)
                               0x158c (size before relaxing)
 .debug_str     0x000041e8       0xd0 /home/mike/Documents/caribou-rtos/branches/0.9/caribou/target/board/xcore407i/crossworks/caribou THUMB Debug/caribou.a(cpu.o)
                                0x35b (size before relaxing)
 .debug_str     0x000042b8      0x2f1 /home/mike/Documents/caribou-rtos/branches/0.9/caribou/target/board/xcore407i/crossworks/caribou THUMB Debug/caribou.a(caribou_uart.o)
                                0xb69 (size before relaxing)
 .debug_str     0x000045a9       0xfa /home/mike/Documents/caribou-rtos/branches/0.9/caribou/target/board/xcore407i/crossworks/caribou THUMB Debug/caribou.a(caribou_caribou.o)
                                0x32c (size before relaxing)
 .debug_str     0x000046a3      0x167 /home/mike/Documents/caribou-rtos/branches/0.9/caribou/target/board/xcore407i/crossworks/caribou THUMB Debug/caribou.a(caribou_interrupt.o)
                                0x8b7 (size before relaxing)
 .debug_str     0x0000480a      0x4c9 /home/mike/Documents/caribou-rtos/branches/0.9/caribou/target/board/xcore407i/crossworks/caribou THUMB Debug/caribou.a(caribou_thread.o)
                                0x91f (size before relaxing)
 .debug_str     0x00004cd3      0x1d6 /home/mike/Documents/caribou-rtos/branches/0.9/caribou/target/board/xcore407i/crossworks/caribou THUMB Debug/caribou.a(caribou_timer.o)
                                0x5ea (size before relaxing)