Archive member included because of file (symbol)

/home/mike/Documents/caribou-rtos/branches/0.9/caribou/target/board/generic_stm32f103c/crossworks/caribou THUMB Release/caribou.a(target_crt0.o)
                              (reset_handler)
/home/mike/Documents/caribou-rtos/branches/0.9/caribou/target/board/generic_stm32f103c/crossworks/caribou THUMB Release/caribou.a(target_fault.o)
                              /home/mike/Documents/caribou-rtos/branches/0.9/caribou/target/board/generic_stm32f103c/crossworks/caribou THUMB Release/caribou.a(target_crt0.o) (_fault)
/home/mike/Documents/caribou-rtos/branches/0.9/caribou/target/board/generic_stm32f103c/crossworks/caribou THUMB Release/caribou.a(target_vectors.o)
                              (_vectors)
/home/mike/Documents/caribou-rtos/branches/0.9/caribou/target/board/generic_stm32f103c/crossworks/caribou THUMB Release/caribou.a(target_stm32f10x_wwdg.o)
                              /home/mike/Documents/caribou-rtos/branches/0.9/caribou/target/board/generic_stm32f103c/crossworks/caribou THUMB Release/caribou.a(target_fault.o) (WWDG_SetCounter)
/home/mike/Documents/caribou-rtos/branches/0.9/caribou/target/board/generic_stm32f103c/crossworks/caribou THUMB Release/caribou.a(caribou.o)
                              /home/mike/Documents/caribou-rtos/branches/0.9/caribou/target/board/generic_stm32f103c/crossworks/caribou THUMB Release/caribou.a(target_crt0.o) (_panic)
/home/mike/Documents/caribou-rtos/branches/0.9/caribou/target/board/generic_stm32f103c/crossworks/caribou THUMB Release/caribou.a(thread.o)
                              /home/mike/Documents/caribou-rtos/branches/0.9/caribou/target/board/generic_stm32f103c/crossworks/caribou THUMB Release/caribou.a(caribou.o) (caribou_thread_dump)
/home/mike/Documents/caribou-rtos/branches/0.9/caribou/target/board/generic_stm32f103c/crossworks/caribou THUMB Release/caribou.a(timer.o)
                              /home/mike/Documents/caribou-rtos/branches/0.9/caribou/target/board/generic_stm32f103c/crossworks/caribou THUMB Release/caribou.a(thread.o) (caribou_timer_ticks_timeout)
/home/mike/Documents/caribou-rtos/branches/0.9/caribou/target/board/generic_stm32f103c/crossworks/caribou THUMB Release/caribou.a(errno.o)
                              /home/mike/Documents/caribou-rtos/branches/0.9/caribou/target/board/generic_stm32f103c/crossworks/caribou THUMB Release/caribou.a(thread.o) (__errno)
/home/mike/Documents/caribou-rtos/branches/0.9/caribou/target/board/generic_stm32f103c/crossworks/caribou THUMB Release/caribou.a(heap.o)
                              /home/mike/Documents/caribou-rtos/branches/0.9/caribou/target/board/generic_stm32f103c/crossworks/caribou THUMB Release/caribou.a(target_crt0.o) (heap_init)
/home/mike/Documents/caribou-rtos/branches/0.9/caribou/target/board/generic_stm32f103c/crossworks/caribou THUMB Release/caribou.a(stdio.o)
                              /home/mike/Documents/caribou-rtos/branches/0.9/caribou/target/board/generic_stm32f103c/crossworks/caribou THUMB Release/caribou.a(errno.o) (fprintf)
/home/mike/Documents/caribou-rtos/branches/0.9/caribou/target/board/generic_stm32f103c/crossworks/caribou THUMB Release/caribou.a(string.o)
                              /home/mike/Documents/caribou-rtos/branches/0.9/caribou/target/board/generic_stm32f103c/crossworks/caribou THUMB Release/caribou.a(heap.o) (memmove)
/home/mike/Documents/caribou-rtos/branches/0.9/caribou/target/board/generic_stm32f103c/crossworks/caribou THUMB Release/caribou.a(target_board.o)
                              /home/mike/Documents/caribou-rtos/branches/0.9/caribou/target/board/generic_stm32f103c/crossworks/caribou THUMB Release/caribou.a(target_crt0.o) (early_init)
/home/mike/Documents/caribou-rtos/branches/0.9/caribou/target/board/generic_stm32f103c/crossworks/caribou THUMB Release/caribou.a(target_nokia-5110.o)
                              /home/mike/Documents/caribou-rtos/branches/0.9/caribou/target/board/generic_stm32f103c/crossworks/caribou THUMB Release/caribou.a(target_board.o) (nokia_5110_run)
/home/mike/Documents/caribou-rtos/branches/0.9/caribou/target/board/generic_stm32f103c/crossworks/caribou THUMB Release/caribou.a(target_spi-dma.o)
                              /home/mike/Documents/caribou-rtos/branches/0.9/caribou/target/board/generic_stm32f103c/crossworks/caribou THUMB Release/caribou.a(target_nokia-5110.o) (spi_dma_init)
/home/mike/Documents/caribou-rtos/branches/0.9/caribou/target/board/generic_stm32f103c/crossworks/caribou THUMB Release/caribou.a(target_chip.o)
                              /home/mike/Documents/caribou-rtos/branches/0.9/caribou/target/board/generic_stm32f103c/crossworks/caribou THUMB Release/caribou.a(target_stm32f10x_wwdg.o) (assert_param)
/home/mike/Documents/caribou-rtos/branches/0.9/caribou/target/board/generic_stm32f103c/crossworks/caribou THUMB Release/caribou.a(target_uart.o)
[...]
Memory Configuration

Name             Origin             Length             Attributes
flash            0x08000000         0x00010000
ram              0x20000000         0x00005000
*default*        0x00000000         0xffffffff

Linker script and memory map

                0x00000100                __main_stack_size__ = 0x100
                0x00000100                __process_stack_size__ = 0x100
                0x20000000                __ram_start__ = ORIGIN (ram)
                0x00005000                __ram_size__ = 0x5000
                0x20005000                __ram_end__ = (__ram_start__ + __ram_size__)
                0x00000000                . = 0x0
                0x00000000                _text = .

startup         0x08000000      0x1b0
 *(.vectors)
 .vectors       0x08000000      0x1b0 /home/mike/Documents/caribou-rtos/branches/0.9/caribou/target/board/generic_stm32f103c/crossworks/caribou THUMB Release/caribou.a(target_vectors.o)
                0x08000000                _vectors

constructors    0x080001b0        0x0
                0x080001b0                PROVIDE (__init_array_start, .)
 *(SORT(.init_array.*))
 *(.init_array)
                0x080001b0                PROVIDE (__init_array_end, .)

destructors     0x080001b0        0x0
                0x080001b0                PROVIDE (__fini_array_start, .)
 *(.fini_array)
 *(SORT(.fini_array.*))
                0x080001b0                PROVIDE (__fini_array_end, .)

.text           0x080001b0     0x2f50
 *(.text.startup.*)
 *(.init)
 .init          0x080001b0      0x110 /home/mike/Documents/caribou-rtos/branches/0.9/caribou/target/board/generic_stm32f103c/crossworks/caribou THUMB Release/caribou.a(target_crt0.o)
                0x080001b0                reset_handler
                0x08000236                exit
                0x08000236                _exit
                0x0800023a                _halt
                0x0800023e                _hard_fault
                0x08000242                _mpu_fault
                0x08000246                _bus_fault
                0x0800024a                _usage_fault
 *(.text)
 *(.text.*)
 .text.fault    0x080002c0       0x64 /home/mike/Documents/caribou-rtos/branches/0.9/caribou/target/board/generic_stm32f103c/crossworks/caribou THUMB Release/caribou.a(target_fault.o)
                0x080002c0                fault
 *fill*         0x08000324        0xc 
 .text._fault   0x08000330       0x20 /home/mike/Documents/caribou-rtos/branches/0.9/caribou/target/board/generic_stm32f103c/crossworks/caribou THUMB Release/caribou.a(target_fault.o)
                0x08000330                _fault
 .text.caribou_lock
                0x08000350        0x8 /home/mike/Documents/caribou-rtos/branches/0.9/caribou/target/board/generic_stm32f103c/crossworks/caribou THUMB Release/caribou.a(caribou.o)
                0x08000350                caribou_lock
 *fill*         0x08000358        0x8 
 .text.caribou_lock_set
                0x08000360        0x8 /home/mike/Documents/caribou-rtos/branches/0.9/caribou/target/board/generic_stm32f103c/crossworks/caribou THUMB Release/caribou.a(caribou.o)
                0x08000360                caribou_lock_set
 *fill*         0x08000368        0x8 
 .text.caribou_preempt
                0x08000370        0x8 /home/mike/Documents/caribou-rtos/branches/0.9/caribou/target/board/generic_stm32f103c/crossworks/caribou THUMB Release/caribou.a(caribou.o)
                0x08000370                caribou_preempt
 *fill*         0x08000378        0x8 
 .text.caribou_exec
                0x08000380        0x8 /home/mike/Documents/caribou-rtos/branches/0.9/caribou/target/board/generic_stm32f103c/crossworks/caribou THUMB Release/caribou.a(caribou.o)
                0x08000380                caribou_exec
 *fill*         0x08000388        0x8 
 .text.caribou_init
                0x08000390       0x1c /home/mike/Documents/caribou-rtos/branches/0.9/caribou/target/board/generic_stm32f103c/crossworks/caribou THUMB Release/caribou.a(caribou.o)
                0x08000390                caribou_init
 *fill*         0x080003ac        0x4 
 .text.rd_thread_stack_ptr
                0x080003b0        0x8 /home/mike/Documents/caribou-rtos/branches/0.9/caribou/target/board/generic_stm32f103c/crossworks/caribou THUMB Release/caribou.a(thread.o)
 *fill*         0x080003b8        0x8 
 .text._swap_thread
                0x080003c0       0x70 /home/mike/Documents/caribou-rtos/branches/0.9/caribou/target/board/generic_stm32f103c/crossworks/caribou THUMB Release/caribou.a(thread.o)
 .text._caribou_thread_fault_emit
                0x08000430       0x1c /home/mike/Documents/caribou-rtos/branches/0.9/caribou/target/board/generic_stm32f103c/crossworks/caribou THUMB Release/caribou.a(thread.o)
                0x08000430                _caribou_thread_fault_emit
 *fill*         0x0800044c        0x4 
 .text.caribou_thread_lock
                0x08000450       0x24 /home/mike/Documents/caribou-rtos/branches/0.9/caribou/target/board/generic_stm32f103c/crossworks/caribou THUMB Release/caribou.a(thread.o)
                0x08000450                caribou_thread_lock
 *fill*         0x08000474        0xc 
 .text.caribou_thread_yield
                0x08000480       0x38 /home/mike/Documents/caribou-rtos/branches/0.9/caribou/target/board/generic_stm32f103c/crossworks/caribou THUMB Release/caribou.a(thread.o)
                0x08000480                caribou_thread_yield
 *fill*         0x080004b8        0x8 
 .text.caribou_thread_unlock
                0x080004c0       0x34 /home/mike/Documents/caribou-rtos/branches/0.9/caribou/target/board/generic_stm32f103c/crossworks/caribou THUMB Release/caribou.a(thread.o)
                0x080004c0                caribou_thread_unlock
 *fill*         0x080004f4        0xc 
 .text.caribou_thread_sleep
                0x08000500       0x44 /home/mike/Documents/caribou-rtos/branches/0.9/caribou/target/board/generic_stm32f103c/crossworks/caribou THUMB Release/caribou.a(thread.o)
                0x08000500                caribou_thread_sleep
 *fill*         0x08000544        0xc 
 .text.caribou_thread_sleep_current
                0x08000550       0x14 /home/mike/Documents/caribou-rtos/branches/0.9/caribou/target/board/generic_stm32f103c/crossworks/caribou THUMB Release/caribou.a(thread.o)
                0x08000550                caribou_thread_sleep_current
 *fill*         0x08000564        0xc 
 .text.thread_finish
                0x08000570       0x18 /home/mike/Documents/caribou-rtos/branches/0.9/caribou/target/board/generic_stm32f103c/crossworks/caribou THUMB Release/caribou.a(thread.o)
                0x08000570                thread_finish
 *fill*         0x08000588        0x8 
 .text.caribou_thread_terminate
                0x08000590       0x60 /home/mike/Documents/caribou-rtos/branches/0.9/caribou/target/board/generic_stm32f103c/crossworks/caribou THUMB Release/caribou.a(thread.o)
                0x08000590                caribou_thread_terminate
 .text.caribou_thread_create
                0x080005f0       0xec /home/mike/Documents/caribou-rtos/branches/0.9/caribou/target/board/generic_stm32f103c/crossworks/caribou THUMB Release/caribou.a(thread.o)
                0x080005f0                caribou_thread_create
 *fill*         0x080006dc        0x4 
 .text.caribou_thread_init
                0x080006e0       0x28 /home/mike/Documents/caribou-rtos/branches/0.9/caribou/target/board/generic_stm32f103c/crossworks/caribou THUMB Release/caribou.a(thread.o)
                0x080006e0                caribou_thread_init
 *fill*         0x08000708        0x8 
 .text.caribou_thread_once
                0x08000710       0x7c /home/mike/Documents/caribou-rtos/branches/0.9/caribou/target/board/generic_stm32f103c/crossworks/caribou THUMB Release/caribou.a(thread.o)
                0x08000710                caribou_thread_once
 *fill*         0x0800078c        0x4 
 .text.caribou_thread_exec
                0x08000790        0xc /home/mike/Documents/caribou-rtos/branches/0.9/caribou/target/board/generic_stm32f103c/crossworks/caribou THUMB Release/caribou.a(thread.o)
                0x08000790                caribou_thread_exec
 *fill*         0x0800079c        0x4 
 .text._pendsv  0x080007a0       0x40 /home/mike/Documents/caribou-rtos/branches/0.9/caribou/target/board/generic_stm32f103c/crossworks/caribou THUMB Release/caribou.a(thread.o)
                0x080007a0                _pendsv
 .text._systick
                0x080007e0       0x64 /home/mike/Documents/caribou-rtos/branches/0.9/caribou/target/board/generic_stm32f103c/crossworks/caribou THUMB Release/caribou.a(thread.o)
                0x080007e0                _systick
 *fill*         0x08000844        0xc 
 .text.caribou_timer_ticks_timeout
                0x08000850       0x3c /home/mike/Documents/caribou-rtos/branches/0.9/caribou/target/board/generic_stm32f103c/crossworks/caribou THUMB Release/caribou.a(timer.o)
                0x08000850                caribou_timer_ticks_timeout
 *fill*         0x0800088c        0x4 
 .text.caribou_timer_set
                0x08000890       0x18 /home/mike/Documents/caribou-rtos/branches/0.9/caribou/target/board/generic_stm32f103c/crossworks/caribou THUMB Release/caribou.a(timer.o)
                0x08000890                caribou_timer_set
 *fill*         0x080008a8        0x8 
 .text.caribou_timer_delete
                0x080008b0       0x5c /home/mike/Documents/caribou-rtos/branches/0.9/caribou/target/board/generic_stm32f103c/crossworks/caribou THUMB Release/caribou.a(timer.o)
                0x080008b0                caribou_timer_delete
 *fill*         0x0800090c        0x4 
 .text.caribou_timer_delete_all
                0x08000910       0x18 /home/mike/Documents/caribou-rtos/branches/0.9/caribou/target/board/generic_stm32f103c/crossworks/caribou THUMB Release/caribou.a(timer.o)
                0x08000910                caribou_timer_delete_all
 *fill*         0x08000928        0x8 
 .text.caribou_timer_period
                0x08000930        0x4 /home/mike/Documents/caribou-rtos/branches/0.9/caribou/target/board/generic_stm32f103c/crossworks/caribou THUMB Release/caribou.a(timer.o)
                0x08000930                caribou_timer_period
 *fill*         0x08000934        0xc 
 .text.caribou_timer_ticks
                0x08000940        0xc /home/mike/Documents/caribou-rtos/branches/0.9/caribou/target/board/generic_stm32f103c/crossworks/caribou THUMB Release/caribou.a(timer.o)
                0x08000940                caribou_timer_ticks
 *fill*         0x0800094c        0x4 
 .text.caribou_timer_idle
                0x08000950       0x84 /home/mike/Documents/caribou-rtos/branches/0.9/caribou/target/board/generic_stm32f103c/crossworks/caribou THUMB Release/caribou.a(timer.o)
                0x08000950                caribou_timer_idle
 *fill*         0x080009d4        0xc 
 .text.get_bitmap_bit
                0x080009e0       0x50 /home/mike/Documents/caribou-rtos/branches/0.9/caribou/target/board/generic_stm32f103c/crossworks/caribou THUMB Release/caribou.a(heap.o)
 .text.locate_free
                0x08000a30       0xc0 /home/mike/Documents/caribou-rtos/branches/0.9/caribou/target/board/generic_stm32f103c/crossworks/caribou THUMB Release/caribou.a(heap.o)
 .text.blocks_used
                0x08000af0       0x50 /home/mike/Documents/caribou-rtos/branches/0.9/caribou/target/board/generic_stm32f103c/crossworks/caribou THUMB Release/caribou.a(heap.o)
 .text.set_bitmap_bit
                0x08000b40       0x6c /home/mike/Documents/caribou-rtos/branches/0.9/caribou/target/board/generic_stm32f103c/crossworks/caribou THUMB Release/caribou.a(heap.o)
 *fill*         0x08000bac        0x4 
 .text.from_pointer
                0x08000bb0       0x40 /home/mike/Documents/caribou-rtos/branches/0.9/caribou/target/board/generic_stm32f103c/crossworks/caribou THUMB Release/caribou.a(heap.o)
 .text.notify_heap_alloc
                0x08000bf0        0x4 /home/mike/Documents/caribou-rtos/branches/0.9/caribou/target/board/generic_stm32f103c/crossworks/caribou THUMB Release/caribou.a(heap.o)
                0x08000bf0                notify_heap_alloc
 *fill*         0x08000bf4        0xc 
 .text.allocate
                0x08000c00       0x9c /home/mike/Documents/caribou-rtos/branches/0.9/caribou/target/board/generic_stm32f103c/crossworks/caribou THUMB Release/caribou.a(heap.o)
 *fill*         0x08000c9c        0x4 
 .text.notify_heap_dealloc
                0x08000ca0        0x4 /home/mike/Documents/caribou-rtos/branches/0.9/caribou/target/board/generic_stm32f103c/crossworks/caribou THUMB Release/caribou.a(heap.o)
                0x08000ca0                notify_heap_dealloc
 *fill*         0x08000ca4        0xc 
 .text.deallocate
                0x08000cb0       0x70 /home/mike/Documents/caribou-rtos/branches/0.9/caribou/target/board/generic_stm32f103c/crossworks/caribou THUMB Release/caribou.a(heap.o)
 .text.notify_heap_invalid_dealloc
                0x08000d20        0x4 /home/mike/Documents/caribou-rtos/branches/0.9/caribou/target/board/generic_stm32f103c/crossworks/caribou THUMB Release/caribou.a(heap.o)
                0x08000d20                notify_heap_invalid_dealloc
 *fill*         0x08000d24        0xc 
 .text.notify_heap_invalid_realloc
                0x08000d30        0x4 /home/mike/Documents/caribou-rtos/branches/0.9/caribou/target/board/generic_stm32f103c/crossworks/caribou THUMB Release/caribou.a(heap.o)
                0x08000d30                notify_heap_invalid_realloc
 *fill*         0x08000d34        0xc 
 .text.notify_heap_alloc_failed
                0x08000d40        0x4 /home/mike/Documents/caribou-rtos/branches/0.9/caribou/target/board/generic_stm32f103c/crossworks/caribou THUMB Release/caribou.a(heap.o)
                0x08000d40                notify_heap_alloc_failed
 *fill*         0x08000d44        0xc 
 .text.heap_init
                0x08000d50       0x70 /home/mike/Documents/caribou-rtos/branches/0.9/caribou/target/board/generic_stm32f103c/crossworks/caribou THUMB Release/caribou.a(heap.o)
                0x08000d50                heap_init
 .text.heap_malloc
                0x08000dc0       0x44 /home/mike/Documents/caribou-rtos/branches/0.9/caribou/target/board/generic_stm32f103c/crossworks/caribou THUMB Release/caribou.a(heap.o)
                0x08000dc0                heap_malloc
 *fill*         0x08000e04        0xc 
 .text.heap_free
                0x08000e10       0x30 /home/mike/Documents/caribou-rtos/branches/0.9/caribou/target/board/generic_stm32f103c/crossworks/caribou THUMB Release/caribou.a(heap.o)
                0x08000e10                heap_free
 .text.heap_realloc
                0x08000e40      0x164 /home/mike/Documents/caribou-rtos/branches/0.9/caribou/target/board/generic_stm32f103c/crossworks/caribou THUMB Release/caribou.a(heap.o)
                0x08000e40                heap_realloc
 *fill*         0x08000fa4        0xc 
 .text.fopen    0x08000fb0       0x20 /home/mike/Documents/caribou-rtos/branches/0.9/caribou/target/board/generic_stm32f103c/crossworks/caribou THUMB Release/caribou.a(stdio.o)
                0x08000fb0                fopen
 .text.memmove  0x08000fd0       0x48 /home/mike/Documents/caribou-rtos/branches/0.9/caribou/target/board/generic_stm32f103c/crossworks/caribou THUMB Release/caribou.a(string.o)
                0x08000fd0                memmove
 *fill*         0x08001018        0x8 
 .text.memset   0x08001020       0x1c /home/mike/Documents/caribou-rtos/branches/0.9/caribou/target/board/generic_stm32f103c/crossworks/caribou THUMB Release/caribou.a(string.o)
                0x08001020                memset
 *fill*         0x0800103c        0x4 
 .text.early_init
                0x08001040      0x100 /home/mike/Documents/caribou-rtos/branches/0.9/caribou/target/board/generic_stm32f103c/crossworks/caribou THUMB Release/caribou.a(target_board.o)
                0x08001040                early_init
 .text.late_init
                0x08001140       0x28 /home/mike/Documents/caribou-rtos/branches/0.9/caribou/target/board/generic_stm32f103c/crossworks/caribou THUMB Release/caribou.a(target_board.o)
                0x08001140                late_init
 *fill*         0x08001168        0x8 
 .text.board_idle
                0x08001170       0x1c /home/mike/Documents/caribou-rtos/branches/0.9/caribou/target/board/generic_stm32f103c/crossworks/caribou THUMB Release/caribou.a(target_board.o)
                0x08001170                board_idle
 *fill*         0x0800118c        0x4 
 .text.main     0x08001190       0x3c /home/mike/Documents/caribou-rtos/branches/0.9/caribou/target/board/generic_stm32f103c/crossworks/caribou THUMB Release/caribou.a(target_board.o)
                0x08001190                main
 *fill*         0x080011cc        0x4 
 .text.nokia_5110_reset
                0x080011d0       0x1c /home/mike/Documents/caribou-rtos/branches/0.9/caribou/target/board/generic_stm32f103c/crossworks/caribou THUMB Release/caribou.a(target_nokia-5110.o)
                0x080011d0                nokia_5110_reset
 *fill*         0x080011ec        0x4 
 .text.nokia_5110_command_mode
                0x080011f0       0x10 /home/mike/Documents/caribou-rtos/branches/0.9/caribou/target/board/generic_stm32f103c/crossworks/caribou THUMB Release/caribou.a(target_nokia-5110.o)
                0x080011f0                nokia_5110_command_mode
 .text.nokia_5110_data_mode
                0x08001200       0x10 /home/mike/Documents/caribou-rtos/branches/0.9/caribou/target/board/generic_stm32f103c/crossworks/caribou THUMB Release/caribou.a(target_nokia-5110.o)
                0x08001200                nokia_5110_data_mode
 .text.lcd_fill_test_pattern
                0x08001210       0x14 /home/mike/Documents/caribou-rtos/branches/0.9/caribou/target/board/generic_stm32f103c/crossworks/caribou THUMB Release/caribou.a(target_nokia-5110.o)
                0x08001210                lcd_fill_test_pattern
 *fill*         0x08001224        0xc 
 .text.nokia_5110_set_initial_state
                0x08001230       0x44 /home/mike/Documents/caribou-rtos/branches/0.9/caribou/target/board/generic_stm32f103c/crossworks/caribou THUMB Release/caribou.a(target_nokia-5110.o)
                0x08001230                nokia_5110_set_initial_state
 *fill*         0x08001274        0xc 
 .text.nokia_5110_init
                0x08001280       0x38 /home/mike/Documents/caribou-rtos/branches/0.9/caribou/target/board/generic_stm32f103c/crossworks/caribou THUMB Release/caribou.a(target_nokia-5110.o)
                0x08001280                nokia_5110_init
 *fill*         0x080012b8        0x8 
 .text.nokia_5110_run
                0x080012c0        0xc /home/mike/Documents/caribou-rtos/branches/0.9/caribou/target/board/generic_stm32f103c/crossworks/caribou THUMB Release/caribou.a(target_nokia-5110.o)
                0x080012c0                nokia_5110_run
 *fill*         0x080012cc        0x4 
 .text.spi_dma_interrupt
                0x080012d0       0x18 /home/mike/Documents/caribou-rtos/branches/0.9/caribou/target/board/generic_stm32f103c/crossworks/caribou THUMB Release/caribou.a(target_spi-dma.o)
 *fill*         0x080012e8        0x8 
 .text.spi_dma_init
                0x080012f0       0xb8 /home/mike/Documents/caribou-rtos/branches/0.9/caribou/target/board/generic_stm32f103c/crossworks/caribou THUMB Release/caribou.a(target_spi-dma.o)
                0x080012f0                spi_dma_init
 *fill*         0x080013a8        0x8 
 .text.spi_dma_start
                0x080013b0       0x1c /home/mike/Documents/caribou-rtos/branches/0.9/caribou/target/board/generic_stm32f103c/crossworks/caribou THUMB Release/caribou.a(target_spi-dma.o)
                0x080013b0                spi_dma_start
 *fill*         0x080013cc        0x4 
 .text.assert_param
                0x080013d0        0x8 /home/mike/Documents/caribou-rtos/branches/0.9/caribou/target/board/generic_stm32f103c/crossworks/caribou THUMB Release/caribou.a(target_chip.o)
                0x080013d0                assert_param
 *fill*         0x080013d8        0x8 
 .text.nvic_isr
                0x080013e0       0x20 /home/mike/Documents/caribou-rtos/branches/0.9/caribou/target/board/generic_stm32f103c/crossworks/caribou THUMB Release/caribou.a(target_chip.o)
                0x080013e0                nvic_isr
 .text._swi     0x08001400        0x4 /home/mike/Documents/caribou-rtos/branches/0.9/caribou/target/board/generic_stm32f103c/crossworks/caribou THUMB Release/caribou.a(target_chip.o)
                0x08001400                _swi
 *fill*         0x08001404        0xc 
 .text._nmi     0x08001410        0x4 /home/mike/Documents/caribou-rtos/branches/0.9/caribou/target/board/generic_stm32f103c/crossworks/caribou THUMB Release/caribou.a(target_chip.o)
                0x08001410                _nmi
 *fill*         0x08001414        0xc 
 .text.chip_systick_irq_disable
                0x08001420       0x18 /home/mike/Documents/caribou-rtos/branches/0.9/caribou/target/board/generic_stm32f103c/crossworks/caribou THUMB Release/caribou.a(target_chip.o)
                0x08001420                chip_systick_irq_disable
 *fill*         0x08001438        0x8 
 .text.chip_systick_irq_set
                0x08001440       0x20 /home/mike/Documents/caribou-rtos/branches/0.9/caribou/target/board/generic_stm32f103c/crossworks/caribou THUMB Release/caribou.a(target_chip.o)
                0x08001440                chip_systick_irq_set
 .text.chip_systick_irq_force
                0x08001460       0x10 /home/mike/Documents/caribou-rtos/branches/0.9/caribou/target/board/generic_stm32f103c/crossworks/caribou THUMB Release/caribou.a(target_chip.o)
                0x08001460                chip_systick_irq_force
 .text.chip_systick_enter
                0x08001470       0x30 /home/mike/Documents/caribou-rtos/branches/0.9/caribou/target/board/generic_stm32f103c/crossworks/caribou THUMB Release/caribou.a(target_chip.o)
                0x08001470                chip_systick_enter
 .text.chip_systick_exit
                0x080014a0        0x4 /home/mike/Documents/caribou-rtos/branches/0.9/caribou/target/board/generic_stm32f103c/crossworks/caribou THUMB Release/caribou.a(target_chip.o)
                0x080014a0                chip_systick_exit
 *fill*         0x080014a4        0xc 
 .text.chip_interrupts_enable
                0x080014b0        0x4 /home/mike/Documents/caribou-rtos/branches/0.9/caribou/target/board/generic_stm32f103c/crossworks/caribou THUMB Release/caribou.a(target_chip.o)
                0x080014b0                chip_interrupts_enable
 *fill*         0x080014b4        0xc 
 .text.chip_interrupts_disable
                0x080014c0        0xc /home/mike/Documents/caribou-rtos/branches/0.9/caribou/target/board/generic_stm32f103c/crossworks/caribou THUMB Release/caribou.a(target_chip.o)
                0x080014c0                chip_interrupts_disable
 *fill*         0x080014cc        0x4 
 .text.chip_interrupts_enabled
                0x080014d0        0xc /home/mike/Documents/caribou-rtos/branches/0.9/caribou/target/board/generic_stm32f103c/crossworks/caribou THUMB Release/caribou.a(target_chip.o)
                0x080014d0                chip_interrupts_enabled
 *fill*         0x080014dc        0x4 
 .text.chip_interrupts_set
                0x080014e0        0xc /home/mike/Documents/caribou-rtos/branches/0.9/caribou/target/board/generic_stm32f103c/crossworks/caribou THUMB Release/caribou.a(target_chip.o)
                0x080014e0                chip_interrupts_set
 *fill*         0x080014ec        0x4 
 .text.chip_wfi
                0x080014f0        0x4 /home/mike/Documents/caribou-rtos/branches/0.9/caribou/target/board/generic_stm32f103c/crossworks/caribou THUMB Release/caribou.a(target_chip.o)
                0x080014f0                chip_wfi
 *fill*         0x080014f4        0xc 
 .text.chip_vector_enable
                0x08001500       0x34 /home/mike/Documents/caribou-rtos/branches/0.9/caribou/target/board/generic_stm32f103c/crossworks/caribou THUMB Release/caribou.a(target_chip.o)
                0x08001500                chip_vector_enable
 *fill*         0x08001534        0xc 
 .text.chip_vector_disable
                0x08001540       0x38 /home/mike/Documents/caribou-rtos/branches/0.9/caribou/target/board/generic_stm32f103c/crossworks/caribou THUMB Release/caribou.a(target_chip.o)
                0x08001540                chip_vector_disable
 *fill*         0x08001578        0x8 
 .text.chip_clock_freq
                0x08001580       0x14 /home/mike/Documents/caribou-rtos/branches/0.9/caribou/target/board/generic_stm32f103c/crossworks/caribou THUMB Release/caribou.a(target_chip.o)
                0x08001580                chip_clock_freq
 *fill*         0x08001594        0xc 
 .text.chip_init
                0x080015a0       0x3c /home/mike/Documents/caribou-rtos/branches/0.9/caribou/target/board/generic_stm32f103c/crossworks/caribou THUMB Release/caribou.a(target_chip.o)
                0x080015a0                chip_init
 *fill*         0x080015dc        0x4 
 .text.chip_uart_int_enabled
                0x080015e0       0x14 /home/mike/Documents/caribou-rtos/branches/0.9/caribou/target/board/generic_stm32f103c/crossworks/caribou THUMB Release/caribou.a(target_uart.o)
                0x080015e0                chip_uart_int_enabled
 *fill*         0x080015f4        0xc 
 .text.chip_uart_int_disable
                0x08001600       0x1c /home/mike/Documents/caribou-rtos/branches/0.9/caribou/target/board/generic_stm32f103c/crossworks/caribou THUMB Release/caribou.a(target_uart.o)
                0x08001600                chip_uart_int_disable
 *fill*         0x0800161c        0x4 
 .text.chip_uart_set_config
                0x08001620       0xf0 /home/mike/Documents/caribou-rtos/branches/0.9/caribou/target/board/generic_stm32f103c/crossworks/caribou THUMB Release/caribou.a(target_uart.o)
                0x08001620                chip_uart_set_config
 .text.chip_uart_open
                0x08001710        0x4 /home/mike/Documents/caribou-rtos/branches/0.9/caribou/target/board/generic_stm32f103c/crossworks/caribou THUMB Release/caribou.a(target_uart.o)
                0x08001710                chip_uart_open
 *fill*         0x08001714        0xc 
 .text.chip_uart_set_rx_queue
                0x08001720        0x8 /home/mike/Documents/caribou-rtos/branches/0.9/caribou/target/board/generic_stm32f103c/crossworks/caribou THUMB Release/caribou.a(target_uart.o)
                0x08001720                chip_uart_set_rx_queue
 *fill*         0x08001728        0x8 
 .text.chip_uart_set_tx_queue
                0x08001730        0x8 /home/mike/Documents/caribou-rtos/branches/0.9/caribou/target/board/generic_stm32f103c/crossworks/caribou THUMB Release/caribou.a(target_uart.o)
                0x08001730                chip_uart_set_tx_queue
 *fill*         0x08001738        0x8 
 .text.chip_uart_rx_queue
                0x08001740        0x4 /home/mike/Documents/caribou-rtos/branches/0.9/caribou/target/board/generic_stm32f103c/crossworks/caribou THUMB Release/caribou.a(target_uart.o)
                0x08001740                chip_uart_rx_queue
 *fill*         0x08001744        0xc 
 .text.chip_uart_tx_queue
                0x08001750        0x4 /home/mike/Documents/caribou-rtos/branches/0.9/caribou/target/board/generic_stm32f103c/crossworks/caribou THUMB Release/caribou.a(target_uart.o)
                0x08001750                chip_uart_tx_queue
 *fill*         0x08001754        0xc 
 .text.chip_uart_interrupt_vector
                0x08001760        0x8 /home/mike/Documents/caribou-rtos/branches/0.9/caribou/target/board/generic_stm32f103c/crossworks/caribou THUMB Release/caribou.a(target_uart.o)
                0x08001760                chip_uart_interrupt_vector
 *fill*         0x08001768        0x8 
 .text.chip_uart_status
                0x08001770        0x4 /home/mike/Documents/caribou-rtos/branches/0.9/caribou/target/board/generic_stm32f103c/crossworks/caribou THUMB Release/caribou.a(target_uart.o)
                0x08001770                chip_uart_status
 *fill*         0x08001774        0xc 
 .text.chip_uart_set_status
                0x08001780        0x8 /home/mike/Documents/caribou-rtos/branches/0.9/caribou/target/board/generic_stm32f103c/crossworks/caribou THUMB Release/caribou.a(target_uart.o)
                0x08001780                chip_uart_set_status
 *fill*         0x08001788        0x8 
 .text.chip_uart_tx_ready
                0x08001790        0xc /home/mike/Documents/caribou-rtos/branches/0.9/caribou/target/board/generic_stm32f103c/crossworks/caribou THUMB Release/caribou.a(target_uart.o)
                0x08001790                chip_uart_tx_ready
 *fill*         0x0800179c        0x4 
 .text.chip_uart_rx_ready
                0x080017a0        0xc /home/mike/Documents/caribou-rtos/branches/0.9/caribou/target/board/generic_stm32f103c/crossworks/caribou THUMB Release/caribou.a(target_uart.o)
                0x080017a0                chip_uart_rx_ready
 *fill*         0x080017ac        0x4 
 .text.chip_uart_tx_start
                0x080017b0       0x10 /home/mike/Documents/caribou-rtos/branches/0.9/caribou/target/board/generic_stm32f103c/crossworks/caribou THUMB Release/caribou.a(target_uart.o)
                0x080017b0                chip_uart_tx_start
 .text.chip_uart_tx_stop
                0x080017c0       0x10 /home/mike/Documents/caribou-rtos/branches/0.9/caribou/target/board/generic_stm32f103c/crossworks/caribou THUMB Release/caribou.a(target_uart.o)
                0x080017c0                chip_uart_tx_stop
 .text.isr_uart
                0x080017d0       0x64 /home/mike/Documents/caribou-rtos/branches/0.9/caribou/target/board/generic_stm32f103c/crossworks/caribou THUMB Release/caribou.a(target_uart.o)
                0x080017d0                isr_uart
 *fill*         0x08001834        0xc 
 .text.SystemInit
                0x08001840      0x100 /home/mike/Documents/caribou-rtos/branches/0.9/caribou/target/board/generic_stm32f103c/crossworks/caribou THUMB Release/caribou.a(target_system_stm32f10x.o)
                0x08001840                SystemInit
 .text.SystemCoreClockUpdate
                0x08001940       0x8c /home/mike/Documents/caribou-rtos/branches/0.9/caribou/target/board/generic_stm32f103c/crossworks/caribou THUMB Release/caribou.a(target_system_stm32f10x.o)
                0x08001940                SystemCoreClockUpdate
 *fill*         0x080019cc        0x4 
 .text.DMA_DeInit
                0x080019d0      0x294 /home/mike/Documents/caribou-rtos/branches/0.9/caribou/target/board/generic_stm32f103c/crossworks/caribou THUMB Release/caribou.a(target_stm32f10x_dma.o)
                0x080019d0                DMA_DeInit
 *fill*         0x08001c64        0xc 
 .text.DMA_Init
                0x08001c70      0x17c /home/mike/Documents/caribou-rtos/branches/0.9/caribou/target/board/generic_stm32f103c/crossworks/caribou THUMB Release/caribou.a(target_stm32f10x_dma.o)
                0x08001c70                DMA_Init
 *fill*         0x08001dec        0x4 
 .text.DMA_Cmd  0x08001df0       0xb4 /home/mike/Documents/caribou-rtos/branches/0.9/caribou/target/board/generic_stm32f103c/crossworks/caribou THUMB Release/caribou.a(target_stm32f10x_dma.o)
                0x08001df0                DMA_Cmd
 *fill*         0x08001ea4        0xc 
 .text.DMA_ITConfig
                0x08001eb0       0xc4 /home/mike/Documents/caribou-rtos/branches/0.9/caribou/target/board/generic_stm32f103c/crossworks/caribou THUMB Release/caribou.a(target_stm32f10x_dma.o)
                0x08001eb0                DMA_ITConfig
 *fill*         0x08001f74        0xc 
 .text.DMA_GetFlagStatus
                0x08001f80      0x184 /home/mike/Documents/caribou-rtos/branches/0.9/caribou/target/board/generic_stm32f103c/crossworks/caribou THUMB Release/caribou.a(target_stm32f10x_dma.o)
                0x08001f80                DMA_GetFlagStatus
 *fill*         0x08002104        0xc 
 .text.DMA_ClearITPendingBit
                0x08002110       0x44 /home/mike/Documents/caribou-rtos/branches/0.9/caribou/target/board/generic_stm32f103c/crossworks/caribou THUMB Release/caribou.a(target_stm32f10x_dma.o)
                0x08002110                DMA_ClearITPendingBit
 *fill*         0x08002154        0xc 
 .text.RCC_HSEConfig
                0x08002160       0x8c /home/mike/Documents/caribou-rtos/branches/0.9/caribou/target/board/generic_stm32f103c/crossworks/caribou THUMB Release/caribou.a(target_stm32f10x_rcc.o)
                0x08002160                RCC_HSEConfig
 *fill*         0x080021ec        0x4 
 .text.RCC_SYSCLKConfig
                0x080021f0       0x24 /home/mike/Documents/caribou-rtos/branches/0.9/caribou/target/board/generic_stm32f103c/crossworks/caribou THUMB Release/caribou.a(target_stm32f10x_rcc.o)
                0x080021f0                RCC_SYSCLKConfig
 *fill*         0x08002214        0xc 
 .text.RCC_GetClocksFreq
                0x08002220       0xb8 /home/mike/Documents/caribou-rtos/branches/0.9/caribou/target/board/generic_stm32f103c/crossworks/caribou THUMB Release/caribou.a(target_stm32f10x_rcc.o)
                0x08002220                RCC_GetClocksFreq
 *fill*         0x080022d8        0x8 
 .text.RCC_AHBPeriphClockCmd
                0x080022e0       0x48 /home/mike/Documents/caribou-rtos/branches/0.9/caribou/target/board/generic_stm32f103c/crossworks/caribou THUMB Release/caribou.a(target_stm32f10x_rcc.o)
                0x080022e0                RCC_AHBPeriphClockCmd
 *fill*         0x08002328        0x8 
 .text.RCC_APB2PeriphClockCmd
                0x08002330       0x48 /home/mike/Documents/caribou-rtos/branches/0.9/caribou/target/board/generic_stm32f103c/crossworks/caribou THUMB Release/caribou.a(target_stm32f10x_rcc.o)
                0x08002330                RCC_APB2PeriphClockCmd
 *fill*         0x08002378        0x8 
 .text.RCC_APB1PeriphClockCmd
                0x08002380       0x48 /home/mike/Documents/caribou-rtos/branches/0.9/caribou/target/board/generic_stm32f103c/crossworks/caribou THUMB Release/caribou.a(target_stm32f10x_rcc.o)
                0x08002380                RCC_APB1PeriphClockCmd
 *fill*         0x080023c8        0x8 
 .text.RCC_GetFlagStatus
                0x080023d0       0x78 /home/mike/Documents/caribou-rtos/branches/0.9/caribou/target/board/generic_stm32f103c/crossworks/caribou THUMB Release/caribou.a(target_stm32f10x_rcc.o)
                0x080023d0                RCC_GetFlagStatus
 *fill*         0x08002448        0x8 
 .text.RCC_WaitForHSEStartUp
                0x08002450       0x34 /home/mike/Documents/caribou-rtos/branches/0.9/caribou/target/board/generic_stm32f103c/crossworks/caribou THUMB Release/caribou.a(target_stm32f10x_rcc.o)
                0x08002450                RCC_WaitForHSEStartUp
 *fill*         0x08002484        0xc 
 .text.SPI_Init
                0x08002490      0x13c /home/mike/Documents/caribou-rtos/branches/0.9/caribou/target/board/generic_stm32f103c/crossworks/caribou THUMB Release/caribou.a(target_stm32f10x_spi.o)
                0x08002490                SPI_Init
 *fill*         0x080025cc        0x4 
 .text.SPI_Cmd  0x080025d0       0x5c /home/mike/Documents/caribou-rtos/branches/0.9/caribou/target/board/generic_stm32f103c/crossworks/caribou THUMB Release/caribou.a(target_stm32f10x_spi.o)
                0x080025d0                SPI_Cmd
 *fill*         0x0800262c        0x4 
 .text.SPI_I2S_DMACmd
                0x08002630       0x70 /home/mike/Documents/caribou-rtos/branches/0.9/caribou/target/board/generic_stm32f103c/crossworks/caribou THUMB Release/caribou.a(target_stm32f10x_spi.o)
                0x08002630                SPI_I2S_DMACmd
 .text.SPI_I2S_SendData
                0x080026a0       0x38 /home/mike/Documents/caribou-rtos/branches/0.9/caribou/target/board/generic_stm32f103c/crossworks/caribou THUMB Release/caribou.a(target_stm32f10x_spi.o)
                0x080026a0                SPI_I2S_SendData
 *fill*         0x080026d8        0x8 
 .text.USART_Init
                0x080026e0      0x1c8 /home/mike/Documents/caribou-rtos/branches/0.9/caribou/target/board/generic_stm32f103c/crossworks/caribou THUMB Release/caribou.a(target_stm32f10x_usart.o)
                0x080026e0                USART_Init
 *fill*         0x080028a8        0x8 
 .text.USART_Cmd
                0x080028b0       0x74 /home/mike/Documents/caribou-rtos/branches/0.9/caribou/target/board/generic_stm32f103c/crossworks/caribou THUMB Release/caribou.a(target_stm32f10x_usart.o)
                0x080028b0                USART_Cmd
 *fill*         0x08002924        0xc 
 .text.USART_ITConfig
                0x08002930      0x150 /home/mike/Documents/caribou-rtos/branches/0.9/caribou/target/board/generic_stm32f103c/crossworks/caribou THUMB Release/caribou.a(target_stm32f10x_usart.o)
                0x08002930                USART_ITConfig
 .text.caribou_vector_installed
                0x08002a80       0x54 /home/mike/Documents/caribou-rtos/branches/0.9/caribou/target/board/generic_stm32f103c/crossworks/caribou THUMB Release/caribou.a(interrupt.o)
                0x08002a80                caribou_vector_installed
 *fill*         0x08002ad4        0xc 
 .text.caribou_vector_install
                0x08002ae0       0xa8 /home/mike/Documents/caribou-rtos/branches/0.9/caribou/target/board/generic_stm32f103c/crossworks/caribou THUMB Release/caribou.a(interrupt.o)
                0x08002ae0                caribou_vector_install
 *fill*         0x08002b88        0x8 
 .text.caribou_interrupt_service
                0x08002b90       0x24 /home/mike/Documents/caribou-rtos/branches/0.9/caribou/target/board/generic_stm32f103c/crossworks/caribou THUMB Release/caribou.a(interrupt.o)
                0x08002b90                caribou_interrupt_service
 *fill*         0x08002bb4        0xc 
 .text.caribou_gpio_set
                0x08002bc0       0x10 /home/mike/Documents/caribou-rtos/branches/0.9/caribou/target/board/generic_stm32f103c/crossworks/caribou THUMB Release/caribou.a(gpio.o)
                0x08002bc0                caribou_gpio_set
 .text.caribou_gpio_reset
                0x08002bd0       0x10 /home/mike/Documents/caribou-rtos/branches/0.9/caribou/target/board/generic_stm32f103c/crossworks/caribou THUMB Release/caribou.a(gpio.o)
                0x08002bd0                caribou_gpio_reset
 .text.caribou_uart_close
                0x08002be0       0x6c /home/mike/Documents/caribou-rtos/branches/0.9/caribou/target/board/generic_stm32f103c/crossworks/caribou THUMB Release/caribou.a(uart.o)
                0x08002be0                caribou_uart_close
 *fill*         0x08002c4c        0x4 
 .text.caribou_uart_set_config
                0x08002c50       0x18 /home/mike/Documents/caribou-rtos/branches/0.9/caribou/target/board/generic_stm32f103c/crossworks/caribou THUMB Release/caribou.a(uart.o)
                0x08002c50                caribou_uart_set_config
 *fill*         0x08002c68        0x8 
 .text.caribou_uart_open
                0x08002c70       0xdc /home/mike/Documents/caribou-rtos/branches/0.9/caribou/target/board/generic_stm32f103c/crossworks/caribou THUMB Release/caribou.a(uart.o)
                0x08002c70                caribou_uart_open
 *fill*         0x08002d4c        0x4 
 .text.caribou_uart_private_readfn
                0x08002d50       0x4c /home/mike/Documents/caribou-rtos/branches/0.9/caribou/target/board/generic_stm32f103c/crossworks/caribou THUMB Release/caribou.a(uart.o)
                0x08002d50                caribou_uart_private_readfn
 *fill*         0x08002d9c        0x4 
 .text.caribou_uart_private_writefn
                0x08002da0       0x34 /home/mike/Documents/caribou-rtos/branches/0.9/caribou/target/board/generic_stm32f103c/crossworks/caribou THUMB Release/caribou.a(uart.o)
                0x08002da0                caribou_uart_private_writefn
 *fill*         0x08002dd4        0xc 
 .text.caribou_uart_private_readqueuefn
                0x08002de0       0x10 /home/mike/Documents/caribou-rtos/branches/0.9/caribou/target/board/generic_stm32f103c/crossworks/caribou THUMB Release/caribou.a(uart.o)
                0x08002de0                caribou_uart_private_readqueuefn
 .text.caribou_uart_private_writequeuefn
                0x08002df0       0x10 /home/mike/Documents/caribou-rtos/branches/0.9/caribou/target/board/generic_stm32f103c/crossworks/caribou THUMB Release/caribou.a(uart.o)
                0x08002df0                caribou_uart_private_writequeuefn
 .text.caribou_uart_private_statefn
                0x08002e00        0xc /home/mike/Documents/caribou-rtos/branches/0.9/caribou/target/board/generic_stm32f103c/crossworks/caribou THUMB Release/caribou.a(uart.o)
                0x08002e00                caribou_uart_private_statefn
 *fill*         0x08002e0c        0x4 
 .text.caribou_bytequeue_new
                0x08002e10       0x30 /home/mike/Documents/caribou-rtos/branches/0.9/caribou/target/board/generic_stm32f103c/crossworks/caribou THUMB Release/caribou.a(bytequeue.o)
                0x08002e10                caribou_bytequeue_new
 .text.caribou_bytequeue_free
                0x08002e40       0x28 /home/mike/Documents/caribou-rtos/branches/0.9/caribou/target/board/generic_stm32f103c/crossworks/caribou THUMB Release/caribou.a(bytequeue.o)
                0x08002e40                caribou_bytequeue_free
 *fill*         0x08002e68        0x8 
 .text.caribou_bytequeue_empty
                0x08002e70       0x1c /home/mike/Documents/caribou-rtos/branches/0.9/caribou/target/board/generic_stm32f103c/crossworks/caribou THUMB Release/caribou.a(bytequeue.o)
                0x08002e70                caribou_bytequeue_empty
 *fill*         0x08002e8c        0x4 
 .text.caribou_bytequeue_level
                0x08002e90       0x20 /home/mike/Documents/caribou-rtos/branches/0.9/caribou/target/board/generic_stm32f103c/crossworks/caribou THUMB Release/caribou.a(bytequeue.o)
                0x08002e90                caribou_bytequeue_level
 .text.caribou_bytequeue_put
                0x08002eb0       0x48 /home/mike/Documents/caribou-rtos/branches/0.9/caribou/target/board/generic_stm32f103c/crossworks/caribou THUMB Release/caribou.a(bytequeue.o)
                0x08002eb0                caribou_bytequeue_put
 *fill*         0x08002ef8        0x8 
 .text.caribou_bytequeue_get
                0x08002f00       0x34 /home/mike/Documents/caribou-rtos/branches/0.9/caribou/target/board/generic_stm32f103c/crossworks/caribou THUMB Release/caribou.a(bytequeue.o)
                0x08002f00                caribou_bytequeue_get
 *fill*         0x08002f34        0xc 
 .text.chip_gpio_set
                0x08002f40        0x4 /home/mike/Documents/caribou-rtos/branches/0.9/caribou/target/board/generic_stm32f103c/crossworks/caribou THUMB Release/caribou.a(target_gpio.o)
                0x08002f40                chip_gpio_set
 *fill*         0x08002f44        0xc 
 .text.chip_gpio_reset
                0x08002f50        0x8 /home/mike/Documents/caribou-rtos/branches/0.9/caribou/target/board/generic_stm32f103c/crossworks/caribou THUMB Release/caribou.a(target_gpio.o)
                0x08002f50                chip_gpio_reset
 *(.rodata)
 *(.rodata.*)
 *fill*         0x08002f58        0x8 
 .rodata.str1.4
                0x08002f60      0x124 /home/mike/Documents/caribou-rtos/branches/0.9/caribou/target/board/generic_stm32f103c/crossworks/caribou THUMB Release/caribou.a(thread.o)
                                0x128 (size before relaxing)
 *fill*         0x08003084        0xc 
 .rodata.str1.4
                0x08003090       0x10 /home/mike/Documents/caribou-rtos/branches/0.9/caribou/target/board/generic_stm32f103c/crossworks/caribou THUMB Release/caribou.a(target_board.o)
 .rodata._stdio_
                0x080030a0       0x60 /home/mike/Documents/caribou-rtos/branches/0.9/caribou/target/board/generic_stm32f103c/crossworks/caribou THUMB Release/caribou.a(target_uart.o)
                0x080030a0                _stdio_
 *(.glue_7t)
 .glue_7t       0x00000000        0x0 linker stubs
 *(.glue_7)
 .glue_7        0x00000000        0x0 linker stubs
 *(.gcc*)

.vfp11_veneer   0x08003100        0x0
 .vfp11_veneer  0x00000000        0x0 linker stubs

.v4_bx          0x08003100        0x0
 .v4_bx         0x00000000        0x0 linker stubs

.iplt           0x08003100        0x0
 .iplt          0x00000000        0x0 /home/mike/Documents/caribou-rtos/branches/0.9/caribou/target/board/generic_stm32f103c/crossworks/caribou THUMB Release/caribou.a(target_crt0.o)

.rel.dyn        0x08003100        0x0
 .rel.iplt      0x00000000        0x0 /home/mike/Documents/caribou-rtos/branches/0.9/caribou/target/board/generic_stm32f103c/crossworks/caribou THUMB Release/caribou.a(target_crt0.o)

.ARM.extab
 *(.ARM.extab* .gnu.linkonce.armextab.*)

.ARM.exidx      0x08003100        0x0
                0x08003100                PROVIDE (__exidx_start, .)
 *(.ARM.exidx* .gnu.linkonce.armexidx.*)
                0x08003100                PROVIDE (__exidx_end, .)

.eh_frame_hdr
 *(.eh_frame_hdr)

.eh_frame
 *(.eh_frame)

.textalign      0x08003100        0x0
                0x08003100                . = ALIGN (0x8)
                0x08003100                _etext = .
                0x08003100                _textdata = _etext

.stacks         0x20000000      0x200
                0x20000000                . = ALIGN (0x8)
                0x20000000                __main_stack_base__ = .
                0x20000100                . = (. + __main_stack_size__)
 *fill*         0x20000000      0x100 
                0x20000100                . = ALIGN (0x8)
                0x20000100                __main_stack_end__ = .
                0x20000100                __process_stack_base__ = .
                0x20000100                __main_thread_stack_base__ = .
                0x20000200                . = (. + __process_stack_size__)
 *fill*         0x20000100      0x100 
                0x20000200                . = ALIGN (0x8)
                0x20000200                __process_stack_end__ = .
                0x20000200                __main_thread_stack_end__ = .

.data           0x20000200       0xb8 load address 0x08003100
                0x20000200                . = ALIGN (0x4)
                0x20000200                PROVIDE (_data, .)
 *(.data)
                0x20000200                . = ALIGN (0x4)
 *(.data.*)
 .data.led1     0x20000200        0x8 /home/mike/Documents/caribou-rtos/branches/0.9/caribou/target/board/generic_stm32f103c/crossworks/caribou THUMB Release/caribou.a(target_board.o)
 .data.lcd_reset
                0x20000208        0x8 /home/mike/Documents/caribou-rtos/branches/0.9/caribou/target/board/generic_stm32f103c/crossworks/caribou THUMB Release/caribou.a(target_nokia-5110.o)
 .data.lcd_data_control
                0x20000210        0x8 /home/mike/Documents/caribou-rtos/branches/0.9/caribou/target/board/generic_stm32f103c/crossworks/caribou THUMB Release/caribou.a(target_nokia-5110.o)
 .data.lcd_back_light
                0x20000218        0x8 /home/mike/Documents/caribou-rtos/branches/0.9/caribou/target/board/generic_stm32f103c/crossworks/caribou THUMB Release/caribou.a(target_nokia-5110.o)
 .data.device_info
                0x20000220       0x70 /home/mike/Documents/caribou-rtos/branches/0.9/caribou/target/board/generic_stm32f103c/crossworks/caribou THUMB Release/caribou.a(target_uart.o)
                0x20000220                device_info
 .data.AHBPrescTable
                0x20000290       0x10 /home/mike/Documents/caribou-rtos/branches/0.9/caribou/target/board/generic_stm32f103c/crossworks/caribou THUMB Release/caribou.a(target_system_stm32f10x.o)
                0x20000290                AHBPrescTable
 .data.SystemCoreClock
                0x200002a0        0x4 /home/mike/Documents/caribou-rtos/branches/0.9/caribou/target/board/generic_stm32f103c/crossworks/caribou THUMB Release/caribou.a(target_system_stm32f10x.o)
                0x200002a0                SystemCoreClock
 .data.ADCPrescTable
                0x200002a4        0x4 /home/mike/Documents/caribou-rtos/branches/0.9/caribou/target/board/generic_stm32f103c/crossworks/caribou THUMB Release/caribou.a(target_stm32f10x_rcc.o)
 .data.APBAHBPrescTable
                0x200002a8       0x10 /home/mike/Documents/caribou-rtos/branches/0.9/caribou/target/board/generic_stm32f103c/crossworks/caribou THUMB Release/caribou.a(target_stm32f10x_rcc.o)
                0x200002b8                . = ALIGN (0x4)
 *(.ramtext)
                0x200002b8                . = ALIGN (0x4)
                0x200002b8                PROVIDE (_edata, .)

.igot.plt       0x200002b8        0x0 load address 0x080031b8
 .igot.plt      0x00000000        0x0 /home/mike/Documents/caribou-rtos/branches/0.9/caribou/target/board/generic_stm32f103c/crossworks/caribou THUMB Release/caribou.a(target_crt0.o)

.bss            0x200002b8      0x4a8 load address 0x080031b8
                0x200002b8                . = ALIGN (0x4)
                0x200002b8                PROVIDE (__bss_start__, .)
 *(.bss)
                0x200002b8                . = ALIGN (0x4)
 *(.bss.*)
 .bss.faultfn   0x200002b8        0x4 /home/mike/Documents/caribou-rtos/branches/0.9/caribou/target/board/generic_stm32f103c/crossworks/caribou THUMB Release/caribou.a(thread.o)
 .bss._current_thread_
                0x200002bc        0x4 /home/mike/Documents/caribou-rtos/branches/0.9/caribou/target/board/generic_stm32f103c/crossworks/caribou THUMB Release/caribou.a(thread.o)
                0x200002bc                _current_thread_
 .bss._caribou_jiffies
                0x200002c0        0x8 /home/mike/Documents/caribou-rtos/branches/0.9/caribou/target/board/generic_stm32f103c/crossworks/caribou THUMB Release/caribou.a(thread.o)
                0x200002c0                _caribou_jiffies
 .bss.priority  0x200002c8        0x2 /home/mike/Documents/caribou-rtos/branches/0.9/caribou/target/board/generic_stm32f103c/crossworks/caribou THUMB Release/caribou.a(thread.o)
 *fill*         0x200002ca        0x2 
 .bss.faultarg  0x200002cc        0x4 /home/mike/Documents/caribou-rtos/branches/0.9/caribou/target/board/generic_stm32f103c/crossworks/caribou THUMB Release/caribou.a(thread.o)
 .bss._caribou_thread_queue_
                0x200002d0        0x4 /home/mike/Documents/caribou-rtos/branches/0.9/caribou/target/board/generic_stm32f103c/crossworks/caribou THUMB Release/caribou.a(thread.o)
 *fill*         0x200002d4        0x4 
 .bss._caribou_tail_jiffies
                0x200002d8        0x8 /home/mike/Documents/caribou-rtos/branches/0.9/caribou/target/board/generic_stm32f103c/crossworks/caribou THUMB Release/caribou.a(timer.o)
 .bss.__errno   0x200002e0        0x4 /home/mike/Documents/caribou-rtos/branches/0.9/caribou/target/board/generic_stm32f103c/crossworks/caribou THUMB Release/caribou.a(errno.o)
                0x200002e0                __errno
 .bss.heap_last_bitmap
                0x200002e4        0x4 /home/mike/Documents/caribou-rtos/branches/0.9/caribou/target/board/generic_stm32f103c/crossworks/caribou THUMB Release/caribou.a(heap.o)
 .bss.heap_area
                0x200002e8        0x4 /home/mike/Documents/caribou-rtos/branches/0.9/caribou/target/board/generic_stm32f103c/crossworks/caribou THUMB Release/caribou.a(heap.o)
 .bss.heap_size
                0x200002ec        0x4 /home/mike/Documents/caribou-rtos/branches/0.9/caribou/target/board/generic_stm32f103c/crossworks/caribou THUMB Release/caribou.a(heap.o)
 .bss.heap_blocks
                0x200002f0        0x2 /home/mike/Documents/caribou-rtos/branches/0.9/caribou/target/board/generic_stm32f103c/crossworks/caribou THUMB Release/caribou.a(heap.o)
                0x200002f0                heap_blocks
 *fill*         0x200002f2        0x2 
 .bss.heap_free_bitmap
                0x200002f4        0x4 /home/mike/Documents/caribou-rtos/branches/0.9/caribou/target/board/generic_stm32f103c/crossworks/caribou THUMB Release/caribou.a(heap.o)
 .bss.heap_bitmap_size
                0x200002f8        0x2 /home/mike/Documents/caribou-rtos/branches/0.9/caribou/target/board/generic_stm32f103c/crossworks/caribou THUMB Release/caribou.a(heap.o)
 *fill*         0x200002fa        0x2 
 .bss._stdin    0x200002fc        0x4 /home/mike/Documents/caribou-rtos/branches/0.9/caribou/target/board/generic_stm32f103c/crossworks/caribou THUMB Release/caribou.a(stdio.o)
                0x200002fc                _stdin
 .bss._stderr   0x20000300        0x4 /home/mike/Documents/caribou-rtos/branches/0.9/caribou/target/board/generic_stm32f103c/crossworks/caribou THUMB Release/caribou.a(stdio.o)
                0x20000300                _stderr
 .bss._stdout   0x20000304        0x4 /home/mike/Documents/caribou-rtos/branches/0.9/caribou/target/board/generic_stm32f103c/crossworks/caribou THUMB Release/caribou.a(stdio.o)
                0x20000304                _stdout
 .bss.nokia_5110_stack
                0x20000308      0x200 /home/mike/Documents/caribou-rtos/branches/0.9/caribou/target/board/generic_stm32f103c/crossworks/caribou THUMB Release/caribou.a(target_board.o)
                0x20000308                nokia_5110_stack
 .bss.nokia_5110
                0x20000508      0x250 /home/mike/Documents/caribou-rtos/branches/0.9/caribou/target/board/generic_stm32f103c/crossworks/caribou THUMB Release/caribou.a(target_nokia-5110.o)
                0x20000508                nokia_5110
 .bss.isr_map   0x20000758        0x4 /home/mike/Documents/caribou-rtos/branches/0.9/caribou/target/board/generic_stm32f103c/crossworks/caribou THUMB Release/caribou.a(interrupt.o)
                0x20000758                isr_map
 .bss.isr_map_size
                0x2000075c        0x4 /home/mike/Documents/caribou-rtos/branches/0.9/caribou/target/board/generic_stm32f103c/crossworks/caribou THUMB Release/caribou.a(interrupt.o)
                0x2000075c                isr_map_size
                0x20000760                . = ALIGN (0x4)
 *(COMMON)
                0x20000760                . = ALIGN (0x4)
                0x20000760                PROVIDE (__bss_end__, .)
                0x20000760                PROVIDE (end, .)
                0x20000760                _end = .
                0x20000760                __heap_base__ = _end
                0x20005000                __heap_end__ = __ram_end__
START GROUP
LOAD /home/mike/Documents/caribou-rtos/branches/0.9/caribou/target/board/generic_stm32f103c/crossworks/caribou THUMB Release/caribou.a
END GROUP
OUTPUT(caribou-demo THUMB Release/caribou-demo.elf elf32-littlearm)

.ARM.attributes
                0x00000000       0x2f
 .ARM.attributes
                0x00000000       0x21 /home/mike/Documents/caribou-rtos/branches/0.9/caribou/target/board/generic_stm32f103c/crossworks/caribou THUMB Release/caribou.a(target_crt0.o)
 .ARM.attributes
                0x00000021       0x33 /home/mike/Documents/caribou-rtos/branches/0.9/caribou/target/board/generic_stm32f103c/crossworks/caribou THUMB Release/caribou.a(target_fault.o)
 .ARM.attributes
                0x00000054       0x21 /home/mike/Documents/caribou-rtos/branches/0.9/caribou/target/board/generic_stm32f103c/crossworks/caribou THUMB Release/caribou.a(target_vectors.o)
 .ARM.attributes
                0x00000075       0x33 /home/mike/Documents/caribou-rtos/branches/0.9/caribou/target/board/generic_stm32f103c/crossworks/caribou THUMB Release/caribou.a(caribou.o)
 .ARM.attributes
                0x000000a8       0x33 /home/mike/Documents/caribou-rtos/branches/0.9/caribou/target/board/generic_stm32f103c/crossworks/caribou THUMB Release/caribou.a(thread.o)
 .ARM.attributes
                0x000000db       0x33 /home/mike/Documents/caribou-rtos/branches/0.9/caribou/target/board/generic_stm32f103c/crossworks/caribou THUMB Release/caribou.a(timer.o)
 .ARM.attributes
                0x0000010e       0x33 /home/mike/Documents/caribou-rtos/branches/0.9/caribou/target/board/generic_stm32f103c/crossworks/caribou THUMB Release/caribou.a(errno.o)
 .ARM.attributes
                0x00000141       0x33 /home/mike/Documents/caribou-rtos/branches/0.9/caribou/target/board/generic_stm32f103c/crossworks/caribou THUMB Release/caribou.a(heap.o)
 .ARM.attributes
                0x00000174       0x33 /home/mike/Documents/caribou-rtos/branches/0.9/caribou/target/board/generic_stm32f103c/crossworks/caribou THUMB Release/caribou.a(stdio.o)
 .ARM.attributes
                0x000001a7       0x33 /home/mike/Documents/caribou-rtos/branches/0.9/caribou/target/board/generic_stm32f103c/crossworks/caribou THUMB Release/caribou.a(string.o)
 .ARM.attributes
                0x000001da       0x33 /home/mike/Documents/caribou-rtos/branches/0.9/caribou/target/board/generic_stm32f103c/crossworks/caribou THUMB Release/caribou.a(target_board.o)
 .ARM.attributes
                0x0000020d       0x33 /home/mike/Documents/caribou-rtos/branches/0.9/caribou/target/board/generic_stm32f103c/crossworks/caribou THUMB Release/caribou.a(target_nokia-5110.o)
 .ARM.attributes
                0x00000240       0x33 /home/mike/Documents/caribou-rtos/branches/0.9/caribou/target/board/generic_stm32f103c/crossworks/caribou THUMB Release/caribou.a(target_spi-dma.o)
 .ARM.attributes
                0x00000273       0x33 /home/mike/Documents/caribou-rtos/branches/0.9/caribou/target/board/generic_stm32f103c/crossworks/caribou THUMB Release/caribou.a(target_chip.o)
 .ARM.attributes
                0x000002a6       0x33 /home/mike/Documents/caribou-rtos/branches/0.9/caribou/target/board/generic_stm32f103c/crossworks/caribou THUMB Release/caribou.a(target_uart.o)
 .ARM.attributes
                0x000002d9       0x33 /home/mike/Documents/caribou-rtos/branches/0.9/caribou/target/board/generic_stm32f103c/crossworks/caribou THUMB Release/caribou.a(target_system_stm32f10x.o)
 .ARM.attributes
                0x0000030c       0x33 /home/mike/Documents/caribou-rtos/branches/0.9/caribou/target/board/generic_stm32f103c/crossworks/caribou THUMB Release/caribou.a(target_stm32f10x_dma.o)
 .ARM.attributes
                0x0000033f       0x33 /home/mike/Documents/caribou-rtos/branches/0.9/caribou/target/board/generic_stm32f103c/crossworks/caribou THUMB Release/caribou.a(target_stm32f10x_rcc.o)
 .ARM.attributes
                0x00000372       0x33 /home/mike/Documents/caribou-rtos/branches/0.9/caribou/target/board/generic_stm32f103c/crossworks/caribou THUMB Release/caribou.a(target_stm32f10x_spi.o)
 .ARM.attributes
                0x000003a5       0x33 /home/mike/Documents/caribou-rtos/branches/0.9/caribou/target/board/generic_stm32f103c/crossworks/caribou THUMB Release/caribou.a(target_stm32f10x_usart.o)
 .ARM.attributes
                0x000003d8       0x33 /home/mike/Documents/caribou-rtos/branches/0.9/caribou/target/board/generic_stm32f103c/crossworks/caribou THUMB Release/caribou.a(interrupt.o)
 .ARM.attributes
                0x0000040b       0x33 /home/mike/Documents/caribou-rtos/branches/0.9/caribou/target/board/generic_stm32f103c/crossworks/caribou THUMB Release/caribou.a(gpio.o)
 .ARM.attributes
                0x0000043e       0x33 /home/mike/Documents/caribou-rtos/branches/0.9/caribou/target/board/generic_stm32f103c/crossworks/caribou THUMB Release/caribou.a(uart.o)
 .ARM.attributes
                0x00000471       0x33 /home/mike/Documents/caribou-rtos/branches/0.9/caribou/target/board/generic_stm32f103c/crossworks/caribou THUMB Release/caribou.a(bytequeue.o)
 .ARM.attributes
                0x000004a4       0x33 /home/mike/Documents/caribou-rtos/branches/0.9/caribou/target/board/generic_stm32f103c/crossworks/caribou THUMB Release/caribou.a(target_gpio.o)

.comment        0x00000000       0x4e
 .comment       0x00000000       0x4e /home/mike/Documents/caribou-rtos/branches/0.9/caribou/target/board/generic_stm32f103c/crossworks/caribou THUMB Release/caribou.a(target_fault.o)
                                 0x4f (size before relaxing)
 .comment       0x00000000       0x4f /home/mike/Documents/caribou-rtos/branches/0.9/caribou/target/board/generic_stm32f103c/crossworks/caribou THUMB Release/caribou.a(caribou.o)
 .comment       0x00000000       0x4f /home/mike/Documents/caribou-rtos/branches/0.9/caribou/target/board/generic_stm32f103c/crossworks/caribou THUMB Release/caribou.a(thread.o)
 .comment       0x00000000       0x4f /home/mike/Documents/caribou-rtos/branches/0.9/caribou/target/board/generic_stm32f103c/crossworks/caribou THUMB Release/caribou.a(timer.o)
 .comment       0x00000000       0x4f /home/mike/Documents/caribou-rtos/branches/0.9/caribou/target/board/generic_stm32f103c/crossworks/caribou THUMB Release/caribou.a(errno.o)
 .comment       0x00000000       0x4f /home/mike/Documents/caribou-rtos/branches/0.9/caribou/target/board/generic_stm32f103c/crossworks/caribou THUMB Release/caribou.a(heap.o)
 .comment       0x00000000       0x4f /home/mike/Documents/caribou-rtos/branches/0.9/caribou/target/board/generic_stm32f103c/crossworks/caribou THUMB Release/caribou.a(stdio.o)
 .comment       0x00000000       0x4f /home/mike/Documents/caribou-rtos/branches/0.9/caribou/target/board/generic_stm32f103c/crossworks/caribou THUMB Release/caribou.a(string.o)
 .comment       0x00000000       0x4f /home/mike/Documents/caribou-rtos/branches/0.9/caribou/target/board/generic_stm32f103c/crossworks/caribou THUMB Release/caribou.a(target_board.o)
 .comment       0x00000000       0x4f /home/mike/Documents/caribou-rtos/branches/0.9/caribou/target/board/generic_stm32f103c/crossworks/caribou THUMB Release/caribou.a(target_nokia-5110.o)
 .comment       0x00000000       0x4f /home/mike/Documents/caribou-rtos/branches/0.9/caribou/target/board/generic_stm32f103c/crossworks/caribou THUMB Release/caribou.a(target_spi-dma.o)
 .comment       0x00000000       0x4f /home/mike/Documents/caribou-rtos/branches/0.9/caribou/target/board/generic_stm32f103c/crossworks/caribou THUMB Release/caribou.a(target_chip.o)
 .comment       0x00000000       0x4f /home/mike/Documents/caribou-rtos/branches/0.9/caribou/target/board/generic_stm32f103c/crossworks/caribou THUMB Release/caribou.a(target_uart.o)
 .comment       0x00000000       0x4f /home/mike/Documents/caribou-rtos/branches/0.9/caribou/target/board/generic_stm32f103c/crossworks/caribou THUMB Release/caribou.a(target_system_stm32f10x.o)
 .comment       0x00000000       0x4f /home/mike/Documents/caribou-rtos/branches/0.9/caribou/target/board/generic_stm32f103c/crossworks/caribou THUMB Release/caribou.a(target_stm32f10x_dma.o)
 .comment       0x00000000       0x4f /home/mike/Documents/caribou-rtos/branches/0.9/caribou/target/board/generic_stm32f103c/crossworks/caribou THUMB Release/caribou.a(target_stm32f10x_rcc.o)
 .comment       0x00000000       0x4f /home/mike/Documents/caribou-rtos/branches/0.9/caribou/target/board/generic_stm32f103c/crossworks/caribou THUMB Release/caribou.a(target_stm32f10x_spi.o)
 .comment       0x00000000       0x4f /home/mike/Documents/caribou-rtos/branches/0.9/caribou/target/board/generic_stm32f103c/crossworks/caribou THUMB Release/caribou.a(target_stm32f10x_usart.o)
 .comment       0x00000000       0x4f /home/mike/Documents/caribou-rtos/branches/0.9/caribou/target/board/generic_stm32f103c/crossworks/caribou THUMB Release/caribou.a(interrupt.o)
 .comment       0x00000000       0x4f /home/mike/Documents/caribou-rtos/branches/0.9/caribou/target/board/generic_stm32f103c/crossworks/caribou THUMB Release/caribou.a(gpio.o)
 .comment       0x00000000       0x4f /home/mike/Documents/caribou-rtos/branches/0.9/caribou/target/board/generic_stm32f103c/crossworks/caribou THUMB Release/caribou.a(uart.o)
 .comment       0x00000000       0x4f /home/mike/Documents/caribou-rtos/branches/0.9/caribou/target/board/generic_stm32f103c/crossworks/caribou THUMB Release/caribou.a(bytequeue.o)
 .comment       0x00000000       0x4f /home/mike/Documents/caribou-rtos/branches/0.9/caribou/target/board/generic_stm32f103c/crossworks/caribou THUMB Release/caribou.a(target_gpio.o)

.debug_frame    0x00000000     0x2488
 .debug_frame   0x00000000       0x54 /home/mike/Documents/caribou-rtos/branches/0.9/caribou/target/board/generic_stm32f103c/crossworks/caribou THUMB Release/caribou.a(target_fault.o)
 .debug_frame   0x00000054      0x110 /home/mike/Documents/caribou-rtos/branches/0.9/caribou/target/board/generic_stm32f103c/crossworks/caribou THUMB Release/caribou.a(caribou.o)
 .debug_frame   0x00000164      0x340 /home/mike/Documents/caribou-rtos/branches/0.9/caribou/target/board/generic_stm32f103c/crossworks/caribou THUMB Release/caribou.a(thread.o)
 .debug_frame   0x000004a4      0x17c /home/mike/Documents/caribou-rtos/branches/0.9/caribou/target/board/generic_stm32f103c/crossworks/caribou THUMB Release/caribou.a(timer.o)
 .debug_frame   0x00000620       0x38 /home/mike/Documents/caribou-rtos/branches/0.9/caribou/target/board/generic_stm32f103c/crossworks/caribou THUMB Release/caribou.a(errno.o)
 .debug_frame   0x00000658      0x240 /home/mike/Documents/caribou-rtos/branches/0.9/caribou/target/board/generic_stm32f103c/crossworks/caribou THUMB Release/caribou.a(heap.o)
 .debug_frame   0x00000898      0x2bc /home/mike/Documents/caribou-rtos/branches/0.9/caribou/target/board/generic_stm32f103c/crossworks/caribou THUMB Release/caribou.a(stdio.o)
 .debug_frame   0x00000b54      0x1ac /home/mike/Documents/caribou-rtos/branches/0.9/caribou/target/board/generic_stm32f103c/crossworks/caribou THUMB Release/caribou.a(string.o)
 .debug_frame   0x00000d00       0x8c /home/mike/Documents/caribou-rtos/branches/0.9/caribou/target/board/generic_stm32f103c/crossworks/caribou THUMB Release/caribou.a(target_board.o)
 .debug_frame   0x00000d8c       0xf4 /home/mike/Documents/caribou-rtos/branches/0.9/caribou/target/board/generic_stm32f103c/crossworks/caribou THUMB Release/caribou.a(target_nokia-5110.o)
 .debug_frame   0x00000e80       0x90 /home/mike/Documents/caribou-rtos/branches/0.9/caribou/target/board/generic_stm32f103c/crossworks/caribou THUMB Release/caribou.a(target_spi-dma.o)
 .debug_frame   0x00000f10      0x1f8 /home/mike/Documents/caribou-rtos/branches/0.9/caribou/target/board/generic_stm32f103c/crossworks/caribou THUMB Release/caribou.a(target_chip.o)
 .debug_frame   0x00001108      0x1b0 /home/mike/Documents/caribou-rtos/branches/0.9/caribou/target/board/generic_stm32f103c/crossworks/caribou THUMB Release/caribou.a(target_uart.o)
 .debug_frame   0x000012b8       0x38 /home/mike/Documents/caribou-rtos/branches/0.9/caribou/target/board/generic_stm32f103c/crossworks/caribou THUMB Release/caribou.a(target_system_stm32f10x.o)
 .debug_frame   0x000012f0      0x14c /home/mike/Documents/caribou-rtos/branches/0.9/caribou/target/board/generic_stm32f103c/crossworks/caribou THUMB Release/caribou.a(target_stm32f10x_dma.o)
 .debug_frame   0x0000143c      0x390 /home/mike/Documents/caribou-rtos/branches/0.9/caribou/target/board/generic_stm32f103c/crossworks/caribou THUMB Release/caribou.a(target_stm32f10x_rcc.o)
 .debug_frame   0x000017cc      0x2c8 /home/mike/Documents/caribou-rtos/branches/0.9/caribou/target/board/generic_stm32f103c/crossworks/caribou THUMB Release/caribou.a(target_stm32f10x_spi.o)
 .debug_frame   0x00001a94      0x388 /home/mike/Documents/caribou-rtos/branches/0.9/caribou/target/board/generic_stm32f103c/crossworks/caribou THUMB Release/caribou.a(target_stm32f10x_usart.o)
 .debug_frame   0x00001e1c       0xcc /home/mike/Documents/caribou-rtos/branches/0.9/caribou/target/board/generic_stm32f103c/crossworks/caribou THUMB Release/caribou.a(interrupt.o)
 .debug_frame   0x00001ee8      0x100 /home/mike/Documents/caribou-rtos/branches/0.9/caribou/target/board/generic_stm32f103c/crossworks/caribou THUMB Release/caribou.a(gpio.o)
 .debug_frame   0x00001fe8      0x2b0 /home/mike/Documents/caribou-rtos/branches/0.9/caribou/target/board/generic_stm32f103c/crossworks/caribou THUMB Release/caribou.a(uart.o)
 .debug_frame   0x00002298      0x1a0 /home/mike/Documents/caribou-rtos/branches/0.9/caribou/target/board/generic_stm32f103c/crossworks/caribou THUMB Release/caribou.a(bytequeue.o)
 .debug_frame   0x00002438       0x50 /home/mike/Documents/caribou-rtos/branches/0.9/caribou/target/board/generic_stm32f103c/crossworks/caribou THUMB Release/caribou.a(target_gpio.o)

.debug_info     0x00000000     0x1f7c
 .debug_info    0x00000000       0x5d /home/mike/Documents/caribou-rtos/branches/0.9/caribou/target/board/generic_stm32f103c/crossworks/caribou THUMB Release/caribou.a(target_fault.o)
 .debug_info    0x0000005d       0xc8 /home/mike/Documents/caribou-rtos/branches/0.9/caribou/target/board/generic_stm32f103c/crossworks/caribou THUMB Release/caribou.a(caribou.o)
 .debug_info    0x00000125      0x2f7 /home/mike/Documents/caribou-rtos/branches/0.9/caribou/target/board/generic_stm32f103c/crossworks/caribou THUMB Release/caribou.a(thread.o)
 .debug_info    0x0000041c      0x18a /home/mike/Documents/caribou-rtos/branches/0.9/caribou/target/board/generic_stm32f103c/crossworks/caribou THUMB Release/caribou.a(timer.o)
 .debug_info    0x000005a6       0x2f /home/mike/Documents/caribou-rtos/branches/0.9/caribou/target/board/generic_stm32f103c/crossworks/caribou THUMB Release/caribou.a(errno.o)
 .debug_info    0x000005d5      0x19c /home/mike/Documents/caribou-rtos/branches/0.9/caribou/target/board/generic_stm32f103c/crossworks/caribou THUMB Release/caribou.a(heap.o)
 .debug_info    0x00000771      0x183 /home/mike/Documents/caribou-rtos/branches/0.9/caribou/target/board/generic_stm32f103c/crossworks/caribou THUMB Release/caribou.a(stdio.o)
 .debug_info    0x000008f4      0x137 /home/mike/Documents/caribou-rtos/branches/0.9/caribou/target/board/generic_stm32f103c/crossworks/caribou THUMB Release/caribou.a(string.o)
 .debug_info    0x00000a2b       0x62 /home/mike/Documents/caribou-rtos/branches/0.9/caribou/target/board/generic_stm32f103c/crossworks/caribou THUMB Release/caribou.a(target_board.o)
 .debug_info    0x00000a8d       0xb7 /home/mike/Documents/caribou-rtos/branches/0.9/caribou/target/board/generic_stm32f103c/crossworks/caribou THUMB Release/caribou.a(target_nokia-5110.o)
 .debug_info    0x00000b44       0x62 /home/mike/Documents/caribou-rtos/branches/0.9/caribou/target/board/generic_stm32f103c/crossworks/caribou THUMB Release/caribou.a(target_spi-dma.o)
 .debug_info    0x00000ba6      0x219 /home/mike/Documents/caribou-rtos/branches/0.9/caribou/target/board/generic_stm32f103c/crossworks/caribou THUMB Release/caribou.a(target_chip.o)
 .debug_info    0x00000dbf      0x19e /home/mike/Documents/caribou-rtos/branches/0.9/caribou/target/board/generic_stm32f103c/crossworks/caribou THUMB Release/caribou.a(target_uart.o)
 .debug_info    0x00000f5d       0x53 /home/mike/Documents/caribou-rtos/branches/0.9/caribou/target/board/generic_stm32f103c/crossworks/caribou THUMB Release/caribou.a(target_system_stm32f10x.o)
 .debug_info    0x00000fb0      0x156 /home/mike/Documents/caribou-rtos/branches/0.9/caribou/target/board/generic_stm32f103c/crossworks/caribou THUMB Release/caribou.a(target_stm32f10x_dma.o)
 .debug_info    0x00001106      0x3b8 /home/mike/Documents/caribou-rtos/branches/0.9/caribou/target/board/generic_stm32f103c/crossworks/caribou THUMB Release/caribou.a(target_stm32f10x_rcc.o)
 .debug_info    0x000014be      0x2b1 /home/mike/Documents/caribou-rtos/branches/0.9/caribou/target/board/generic_stm32f103c/crossworks/caribou THUMB Release/caribou.a(target_stm32f10x_spi.o)
 .debug_info    0x0000176f      0x366 /home/mike/Documents/caribou-rtos/branches/0.9/caribou/target/board/generic_stm32f103c/crossworks/caribou THUMB Release/caribou.a(target_stm32f10x_usart.o)
 .debug_info    0x00001ad5       0x7b /home/mike/Documents/caribou-rtos/branches/0.9/caribou/target/board/generic_stm32f103c/crossworks/caribou THUMB Release/caribou.a(interrupt.o)
 .debug_info    0x00001b50       0xe7 /home/mike/Documents/caribou-rtos/branches/0.9/caribou/target/board/generic_stm32f103c/crossworks/caribou THUMB Release/caribou.a(gpio.o)
 .debug_info    0x00001c37      0x1dc /home/mike/Documents/caribou-rtos/branches/0.9/caribou/target/board/generic_stm32f103c/crossworks/caribou THUMB Release/caribou.a(uart.o)
 .debug_info    0x00001e13      0x101 /home/mike/Documents/caribou-rtos/branches/0.9/caribou/target/board/generic_stm32f103c/crossworks/caribou THUMB Release/caribou.a(bytequeue.o)
 .debug_info    0x00001f14       0x68 /home/mike/Documents/caribou-rtos/branches/0.9/caribou/target/board/generic_stm32f103c/crossworks/caribou THUMB Release/caribou.a(target_gpio.o)

.debug_abbrev   0x00000000      0x998
 .debug_abbrev  0x00000000       0x4d /home/mike/Documents/caribou-rtos/branches/0.9/caribou/target/board/generic_stm32f103c/crossworks/caribou THUMB Release/caribou.a(target_fault.o)
 .debug_abbrev  0x0000004d       0x3c /home/mike/Documents/caribou-rtos/branches/0.9/caribou/target/board/generic_stm32f103c/crossworks/caribou THUMB Release/caribou.a(caribou.o)
 .debug_abbrev  0x00000089       0xf2 /home/mike/Documents/caribou-rtos/branches/0.9/caribou/target/board/generic_stm32f103c/crossworks/caribou THUMB Release/caribou.a(thread.o)
 .debug_abbrev  0x0000017b       0xd9 /home/mike/Documents/caribou-rtos/branches/0.9/caribou/target/board/generic_stm32f103c/crossworks/caribou THUMB Release/caribou.a(timer.o)
 .debug_abbrev  0x00000254       0x26 /home/mike/Documents/caribou-rtos/branches/0.9/caribou/target/board/generic_stm32f103c/crossworks/caribou THUMB Release/caribou.a(errno.o)
 .debug_abbrev  0x0000027a       0xbc /home/mike/Documents/caribou-rtos/branches/0.9/caribou/target/board/generic_stm32f103c/crossworks/caribou THUMB Release/caribou.a(heap.o)
 .debug_abbrev  0x00000336       0x73 /home/mike/Documents/caribou-rtos/branches/0.9/caribou/target/board/generic_stm32f103c/crossworks/caribou THUMB Release/caribou.a(stdio.o)
 .debug_abbrev  0x000003a9       0x52 /home/mike/Documents/caribou-rtos/branches/0.9/caribou/target/board/generic_stm32f103c/crossworks/caribou THUMB Release/caribou.a(string.o)
 .debug_abbrev  0x000003fb       0x26 /home/mike/Documents/caribou-rtos/branches/0.9/caribou/target/board/generic_stm32f103c/crossworks/caribou THUMB Release/caribou.a(target_board.o)
 .debug_abbrev  0x00000421       0x3c /home/mike/Documents/caribou-rtos/branches/0.9/caribou/target/board/generic_stm32f103c/crossworks/caribou THUMB Release/caribou.a(target_nokia-5110.o)
 .debug_abbrev  0x0000045d       0x3a /home/mike/Documents/caribou-rtos/branches/0.9/caribou/target/board/generic_stm32f103c/crossworks/caribou THUMB Release/caribou.a(target_spi-dma.o)
 .debug_abbrev  0x00000497       0x82 /home/mike/Documents/caribou-rtos/branches/0.9/caribou/target/board/generic_stm32f103c/crossworks/caribou THUMB Release/caribou.a(target_chip.o)
 .debug_abbrev  0x00000519       0x87 /home/mike/Documents/caribou-rtos/branches/0.9/caribou/target/board/generic_stm32f103c/crossworks/caribou THUMB Release/caribou.a(target_uart.o)
 .debug_abbrev  0x000005a0       0x49 /home/mike/Documents/caribou-rtos/branches/0.9/caribou/target/board/generic_stm32f103c/crossworks/caribou THUMB Release/caribou.a(target_system_stm32f10x.o)
 .debug_abbrev  0x000005e9       0x7b /home/mike/Documents/caribou-rtos/branches/0.9/caribou/target/board/generic_stm32f103c/crossworks/caribou THUMB Release/caribou.a(target_stm32f10x_dma.o)
 .debug_abbrev  0x00000664       0x8f /home/mike/Documents/caribou-rtos/branches/0.9/caribou/target/board/generic_stm32f103c/crossworks/caribou THUMB Release/caribou.a(target_stm32f10x_rcc.o)
 .debug_abbrev  0x000006f3       0x7b /home/mike/Documents/caribou-rtos/branches/0.9/caribou/target/board/generic_stm32f103c/crossworks/caribou THUMB Release/caribou.a(target_stm32f10x_spi.o)
 .debug_abbrev  0x0000076e       0x7b /home/mike/Documents/caribou-rtos/branches/0.9/caribou/target/board/generic_stm32f103c/crossworks/caribou THUMB Release/caribou.a(target_stm32f10x_usart.o)
 .debug_abbrev  0x000007e9       0x33 /home/mike/Documents/caribou-rtos/branches/0.9/caribou/target/board/generic_stm32f103c/crossworks/caribou THUMB Release/caribou.a(interrupt.o)
 .debug_abbrev  0x0000081c       0x63 /home/mike/Documents/caribou-rtos/branches/0.9/caribou/target/board/generic_stm32f103c/crossworks/caribou THUMB Release/caribou.a(gpio.o)
 .debug_abbrev  0x0000087f       0x8f /home/mike/Documents/caribou-rtos/branches/0.9/caribou/target/board/generic_stm32f103c/crossworks/caribou THUMB Release/caribou.a(uart.o)
 .debug_abbrev  0x0000090e       0x45 /home/mike/Documents/caribou-rtos/branches/0.9/caribou/target/board/generic_stm32f103c/crossworks/caribou THUMB Release/caribou.a(bytequeue.o)
 .debug_abbrev  0x00000953       0x45 /home/mike/Documents/caribou-rtos/branches/0.9/caribou/target/board/generic_stm32f103c/crossworks/caribou THUMB Release/caribou.a(target_gpio.o)

.debug_aranges  0x00000000      0xca8
 .debug_aranges
                0x00000000       0x30 /home/mike/Documents/caribou-rtos/branches/0.9/caribou/target/board/generic_stm32f103c/crossworks/caribou THUMB Release/caribou.a(target_fault.o)
 .debug_aranges
                0x00000030       0x68 /home/mike/Documents/caribou-rtos/branches/0.9/caribou/target/board/generic_stm32f103c/crossworks/caribou THUMB Release/caribou.a(caribou.o)
 .debug_aranges
                0x00000098      0x130 /home/mike/Documents/caribou-rtos/branches/0.9/caribou/target/board/generic_stm32f103c/crossworks/caribou THUMB Release/caribou.a(thread.o)
 .debug_aranges
                0x000001c8       0x80 /home/mike/Documents/caribou-rtos/branches/0.9/caribou/target/board/generic_stm32f103c/crossworks/caribou THUMB Release/caribou.a(timer.o)
 .debug_aranges
                0x00000248       0x20 /home/mike/Documents/caribou-rtos/branches/0.9/caribou/target/board/generic_stm32f103c/crossworks/caribou THUMB Release/caribou.a(errno.o)
 .debug_aranges
                0x00000268       0xb8 /home/mike/Documents/caribou-rtos/branches/0.9/caribou/target/board/generic_stm32f103c/crossworks/caribou THUMB Release/caribou.a(heap.o)
 .debug_aranges
                0x00000320       0xb8 /home/mike/Documents/caribou-rtos/branches/0.9/caribou/target/board/generic_stm32f103c/crossworks/caribou THUMB Release/caribou.a(stdio.o)
 .debug_aranges
                0x000003d8       0x98 /home/mike/Documents/caribou-rtos/branches/0.9/caribou/target/board/generic_stm32f103c/crossworks/caribou THUMB Release/caribou.a(string.o)
 .debug_aranges
                0x00000470       0x38 /home/mike/Documents/caribou-rtos/branches/0.9/caribou/target/board/generic_stm32f103c/crossworks/caribou THUMB Release/caribou.a(target_board.o)
 .debug_aranges
                0x000004a8       0x60 /home/mike/Documents/caribou-rtos/branches/0.9/caribou/target/board/generic_stm32f103c/crossworks/caribou THUMB Release/caribou.a(target_nokia-5110.o)
 .debug_aranges
                0x00000508       0x38 /home/mike/Documents/caribou-rtos/branches/0.9/caribou/target/board/generic_stm32f103c/crossworks/caribou THUMB Release/caribou.a(target_spi-dma.o)
 .debug_aranges
                0x00000540       0xf8 /home/mike/Documents/caribou-rtos/branches/0.9/caribou/target/board/generic_stm32f103c/crossworks/caribou THUMB Release/caribou.a(target_chip.o)
 .debug_aranges
                0x00000638       0xc0 /home/mike/Documents/caribou-rtos/branches/0.9/caribou/target/board/generic_stm32f103c/crossworks/caribou THUMB Release/caribou.a(target_uart.o)
 .debug_aranges
                0x000006f8       0x28 /home/mike/Documents/caribou-rtos/branches/0.9/caribou/target/board/generic_stm32f103c/crossworks/caribou THUMB Release/caribou.a(target_system_stm32f10x.o)
 .debug_aranges
                0x00000720       0x70 /home/mike/Documents/caribou-rtos/branches/0.9/caribou/target/board/generic_stm32f103c/crossworks/caribou THUMB Release/caribou.a(target_stm32f10x_dma.o)
 .debug_aranges
                0x00000790      0x118 /home/mike/Documents/caribou-rtos/branches/0.9/caribou/target/board/generic_stm32f103c/crossworks/caribou THUMB Release/caribou.a(target_stm32f10x_rcc.o)
 .debug_aranges
                0x000008a8       0xd0 /home/mike/Documents/caribou-rtos/branches/0.9/caribou/target/board/generic_stm32f103c/crossworks/caribou THUMB Release/caribou.a(target_stm32f10x_spi.o)
 .debug_aranges
                0x00000978      0x100 /home/mike/Documents/caribou-rtos/branches/0.9/caribou/target/board/generic_stm32f103c/crossworks/caribou THUMB Release/caribou.a(target_stm32f10x_usart.o)
 .debug_aranges
                0x00000a78       0x40 /home/mike/Documents/caribou-rtos/branches/0.9/caribou/target/board/generic_stm32f103c/crossworks/caribou THUMB Release/caribou.a(interrupt.o)
 .debug_aranges
                0x00000ab8       0x60 /home/mike/Documents/caribou-rtos/branches/0.9/caribou/target/board/generic_stm32f103c/crossworks/caribou THUMB Release/caribou.a(gpio.o)
 .debug_aranges
                0x00000b18       0xd8 /home/mike/Documents/caribou-rtos/branches/0.9/caribou/target/board/generic_stm32f103c/crossworks/caribou THUMB Release/caribou.a(uart.o)
 .debug_aranges
                0x00000bf0       0x80 /home/mike/Documents/caribou-rtos/branches/0.9/caribou/target/board/generic_stm32f103c/crossworks/caribou THUMB Release/caribou.a(bytequeue.o)
 .debug_aranges
                0x00000c70       0x38 /home/mike/Documents/caribou-rtos/branches/0.9/caribou/target/board/generic_stm32f103c/crossworks/caribou THUMB Release/caribou.a(target_gpio.o)

.debug_ranges   0x00000000      0xb38
 .debug_ranges  0x00000000       0x20 /home/mike/Documents/caribou-rtos/branches/0.9/caribou/target/board/generic_stm32f103c/crossworks/caribou THUMB Release/caribou.a(target_fault.o)
 .debug_ranges  0x00000020       0x58 /home/mike/Documents/caribou-rtos/branches/0.9/caribou/target/board/generic_stm32f103c/crossworks/caribou THUMB Release/caribou.a(caribou.o)
 .debug_ranges  0x00000078      0x120 /home/mike/Documents/caribou-rtos/branches/0.9/caribou/target/board/generic_stm32f103c/crossworks/caribou THUMB Release/caribou.a(thread.o)
 .debug_ranges  0x00000198       0x70 /home/mike/Documents/caribou-rtos/branches/0.9/caribou/target/board/generic_stm32f103c/crossworks/caribou THUMB Release/caribou.a(timer.o)
 .debug_ranges  0x00000208       0x10 /home/mike/Documents/caribou-rtos/branches/0.9/caribou/target/board/generic_stm32f103c/crossworks/caribou THUMB Release/caribou.a(errno.o)
 .debug_ranges  0x00000218       0xa8 /home/mike/Documents/caribou-rtos/branches/0.9/caribou/target/board/generic_stm32f103c/crossworks/caribou THUMB Release/caribou.a(heap.o)
 .debug_ranges  0x000002c0       0xa8 /home/mike/Documents/caribou-rtos/branches/0.9/caribou/target/board/generic_stm32f103c/crossworks/caribou THUMB Release/caribou.a(stdio.o)
 .debug_ranges  0x00000368       0x88 /home/mike/Documents/caribou-rtos/branches/0.9/caribou/target/board/generic_stm32f103c/crossworks/caribou THUMB Release/caribou.a(string.o)
 .debug_ranges  0x000003f0       0x28 /home/mike/Documents/caribou-rtos/branches/0.9/caribou/target/board/generic_stm32f103c/crossworks/caribou THUMB Release/caribou.a(target_board.o)
 .debug_ranges  0x00000418       0x50 /home/mike/Documents/caribou-rtos/branches/0.9/caribou/target/board/generic_stm32f103c/crossworks/caribou THUMB Release/caribou.a(target_nokia-5110.o)
 .debug_ranges  0x00000468       0x28 /home/mike/Documents/caribou-rtos/branches/0.9/caribou/target/board/generic_stm32f103c/crossworks/caribou THUMB Release/caribou.a(target_spi-dma.o)
 .debug_ranges  0x00000490       0xe8 /home/mike/Documents/caribou-rtos/branches/0.9/caribou/target/board/generic_stm32f103c/crossworks/caribou THUMB Release/caribou.a(target_chip.o)
 .debug_ranges  0x00000578       0xb0 /home/mike/Documents/caribou-rtos/branches/0.9/caribou/target/board/generic_stm32f103c/crossworks/caribou THUMB Release/caribou.a(target_uart.o)
 .debug_ranges  0x00000628       0x18 /home/mike/Documents/caribou-rtos/branches/0.9/caribou/target/board/generic_stm32f103c/crossworks/caribou THUMB Release/caribou.a(target_system_stm32f10x.o)
 .debug_ranges  0x00000640       0x60 /home/mike/Documents/caribou-rtos/branches/0.9/caribou/target/board/generic_stm32f103c/crossworks/caribou THUMB Release/caribou.a(target_stm32f10x_dma.o)
 .debug_ranges  0x000006a0      0x108 /home/mike/Documents/caribou-rtos/branches/0.9/caribou/target/board/generic_stm32f103c/crossworks/caribou THUMB Release/caribou.a(target_stm32f10x_rcc.o)
 .debug_ranges  0x000007a8       0xc0 /home/mike/Documents/caribou-rtos/branches/0.9/caribou/target/board/generic_stm32f103c/crossworks/caribou THUMB Release/caribou.a(target_stm32f10x_spi.o)
 .debug_ranges  0x00000868       0xf0 /home/mike/Documents/caribou-rtos/branches/0.9/caribou/target/board/generic_stm32f103c/crossworks/caribou THUMB Release/caribou.a(target_stm32f10x_usart.o)
 .debug_ranges  0x00000958       0x30 /home/mike/Documents/caribou-rtos/branches/0.9/caribou/target/board/generic_stm32f103c/crossworks/caribou THUMB Release/caribou.a(interrupt.o)
 .debug_ranges  0x00000988       0x50 /home/mike/Documents/caribou-rtos/branches/0.9/caribou/target/board/generic_stm32f103c/crossworks/caribou THUMB Release/caribou.a(gpio.o)
 .debug_ranges  0x000009d8       0xc8 /home/mike/Documents/caribou-rtos/branches/0.9/caribou/target/board/generic_stm32f103c/crossworks/caribou THUMB Release/caribou.a(uart.o)
 .debug_ranges  0x00000aa0       0x70 /home/mike/Documents/caribou-rtos/branches/0.9/caribou/target/board/generic_stm32f103c/crossworks/caribou THUMB Release/caribou.a(bytequeue.o)
 .debug_ranges  0x00000b10       0x28 /home/mike/Documents/caribou-rtos/branches/0.9/caribou/target/board/generic_stm32f103c/crossworks/caribou THUMB Release/caribou.a(target_gpio.o)

.debug_line     0x00000000     0x10a2
 .debug_line    0x00000000       0xac /home/mike/Documents/caribou-rtos/branches/0.9/caribou/target/board/generic_stm32f103c/crossworks/caribou THUMB Release/caribou.a(target_fault.o)
 .debug_line    0x000000ac       0xa3 /home/mike/Documents/caribou-rtos/branches/0.9/caribou/target/board/generic_stm32f103c/crossworks/caribou THUMB Release/caribou.a(caribou.o)
 .debug_line    0x0000014f      0x12c /home/mike/Documents/caribou-rtos/branches/0.9/caribou/target/board/generic_stm32f103c/crossworks/caribou THUMB Release/caribou.a(thread.o)
 .debug_line    0x0000027b       0xa1 /home/mike/Documents/caribou-rtos/branches/0.9/caribou/target/board/generic_stm32f103c/crossworks/caribou THUMB Release/caribou.a(timer.o)
 .debug_line    0x0000031c       0x9e /home/mike/Documents/caribou-rtos/branches/0.9/caribou/target/board/generic_stm32f103c/crossworks/caribou THUMB Release/caribou.a(errno.o)
 .debug_line    0x000003ba       0x9d /home/mike/Documents/caribou-rtos/branches/0.9/caribou/target/board/generic_stm32f103c/crossworks/caribou THUMB Release/caribou.a(heap.o)
 .debug_line    0x00000457       0x9e /home/mike/Documents/caribou-rtos/branches/0.9/caribou/target/board/generic_stm32f103c/crossworks/caribou THUMB Release/caribou.a(stdio.o)
 .debug_line    0x000004f5       0x9f /home/mike/Documents/caribou-rtos/branches/0.9/caribou/target/board/generic_stm32f103c/crossworks/caribou THUMB Release/caribou.a(string.o)
 .debug_line    0x00000594       0x91 /home/mike/Documents/caribou-rtos/branches/0.9/caribou/target/board/generic_stm32f103c/crossworks/caribou THUMB Release/caribou.a(target_board.o)
 .debug_line    0x00000625       0x96 /home/mike/Documents/caribou-rtos/branches/0.9/caribou/target/board/generic_stm32f103c/crossworks/caribou THUMB Release/caribou.a(target_nokia-5110.o)
 .debug_line    0x000006bb       0x93 /home/mike/Documents/caribou-rtos/branches/0.9/caribou/target/board/generic_stm32f103c/crossworks/caribou THUMB Release/caribou.a(target_spi-dma.o)
 .debug_line    0x0000074e      0x153 /home/mike/Documents/caribou-rtos/branches/0.9/caribou/target/board/generic_stm32f103c/crossworks/caribou THUMB Release/caribou.a(target_chip.o)
 .debug_line    0x000008a1       0xab /home/mike/Documents/caribou-rtos/branches/0.9/caribou/target/board/generic_stm32f103c/crossworks/caribou THUMB Release/caribou.a(target_uart.o)
 .debug_line    0x0000094c       0xdc /home/mike/Documents/caribou-rtos/branches/0.9/caribou/target/board/generic_stm32f103c/crossworks/caribou THUMB Release/caribou.a(target_system_stm32f10x.o)
 .debug_line    0x00000a28       0xd3 /home/mike/Documents/caribou-rtos/branches/0.9/caribou/target/board/generic_stm32f103c/crossworks/caribou THUMB Release/caribou.a(target_stm32f10x_dma.o)
 .debug_line    0x00000afb       0xd3 /home/mike/Documents/caribou-rtos/branches/0.9/caribou/target/board/generic_stm32f103c/crossworks/caribou THUMB Release/caribou.a(target_stm32f10x_rcc.o)
 .debug_line    0x00000bce       0xd3 /home/mike/Documents/caribou-rtos/branches/0.9/caribou/target/board/generic_stm32f103c/crossworks/caribou THUMB Release/caribou.a(target_stm32f10x_spi.o)
 .debug_line    0x00000ca1       0xd5 /home/mike/Documents/caribou-rtos/branches/0.9/caribou/target/board/generic_stm32f103c/crossworks/caribou THUMB Release/caribou.a(target_stm32f10x_usart.o)
 .debug_line    0x00000d76       0xa5 /home/mike/Documents/caribou-rtos/branches/0.9/caribou/target/board/generic_stm32f103c/crossworks/caribou THUMB Release/caribou.a(interrupt.o)
 .debug_line    0x00000e1b       0x9d /home/mike/Documents/caribou-rtos/branches/0.9/caribou/target/board/generic_stm32f103c/crossworks/caribou THUMB Release/caribou.a(gpio.o)
 .debug_line    0x00000eb8       0x9d /home/mike/Documents/caribou-rtos/branches/0.9/caribou/target/board/generic_stm32f103c/crossworks/caribou THUMB Release/caribou.a(uart.o)
 .debug_line    0x00000f55       0xa2 /home/mike/Documents/caribou-rtos/branches/0.9/caribou/target/board/generic_stm32f103c/crossworks/caribou THUMB Release/caribou.a(bytequeue.o)
 .debug_line    0x00000ff7       0xab /home/mike/Documents/caribou-rtos/branches/0.9/caribou/target/board/generic_stm32f103c/crossworks/caribou THUMB Release/caribou.a(target_gpio.o)

.debug_str      0x00000000     0x25fd
 .debug_str     0x00000000      0x1ae /home/mike/Documents/caribou-rtos/branches/0.9/caribou/target/board/generic_stm32f103c/crossworks/caribou THUMB Release/caribou.a(target_fault.o)
                                0x1b4 (size before relaxing)
 .debug_str     0x000001ae      0x10a /home/mike/Documents/caribou-rtos/branches/0.9/caribou/target/board/generic_stm32f103c/crossworks/caribou THUMB Release/caribou.a(caribou.o)
                                0x20d (size before relaxing)
 .debug_str     0x000002b8      0x3cd /home/mike/Documents/caribou-rtos/branches/0.9/caribou/target/board/generic_stm32f103c/crossworks/caribou THUMB Release/caribou.a(thread.o)
                                0x4ee (size before relaxing)
 .debug_str     0x00000685      0x1e7 /home/mike/Documents/caribou-rtos/branches/0.9/caribou/target/board/generic_stm32f103c/crossworks/caribou THUMB Release/caribou.a(timer.o)
                                0x308 (size before relaxing)
 .debug_str     0x0000086c       0x85 /home/mike/Documents/caribou-rtos/branches/0.9/caribou/target/board/generic_stm32f103c/crossworks/caribou THUMB Release/caribou.a(errno.o)
                                0x188 (size before relaxing)
 .debug_str     0x000008f1      0x1dc /home/mike/Documents/caribou-rtos/branches/0.9/caribou/target/board/generic_stm32f103c/crossworks/caribou THUMB Release/caribou.a(heap.o)
                                0x2ef (size before relaxing)
 .debug_str     0x00000acd       0xf7 /home/mike/Documents/caribou-rtos/branches/0.9/caribou/target/board/generic_stm32f103c/crossworks/caribou THUMB Release/caribou.a(stdio.o)
                                0x214 (size before relaxing)
 .debug_str     0x00000bc4       0xfa /home/mike/Documents/caribou-rtos/branches/0.9/caribou/target/board/generic_stm32f103c/crossworks/caribou THUMB Release/caribou.a(string.o)
                                0x1fd (size before relaxing)
 .debug_str     0x00000cbe       0x8b /home/mike/Documents/caribou-rtos/branches/0.9/caribou/target/board/generic_stm32f103c/crossworks/caribou THUMB Release/caribou.a(target_board.o)
                                0x199 (size before relaxing)
 .debug_str     0x00000d49      0x122 /home/mike/Documents/caribou-rtos/branches/0.9/caribou/target/board/generic_stm32f103c/crossworks/caribou THUMB Release/caribou.a(target_nokia-5110.o)
                                0x225 (size before relaxing)
 .debug_str     0x00000e6b       0xad /home/mike/Documents/caribou-rtos/branches/0.9/caribou/target/board/generic_stm32f103c/crossworks/caribou THUMB Release/caribou.a(target_spi-dma.o)
                                0x1b0 (size before relaxing)
 .debug_str     0x00000f18      0x287 /home/mike/Documents/caribou-rtos/branches/0.9/caribou/target/board/generic_stm32f103c/crossworks/caribou THUMB Release/caribou.a(target_chip.o)
                                0x39a (size before relaxing)
 .debug_str     0x0000119f      0x21f /home/mike/Documents/caribou-rtos/branches/0.9/caribou/target/board/generic_stm32f103c/crossworks/caribou THUMB Release/caribou.a(target_uart.o)
                                0x322 (size before relaxing)
 .debug_str     0x000013be       0xf9 /home/mike/Documents/caribou-rtos/branches/0.9/caribou/target/board/generic_stm32f103c/crossworks/caribou THUMB Release/caribou.a(target_system_stm32f10x.o)
                                0x1fc (size before relaxing)
 .debug_str     0x000014b7      0x15f /home/mike/Documents/caribou-rtos/branches/0.9/caribou/target/board/generic_stm32f103c/crossworks/caribou THUMB Release/caribou.a(target_stm32f10x_dma.o)
                                0x26f (size before relaxing)
 .debug_str     0x00001616      0x2e5 /home/mike/Documents/caribou-rtos/branches/0.9/caribou/target/board/generic_stm32f103c/crossworks/caribou THUMB Release/caribou.a(target_stm32f10x_rcc.o)
                                0x3f5 (size before relaxing)
 .debug_str     0x000018fb      0x23b /home/mike/Documents/caribou-rtos/branches/0.9/caribou/target/board/generic_stm32f103c/crossworks/caribou THUMB Release/caribou.a(target_stm32f10x_spi.o)
                                0x34b (size before relaxing)
 .debug_str     0x00001b36      0x2c3 /home/mike/Documents/caribou-rtos/branches/0.9/caribou/target/board/generic_stm32f103c/crossworks/caribou THUMB Release/caribou.a(target_stm32f10x_usart.o)
                                0x3d3 (size before relaxing)
 .debug_str     0x00001df9      0x10e /home/mike/Documents/caribou-rtos/branches/0.9/caribou/target/board/generic_stm32f103c/crossworks/caribou THUMB Release/caribou.a(interrupt.o)
                                0x211 (size before relaxing)
 .debug_str     0x00001f07      0x196 /home/mike/Documents/caribou-rtos/branches/0.9/caribou/target/board/generic_stm32f103c/crossworks/caribou THUMB Release/caribou.a(gpio.o)
                                0x299 (size before relaxing)